[13:02:10] preparing config tar: /local/yiliangw/cxlsim/out/sim/mysql_basic/1/cfg.controller.tar
[13:02:10] preparing config tar: /local/yiliangw/cxlsim/out/sim/mysql_basic/1/cfg.compute1.tar
[13:02:10] preparing config tar: /local/yiliangw/cxlsim/out/sim/mysql_basic/1/cfg.compute2.tar
[13:02:10] prepare_mysql_basic.0 TERMINATED: 0
[13:02:10] prepare_mysql_basic.0 TERMINATED: 0
[13:02:10] prepare_mysql_basic.0 TERMINATED: 0
[13:02:11] starting run  mysql_basic.1
[13:02:11] mysql_basic: starting host.controller
[13:02:11] mysql_basic: starting host.compute1
[13:02:11] mysql_basic: starting host.compute2
[13:02:11] host.compute2 ERR: ['warn: Physical memory size specified is 16384MB which is greater than 3GB.  Twice the number of memory controllers would be created.']
[13:02:11] host.compute1 ERR: ['warn: Physical memory size specified is 16384MB which is greater than 3GB.  Twice the number of memory controllers would be created.']
[13:02:11] host.compute2 OUT: ['Global frequency set at 1000000000000 ticks per second']
[13:02:11] host.controller ERR: ['warn: Physical memory size specified is 16384MB which is greater than 3GB.  Twice the number of memory controllers would be created.']
[13:02:11] host.compute1 OUT: ['Global frequency set at 1000000000000 ticks per second']
[13:02:11] host.controller OUT: ['Global frequency set at 1000000000000 ticks per second']
[13:02:11] host.compute2 ERR: ['warn: No dot file generated. Please install pydot to generate the dot file and pdf.']
[13:02:11] host.compute2 ERR: ['src/mem/dram_interface.cc:690: warn: DRAM device capacity (32768 Mbytes) does not match the address range assigned (4096 Mbytes)']
[13:02:11] host.compute1 ERR: ['warn: No dot file generated. Please install pydot to generate the dot file and pdf.']
[13:02:11] host.compute2 ERR: ['src/mem/dram_interface.cc:690: warn: DRAM device capacity (32768 Mbytes) does not match the address range assigned (16384 Mbytes)']
[13:02:11] host.compute1 ERR: ['src/mem/dram_interface.cc:690: warn: DRAM device capacity (32768 Mbytes) does not match the address range assigned (4096 Mbytes)']
[13:02:11] host.compute1 ERR: ['src/mem/dram_interface.cc:690: warn: DRAM device capacity (32768 Mbytes) does not match the address range assigned (16384 Mbytes)']
[13:02:11] host.controller ERR: ['warn: No dot file generated. Please install pydot to generate the dot file and pdf.']
[13:02:11] host.controller ERR: ['src/mem/dram_interface.cc:690: warn: DRAM device capacity (32768 Mbytes) does not match the address range assigned (4096 Mbytes)']
[13:02:11] host.controller ERR: ['src/mem/dram_interface.cc:690: warn: DRAM device capacity (32768 Mbytes) does not match the address range assigned (16384 Mbytes)']
[13:02:11] host.compute1 ERR: ['src/sim/kernel_workload.cc:46: info: kernel located at: /local/yiliangw/cxlsim/out/images/ubuntu/vmlinux']
[13:02:11] host.compute2 ERR: ['src/sim/kernel_workload.cc:46: info: kernel located at: /local/yiliangw/cxlsim/out/images/ubuntu/vmlinux']
[13:02:11] host.controller ERR: ['src/sim/kernel_workload.cc:46: info: kernel located at: /local/yiliangw/cxlsim/out/images/ubuntu/vmlinux']
[13:02:14] host.compute1 ERR: ['src/base/statistics.hh:279: warn: One of the stats is a legacy stat. Legacy stat is a stat that does not belong to any statistics::Group. Legacy stat is deprecated.']
[13:02:14] host.compute1 OUT: ['      0: system.pc.south_bridge.cmos.rtc: Real-time clock set to Sun Jun  8 13:02:11 2025']
[13:02:14] host.compute1 ERR: ['src/dev/serial/terminal.cc:174: warn: Sockets disabled, not accepting terminal connections']
[13:02:14] host.compute1 ERR: ['src/base/remote_gdb.cc:418: warn: Sockets disabled, not accepting gdb connections']
[13:02:14] host.compute1 ERR: ['src/mem/coherent_xbar.cc:140: warn: CoherentXBar system.membus has no snooping ports attached!']
[13:02:14] host.compute1 ERR: ['src/dev/intel_8254_timer.cc:128: warn: Reading current count from inactive timer.']
[13:02:14] host.compute2 ERR: ['src/base/statistics.hh:279: warn: One of the stats is a legacy stat. Legacy stat is a stat that does not belong to any statistics::Group. Legacy stat is deprecated.']
[13:02:14] host.compute2 OUT: ['      0: system.pc.south_bridge.cmos.rtc: Real-time clock set to Sun Jun  8 13:02:11 2025']
[13:02:14] host.compute2 ERR: ['src/dev/serial/terminal.cc:174: warn: Sockets disabled, not accepting terminal connections']
[13:02:14] host.controller ERR: ['src/base/statistics.hh:279: warn: One of the stats is a legacy stat. Legacy stat is a stat that does not belong to any statistics::Group. Legacy stat is deprecated.']
[13:02:14] host.controller OUT: ['      0: system.pc.south_bridge.cmos.rtc: Real-time clock set to Sun Jun  8 13:02:11 2025']
[13:02:14] host.controller ERR: ['src/dev/serial/terminal.cc:174: warn: Sockets disabled, not accepting terminal connections']
[13:02:14] host.compute2 ERR: ['src/base/remote_gdb.cc:418: warn: Sockets disabled, not accepting gdb connections']
[13:02:14] host.compute2 ERR: ['src/mem/coherent_xbar.cc:140: warn: CoherentXBar system.membus has no snooping ports attached!']
[13:02:14] host.compute2 ERR: ['src/dev/intel_8254_timer.cc:128: warn: Reading current count from inactive timer.']
[13:02:14] host.controller ERR: ['src/base/remote_gdb.cc:418: warn: Sockets disabled, not accepting gdb connections']
[13:02:14] host.controller ERR: ['src/mem/coherent_xbar.cc:140: warn: CoherentXBar system.membus has no snooping ports attached!']
[13:02:14] host.controller ERR: ['src/dev/intel_8254_timer.cc:128: warn: Reading current count from inactive timer.']
[13:02:15] mysql_basic: started host.controller
[13:02:15] mysql_basic: started host.compute1
[13:02:15] mysql_basic: started host.compute2
[13:02:15] mysql_basic: starting net.management_net
[13:02:15] mysql_basic: starting net.provider_net
[13:02:15] net.management_net ERR: ['Switch connecting to: /local/yiliangw/cxlsim/out/sim/mysql_basic/1/n2h.eth.management_net.controller']
[13:02:15] net.management_net ERR: ['Switch connecting to: /local/yiliangw/cxlsim/out/sim/mysql_basic/1/n2h.eth.management_net.compute1']
[13:02:15] net.management_net ERR: ['Switch connecting to: /local/yiliangw/cxlsim/out/sim/mysql_basic/1/n2h.eth.management_net.compute2']
[13:02:15] net.provider_net ERR: ['Switch connecting to: /local/yiliangw/cxlsim/out/sim/mysql_basic/1/n2h.eth.provider_net.controller']
[13:02:15] net.provider_net ERR: ['Switch connecting to: /local/yiliangw/cxlsim/out/sim/mysql_basic/1/n2h.eth.provider_net.compute1']
[13:02:15] net.provider_net ERR: ['Switch connecting to: /local/yiliangw/cxlsim/out/sim/mysql_basic/1/n2h.eth.provider_net.compute2']
[13:02:20] host.compute1 ERR: ['src/cpu/kvm/base.cc:170: info: KVM: Coalesced MMIO disabled by config.']
[13:02:20] host.compute1 ERR: ['src/cpu/kvm/base.cc:170: info: KVM: Coalesced MMIO disabled by config.']
[13:02:20] host.controller ERR: ['src/cpu/kvm/base.cc:170: info: KVM: Coalesced MMIO disabled by config.']
[13:02:20] host.compute2 ERR: ['src/cpu/kvm/base.cc:170: info: KVM: Coalesced MMIO disabled by config.']
[13:02:20] host.controller ERR: ['src/cpu/kvm/base.cc:170: info: KVM: Coalesced MMIO disabled by config.']
[13:02:20] host.compute2 ERR: ['src/cpu/kvm/base.cc:170: info: KVM: Coalesced MMIO disabled by config.']
[13:02:20] host.compute1 OUT: ['gem5 Simulator System.  https://www.gem5.org']
[13:02:20] host.compute1 OUT: ['gem5 is copyrighted software; use the --copyright option for details.']
[13:02:20] host.compute1 OUT: ['']
[13:02:20] host.compute1 OUT: ['gem5 version 24.0.0.1']
[13:02:20] host.compute1 OUT: ['gem5 compiled Jun  7 2025 12:22:12']
[13:02:20] host.compute1 OUT: ['gem5 started Jun  8 2025 13:02:10']
[13:02:20] host.compute1 OUT: ['gem5 executing on nsl-node3, pid 1195218']
[13:02:20] host.compute1 OUT: ["command line: /local/yiliangw/cxlsim/sim/simbricks/sims/external/gem5/build/X86/gem5.debug --outdir=/local/yiliangw/cxlsim/out/sim/mysql_basic/1/gem5-out.compute1 /local/yiliangw/cxlsim/sim/simbricks/sims/external/gem5/configs/simbricks/simbricks_cxl.py --cpu-clock=4GHz --sys-clock=1GHz --checkpoint-dir=/local/yiliangw/cxlsim/out/sim/mysql_basic/0/gem5-cp.compute1 --kernel=/local/yiliangw/cxlsim/out/images/ubuntu/vmlinux --command-line 'earlyprintk=ttyS0 console=ttyS0 no_timer_check memory_corruption_check=0 random.trust_cpu=on net.ifnames=0 raid=noautodetect root=/dev/sda1 simbricks_guest_input=/dev/sdb rw' --disk-image=/local/yiliangw/cxlsim/out/images/ubuntu/disks/mysql/basic/compute1/disk.raw --disk-image=/local/yiliangw/cxlsim/out/sim/mysql_basic/1/cfg.compute1.tar --cpu-type=X86KvmCPU --mem-size=16384MB --num-cpus=2 --mem-type=DDR4_2400_16x4 --simbricks-eth-e1000=listen:/local/yiliangw/cxlsim/out/sim/mysql_basic/1/n2h.eth.management_net.compute1:/local/yiliangw/cxlsim/out/sim/mysql_basic/1/n2h.shm.management_net.compute1:latency=5000ns:sync_interval=5000ns --simbricks-eth-e1000=listen:/local/yiliangw/cxlsim/out/sim/mysql_basic/1/n2h.eth.provider_net.compute1:/local/yiliangw/cxlsim/out/sim/mysql_basic/1/n2h.shm.provider_net.compute1:latency=5000ns:sync_interval=5000ns"]
[13:02:20] host.compute1 OUT: ['']
[13:02:20] host.compute1 OUT: ['info: Standard input is not a terminal, disabling listeners.']
[13:02:20] host.compute1 OUT: ['adding simbricks eth: listen:/local/yiliangw/cxlsim/out/sim/mysql_basic/1/n2h.eth.management_net.compute1:/local/yiliangw/cxlsim/out/sim/mysql_basic/1/n2h.shm.management_net.compute1:latency=5000ns:sync_interval=5000ns']
[13:02:20] host.compute1 OUT: ['adding simbricks eth: listen:/local/yiliangw/cxlsim/out/sim/mysql_basic/1/n2h.eth.provider_net.compute1:/local/yiliangw/cxlsim/out/sim/mysql_basic/1/n2h.shm.provider_net.compute1:latency=5000ns:sync_interval=5000ns']
[13:02:20] host.compute1 OUT: ['connecting 2 pci & eth simbricks adapters']
[13:02:20] host.compute1 OUT: ['connecting 0 mem simbricks adapters']
[13:02:20] host.compute1 OUT: ['**** REAL SIMULATION ****']
[13:02:20] host.compute1 ERR: ['src/sim/simulate.cc:199: info: Entering event queue @ 0.  Starting simulation...']
[13:02:20] host.compute1 ERR: ['src/arch/x86/kvm/x86_cpu.cc:1688: warn: kvm-x86: MSR (0x3a) unsupported by gem5. Skipping.']
[13:02:20] host.compute1 ERR: ['src/arch/x86/kvm/x86_cpu.cc:1688: warn: kvm-x86: MSR (0xd90) unsupported by gem5. Skipping.']
[13:02:20] host.compute1 ERR: ['src/arch/x86/kvm/x86_cpu.cc:1688: warn: kvm-x86: MSR (0x48) unsupported by gem5. Skipping.']
[13:02:20] host.compute1 ERR: ['src/arch/x86/kvm/x86_cpu.cc:1688: warn: kvm-x86: MSR (0x122) unsupported by gem5. Skipping.']
[13:02:20] host.compute1 ERR: ['src/arch/x86/kvm/x86_cpu.cc:1688: warn: kvm-x86: MSR (0x309) unsupported by gem5. Skipping.']
[13:02:20] host.compute1 ERR: ['src/arch/x86/kvm/x86_cpu.cc:1688: warn: kvm-x86: MSR (0x30a) unsupported by gem5. Skipping.']
[13:02:20] host.compute1 ERR: ['src/arch/x86/kvm/x86_cpu.cc:1688: warn: kvm-x86: MSR (0x30b) unsupported by gem5. Skipping.']
[13:02:20] host.compute1 ERR: ['src/arch/x86/kvm/x86_cpu.cc:1688: warn: kvm-x86: MSR (0x38d) unsupported by gem5. Skipping.']
[13:02:20] host.compute1 ERR: ['src/arch/x86/kvm/x86_cpu.cc:1688: warn: kvm-x86: MSR (0x38e) unsupported by gem5. Skipping.']
[13:02:20] host.compute1 ERR: ['src/arch/x86/kvm/x86_cpu.cc:1688: warn: kvm-x86: MSR (0x38f) unsupported by gem5. Skipping.']
[13:02:20] host.compute1 ERR: ['src/arch/x86/kvm/x86_cpu.cc:1688: warn: kvm-x86: MSR (0x390) unsupported by gem5. Skipping.']
[13:02:20] host.compute1 ERR: ['src/arch/x86/kvm/x86_cpu.cc:1688: warn: kvm-x86: MSR (0x3f1) unsupported by gem5. Skipping.']
[13:02:20] host.compute1 ERR: ['src/arch/x86/kvm/x86_cpu.cc:1688: warn: kvm-x86: MSR (0x600) unsupported by gem5. Skipping.']
[13:02:20] host.compute1 ERR: ['src/arch/x86/kvm/x86_cpu.cc:1688: warn: kvm-x86: MSR (0xc1) unsupported by gem5. Skipping.']
[13:02:20] host.compute1 ERR: ['src/arch/x86/kvm/x86_cpu.cc:1688: warn: kvm-x86: MSR (0xc2) unsupported by gem5. Skipping.']
[13:02:20] host.compute1 ERR: ['src/arch/x86/kvm/x86_cpu.cc:1688: warn: kvm-x86: MSR (0xc3) unsupported by gem5. Skipping.']
[13:02:20] host.compute1 ERR: ['src/arch/x86/kvm/x86_cpu.cc:1688: warn: kvm-x86: MSR (0xc4) unsupported by gem5. Skipping.']
[13:02:20] host.compute1 ERR: ['src/arch/x86/kvm/x86_cpu.cc:1688: warn: kvm-x86: MSR (0x186) unsupported by gem5. Skipping.']
[13:02:20] host.compute1 ERR: ['src/arch/x86/kvm/x86_cpu.cc:1688: warn: kvm-x86: MSR (0x187) unsupported by gem5. Skipping.']
[13:02:20] host.compute1 ERR: ['src/arch/x86/kvm/x86_cpu.cc:1688: warn: kvm-x86: MSR (0x188) unsupported by gem5. Skipping.']
[13:02:20] host.compute1 ERR: ['src/arch/x86/kvm/x86_cpu.cc:1688: warn: kvm-x86: MSR (0x189) unsupported by gem5. Skipping.']
[13:02:20] host.compute1 ERR: ['src/arch/x86/kvm/x86_cpu.cc:1688: warn: kvm-x86: MSR (0x12) unsupported by gem5. Skipping.']
[13:02:20] host.compute1 ERR: ['src/arch/x86/kvm/x86_cpu.cc:1688: warn: kvm-x86: MSR (0x11) unsupported by gem5. Skipping.']
[13:02:20] host.compute1 ERR: ['src/arch/x86/kvm/x86_cpu.cc:1688: warn: kvm-x86: MSR (0x4b564d01) unsupported by gem5. Skipping.']
[13:02:20] host.compute1 ERR: ['src/arch/x86/kvm/x86_cpu.cc:1688: warn: kvm-x86: MSR (0x4b564d00) unsupported by gem5. Skipping.']
[13:02:20] host.compute1 ERR: ['src/arch/x86/kvm/x86_cpu.cc:1688: warn: kvm-x86: MSR (0x40000000) unsupported by gem5. Skipping.']
[13:02:20] host.compute1 ERR: ['src/arch/x86/kvm/x86_cpu.cc:1688: warn: kvm-x86: MSR (0x40000001) unsupported by gem5. Skipping.']
[13:02:20] host.compute1 ERR: ['src/arch/x86/kvm/x86_cpu.cc:1688: warn: kvm-x86: MSR (0x40000020) unsupported by gem5. Skipping.']
[13:02:20] host.compute1 ERR: ['src/arch/x86/kvm/x86_cpu.cc:1688: warn: kvm-x86: MSR (0x40000021) unsupported by gem5. Skipping.']
[13:02:20] host.compute1 ERR: ['src/arch/x86/kvm/x86_cpu.cc:1688: warn: kvm-x86: MSR (0x40000022) unsupported by gem5. Skipping.']
[13:02:20] host.compute1 ERR: ['src/arch/x86/kvm/x86_cpu.cc:1688: warn: kvm-x86: MSR (0x40000023) unsupported by gem5. Skipping.']
[13:02:20] host.compute1 ERR: ['src/arch/x86/kvm/x86_cpu.cc:1688: warn: kvm-x86: MSR (0x40000100) unsupported by gem5. Skipping.']
[13:02:20] host.compute1 ERR: ['src/arch/x86/kvm/x86_cpu.cc:1688: warn: kvm-x86: MSR (0x40000101) unsupported by gem5. Skipping.']
[13:02:20] host.compute1 ERR: ['src/arch/x86/kvm/x86_cpu.cc:1688: warn: kvm-x86: MSR (0x40000102) unsupported by gem5. Skipping.']
[13:02:20] host.compute1 ERR: ['src/arch/x86/kvm/x86_cpu.cc:1688: warn: kvm-x86: MSR (0x40000103) unsupported by gem5. Skipping.']
[13:02:20] host.compute1 ERR: ['src/arch/x86/kvm/x86_cpu.cc:1688: warn: kvm-x86: MSR (0x40000104) unsupported by gem5. Skipping.']
[13:02:20] host.compute1 ERR: ['src/arch/x86/kvm/x86_cpu.cc:1688: warn: kvm-x86: MSR (0x40000105) unsupported by gem5. Skipping.']
[13:02:20] host.compute1 ERR: ['src/arch/x86/kvm/x86_cpu.cc:1688: warn: kvm-x86: MSR (0x40000003) unsupported by gem5. Skipping.']
[13:02:20] host.compute1 ERR: ['src/arch/x86/kvm/x86_cpu.cc:1688: warn: kvm-x86: MSR (0x40000002) unsupported by gem5. Skipping.']
[13:02:20] host.compute1 ERR: ['src/arch/x86/kvm/x86_cpu.cc:1688: warn: kvm-x86: MSR (0x40000010) unsupported by gem5. Skipping.']
[13:02:20] host.compute1 ERR: ['src/arch/x86/kvm/x86_cpu.cc:1688: warn: kvm-x86: MSR (0x40000080) unsupported by gem5. Skipping.']
[13:02:20] host.compute1 ERR: ['src/arch/x86/kvm/x86_cpu.cc:1688: warn: kvm-x86: MSR (0x400000b0) unsupported by gem5. Skipping.']
[13:02:20] host.compute1 ERR: ['src/arch/x86/kvm/x86_cpu.cc:1688: warn: kvm-x86: MSR (0x40000073) unsupported by gem5. Skipping.']
[13:02:20] host.compute1 ERR: ['src/arch/x86/kvm/x86_cpu.cc:1688: warn: kvm-x86: MSR (0x40000106) unsupported by gem5. Skipping.']
[13:02:20] host.compute1 ERR: ['src/arch/x86/kvm/x86_cpu.cc:1688: warn: kvm-x86: MSR (0x40000107) unsupported by gem5. Skipping.']
[13:02:20] host.compute1 ERR: ['src/arch/x86/kvm/x86_cpu.cc:1688: warn: kvm-x86: MSR (0x40000108) unsupported by gem5. Skipping.']
[13:02:20] host.compute1 ERR: ['src/arch/x86/kvm/x86_cpu.cc:1688: warn: kvm-x86: MSR (0x40000118) unsupported by gem5. Skipping.']
[13:02:20] host.compute1 ERR: ['src/arch/x86/kvm/x86_cpu.cc:1688: warn: kvm-x86: MSR (0x400000ff) unsupported by gem5. Skipping.']
[13:02:20] host.compute1 ERR: ['src/arch/x86/kvm/x86_cpu.cc:1688: warn: kvm-x86: MSR (0x400000f1) unsupported by gem5. Skipping.']
[13:02:20] host.compute1 ERR: ['src/arch/x86/kvm/x86_cpu.cc:1688: warn: kvm-x86: MSR (0x400000f2) unsupported by gem5. Skipping.']
[13:02:20] host.compute1 ERR: ['src/arch/x86/kvm/x86_cpu.cc:1688: warn: kvm-x86: MSR (0x400000f3) unsupported by gem5. Skipping.']
[13:02:20] host.compute1 ERR: ['src/arch/x86/kvm/x86_cpu.cc:1688: warn: kvm-x86: MSR (0x400000f4) unsupported by gem5. Skipping.']
[13:02:20] host.compute1 ERR: ['src/arch/x86/kvm/x86_cpu.cc:1688: warn: kvm-x86: MSR (0x400000f5) unsupported by gem5. Skipping.']
[13:02:20] host.compute1 ERR: ['src/arch/x86/kvm/x86_cpu.cc:1688: warn: kvm-x86: MSR (0x4b564d02) unsupported by gem5. Skipping.']
[13:02:20] host.compute1 ERR: ['src/arch/x86/kvm/x86_cpu.cc:1688: warn: kvm-x86: MSR (0x4b564d03) unsupported by gem5. Skipping.']
[13:02:20] host.compute1 ERR: ['src/arch/x86/kvm/x86_cpu.cc:1688: warn: kvm-x86: MSR (0x4b564d04) unsupported by gem5. Skipping.']
[13:02:20] host.compute1 ERR: ['src/arch/x86/kvm/x86_cpu.cc:1688: warn: kvm-x86: MSR (0x4b564d06) unsupported by gem5. Skipping.']
[13:02:20] host.compute1 ERR: ['src/arch/x86/kvm/x86_cpu.cc:1688: warn: kvm-x86: MSR (0x4b564d07) unsupported by gem5. Skipping.']
[13:02:20] host.compute1 ERR: ['src/arch/x86/kvm/x86_cpu.cc:1688: warn: kvm-x86: MSR (0x3b) unsupported by gem5. Skipping.']
[13:02:20] host.compute1 ERR: ['src/arch/x86/kvm/x86_cpu.cc:1688: warn: kvm-x86: MSR (0x6e0) unsupported by gem5. Skipping.']
[13:02:20] host.compute1 ERR: ['src/arch/x86/kvm/x86_cpu.cc:1688: warn: kvm-x86: MSR (0x10a) unsupported by gem5. Skipping.']
[13:02:20] host.compute1 ERR: ['src/arch/x86/kvm/x86_cpu.cc:1688: warn: kvm-x86: MSR (0x345) unsupported by gem5. Skipping.']
[13:02:20] host.compute1 ERR: ['src/arch/x86/kvm/x86_cpu.cc:1688: warn: kvm-x86: MSR (0x1a0) unsupported by gem5. Skipping.']
[13:02:20] host.compute1 ERR: ['src/arch/x86/kvm/x86_cpu.cc:1688: warn: kvm-x86: MSR (0x4d0) unsupported by gem5. Skipping.']
[13:02:20] host.compute1 ERR: ['src/arch/x86/kvm/x86_cpu.cc:1688: warn: kvm-x86: MSR (0x9e) unsupported by gem5. Skipping.']
[13:02:20] host.compute1 ERR: ['src/arch/x86/kvm/x86_cpu.cc:1688: warn: kvm-x86: MSR (0x34) unsupported by gem5. Skipping.']
[13:02:20] host.compute1 ERR: ['src/arch/x86/kvm/x86_cpu.cc:1688: warn: kvm-x86: MSR (0xce) unsupported by gem5. Skipping.']
[13:02:20] host.compute1 ERR: ['src/arch/x86/kvm/x86_cpu.cc:1688: warn: kvm-x86: MSR (0x140) unsupported by gem5. Skipping.']
[13:02:20] host.compute1 ERR: ['src/arch/x86/kvm/x86_cpu.cc:1688: warn: kvm-x86: MSR (0x1fc) unsupported by gem5. Skipping.']
[13:02:20] host.compute1 ERR: ['src/arch/x86/kvm/x86_cpu.cc:1688: warn: kvm-x86: MSR (0x8b) unsupported by gem5. Skipping.']
[13:02:20] host.compute1 ERR: ['src/arch/x86/kvm/x86_cpu.cc:1688: warn: kvm-x86: MSR (0x480) unsupported by gem5. Skipping.']
[13:02:20] host.compute1 ERR: ['src/arch/x86/kvm/x86_cpu.cc:1688: warn: kvm-x86: MSR (0x48d) unsupported by gem5. Skipping.']
[13:02:20] host.compute1 ERR: ['src/arch/x86/kvm/x86_cpu.cc:1688: warn: kvm-x86: MSR (0x48e) unsupported by gem5. Skipping.']
[13:02:20] host.compute1 ERR: ['src/arch/x86/kvm/x86_cpu.cc:1688: warn: kvm-x86: MSR (0x48f) unsupported by gem5. Skipping.']
[13:02:20] host.compute1 ERR: ['src/arch/x86/kvm/x86_cpu.cc:1688: warn: kvm-x86: MSR (0x490) unsupported by gem5. Skipping.']
[13:02:20] host.compute1 ERR: ['src/arch/x86/kvm/x86_cpu.cc:1688: warn: kvm-x86: MSR (0x485) unsupported by gem5. Skipping.']
[13:02:20] host.compute1 ERR: ['src/arch/x86/kvm/x86_cpu.cc:1688: warn: kvm-x86: MSR (0x486) unsupported by gem5. Skipping.']
[13:02:20] host.compute1 ERR: ['src/arch/x86/kvm/x86_cpu.cc:1688: warn: kvm-x86: MSR (0x488) unsupported by gem5. Skipping.']
[13:02:20] host.compute1 ERR: ['src/arch/x86/kvm/x86_cpu.cc:1688: warn: kvm-x86: MSR (0x48a) unsupported by gem5. Skipping.']
[13:02:20] host.compute1 ERR: ['src/arch/x86/kvm/x86_cpu.cc:1688: warn: kvm-x86: MSR (0x48b) unsupported by gem5. Skipping.']
[13:02:20] host.compute1 ERR: ['src/arch/x86/kvm/x86_cpu.cc:1688: warn: kvm-x86: MSR (0x48c) unsupported by gem5. Skipping.']
[13:02:20] host.compute1 ERR: ['src/arch/x86/kvm/x86_cpu.cc:1688: warn: kvm-x86: MSR (0x491) unsupported by gem5. Skipping.']
[13:02:20] host.compute1 ERR: ['src/arch/x86/kvm/x86_cpu.cc:1688: warn: kvm-x86: MSR (0xc0010015) unsupported by gem5. Skipping.']
[13:02:20] host.compute1 ERR: ['src/arch/x86/kvm/x86_cpu.cc:1688: warn: kvm-x86: MSR (0x4b564d05) unsupported by gem5. Skipping.']
[13:02:20] host.controller OUT: ['gem5 Simulator System.  https://www.gem5.org']
[13:02:20] host.controller OUT: ['gem5 is copyrighted software; use the --copyright option for details.']
[13:02:20] host.controller OUT: ['']
[13:02:20] host.controller OUT: ['gem5 version 24.0.0.1']
[13:02:20] host.controller OUT: ['gem5 compiled Jun  7 2025 12:22:12']
[13:02:20] host.controller OUT: ['gem5 started Jun  8 2025 13:02:10']
[13:02:20] host.controller OUT: ['gem5 executing on nsl-node3, pid 1195216']
[13:02:20] host.controller OUT: ["command line: /local/yiliangw/cxlsim/sim/simbricks/sims/external/gem5/build/X86/gem5.debug --outdir=/local/yiliangw/cxlsim/out/sim/mysql_basic/1/gem5-out.controller /local/yiliangw/cxlsim/sim/simbricks/sims/external/gem5/configs/simbricks/simbricks_cxl.py --cpu-clock=4GHz --sys-clock=1GHz --checkpoint-dir=/local/yiliangw/cxlsim/out/sim/mysql_basic/0/gem5-cp.controller --kernel=/local/yiliangw/cxlsim/out/images/ubuntu/vmlinux --command-line 'earlyprintk=ttyS0 console=ttyS0 no_timer_check memory_corruption_check=0 random.trust_cpu=on net.ifnames=0 raid=noautodetect root=/dev/sda1 simbricks_guest_input=/dev/sdb rw' --disk-image=/local/yiliangw/cxlsim/out/images/ubuntu/disks/mysql/basic/controller/disk.raw --disk-image=/local/yiliangw/cxlsim/out/sim/mysql_basic/1/cfg.controller.tar --cpu-type=X86KvmCPU --mem-size=16384MB --num-cpus=2 --mem-type=DDR4_2400_16x4 --simbricks-eth-e1000=listen:/local/yiliangw/cxlsim/out/sim/mysql_basic/1/n2h.eth.management_net.controller:/local/yiliangw/cxlsim/out/sim/mysql_basic/1/n2h.shm.management_net.controller:latency=5000ns:sync_interval=5000ns --simbricks-eth-e1000=listen:/local/yiliangw/cxlsim/out/sim/mysql_basic/1/n2h.eth.provider_net.controller:/local/yiliangw/cxlsim/out/sim/mysql_basic/1/n2h.shm.provider_net.controller:latency=5000ns:sync_interval=5000ns"]
[13:02:20] host.controller OUT: ['']
[13:02:20] host.controller OUT: ['info: Standard input is not a terminal, disabling listeners.']
[13:02:20] host.controller OUT: ['adding simbricks eth: listen:/local/yiliangw/cxlsim/out/sim/mysql_basic/1/n2h.eth.management_net.controller:/local/yiliangw/cxlsim/out/sim/mysql_basic/1/n2h.shm.management_net.controller:latency=5000ns:sync_interval=5000ns']
[13:02:20] host.controller OUT: ['adding simbricks eth: listen:/local/yiliangw/cxlsim/out/sim/mysql_basic/1/n2h.eth.provider_net.controller:/local/yiliangw/cxlsim/out/sim/mysql_basic/1/n2h.shm.provider_net.controller:latency=5000ns:sync_interval=5000ns']
[13:02:20] host.controller OUT: ['connecting 2 pci & eth simbricks adapters']
[13:02:20] host.controller OUT: ['connecting 0 mem simbricks adapters']
[13:02:20] host.controller OUT: ['**** REAL SIMULATION ****']
[13:02:20] host.controller ERR: ['src/sim/simulate.cc:199: info: Entering event queue @ 0.  Starting simulation...']
[13:02:20] host.compute2 OUT: ['gem5 Simulator System.  https://www.gem5.org']
[13:02:20] host.compute2 OUT: ['gem5 is copyrighted software; use the --copyright option for details.']
[13:02:20] host.compute2 OUT: ['']
[13:02:20] host.compute2 OUT: ['gem5 version 24.0.0.1']
[13:02:20] host.compute2 OUT: ['gem5 compiled Jun  7 2025 12:22:12']
[13:02:20] host.compute2 OUT: ['gem5 started Jun  8 2025 13:02:10']
[13:02:20] host.compute2 OUT: ['gem5 executing on nsl-node3, pid 1195220']
[13:02:20] host.compute2 OUT: ["command line: /local/yiliangw/cxlsim/sim/simbricks/sims/external/gem5/build/X86/gem5.debug --outdir=/local/yiliangw/cxlsim/out/sim/mysql_basic/1/gem5-out.compute2 /local/yiliangw/cxlsim/sim/simbricks/sims/external/gem5/configs/simbricks/simbricks_cxl.py --cpu-clock=4GHz --sys-clock=1GHz --checkpoint-dir=/local/yiliangw/cxlsim/out/sim/mysql_basic/0/gem5-cp.compute2 --kernel=/local/yiliangw/cxlsim/out/images/ubuntu/vmlinux --command-line 'earlyprintk=ttyS0 console=ttyS0 no_timer_check memory_corruption_check=0 random.trust_cpu=on net.ifnames=0 raid=noautodetect root=/dev/sda1 simbricks_guest_input=/dev/sdb rw' --disk-image=/local/yiliangw/cxlsim/out/images/ubuntu/disks/mysql/basic/compute2/disk.raw --disk-image=/local/yiliangw/cxlsim/out/sim/mysql_basic/1/cfg.compute2.tar --cpu-type=X86KvmCPU --mem-size=16384MB --num-cpus=2 --mem-type=DDR4_2400_16x4 --simbricks-eth-e1000=listen:/local/yiliangw/cxlsim/out/sim/mysql_basic/1/n2h.eth.management_net.compute2:/local/yiliangw/cxlsim/out/sim/mysql_basic/1/n2h.shm.management_net.compute2:latency=5000ns:sync_interval=5000ns --simbricks-eth-e1000=listen:/local/yiliangw/cxlsim/out/sim/mysql_basic/1/n2h.eth.provider_net.compute2:/local/yiliangw/cxlsim/out/sim/mysql_basic/1/n2h.shm.provider_net.compute2:latency=5000ns:sync_interval=5000ns"]
[13:02:20] host.compute2 OUT: ['']
[13:02:20] host.compute2 OUT: ['info: Standard input is not a terminal, disabling listeners.']
[13:02:20] host.compute2 OUT: ['adding simbricks eth: listen:/local/yiliangw/cxlsim/out/sim/mysql_basic/1/n2h.eth.management_net.compute2:/local/yiliangw/cxlsim/out/sim/mysql_basic/1/n2h.shm.management_net.compute2:latency=5000ns:sync_interval=5000ns']
[13:02:20] host.compute2 OUT: ['adding simbricks eth: listen:/local/yiliangw/cxlsim/out/sim/mysql_basic/1/n2h.eth.provider_net.compute2:/local/yiliangw/cxlsim/out/sim/mysql_basic/1/n2h.shm.provider_net.compute2:latency=5000ns:sync_interval=5000ns']
[13:02:20] host.compute2 OUT: ['connecting 2 pci & eth simbricks adapters']
[13:02:20] host.compute2 OUT: ['connecting 0 mem simbricks adapters']
[13:02:20] host.compute2 OUT: ['**** REAL SIMULATION ****']
[13:02:20] host.compute2 ERR: ['src/sim/simulate.cc:199: info: Entering event queue @ 0.  Starting simulation...']
[13:02:20] host.controller ERR: ['src/arch/x86/kvm/x86_cpu.cc:1688: warn: kvm-x86: MSR (0x3a) unsupported by gem5. Skipping.']
[13:02:20] host.controller ERR: ['src/arch/x86/kvm/x86_cpu.cc:1688: warn: kvm-x86: MSR (0xd90) unsupported by gem5. Skipping.']
[13:02:20] host.controller ERR: ['src/arch/x86/kvm/x86_cpu.cc:1688: warn: kvm-x86: MSR (0x48) unsupported by gem5. Skipping.']
[13:02:20] host.controller ERR: ['src/arch/x86/kvm/x86_cpu.cc:1688: warn: kvm-x86: MSR (0x122) unsupported by gem5. Skipping.']
[13:02:20] host.controller ERR: ['src/arch/x86/kvm/x86_cpu.cc:1688: warn: kvm-x86: MSR (0x309) unsupported by gem5. Skipping.']
[13:02:20] host.controller ERR: ['src/arch/x86/kvm/x86_cpu.cc:1688: warn: kvm-x86: MSR (0x30a) unsupported by gem5. Skipping.']
[13:02:20] host.controller ERR: ['src/arch/x86/kvm/x86_cpu.cc:1688: warn: kvm-x86: MSR (0x30b) unsupported by gem5. Skipping.']
[13:02:20] host.controller ERR: ['src/arch/x86/kvm/x86_cpu.cc:1688: warn: kvm-x86: MSR (0x38d) unsupported by gem5. Skipping.']
[13:02:20] host.controller ERR: ['src/arch/x86/kvm/x86_cpu.cc:1688: warn: kvm-x86: MSR (0x38e) unsupported by gem5. Skipping.']
[13:02:20] host.controller ERR: ['src/arch/x86/kvm/x86_cpu.cc:1688: warn: kvm-x86: MSR (0x38f) unsupported by gem5. Skipping.']
[13:02:20] host.controller ERR: ['src/arch/x86/kvm/x86_cpu.cc:1688: warn: kvm-x86: MSR (0x390) unsupported by gem5. Skipping.']
[13:02:20] host.controller ERR: ['src/arch/x86/kvm/x86_cpu.cc:1688: warn: kvm-x86: MSR (0x3f1) unsupported by gem5. Skipping.']
[13:02:20] host.controller ERR: ['src/arch/x86/kvm/x86_cpu.cc:1688: warn: kvm-x86: MSR (0x600) unsupported by gem5. Skipping.']
[13:02:20] host.controller ERR: ['src/arch/x86/kvm/x86_cpu.cc:1688: warn: kvm-x86: MSR (0xc1) unsupported by gem5. Skipping.']
[13:02:20] host.controller ERR: ['src/arch/x86/kvm/x86_cpu.cc:1688: warn: kvm-x86: MSR (0xc2) unsupported by gem5. Skipping.']
[13:02:20] host.controller ERR: ['src/arch/x86/kvm/x86_cpu.cc:1688: warn: kvm-x86: MSR (0xc3) unsupported by gem5. Skipping.']
[13:02:20] host.controller ERR: ['src/arch/x86/kvm/x86_cpu.cc:1688: warn: kvm-x86: MSR (0xc4) unsupported by gem5. Skipping.']
[13:02:20] host.controller ERR: ['src/arch/x86/kvm/x86_cpu.cc:1688: warn: kvm-x86: MSR (0x186) unsupported by gem5. Skipping.']
[13:02:20] host.controller ERR: ['src/arch/x86/kvm/x86_cpu.cc:1688: warn: kvm-x86: MSR (0x187) unsupported by gem5. Skipping.']
[13:02:20] host.controller ERR: ['src/arch/x86/kvm/x86_cpu.cc:1688: warn: kvm-x86: MSR (0x188) unsupported by gem5. Skipping.']
[13:02:20] host.controller ERR: ['src/arch/x86/kvm/x86_cpu.cc:1688: warn: kvm-x86: MSR (0x189) unsupported by gem5. Skipping.']
[13:02:20] host.controller ERR: ['src/arch/x86/kvm/x86_cpu.cc:1688: warn: kvm-x86: MSR (0x12) unsupported by gem5. Skipping.']
[13:02:20] host.controller ERR: ['src/arch/x86/kvm/x86_cpu.cc:1688: warn: kvm-x86: MSR (0x11) unsupported by gem5. Skipping.']
[13:02:20] host.controller ERR: ['src/arch/x86/kvm/x86_cpu.cc:1688: warn: kvm-x86: MSR (0x4b564d01) unsupported by gem5. Skipping.']
[13:02:20] host.controller ERR: ['src/arch/x86/kvm/x86_cpu.cc:1688: warn: kvm-x86: MSR (0x4b564d00) unsupported by gem5. Skipping.']
[13:02:20] host.controller ERR: ['src/arch/x86/kvm/x86_cpu.cc:1688: warn: kvm-x86: MSR (0x40000000) unsupported by gem5. Skipping.']
[13:02:20] host.controller ERR: ['src/arch/x86/kvm/x86_cpu.cc:1688: warn: kvm-x86: MSR (0x40000001) unsupported by gem5. Skipping.']
[13:02:20] host.controller ERR: ['src/arch/x86/kvm/x86_cpu.cc:1688: warn: kvm-x86: MSR (0x40000020) unsupported by gem5. Skipping.']
[13:02:20] host.controller ERR: ['src/arch/x86/kvm/x86_cpu.cc:1688: warn: kvm-x86: MSR (0x40000021) unsupported by gem5. Skipping.']
[13:02:20] host.controller ERR: ['src/arch/x86/kvm/x86_cpu.cc:1688: warn: kvm-x86: MSR (0x40000022) unsupported by gem5. Skipping.']
[13:02:20] host.controller ERR: ['src/arch/x86/kvm/x86_cpu.cc:1688: warn: kvm-x86: MSR (0x40000023) unsupported by gem5. Skipping.']
[13:02:20] host.controller ERR: ['src/arch/x86/kvm/x86_cpu.cc:1688: warn: kvm-x86: MSR (0x40000100) unsupported by gem5. Skipping.']
[13:02:20] host.controller ERR: ['src/arch/x86/kvm/x86_cpu.cc:1688: warn: kvm-x86: MSR (0x40000101) unsupported by gem5. Skipping.']
[13:02:20] host.controller ERR: ['src/arch/x86/kvm/x86_cpu.cc:1688: warn: kvm-x86: MSR (0x40000102) unsupported by gem5. Skipping.']
[13:02:20] host.controller ERR: ['src/arch/x86/kvm/x86_cpu.cc:1688: warn: kvm-x86: MSR (0x40000103) unsupported by gem5. Skipping.']
[13:02:20] host.controller ERR: ['src/arch/x86/kvm/x86_cpu.cc:1688: warn: kvm-x86: MSR (0x40000104) unsupported by gem5. Skipping.']
[13:02:20] host.controller ERR: ['src/arch/x86/kvm/x86_cpu.cc:1688: warn: kvm-x86: MSR (0x40000105) unsupported by gem5. Skipping.']
[13:02:20] host.controller ERR: ['src/arch/x86/kvm/x86_cpu.cc:1688: warn: kvm-x86: MSR (0x40000003) unsupported by gem5. Skipping.']
[13:02:20] host.controller ERR: ['src/arch/x86/kvm/x86_cpu.cc:1688: warn: kvm-x86: MSR (0x40000002) unsupported by gem5. Skipping.']
[13:02:20] host.controller ERR: ['src/arch/x86/kvm/x86_cpu.cc:1688: warn: kvm-x86: MSR (0x40000010) unsupported by gem5. Skipping.']
[13:02:20] host.controller ERR: ['src/arch/x86/kvm/x86_cpu.cc:1688: warn: kvm-x86: MSR (0x40000080) unsupported by gem5. Skipping.']
[13:02:20] host.controller ERR: ['src/arch/x86/kvm/x86_cpu.cc:1688: warn: kvm-x86: MSR (0x400000b0) unsupported by gem5. Skipping.']
[13:02:20] host.controller ERR: ['src/arch/x86/kvm/x86_cpu.cc:1688: warn: kvm-x86: MSR (0x40000073) unsupported by gem5. Skipping.']
[13:02:20] host.controller ERR: ['src/arch/x86/kvm/x86_cpu.cc:1688: warn: kvm-x86: MSR (0x40000106) unsupported by gem5. Skipping.']
[13:02:20] host.controller ERR: ['src/arch/x86/kvm/x86_cpu.cc:1688: warn: kvm-x86: MSR (0x40000107) unsupported by gem5. Skipping.']
[13:02:20] host.controller ERR: ['src/arch/x86/kvm/x86_cpu.cc:1688: warn: kvm-x86: MSR (0x40000108) unsupported by gem5. Skipping.']
[13:02:20] host.controller ERR: ['src/arch/x86/kvm/x86_cpu.cc:1688: warn: kvm-x86: MSR (0x40000118) unsupported by gem5. Skipping.']
[13:02:20] host.controller ERR: ['src/arch/x86/kvm/x86_cpu.cc:1688: warn: kvm-x86: MSR (0x400000ff) unsupported by gem5. Skipping.']
[13:02:20] host.controller ERR: ['src/arch/x86/kvm/x86_cpu.cc:1688: warn: kvm-x86: MSR (0x400000f1) unsupported by gem5. Skipping.']
[13:02:20] host.controller ERR: ['src/arch/x86/kvm/x86_cpu.cc:1688: warn: kvm-x86: MSR (0x400000f2) unsupported by gem5. Skipping.']
[13:02:20] host.controller ERR: ['src/arch/x86/kvm/x86_cpu.cc:1688: warn: kvm-x86: MSR (0x400000f3) unsupported by gem5. Skipping.']
[13:02:20] host.controller ERR: ['src/arch/x86/kvm/x86_cpu.cc:1688: warn: kvm-x86: MSR (0x400000f4) unsupported by gem5. Skipping.']
[13:02:20] host.controller ERR: ['src/arch/x86/kvm/x86_cpu.cc:1688: warn: kvm-x86: MSR (0x400000f5) unsupported by gem5. Skipping.']
[13:02:20] host.controller ERR: ['src/arch/x86/kvm/x86_cpu.cc:1688: warn: kvm-x86: MSR (0x4b564d02) unsupported by gem5. Skipping.']
[13:02:20] host.controller ERR: ['src/arch/x86/kvm/x86_cpu.cc:1688: warn: kvm-x86: MSR (0x4b564d03) unsupported by gem5. Skipping.']
[13:02:20] host.controller ERR: ['src/arch/x86/kvm/x86_cpu.cc:1688: warn: kvm-x86: MSR (0x4b564d04) unsupported by gem5. Skipping.']
[13:02:20] host.controller ERR: ['src/arch/x86/kvm/x86_cpu.cc:1688: warn: kvm-x86: MSR (0x4b564d06) unsupported by gem5. Skipping.']
[13:02:20] host.controller ERR: ['src/arch/x86/kvm/x86_cpu.cc:1688: warn: kvm-x86: MSR (0x4b564d07) unsupported by gem5. Skipping.']
[13:02:20] host.controller ERR: ['src/arch/x86/kvm/x86_cpu.cc:1688: warn: kvm-x86: MSR (0x3b) unsupported by gem5. Skipping.']
[13:02:20] host.controller ERR: ['src/arch/x86/kvm/x86_cpu.cc:1688: warn: kvm-x86: MSR (0x6e0) unsupported by gem5. Skipping.']
[13:02:20] host.controller ERR: ['src/arch/x86/kvm/x86_cpu.cc:1688: warn: kvm-x86: MSR (0x10a) unsupported by gem5. Skipping.']
[13:02:20] host.controller ERR: ['src/arch/x86/kvm/x86_cpu.cc:1688: warn: kvm-x86: MSR (0x345) unsupported by gem5. Skipping.']
[13:02:20] host.controller ERR: ['src/arch/x86/kvm/x86_cpu.cc:1688: warn: kvm-x86: MSR (0x1a0) unsupported by gem5. Skipping.']
[13:02:20] host.controller ERR: ['src/arch/x86/kvm/x86_cpu.cc:1688: warn: kvm-x86: MSR (0x4d0) unsupported by gem5. Skipping.']
[13:02:20] host.controller ERR: ['src/arch/x86/kvm/x86_cpu.cc:1688: warn: kvm-x86: MSR (0x9e) unsupported by gem5. Skipping.']
[13:02:20] host.controller ERR: ['src/arch/x86/kvm/x86_cpu.cc:1688: warn: kvm-x86: MSR (0x34) unsupported by gem5. Skipping.']
[13:02:20] host.controller ERR: ['src/arch/x86/kvm/x86_cpu.cc:1688: warn: kvm-x86: MSR (0xce) unsupported by gem5. Skipping.']
[13:02:20] host.controller ERR: ['src/arch/x86/kvm/x86_cpu.cc:1688: warn: kvm-x86: MSR (0x140) unsupported by gem5. Skipping.']
[13:02:20] host.controller ERR: ['src/arch/x86/kvm/x86_cpu.cc:1688: warn: kvm-x86: MSR (0x1fc) unsupported by gem5. Skipping.']
[13:02:20] host.controller ERR: ['src/arch/x86/kvm/x86_cpu.cc:1688: warn: kvm-x86: MSR (0x8b) unsupported by gem5. Skipping.']
[13:02:20] host.controller ERR: ['src/arch/x86/kvm/x86_cpu.cc:1688: warn: kvm-x86: MSR (0x480) unsupported by gem5. Skipping.']
[13:02:20] host.controller ERR: ['src/arch/x86/kvm/x86_cpu.cc:1688: warn: kvm-x86: MSR (0x48d) unsupported by gem5. Skipping.']
[13:02:20] host.controller ERR: ['src/arch/x86/kvm/x86_cpu.cc:1688: warn: kvm-x86: MSR (0x48e) unsupported by gem5. Skipping.']
[13:02:20] host.controller ERR: ['src/arch/x86/kvm/x86_cpu.cc:1688: warn: kvm-x86: MSR (0x48f) unsupported by gem5. Skipping.']
[13:02:20] host.controller ERR: ['src/arch/x86/kvm/x86_cpu.cc:1688: warn: kvm-x86: MSR (0x490) unsupported by gem5. Skipping.']
[13:02:20] host.controller ERR: ['src/arch/x86/kvm/x86_cpu.cc:1688: warn: kvm-x86: MSR (0x485) unsupported by gem5. Skipping.']
[13:02:20] host.controller ERR: ['src/arch/x86/kvm/x86_cpu.cc:1688: warn: kvm-x86: MSR (0x486) unsupported by gem5. Skipping.']
[13:02:20] host.controller ERR: ['src/arch/x86/kvm/x86_cpu.cc:1688: warn: kvm-x86: MSR (0x488) unsupported by gem5. Skipping.']
[13:02:20] host.controller ERR: ['src/arch/x86/kvm/x86_cpu.cc:1688: warn: kvm-x86: MSR (0x48a) unsupported by gem5. Skipping.']
[13:02:20] host.controller ERR: ['src/arch/x86/kvm/x86_cpu.cc:1688: warn: kvm-x86: MSR (0x48b) unsupported by gem5. Skipping.']
[13:02:20] host.controller ERR: ['src/arch/x86/kvm/x86_cpu.cc:1688: warn: kvm-x86: MSR (0x48c) unsupported by gem5. Skipping.']
[13:02:20] host.controller ERR: ['src/arch/x86/kvm/x86_cpu.cc:1688: warn: kvm-x86: MSR (0x491) unsupported by gem5. Skipping.']
[13:02:20] host.controller ERR: ['src/arch/x86/kvm/x86_cpu.cc:1688: warn: kvm-x86: MSR (0xc0010015) unsupported by gem5. Skipping.']
[13:02:20] host.controller ERR: ['src/arch/x86/kvm/x86_cpu.cc:1688: warn: kvm-x86: MSR (0x4b564d05) unsupported by gem5. Skipping.']
[13:02:20] host.compute2 ERR: ['src/arch/x86/kvm/x86_cpu.cc:1688: warn: kvm-x86: MSR (0x3a) unsupported by gem5. Skipping.']
[13:02:20] host.compute2 ERR: ['src/arch/x86/kvm/x86_cpu.cc:1688: warn: kvm-x86: MSR (0xd90) unsupported by gem5. Skipping.']
[13:02:20] host.compute2 ERR: ['src/arch/x86/kvm/x86_cpu.cc:1688: warn: kvm-x86: MSR (0x48) unsupported by gem5. Skipping.']
[13:02:20] host.compute2 ERR: ['src/arch/x86/kvm/x86_cpu.cc:1688: warn: kvm-x86: MSR (0x122) unsupported by gem5. Skipping.']
[13:02:20] host.compute2 ERR: ['src/arch/x86/kvm/x86_cpu.cc:1688: warn: kvm-x86: MSR (0x309) unsupported by gem5. Skipping.']
[13:02:20] host.compute2 ERR: ['src/arch/x86/kvm/x86_cpu.cc:1688: warn: kvm-x86: MSR (0x30a) unsupported by gem5. Skipping.']
[13:02:20] host.compute2 ERR: ['src/arch/x86/kvm/x86_cpu.cc:1688: warn: kvm-x86: MSR (0x30b) unsupported by gem5. Skipping.']
[13:02:20] host.compute2 ERR: ['src/arch/x86/kvm/x86_cpu.cc:1688: warn: kvm-x86: MSR (0x38d) unsupported by gem5. Skipping.']
[13:02:20] host.compute2 ERR: ['src/arch/x86/kvm/x86_cpu.cc:1688: warn: kvm-x86: MSR (0x38e) unsupported by gem5. Skipping.']
[13:02:20] host.compute2 ERR: ['src/arch/x86/kvm/x86_cpu.cc:1688: warn: kvm-x86: MSR (0x38f) unsupported by gem5. Skipping.']
[13:02:20] host.compute2 ERR: ['src/arch/x86/kvm/x86_cpu.cc:1688: warn: kvm-x86: MSR (0x390) unsupported by gem5. Skipping.']
[13:02:20] host.compute2 ERR: ['src/arch/x86/kvm/x86_cpu.cc:1688: warn: kvm-x86: MSR (0x3f1) unsupported by gem5. Skipping.']
[13:02:20] host.compute2 ERR: ['src/arch/x86/kvm/x86_cpu.cc:1688: warn: kvm-x86: MSR (0x600) unsupported by gem5. Skipping.']
[13:02:20] host.compute2 ERR: ['src/arch/x86/kvm/x86_cpu.cc:1688: warn: kvm-x86: MSR (0xc1) unsupported by gem5. Skipping.']
[13:02:20] host.compute2 ERR: ['src/arch/x86/kvm/x86_cpu.cc:1688: warn: kvm-x86: MSR (0xc2) unsupported by gem5. Skipping.']
[13:02:20] host.compute2 ERR: ['src/arch/x86/kvm/x86_cpu.cc:1688: warn: kvm-x86: MSR (0xc3) unsupported by gem5. Skipping.']
[13:02:20] host.compute2 ERR: ['src/arch/x86/kvm/x86_cpu.cc:1688: warn: kvm-x86: MSR (0xc4) unsupported by gem5. Skipping.']
[13:02:20] host.compute2 ERR: ['src/arch/x86/kvm/x86_cpu.cc:1688: warn: kvm-x86: MSR (0x186) unsupported by gem5. Skipping.']
[13:02:20] host.compute2 ERR: ['src/arch/x86/kvm/x86_cpu.cc:1688: warn: kvm-x86: MSR (0x187) unsupported by gem5. Skipping.']
[13:02:20] host.compute2 ERR: ['src/arch/x86/kvm/x86_cpu.cc:1688: warn: kvm-x86: MSR (0x188) unsupported by gem5. Skipping.']
[13:02:20] host.compute2 ERR: ['src/arch/x86/kvm/x86_cpu.cc:1688: warn: kvm-x86: MSR (0x189) unsupported by gem5. Skipping.']
[13:02:20] host.compute2 ERR: ['src/arch/x86/kvm/x86_cpu.cc:1688: warn: kvm-x86: MSR (0x12) unsupported by gem5. Skipping.']
[13:02:20] host.compute2 ERR: ['src/arch/x86/kvm/x86_cpu.cc:1688: warn: kvm-x86: MSR (0x11) unsupported by gem5. Skipping.']
[13:02:20] host.compute2 ERR: ['src/arch/x86/kvm/x86_cpu.cc:1688: warn: kvm-x86: MSR (0x4b564d01) unsupported by gem5. Skipping.']
[13:02:20] host.compute2 ERR: ['src/arch/x86/kvm/x86_cpu.cc:1688: warn: kvm-x86: MSR (0x4b564d00) unsupported by gem5. Skipping.']
[13:02:20] host.compute2 ERR: ['src/arch/x86/kvm/x86_cpu.cc:1688: warn: kvm-x86: MSR (0x40000000) unsupported by gem5. Skipping.']
[13:02:20] host.compute2 ERR: ['src/arch/x86/kvm/x86_cpu.cc:1688: warn: kvm-x86: MSR (0x40000001) unsupported by gem5. Skipping.']
[13:02:20] host.compute2 ERR: ['src/arch/x86/kvm/x86_cpu.cc:1688: warn: kvm-x86: MSR (0x40000020) unsupported by gem5. Skipping.']
[13:02:20] host.compute2 ERR: ['src/arch/x86/kvm/x86_cpu.cc:1688: warn: kvm-x86: MSR (0x40000021) unsupported by gem5. Skipping.']
[13:02:20] host.compute2 ERR: ['src/arch/x86/kvm/x86_cpu.cc:1688: warn: kvm-x86: MSR (0x40000022) unsupported by gem5. Skipping.']
[13:02:20] host.compute2 ERR: ['src/arch/x86/kvm/x86_cpu.cc:1688: warn: kvm-x86: MSR (0x40000023) unsupported by gem5. Skipping.']
[13:02:20] host.compute2 ERR: ['src/arch/x86/kvm/x86_cpu.cc:1688: warn: kvm-x86: MSR (0x40000100) unsupported by gem5. Skipping.']
[13:02:20] host.compute2 ERR: ['src/arch/x86/kvm/x86_cpu.cc:1688: warn: kvm-x86: MSR (0x40000101) unsupported by gem5. Skipping.']
[13:02:20] host.compute2 ERR: ['src/arch/x86/kvm/x86_cpu.cc:1688: warn: kvm-x86: MSR (0x40000102) unsupported by gem5. Skipping.']
[13:02:20] host.compute2 ERR: ['src/arch/x86/kvm/x86_cpu.cc:1688: warn: kvm-x86: MSR (0x40000103) unsupported by gem5. Skipping.']
[13:02:20] host.compute2 ERR: ['src/arch/x86/kvm/x86_cpu.cc:1688: warn: kvm-x86: MSR (0x40000104) unsupported by gem5. Skipping.']
[13:02:20] host.compute2 ERR: ['src/arch/x86/kvm/x86_cpu.cc:1688: warn: kvm-x86: MSR (0x40000105) unsupported by gem5. Skipping.']
[13:02:20] host.compute2 ERR: ['src/arch/x86/kvm/x86_cpu.cc:1688: warn: kvm-x86: MSR (0x40000003) unsupported by gem5. Skipping.']
[13:02:20] host.compute2 ERR: ['src/arch/x86/kvm/x86_cpu.cc:1688: warn: kvm-x86: MSR (0x40000002) unsupported by gem5. Skipping.']
[13:02:20] host.compute2 ERR: ['src/arch/x86/kvm/x86_cpu.cc:1688: warn: kvm-x86: MSR (0x40000010) unsupported by gem5. Skipping.']
[13:02:20] host.compute2 ERR: ['src/arch/x86/kvm/x86_cpu.cc:1688: warn: kvm-x86: MSR (0x40000080) unsupported by gem5. Skipping.']
[13:02:20] host.compute2 ERR: ['src/arch/x86/kvm/x86_cpu.cc:1688: warn: kvm-x86: MSR (0x400000b0) unsupported by gem5. Skipping.']
[13:02:20] host.compute2 ERR: ['src/arch/x86/kvm/x86_cpu.cc:1688: warn: kvm-x86: MSR (0x40000073) unsupported by gem5. Skipping.']
[13:02:20] host.compute2 ERR: ['src/arch/x86/kvm/x86_cpu.cc:1688: warn: kvm-x86: MSR (0x40000106) unsupported by gem5. Skipping.']
[13:02:20] host.compute2 ERR: ['src/arch/x86/kvm/x86_cpu.cc:1688: warn: kvm-x86: MSR (0x40000107) unsupported by gem5. Skipping.']
[13:02:20] host.compute2 ERR: ['src/arch/x86/kvm/x86_cpu.cc:1688: warn: kvm-x86: MSR (0x40000108) unsupported by gem5. Skipping.']
[13:02:20] host.compute2 ERR: ['src/arch/x86/kvm/x86_cpu.cc:1688: warn: kvm-x86: MSR (0x40000118) unsupported by gem5. Skipping.']
[13:02:20] host.compute2 ERR: ['src/arch/x86/kvm/x86_cpu.cc:1688: warn: kvm-x86: MSR (0x400000ff) unsupported by gem5. Skipping.']
[13:02:20] host.compute2 ERR: ['src/arch/x86/kvm/x86_cpu.cc:1688: warn: kvm-x86: MSR (0x400000f1) unsupported by gem5. Skipping.']
[13:02:20] host.compute2 ERR: ['src/arch/x86/kvm/x86_cpu.cc:1688: warn: kvm-x86: MSR (0x400000f2) unsupported by gem5. Skipping.']
[13:02:20] host.compute2 ERR: ['src/arch/x86/kvm/x86_cpu.cc:1688: warn: kvm-x86: MSR (0x400000f3) unsupported by gem5. Skipping.']
[13:02:20] host.compute2 ERR: ['src/arch/x86/kvm/x86_cpu.cc:1688: warn: kvm-x86: MSR (0x400000f4) unsupported by gem5. Skipping.']
[13:02:20] host.compute2 ERR: ['src/arch/x86/kvm/x86_cpu.cc:1688: warn: kvm-x86: MSR (0x400000f5) unsupported by gem5. Skipping.']
[13:02:20] host.compute2 ERR: ['src/arch/x86/kvm/x86_cpu.cc:1688: warn: kvm-x86: MSR (0x4b564d02) unsupported by gem5. Skipping.']
[13:02:20] host.compute2 ERR: ['src/arch/x86/kvm/x86_cpu.cc:1688: warn: kvm-x86: MSR (0x4b564d03) unsupported by gem5. Skipping.']
[13:02:20] host.compute2 ERR: ['src/arch/x86/kvm/x86_cpu.cc:1688: warn: kvm-x86: MSR (0x4b564d04) unsupported by gem5. Skipping.']
[13:02:20] host.compute2 ERR: ['src/arch/x86/kvm/x86_cpu.cc:1688: warn: kvm-x86: MSR (0x4b564d06) unsupported by gem5. Skipping.']
[13:02:20] host.compute2 ERR: ['src/arch/x86/kvm/x86_cpu.cc:1688: warn: kvm-x86: MSR (0x4b564d07) unsupported by gem5. Skipping.']
[13:02:20] host.compute2 ERR: ['src/arch/x86/kvm/x86_cpu.cc:1688: warn: kvm-x86: MSR (0x3b) unsupported by gem5. Skipping.']
[13:02:20] host.compute2 ERR: ['src/arch/x86/kvm/x86_cpu.cc:1688: warn: kvm-x86: MSR (0x6e0) unsupported by gem5. Skipping.']
[13:02:20] host.compute2 ERR: ['src/arch/x86/kvm/x86_cpu.cc:1688: warn: kvm-x86: MSR (0x10a) unsupported by gem5. Skipping.']
[13:02:20] host.compute2 ERR: ['src/arch/x86/kvm/x86_cpu.cc:1688: warn: kvm-x86: MSR (0x345) unsupported by gem5. Skipping.']
[13:02:20] host.compute2 ERR: ['src/arch/x86/kvm/x86_cpu.cc:1688: warn: kvm-x86: MSR (0x1a0) unsupported by gem5. Skipping.']
[13:02:20] host.compute2 ERR: ['src/arch/x86/kvm/x86_cpu.cc:1688: warn: kvm-x86: MSR (0x4d0) unsupported by gem5. Skipping.']
[13:02:20] host.compute2 ERR: ['src/arch/x86/kvm/x86_cpu.cc:1688: warn: kvm-x86: MSR (0x9e) unsupported by gem5. Skipping.']
[13:02:20] host.compute2 ERR: ['src/arch/x86/kvm/x86_cpu.cc:1688: warn: kvm-x86: MSR (0x34) unsupported by gem5. Skipping.']
[13:02:20] host.compute2 ERR: ['src/arch/x86/kvm/x86_cpu.cc:1688: warn: kvm-x86: MSR (0xce) unsupported by gem5. Skipping.']
[13:02:20] host.compute2 ERR: ['src/arch/x86/kvm/x86_cpu.cc:1688: warn: kvm-x86: MSR (0x140) unsupported by gem5. Skipping.']
[13:02:20] host.compute2 ERR: ['src/arch/x86/kvm/x86_cpu.cc:1688: warn: kvm-x86: MSR (0x1fc) unsupported by gem5. Skipping.']
[13:02:20] host.compute2 ERR: ['src/arch/x86/kvm/x86_cpu.cc:1688: warn: kvm-x86: MSR (0x8b) unsupported by gem5. Skipping.']
[13:02:20] host.compute2 ERR: ['src/arch/x86/kvm/x86_cpu.cc:1688: warn: kvm-x86: MSR (0x480) unsupported by gem5. Skipping.']
[13:02:20] host.compute2 ERR: ['src/arch/x86/kvm/x86_cpu.cc:1688: warn: kvm-x86: MSR (0x48d) unsupported by gem5. Skipping.']
[13:02:20] host.compute2 ERR: ['src/arch/x86/kvm/x86_cpu.cc:1688: warn: kvm-x86: MSR (0x48e) unsupported by gem5. Skipping.']
[13:02:20] host.compute2 ERR: ['src/arch/x86/kvm/x86_cpu.cc:1688: warn: kvm-x86: MSR (0x48f) unsupported by gem5. Skipping.']
[13:02:20] host.compute2 ERR: ['src/arch/x86/kvm/x86_cpu.cc:1688: warn: kvm-x86: MSR (0x490) unsupported by gem5. Skipping.']
[13:02:20] host.compute2 ERR: ['src/arch/x86/kvm/x86_cpu.cc:1688: warn: kvm-x86: MSR (0x485) unsupported by gem5. Skipping.']
[13:02:20] host.compute2 ERR: ['src/arch/x86/kvm/x86_cpu.cc:1688: warn: kvm-x86: MSR (0x486) unsupported by gem5. Skipping.']
[13:02:20] host.compute2 ERR: ['src/arch/x86/kvm/x86_cpu.cc:1688: warn: kvm-x86: MSR (0x488) unsupported by gem5. Skipping.']
[13:02:20] host.compute2 ERR: ['src/arch/x86/kvm/x86_cpu.cc:1688: warn: kvm-x86: MSR (0x48a) unsupported by gem5. Skipping.']
[13:02:20] host.compute2 ERR: ['src/arch/x86/kvm/x86_cpu.cc:1688: warn: kvm-x86: MSR (0x48b) unsupported by gem5. Skipping.']
[13:02:20] host.compute2 ERR: ['src/arch/x86/kvm/x86_cpu.cc:1688: warn: kvm-x86: MSR (0x48c) unsupported by gem5. Skipping.']
[13:02:20] host.compute2 ERR: ['src/arch/x86/kvm/x86_cpu.cc:1688: warn: kvm-x86: MSR (0x491) unsupported by gem5. Skipping.']
[13:02:20] host.compute2 ERR: ['src/arch/x86/kvm/x86_cpu.cc:1688: warn: kvm-x86: MSR (0xc0010015) unsupported by gem5. Skipping.']
[13:02:20] host.compute2 ERR: ['src/arch/x86/kvm/x86_cpu.cc:1688: warn: kvm-x86: MSR (0x4b564d05) unsupported by gem5. Skipping.']
[13:02:20] host.compute1 OUT: ['[    0.000000] Linux version 6.10.0 (root@ubuntu) (gcc (Ubuntu 11.4.0-1ubuntu1~22.04) 11.4.0, GNU ld (GNU Binutils for Ubuntu) 2.38) #1 SMP PREEMPT_DYNAMIC Sat Jun  7 09:58:54 UTC 2025\r']
[13:02:20] host.compute2 OUT: ['[    0.000000] Linux version 6.10.0 (root@ubuntu) (gcc (Ubuntu 11.4.0-1ubuntu1~22.04) 11.4.0, GNU ld (GNU Binutils for Ubuntu) 2.38) #1 SMP PREEMPT_DYNAMIC Sat Jun  7 09:58:54 UTC 2025\r']
[13:02:20] host.controller OUT: ['[    0.000000] Linux version 6.10.0 (root@ubuntu) (gcc (Ubuntu 11.4.0-1ubuntu1~22.04) 11.4.0, GNU ld (GNU Binutils for Ubuntu) 2.38) #1 SMP PREEMPT_DYNAMIC Sat Jun  7 09:58:54 UTC 2025\r']
[13:02:20] host.compute1 OUT: ['[    0.000000] Command line: earlyprintk=ttyS0 console=ttyS0 no_timer_check memory_corruption_check=0 random.trust_cpu=on net.ifnames=0 raid=noautodetect root=/dev/sda1 simbricks_guest_input=/dev/sdb rw\r']
[13:02:20] host.compute1 OUT: ['[    0.000000] KERNEL supported cpus:\r']
[13:02:20] host.compute2 OUT: ['[    0.000000] Command line: earlyprintk=ttyS0 console=ttyS0 no_timer_check memory_corruption_check=0 random.trust_cpu=on net.ifnames=0 raid=noautodetect root=/dev/sda1 simbricks_guest_input=/dev/sdb rw\r']
[13:02:20] host.compute1 OUT: ['[    0.000000]   Intel GenuineIntel\r']
[13:02:20] host.compute2 OUT: ['[    0.000000] KERNEL supported cpus:\r']
[13:02:20] host.controller OUT: ['[    0.000000] Command line: earlyprintk=ttyS0 console=ttyS0 no_timer_check memory_corruption_check=0 random.trust_cpu=on net.ifnames=0 raid=noautodetect root=/dev/sda1 simbricks_guest_input=/dev/sdb rw\r']
[13:02:20] host.compute1 OUT: ['[    0.000000]   AMD AuthenticAMD\r']
[13:02:20] host.compute2 OUT: ['[    0.000000]   Intel GenuineIntel\r']
[13:02:20] host.controller OUT: ['[    0.000000] KERNEL supported cpus:\r']
[13:02:20] host.compute1 OUT: ['[    0.000000]   Hygon HygonGenuine\r']
[13:02:20] host.compute2 OUT: ['[    0.000000]   AMD AuthenticAMD\r']
[13:02:20] host.controller OUT: ['[    0.000000]   Intel GenuineIntel\r']
[13:02:20] host.compute1 OUT: ['[    0.000000]   Centaur CentaurHauls\r']
[13:02:20] host.compute2 OUT: ['[    0.000000]   Hygon HygonGenuine\r']
[13:02:20] host.controller OUT: ['[    0.000000]   AMD AuthenticAMD\r']
[13:02:20] host.compute1 OUT: ['[    0.000000]   zhaoxin   Shanghai  \r']
[13:02:20] host.compute2 OUT: ['[    0.000000]   Centaur CentaurHauls\r']
[13:02:20] host.controller OUT: ['[    0.000000]   Hygon HygonGenuine\r']
[13:02:20] host.compute1 OUT: ['[    0.000000] BIOS-provided physical RAM map:\r']
[13:02:20] host.compute2 OUT: ['[    0.000000]   zhaoxin   Shanghai  \r']
[13:02:20] host.controller OUT: ['[    0.000000]   Centaur CentaurHauls\r']
[13:02:20] host.compute2 OUT: ['[    0.000000] BIOS-provided physical RAM map:\r']
[13:02:20] host.controller OUT: ['[    0.000000]   zhaoxin   Shanghai  \r']
[13:02:20] host.compute1 OUT: ['[    0.000000] BIOS-e820: [mem 0x0000000000000000-0x000000000009fbff] usable\r']
[13:02:20] host.controller OUT: ['[    0.000000] BIOS-provided physical RAM map:\r']
[13:02:20] host.compute2 OUT: ['[    0.000000] BIOS-e820: [mem 0x0000000000000000-0x000000000009fbff] usable\r']
[13:02:20] host.compute1 OUT: ['[    0.000000] BIOS-e820: [mem 0x000000000009fc00-0x00000000000fffff] reserved\r']
[13:02:20] host.controller OUT: ['[    0.000000] BIOS-e820: [mem 0x0000000000000000-0x000000000009fbff] usable\r']
[13:02:20] host.compute2 OUT: ['[    0.000000] BIOS-e820: [mem 0x000000000009fc00-0x00000000000fffff] reserved\r']
[13:02:20] host.compute1 OUT: ['[    0.000000] BIOS-e820: [mem 0x0000000000100000-0x00000000bfffffff] usable\r']
[13:02:20] host.controller OUT: ['[    0.000000] BIOS-e820: [mem 0x000000000009fc00-0x00000000000fffff] reserved\r']
[13:02:20] host.compute1 OUT: ['[    0.000000] BIOS-e820: [mem 0x00000000ffff0000-0x00000000ffffffff] reserved\r']
[13:02:20] host.compute2 OUT: ['[    0.000000] BIOS-e820: [mem 0x0000000000100000-0x00000000bfffffff] usable\r']
[13:02:20] host.compute1 OUT: ['[    0.000000] BIOS-e820: [mem 0x0000000100000000-0x000000043fffffff] usable\r']
[13:02:20] host.controller OUT: ['[    0.000000] BIOS-e820: [mem 0x0000000000100000-0x00000000bfffffff] usable\r']
[13:02:20] host.compute2 OUT: ['[    0.000000] BIOS-e820: [mem 0x00000000ffff0000-0x00000000ffffffff] reserved\r']
[13:02:20] host.compute1 OUT: ['[    0.000000] printk: legacy bootconsole [earlyser0] enabled\r']
[13:02:20] host.controller OUT: ['[    0.000000] BIOS-e820: [mem 0x00000000ffff0000-0x00000000ffffffff] reserved\r']
[13:02:20] host.compute2 OUT: ['[    0.000000] BIOS-e820: [mem 0x0000000100000000-0x000000043fffffff] usable\r']
[13:02:20] host.compute1 OUT: ['[    0.000000] NX (Execute Disable) protection: active\r']
[13:02:20] host.compute1 OUT: ['[    0.000000] APIC: Static calls initialized\r']
[13:02:20] host.compute2 OUT: ['[    0.000000] printk: legacy bootconsole [earlyser0] enabled\r']
[13:02:20] host.controller OUT: ['[    0.000000] BIOS-e820: [mem 0x0000000100000000-0x000000043fffffff] usable\r']
[13:02:20] host.compute1 OUT: ['[    0.000000] SMBIOS 2.5 present.\r']
[13:02:20] host.compute2 OUT: ['[    0.000000] NX (Execute Disable) protection: active\r']
[13:02:20] host.controller OUT: ['[    0.000000] printk: legacy bootconsole [earlyser0] enabled\r']
[13:02:20] host.compute1 OUT: ['[    0.000000] DMI:  , BIOS  06/08/2008\r']
[13:02:20] host.compute2 OUT: ['[    0.000000] APIC: Static calls initialized\r']
[13:02:20] host.controller OUT: ['[    0.000000] NX (Execute Disable) protection: active\r']
[13:02:20] host.compute1 OUT: ['[    0.000000] DMI: Memory slots populated: 0/0\r']
[13:02:20] host.compute2 OUT: ['[    0.000000] SMBIOS 2.5 present.\r']
[13:02:20] host.controller OUT: ['[    0.000000] APIC: Static calls initialized\r']
[13:02:20] host.compute1 OUT: ['[    0.000000] tsc: Fast TSC calibration failed\r']
[13:02:20] host.compute2 OUT: ['[    0.000000] DMI:  , BIOS  06/08/2008\r']
[13:02:20] host.controller OUT: ['[    0.000000] SMBIOS 2.5 present.\r']
[13:02:20] host.compute2 OUT: ['[    0.000000] DMI: Memory slots populated: 0/0\r']
[13:02:20] host.compute1 OUT: ['[    0.000000] last_pfn = 0x440000 max_arch_pfn = 0x400000000\r']
[13:02:20] host.controller OUT: ['[    0.000000] DMI:  , BIOS  06/08/2008\r']
[13:02:20] host.compute1 OUT: ['[    0.000000] MTRRs disabled by BIOS\r']
[13:02:20] host.compute2 OUT: ['[    0.000000] tsc: Fast TSC calibration failed\r']
[13:02:20] host.controller OUT: ['[    0.000000] DMI: Memory slots populated: 0/0\r']
[13:02:20] host.compute1 OUT: ['[    0.000000] x86/PAT: Configuration [0-7]: WB  WC  UC- UC  WB  WP  UC- WT  \r']
[13:02:20] host.controller OUT: ['[    0.000000] tsc: Fast TSC calibration failed\r']
[13:02:20] host.compute2 OUT: ['[    0.000000] last_pfn = 0x440000 max_arch_pfn = 0x400000000\r']
[13:02:20] host.compute2 OUT: ['[    0.000000] MTRRs disabled by BIOS\r']
[13:02:20] host.compute1 OUT: ['[    0.000000] last_pfn = 0xc0000 max_arch_pfn = 0x400000000\r']
[13:02:20] host.controller OUT: ['[    0.000000] last_pfn = 0x440000 max_arch_pfn = 0x400000000\r']
[13:02:20] host.controller OUT: ['[    0.000000] MTRRs disabled by BIOS\r']
[13:02:20] host.compute2 OUT: ['[    0.000000] x86/PAT: Configuration [0-7]: WB  WC  UC- UC  WB  WP  UC- WT  \r']
[13:02:20] host.compute1 OUT: ['[    0.000000] found SMP MP-table at [mem 0x000f0050-0x000f005f]\r']
[13:02:20] host.compute2 OUT: ['[    0.000000] last_pfn = 0xc0000 max_arch_pfn = 0x400000000\r']
[13:02:20] host.controller OUT: ['[    0.000000] x86/PAT: Configuration [0-7]: WB  WC  UC- UC  WB  WP  UC- WT  \r']
[13:02:20] host.compute1 OUT: ['[    0.000000] ACPI: Early table checksum verification disabled\r']
[13:02:20] host.compute2 OUT: ['[    0.000000] found SMP MP-table at [mem 0x000f0050-0x000f005f]\r']
[13:02:20] host.controller OUT: ['[    0.000000] last_pfn = 0xc0000 max_arch_pfn = 0x400000000\r']
[13:02:20] host.compute1 OUT: ['[    0.000000] ACPI: RSDP 0x00000000000F01E0 000024 (v02       )\r']
[13:02:20] host.compute2 OUT: ['[    0.000000] ACPI: Early table checksum verification disabled\r']
[13:02:20] host.controller OUT: ['[    0.000000] found SMP MP-table at [mem 0x000f0050-0x000f005f]\r']
[13:02:20] host.compute1 OUT: ['[    0.000000] ACPI: XSDT 0x00000000000F0228 000024 (v01                 00000000      00000000)\r']
[13:02:20] host.compute2 OUT: ['[    0.000000] ACPI: RSDP 0x00000000000F01E0 000024 (v02       )\r']
[13:02:20] host.controller OUT: ['[    0.000000] ACPI: Early table checksum verification disabled\r']
[13:02:20] host.compute1 OUT: ['[    0.000000] ACPI BIOS Error (bug): Invalid table length 0x24 in RSDT/XSDT (20240322/tbutils-285)\r']
[13:02:20] host.controller OUT: ['[    0.000000] ACPI: RSDP 0x00000000000F01E0 000024 (v02       )\r']
[13:02:20] host.compute2 OUT: ['[    0.000000] ACPI: XSDT 0x00000000000F0228 000024 (v01                 00000000      00000000)\r']
[13:02:20] host.compute1 OUT: ['[    0.000000] Intel MultiProcessor Specification v1.4\r']
[13:02:20] host.compute1 OUT: ['[    0.000000] MPTABLE: OEM ID: \r']
[13:02:20] host.controller OUT: ['[    0.000000] ACPI: XSDT 0x00000000000F0228 000024 (v01                 00000000      00000000)\r']
[13:02:20] host.compute1 OUT: ['[    0.000000] MPTABLE: Product ID: \r']
[13:02:20] host.compute1 OUT: ['[    0.000000] MPTABLE: APIC at: 0xFEE00000\r']
[13:02:20] host.compute2 OUT: ['[    0.000000] ACPI BIOS Error (bug): Invalid table length 0x24 in RSDT/XSDT (20240322/tbutils-285)\r']
[13:02:20] host.controller OUT: ['[    0.000000] ACPI BIOS Error (bug): Invalid table length 0x24 in RSDT/XSDT (20240322/tbutils-285)\r']
[13:02:20] host.compute1 OUT: ['[    0.000000] No NUMA configuration found\r']
[13:02:20] host.compute2 OUT: ['[    0.000000] Intel MultiProcessor Specification v1.4\r']
[13:02:20] host.controller OUT: ['[    0.000000] Intel MultiProcessor Specification v1.4\r']
[13:02:20] host.compute2 OUT: ['[    0.000000] MPTABLE: OEM ID: \r']
[13:02:20] host.controller OUT: ['[    0.000000] MPTABLE: OEM ID: \r']
[13:02:20] host.compute1 OUT: ['[    0.000000] Faking a node at [mem 0x0000000000000000-0x000000043fffffff]\r']
[13:02:20] host.compute2 OUT: ['[    0.000000] MPTABLE: Product ID: \r']
[13:02:20] host.controller OUT: ['[    0.000000] MPTABLE: Product ID: \r']
[13:02:20] host.controller OUT: ['[    0.000000] MPTABLE: APIC at: 0xFEE00000\r']
[13:02:20] host.compute2 OUT: ['[    0.000000] MPTABLE: APIC at: 0xFEE00000\r']
[13:02:20] host.compute1 OUT: ['[    0.000000] NODE_DATA(0) allocated [mem 0x43ffd3000-0x43fffdfff]\r']
[13:02:20] host.compute1 OUT: ['[    0.000000] Zone ranges:\r']
[13:02:20] host.controller OUT: ['[    0.000000] No NUMA configuration found\r']
[13:02:20] host.compute2 OUT: ['[    0.000000] No NUMA configuration found\r']
[13:02:20] host.compute1 OUT: ['[    0.000000]   DMA      [mem 0x0000000000001000-0x0000000000ffffff]\r']
[13:02:20] host.controller OUT: ['[    0.000000] Faking a node at [mem 0x0000000000000000-0x000000043fffffff]\r']
[13:02:20] host.compute2 OUT: ['[    0.000000] Faking a node at [mem 0x0000000000000000-0x000000043fffffff]\r']
[13:02:20] host.compute1 OUT: ['[    0.000000]   DMA32    [mem 0x0000000001000000-0x00000000ffffffff]\r']
[13:02:20] host.controller OUT: ['[    0.000000] NODE_DATA(0) allocated [mem 0x43ffd3000-0x43fffdfff]\r']
[13:02:20] host.controller OUT: ['[    0.000000] Zone ranges:\r']
[13:02:20] host.compute2 OUT: ['[    0.000000] NODE_DATA(0) allocated [mem 0x43ffd3000-0x43fffdfff]\r']
[13:02:20] host.compute1 OUT: ['[    0.000000]   Normal   [mem 0x0000000100000000-0x000000043fffffff]\r']
[13:02:20] host.compute2 OUT: ['[    0.000000] Zone ranges:\r']
[13:02:20] host.controller OUT: ['[    0.000000]   DMA      [mem 0x0000000000001000-0x0000000000ffffff]\r']
[13:02:20] host.compute1 OUT: ['[    0.000000]   Device   empty\r']
[13:02:20] host.compute1 OUT: ['[    0.000000] Movable zone start for each node\r']
[13:02:20] host.controller OUT: ['[    0.000000]   DMA32    [mem 0x0000000001000000-0x00000000ffffffff]\r']
[13:02:20] host.compute2 OUT: ['[    0.000000]   DMA      [mem 0x0000000000001000-0x0000000000ffffff]\r']
[13:02:20] host.compute1 OUT: ['[    0.000000] Early memory node ranges\r']
[13:02:20] host.controller OUT: ['[    0.000000]   Normal   [mem 0x0000000100000000-0x000000043fffffff]\r']
[13:02:20] host.compute2 OUT: ['[    0.000000]   DMA32    [mem 0x0000000001000000-0x00000000ffffffff]\r']
[13:02:20] host.controller OUT: ['[    0.000000]   Device   empty\r']
[13:02:20] host.compute1 OUT: ['[    0.000000]   node   0: [mem 0x0000000000001000-0x000000000009efff]\r']
[13:02:20] host.controller OUT: ['[    0.000000] Movable zone start for each node\r']
[13:02:20] host.compute2 OUT: ['[    0.000000]   Normal   [mem 0x0000000100000000-0x000000043fffffff]\r']
[13:02:20] host.controller OUT: ['[    0.000000] Early memory node ranges\r']
[13:02:20] host.compute1 OUT: ['[    0.000000]   node   0: [mem 0x0000000000100000-0x00000000bfffffff]\r']
[13:02:20] host.compute2 OUT: ['[    0.000000]   Device   empty\r']
[13:02:20] host.controller OUT: ['[    0.000000]   node   0: [mem 0x0000000000001000-0x000000000009efff]\r']
[13:02:20] host.compute2 OUT: ['[    0.000000] Movable zone start for each node\r']
[13:02:20] host.compute1 OUT: ['[    0.000000]   node   0: [mem 0x0000000100000000-0x000000043fffffff]\r']
[13:02:20] host.compute2 OUT: ['[    0.000000] Early memory node ranges\r']
[13:02:20] host.controller OUT: ['[    0.000000]   node   0: [mem 0x0000000000100000-0x00000000bfffffff]\r']
[13:02:20] host.compute1 OUT: ['[    0.000000] Initmem setup node 0 [mem 0x0000000000001000-0x000000043fffffff]\r']
[13:02:20] host.controller OUT: ['[    0.000000]   node   0: [mem 0x0000000100000000-0x000000043fffffff]\r']
[13:02:20] host.compute2 OUT: ['[    0.000000]   node   0: [mem 0x0000000000001000-0x000000000009efff]\r']
[13:02:20] host.compute1 OUT: ['[    0.000000] On node 0, zone DMA: 1 pages in unavailable ranges\r']
[13:02:20] host.controller OUT: ['[    0.000000] Initmem setup node 0 [mem 0x0000000000001000-0x000000043fffffff]\r']
[13:02:20] host.compute2 OUT: ['[    0.000000]   node   0: [mem 0x0000000000100000-0x00000000bfffffff]\r']
[13:02:20] host.compute1 OUT: ['[    0.000000] On node 0, zone DMA: 97 pages in unavailable ranges\r']
[13:02:20] host.controller OUT: ['[    0.000000] On node 0, zone DMA: 1 pages in unavailable ranges\r']
[13:02:20] host.compute2 OUT: ['[    0.000000]   node   0: [mem 0x0000000100000000-0x000000043fffffff]\r']
[13:02:20] host.controller OUT: ['[    0.000000] On node 0, zone DMA: 97 pages in unavailable ranges\r']
[13:02:20] host.compute2 OUT: ['[    0.000000] Initmem setup node 0 [mem 0x0000000000001000-0x000000043fffffff]\r']
[13:02:20] host.compute2 OUT: ['[    0.000000] On node 0, zone DMA: 1 pages in unavailable ranges\r']
[13:02:20] mysql_basic: started net.management_net
[13:02:20] mysql_basic: started net.provider_net
[13:02:20] mysql_basic: waiting for hosts to terminate
[13:02:20] host.compute2 OUT: ['[    0.000000] On node 0, zone DMA: 97 pages in unavailable ranges\r']
[13:02:20] host.controller OUT: ['[    0.000000] Intel MultiProcessor Specification v1.4\r']
[13:02:20] host.compute1 OUT: ['[    0.000000] Intel MultiProcessor Specification v1.4\r']
[13:02:20] host.controller OUT: ['[    0.000000] MPTABLE: OEM ID: \r']
[13:02:20] host.compute1 OUT: ['[    0.000000] MPTABLE: OEM ID: \r']
[13:02:20] host.controller OUT: ['[    0.000000] MPTABLE: Product ID: \r']
[13:02:20] host.compute1 OUT: ['[    0.000000] MPTABLE: Product ID: \r']
[13:02:20] host.controller OUT: ['[    0.000000] MPTABLE: APIC at: 0xFEE00000\r']
[13:02:20] host.compute1 OUT: ['[    0.000000] MPTABLE: APIC at: 0xFEE00000\r']
[13:02:20] host.controller OUT: ['[    0.000000] CPU topo: Enumerated BSP APIC 0 is not marked in APICBASE MSR\r']
[13:02:20] host.compute1 OUT: ['[    0.000000] CPU topo: Enumerated BSP APIC 0 is not marked in APICBASE MSR\r']
[13:02:20] host.controller OUT: ['[    0.000000] CPU topo: Assuming crash kernel. Limiting to one CPU to prevent machine INIT\r']
[13:02:21] host.compute1 OUT: ['[    0.000000] CPU topo: Assuming crash kernel. Limiting to one CPU to prevent machine INIT\r']
[13:02:21] host.controller OUT: ['[    0.000000] CPU topo: [Firmware Bug]: APIC enumeration order not specification compliant\r']
[13:02:21] host.compute1 OUT: ['[    0.000000] CPU topo: [Firmware Bug]: APIC enumeration order not specification compliant\r']
[13:02:21] host.compute2 OUT: ['[    0.000000] Intel MultiProcessor Specification v1.4\r']
[13:02:21] host.compute1 OUT: ['[    0.000000] Processor #0 (Bootup-CPU)\r']
[13:02:21] host.controller OUT: ['[    0.000000] Processor #0 (Bootup-CPU)\r']
[13:02:21] host.compute2 OUT: ['[    0.000000] MPTABLE: OEM ID: \r']
[13:02:21] host.compute2 OUT: ['[    0.000000] MPTABLE: Product ID: \r']
[13:02:21] host.compute1 OUT: ['[    0.000000] CPU topo: Boot CPU APIC ID not the first enumerated APIC ID: 0 != 1\r']
[13:02:21] host.controller OUT: ['[    0.000000] CPU topo: Boot CPU APIC ID not the first enumerated APIC ID: 0 != 1\r']
[13:02:21] host.compute2 OUT: ['[    0.000000] MPTABLE: APIC at: 0xFEE00000\r']
[13:02:21] host.controller OUT: ['[    0.000000] CPU topo: Crash kernel detected. Disabling real BSP to prevent machine INIT\r']
[13:02:21] host.compute1 OUT: ['[    0.000000] CPU topo: Crash kernel detected. Disabling real BSP to prevent machine INIT\r']
[13:02:21] host.compute2 OUT: ['[    0.000000] CPU topo: Enumerated BSP APIC 0 is not marked in APICBASE MSR\r']
[13:02:21] host.controller OUT: ['[    0.000000] Processor #1\r']
[13:02:21] host.compute1 OUT: ['[    0.000000] Processor #1\r']
[13:02:21] host.compute2 OUT: ['[    0.000000] CPU topo: Assuming crash kernel. Limiting to one CPU to prevent machine INIT\r']
[13:02:21] host.compute1 OUT: ['[    0.000000] IOAPIC[0]: apic_id 2, version 20, address 0xfec00000, GSI 0-23\r']
[13:02:21] host.controller OUT: ['[    0.000000] IOAPIC[0]: apic_id 2, version 20, address 0xfec00000, GSI 0-23\r']
[13:02:21] host.compute1 OUT: ['[    0.000000] Processors: 2\r']
[13:02:21] host.controller OUT: ['[    0.000000] Processors: 2\r']
[13:02:21] host.compute2 OUT: ['[    0.000000] CPU topo: [Firmware Bug]: APIC enumeration order not specification compliant\r']
[13:02:21] host.compute1 OUT: ['[    0.000000] CPU topo: Max. logical packages:   1\r']
[13:02:21] host.controller OUT: ['[    0.000000] CPU topo: Max. logical packages:   1\r']
[13:02:21] host.compute2 OUT: ['[    0.000000] Processor #0 (Bootup-CPU)\r']
[13:02:21] host.compute1 OUT: ['[    0.000000] CPU topo: Max. logical dies:       1\r']
[13:02:21] host.controller OUT: ['[    0.000000] CPU topo: Max. logical dies:       1\r']
[13:02:21] host.compute1 OUT: ['[    0.000000] CPU topo: Max. dies per package:   1\r']
[13:02:21] host.compute2 OUT: ['[    0.000000] CPU topo: Boot CPU APIC ID not the first enumerated APIC ID: 0 != 1\r']
[13:02:21] host.controller OUT: ['[    0.000000] CPU topo: Max. dies per package:   1\r']
[13:02:21] host.compute1 OUT: ['[    0.000000] CPU topo: Max. threads per core:   1\r']
[13:02:21] host.controller OUT: ['[    0.000000] CPU topo: Max. threads per core:   1\r']
[13:02:21] host.compute1 OUT: ['[    0.000000] CPU topo: Num. cores per package:     1\r']
[13:02:21] host.compute2 OUT: ['[    0.000000] CPU topo: Crash kernel detected. Disabling real BSP to prevent machine INIT\r']
[13:02:21] host.compute2 OUT: ['[    0.000000] Processor #1\r']
[13:02:21] host.controller OUT: ['[    0.000000] CPU topo: Num. cores per package:     1\r']
[13:02:21] host.compute1 OUT: ['[    0.000000] CPU topo: Num. threads per package:   1\r']
[13:02:21] host.controller OUT: ['[    0.000000] CPU topo: Num. threads per package:   1\r']
[13:02:21] host.compute2 OUT: ['[    0.000000] IOAPIC[0]: apic_id 2, version 20, address 0xfec00000, GSI 0-23\r']
[13:02:21] host.compute1 OUT: ['[    0.000000] CPU topo: Allowing 1 present CPUs plus 0 hotplug CPUs\r']
[13:02:21] host.compute2 OUT: ['[    0.000000] Processors: 2\r']
[13:02:21] host.compute1 OUT: ['[    0.000000] CPU topo: Rejected CPUs 1\r']
[13:02:21] host.controller OUT: ['[    0.000000] CPU topo: Allowing 1 present CPUs plus 0 hotplug CPUs\r']
[13:02:21] host.compute2 OUT: ['[    0.000000] CPU topo: Max. logical packages:   1\r']
[13:02:21] host.controller OUT: ['[    0.000000] CPU topo: Rejected CPUs 1\r']
[13:02:21] host.compute2 OUT: ['[    0.000000] CPU topo: Max. logical dies:       1\r']
[13:02:21] host.compute1 OUT: ['[    0.000000] PM: hibernation: Registered nosave memory: [mem 0x00000000-0x00000fff]\r']
[13:02:21] host.controller OUT: ['[    0.000000] PM: hibernation: Registered nosave memory: [mem 0x00000000-0x00000fff]\r']
[13:02:21] host.compute2 OUT: ['[    0.000000] CPU topo: Max. dies per package:   1\r']
[13:02:21] host.compute1 OUT: ['[    0.000000] PM: hibernation: Registered nosave memory: [mem 0x0009f000-0x0009ffff]\r']
[13:02:21] host.compute2 OUT: ['[    0.000000] CPU topo: Max. threads per core:   1\r']
[13:02:21] host.controller OUT: ['[    0.000000] PM: hibernation: Registered nosave memory: [mem 0x0009f000-0x0009ffff]\r']
[13:02:21] host.compute2 OUT: ['[    0.000000] CPU topo: Num. cores per package:     1\r']
[13:02:21] host.compute1 OUT: ['[    0.000000] PM: hibernation: Registered nosave memory: [mem 0x000a0000-0x000fffff]\r']
[13:02:21] host.controller OUT: ['[    0.000000] PM: hibernation: Registered nosave memory: [mem 0x000a0000-0x000fffff]\r']
[13:02:21] host.compute2 OUT: ['[    0.000000] CPU topo: Num. threads per package:   1\r']
[13:02:21] host.compute1 OUT: ['[    0.000000] PM: hibernation: Registered nosave memory: [mem 0xc0000000-0xfffeffff]\r']
[13:02:21] host.compute2 OUT: ['[    0.000000] CPU topo: Allowing 1 present CPUs plus 0 hotplug CPUs\r']
[13:02:21] host.controller OUT: ['[    0.000000] PM: hibernation: Registered nosave memory: [mem 0xc0000000-0xfffeffff]\r']
[13:02:21] host.compute2 OUT: ['[    0.000000] CPU topo: Rejected CPUs 1\r']
[13:02:21] host.compute1 OUT: ['[    0.000000] PM: hibernation: Registered nosave memory: [mem 0xffff0000-0xffffffff]\r']
[13:02:21] host.controller OUT: ['[    0.000000] PM: hibernation: Registered nosave memory: [mem 0xffff0000-0xffffffff]\r']
[13:02:21] host.compute2 OUT: ['[    0.000000] PM: hibernation: Registered nosave memory: [mem 0x00000000-0x00000fff]\r']
[13:02:21] host.compute1 OUT: ['[    0.000000] [mem 0xc0000000-0xfffeffff] available for PCI devices\r']
[13:02:21] host.controller OUT: ['[    0.000000] [mem 0xc0000000-0xfffeffff] available for PCI devices\r']
[13:02:21] host.compute1 OUT: ['[    0.000000] Booting paravirtualized kernel on bare hardware\r']
[13:02:21] host.compute2 OUT: ['[    0.000000] PM: hibernation: Registered nosave memory: [mem 0x0009f000-0x0009ffff]\r']
[13:02:21] host.controller OUT: ['[    0.000000] Booting paravirtualized kernel on bare hardware\r']
[13:02:21] host.compute2 OUT: ['[    0.000000] PM: hibernation: Registered nosave memory: [mem 0x000a0000-0x000fffff]\r']
[13:02:21] host.compute1 OUT: ['[    0.000000] clocksource: refined-jiffies: mask: 0xffffffff max_cycles: 0xffffffff, max_idle_ns: 7645519600211568 ns\r']
[13:02:21] host.controller OUT: ['[    0.000000] clocksource: refined-jiffies: mask: 0xffffffff max_cycles: 0xffffffff, max_idle_ns: 7645519600211568 ns\r']
[13:02:21] host.compute2 OUT: ['[    0.000000] PM: hibernation: Registered nosave memory: [mem 0xc0000000-0xfffeffff]\r']
[13:02:21] host.compute1 OUT: ['[    0.000000] setup_percpu: NR_CPUS:8192 nr_cpumask_bits:1 nr_cpu_ids:1 nr_node_ids:1\r']
[13:02:21] host.controller OUT: ['[    0.000000] setup_percpu: NR_CPUS:8192 nr_cpumask_bits:1 nr_cpu_ids:1 nr_node_ids:1\r']
[13:02:21] host.compute2 OUT: ['[    0.000000] PM: hibernation: Registered nosave memory: [mem 0xffff0000-0xffffffff]\r']
[13:02:21] host.compute1 OUT: ['[    0.000000] percpu: Embedded 66 pages/cpu s233472 r8192 d28672 u2097152\r']
[13:02:21] host.compute2 OUT: ['[    0.000000] [mem 0xc0000000-0xfffeffff] available for PCI devices\r']
[13:02:21] host.controller OUT: ['[    0.000000] percpu: Embedded 66 pages/cpu s233472 r8192 d28672 u2097152\r']
[13:02:21] host.compute2 OUT: ['[    0.000000] Booting paravirtualized kernel on bare hardware\r']
[13:02:21] host.compute2 OUT: ['[    0.000000] clocksource: refined-jiffies: mask: 0xffffffff max_cycles: 0xffffffff, max_idle_ns: 7645519600211568 ns\r']
[13:02:21] host.compute1 OUT: ['[    0.000000] Kernel command line: earlyprintk=ttyS0 console=ttyS0 no_timer_check memory_corruption_check=0 random.trust_cpu=on net.ifnames=0 raid=noautodetect root=/dev/sda1 simbricks_guest_input=/dev/sdb rw\r']
[13:02:21] host.compute2 OUT: ['[    0.000000] setup_percpu: NR_CPUS:8192 nr_cpumask_bits:1 nr_cpu_ids:1 nr_node_ids:1\r']
[13:02:21] host.controller OUT: ['[    0.000000] Kernel command line: earlyprintk=ttyS0 console=ttyS0 no_timer_check memory_corruption_check=0 random.trust_cpu=on net.ifnames=0 raid=noautodetect root=/dev/sda1 simbricks_guest_input=/dev/sdb rw\r']
[13:02:21] host.compute1 OUT: ['[    0.000000] Unknown kernel command line parameters "simbricks_guest_input=/dev/sdb", will be passed to user space.\r']
[13:02:21] host.compute2 OUT: ['[    0.000000] percpu: Embedded 66 pages/cpu s233472 r8192 d28672 u2097152\r']
[13:02:21] host.controller OUT: ['[    0.000000] Unknown kernel command line parameters "simbricks_guest_input=/dev/sdb", will be passed to user space.\r']
[13:02:21] host.compute2 OUT: ['[    0.000000] Kernel command line: earlyprintk=ttyS0 console=ttyS0 no_timer_check memory_corruption_check=0 random.trust_cpu=on net.ifnames=0 raid=noautodetect root=/dev/sda1 simbricks_guest_input=/dev/sdb rw\r']
[13:02:21] host.compute1 OUT: ['[    0.000000] Dentry cache hash table entries: 2097152 (order: 12, 16777216 bytes, linear)\r']
[13:02:21] host.compute2 OUT: ['[    0.000000] Unknown kernel command line parameters "simbricks_guest_input=/dev/sdb", will be passed to user space.\r']
[13:02:21] host.controller OUT: ['[    0.000000] Dentry cache hash table entries: 2097152 (order: 12, 16777216 bytes, linear)\r']
[13:02:21] host.compute1 OUT: ['[    0.000000] Inode-cache hash table entries: 1048576 (order: 11, 8388608 bytes, linear)\r']
[13:02:21] host.compute1 OUT: ['[    0.000000] Fallback order for Node 0: 0 \r']
[13:02:21] host.compute2 OUT: ['[    0.000000] Dentry cache hash table entries: 2097152 (order: 12, 16777216 bytes, linear)\r']
[13:02:21] host.compute1 OUT: ['[    0.000000] Built 1 zonelists, mobility grouping on.  Total pages: 4194206\r']
[13:02:21] host.compute1 OUT: ['[    0.000000] Policy zone: Normal\r']
[13:02:21] host.controller OUT: ['[    0.000000] Inode-cache hash table entries: 1048576 (order: 11, 8388608 bytes, linear)\r']
[13:02:21] host.compute2 OUT: ['[    0.000000] Inode-cache hash table entries: 1048576 (order: 11, 8388608 bytes, linear)\r']
[13:02:21] host.controller OUT: ['[    0.000000] Fallback order for Node 0: 0 \r']
[13:02:21] host.compute1 OUT: ['[    0.000000] mem auto-init: stack:off, heap alloc:on, heap free:off\r']
[13:02:21] host.compute2 OUT: ['[    0.000000] Fallback order for Node 0: 0 \r']
[13:02:21] host.compute1 OUT: ['[    0.000000] software IO TLB: area num 1.\r']
[13:02:21] host.controller OUT: ['[    0.000000] Built 1 zonelists, mobility grouping on.  Total pages: 4194206\r']
[13:02:21] host.compute2 OUT: ['[    0.000000] Built 1 zonelists, mobility grouping on.  Total pages: 4194206\r']
[13:02:21] host.controller OUT: ['[    0.000000] Policy zone: Normal\r']
[13:02:21] host.compute2 OUT: ['[    0.000000] Policy zone: Normal\r']
[13:02:21] host.compute2 OUT: ['[    0.000000] mem auto-init: stack:off, heap alloc:on, heap free:off\r']
[13:02:21] host.controller OUT: ['[    0.000000] mem auto-init: stack:off, heap alloc:on, heap free:off\r']
[13:02:21] host.compute2 OUT: ['[    0.000000] software IO TLB: area num 1.\r']
[13:02:21] host.controller OUT: ['[    0.000000] software IO TLB: area num 1.\r']
[13:02:21] host.compute1 OUT: ['[    0.000000] Memory: 16373192K/16776824K available (20480K kernel code, 4199K rwdata, 12548K rodata, 4904K init, 5056K bss, 403376K reserved, 0K cma-reserved)\r']
[13:02:21] host.compute2 OUT: ['[    0.000000] Memory: 16373192K/16776824K available (20480K kernel code, 4199K rwdata, 12548K rodata, 4904K init, 5056K bss, 403376K reserved, 0K cma-reserved)\r']
[13:02:21] host.compute1 OUT: ['[    0.000000] SLUB: HWalign=64, Order=0-3, MinObjects=0, CPUs=1, Nodes=1\r']
[13:02:21] host.compute1 OUT: ['Poking KASLR using RDTSC...\r']
[13:02:21] host.compute2 OUT: ['[    0.000000] SLUB: HWalign=64, Order=0-3, MinObjects=0, CPUs=1, Nodes=1\r']
[13:02:21] host.compute1 OUT: ['[    0.000000] ftrace: allocating 51994 entries in 204 pages\r']
[13:02:21] host.compute2 OUT: ['Poking KASLR using RDTSC...\r']
[13:02:21] host.compute2 OUT: ['[    0.000000] ftrace: allocating 51994 entries in 204 pages\r']
[13:02:21] host.controller OUT: ['[    0.000000] Memory: 16373192K/16776824K available (20480K kernel code, 4199K rwdata, 12548K rodata, 4904K init, 5056K bss, 403376K reserved, 0K cma-reserved)\r']
[13:02:21] host.compute1 OUT: ['[    0.000000] ftrace: allocated 204 pages with 4 groups\r']
[13:02:21] host.compute1 OUT: ['[    0.000000] Dynamic Preempt: voluntary\r']
[13:02:21] host.controller OUT: ['[    0.000000] SLUB: HWalign=64, Order=0-3, MinObjects=0, CPUs=1, Nodes=1\r']
[13:02:21] host.compute2 OUT: ['[    0.000000] ftrace: allocated 204 pages with 4 groups\r']
[13:02:21] host.controller OUT: ['Poking KASLR using RDTSC...\r']
[13:02:21] host.compute1 OUT: ['[    0.000000] rcu: Preemptible hierarchical RCU implementation.\r']
[13:02:21] host.compute2 OUT: ['[    0.000000] Dynamic Preempt: voluntary\r']
[13:02:21] host.controller OUT: ['[    0.000000] ftrace: allocating 51994 entries in 204 pages\r']
[13:02:21] host.compute1 OUT: ['[    0.000000] rcu: \tRCU restricting CPUs from NR_CPUS=8192 to nr_cpu_ids=1.\r']
[13:02:21] host.compute2 OUT: ['[    0.000000] rcu: Preemptible hierarchical RCU implementation.\r']
[13:02:21] host.compute1 OUT: ['[    0.000000] \tTrampoline variant of Tasks RCU enabled.\r']
[13:02:21] host.compute2 OUT: ['[    0.000000] rcu: \tRCU restricting CPUs from NR_CPUS=8192 to nr_cpu_ids=1.\r']
[13:02:21] host.compute1 OUT: ['[    0.000000] \tRude variant of Tasks RCU enabled.\r']
[13:02:21] host.compute2 OUT: ['[    0.000000] \tTrampoline variant of Tasks RCU enabled.\r']
[13:02:21] host.controller OUT: ['[    0.000000] ftrace: allocated 204 pages with 4 groups\r']
[13:02:21] host.compute1 OUT: ['[    0.000000] \tTracing variant of Tasks RCU enabled.\r']
[13:02:21] host.compute2 OUT: ['[    0.000000] \tRude variant of Tasks RCU enabled.\r']
[13:02:21] host.controller OUT: ['[    0.000000] Dynamic Preempt: voluntary\r']
[13:02:21] host.compute2 OUT: ['[    0.000000] \tTracing variant of Tasks RCU enabled.\r']
[13:02:21] host.compute1 OUT: ['[    0.000000] rcu: RCU calculated value of scheduler-enlistment delay is 25 jiffies.\r']
[13:02:22] host.controller OUT: ['[    0.000000] rcu: Preemptible hierarchical RCU implementation.\r']
[13:02:22] host.compute2 OUT: ['[    0.000000] rcu: RCU calculated value of scheduler-enlistment delay is 25 jiffies.\r']
[13:02:22] host.compute1 OUT: ['[    0.000000] rcu: Adjusting geometry for rcu_fanout_leaf=16, nr_cpu_ids=1\r']
[13:02:22] host.controller OUT: ['[    0.000000] rcu: \tRCU restricting CPUs from NR_CPUS=8192 to nr_cpu_ids=1.\r']
[13:02:22] host.compute2 OUT: ['[    0.000000] rcu: Adjusting geometry for rcu_fanout_leaf=16, nr_cpu_ids=1\r']
[13:02:22] host.controller OUT: ['[    0.000000] \tTrampoline variant of Tasks RCU enabled.\r']
[13:02:22] host.compute1 OUT: ['[    0.000000] RCU Tasks: Setting shift to 0 and lim to 1 rcu_task_cb_adjust=1.\r']
[13:02:22] host.controller OUT: ['[    0.000000] \tRude variant of Tasks RCU enabled.\r']
[13:02:22] host.compute1 OUT: ['[    0.000000] RCU Tasks Rude: Setting shift to 0 and lim to 1 rcu_task_cb_adjust=1.\r']
[13:02:22] host.compute2 OUT: ['[    0.000000] RCU Tasks: Setting shift to 0 and lim to 1 rcu_task_cb_adjust=1.\r']
[13:02:22] host.controller OUT: ['[    0.000000] \tTracing variant of Tasks RCU enabled.\r']
[13:02:22] host.compute1 OUT: ['[    0.000000] RCU Tasks Trace: Setting shift to 0 and lim to 1 rcu_task_cb_adjust=1.\r']
[13:02:22] host.controller OUT: ['[    0.000000] rcu: RCU calculated value of scheduler-enlistment delay is 25 jiffies.\r']
[13:02:22] host.compute2 OUT: ['[    0.000000] RCU Tasks Rude: Setting shift to 0 and lim to 1 rcu_task_cb_adjust=1.\r']
[13:02:22] host.compute1 OUT: ['[    0.000000] NR_IRQS: 524544, nr_irqs: 256, preallocated irqs: 16\r']
[13:02:22] host.controller OUT: ['[    0.000000] rcu: Adjusting geometry for rcu_fanout_leaf=16, nr_cpu_ids=1\r']
[13:02:22] host.compute2 OUT: ['[    0.000000] RCU Tasks Trace: Setting shift to 0 and lim to 1 rcu_task_cb_adjust=1.\r']
[13:02:22] host.controller OUT: ['[    0.000000] RCU Tasks: Setting shift to 0 and lim to 1 rcu_task_cb_adjust=1.\r']
[13:02:22] host.compute1 OUT: ['[    0.000000] rcu: srcu_init: Setting srcu_struct sizes based on contention.\r']
[13:02:22] host.compute2 OUT: ['[    0.000000] NR_IRQS: 524544, nr_irqs: 256, preallocated irqs: 16\r']
[13:02:22] host.compute1 OUT: ['[    0.000000] Console: colour dummy device 80x25\r']
[13:02:22] host.controller OUT: ['[    0.000000] RCU Tasks Rude: Setting shift to 0 and lim to 1 rcu_task_cb_adjust=1.\r']
[13:02:22] host.compute1 OUT: ['[    0.000000] printk: legacy console [ttyS0] enabled\r']
[13:02:22] host.compute2 OUT: ['[    0.000000] rcu: srcu_init: Setting srcu_struct sizes based on contention.\r']
[13:02:22] host.controller OUT: ['[    0.000000] RCU Tasks Trace: Setting shift to 0 and lim to 1 rcu_task_cb_adjust=1.\r']
[13:02:22] host.compute1 OUT: ['[    0.000000] printk: legacy console [ttyS0] enabled\r']
[13:02:22] host.compute2 OUT: ['[    0.000000] Console: colour dummy device 80x25\r']
[13:02:22] host.compute1 OUT: ['[    0.000000] printk: legacy bootconsole [earlyser0] disabled\r']
[13:02:22] host.compute2 OUT: ['[    0.000000] printk: legacy console [ttyS0] enabled\r']
[13:02:22] host.controller OUT: ['[    0.000000] NR_IRQS: 524544, nr_irqs: 256, preallocated irqs: 16\r']
[13:02:22] host.compute1 OUT: ['[    0.000000] printk: legacy bootconsole [earlyser0] disabled\r']
[13:02:22] host.compute2 OUT: ['[    0.000000] printk: legacy console [ttyS0] enabled\r']
[13:02:22] host.compute1 OUT: ['[    0.000000] APIC: Switch to symmetric I/O mode setup\r']
[13:02:22] host.controller OUT: ['[    0.000000] rcu: srcu_init: Setting srcu_struct sizes based on contention.\r']
[13:02:22] host.compute2 OUT: ['[    0.000000] printk: legacy bootconsole [earlyser0] disabled\r']
[13:02:22] host.controller OUT: ['[    0.000000] Console: colour dummy device 80x25\r']
[13:02:22] host.compute2 OUT: ['[    0.000000] printk: legacy bootconsole [earlyser0] disabled\r']
[13:02:22] host.controller OUT: ['[    0.000000] printk: legacy console [ttyS0] enabled\r']
[13:02:22] host.compute1 OUT: ['[    0.000000] ExtINT not setup in hardware but reported by MP table\r']
[13:02:22] host.compute2 OUT: ['[    0.000000] APIC: Switch to symmetric I/O mode setup\r']
[13:02:22] host.controller OUT: ['[    0.000000] printk: legacy console [ttyS0] enabled\r']
[13:02:22] host.controller OUT: ['[    0.000000] printk: legacy bootconsole [earlyser0] disabled\r']
[13:02:22] host.compute2 OUT: ['[    0.000000] ExtINT not setup in hardware but reported by MP table\r']
[13:02:22] host.controller OUT: ['[    0.000000] printk: legacy bootconsole [earlyser0] disabled\r']
[13:02:22] host.controller OUT: ['[    0.000000] APIC: Switch to symmetric I/O mode setup\r']
[13:02:22] host.compute1 OUT: ['[    0.000000] ..TIMER: vector=0x30 apic1=0 pin1=2 apic2=0 pin2=0\r']
[13:02:22] host.compute1 OUT: ['[    0.012000] tsc: Unable to calibrate against PIT\r']
[13:02:22] host.controller OUT: ['[    0.000000] ExtINT not setup in hardware but reported by MP table\r']
[13:02:22] host.compute2 OUT: ['[    0.000000] ..TIMER: vector=0x30 apic1=0 pin1=2 apic2=0 pin2=0\r']
[13:02:22] host.compute1 OUT: ['[    0.016000] tsc: No reference (HPET/PMTIMER) available\r']
[13:02:22] host.compute1 OUT: ['[    0.020000] tsc: Marking TSC unstable due to could not calculate TSC khz\r']
[13:02:22] host.compute2 OUT: ['[    0.012000] tsc: Unable to calibrate against PIT\r']
[13:02:22] host.compute2 OUT: ['[    0.016000] tsc: No reference (HPET/PMTIMER) available\r']
[13:02:22] host.controller OUT: ['[    0.000000] ..TIMER: vector=0x30 apic1=0 pin1=2 apic2=0 pin2=0\r']
[13:02:22] host.compute2 OUT: ['[    0.020000] tsc: Marking TSC unstable due to could not calculate TSC khz\r']
[13:02:22] host.compute1 OUT: ['[    0.024000] Calibrating delay loop... 4542.46 BogoMIPS (lpj=9084928)\r']
[13:02:22] host.compute1 OUT: ['[    0.052000] Last level iTLB entries: 4KB 512, 2MB 8, 4MB 4\r']
[13:02:22] host.controller OUT: ['[    0.012000] tsc: Unable to calibrate against PIT\r']
[13:02:22] host.compute1 OUT: ['[    0.056000] Last level dTLB entries: 4KB 512, 2MB 8, 4MB 4, 1GB 0\r']
[13:02:22] host.controller OUT: ['[    0.016000] tsc: No reference (HPET/PMTIMER) available\r']
[13:02:22] host.compute1 OUT: ['[    0.060000] process: using mwait in idle threads\r']
[13:02:22] host.compute2 OUT: ['[    0.024000] Calibrating delay loop... 4542.46 BogoMIPS (lpj=9084928)\r']
[13:02:22] host.controller OUT: ['[    0.020000] tsc: Marking TSC unstable due to could not calculate TSC khz\r']
[13:02:22] host.compute2 OUT: ['[    0.052000] Last level iTLB entries: 4KB 512, 2MB 8, 4MB 4\r']
[13:02:22] host.compute1 OUT: ['[    0.064000] Spectre V1 : Mitigation: usercopy/swapgs barriers and __user pointer sanitization\r']
[13:02:22] host.compute1 OUT: ['[    0.068000] Spectre V2 : Mitigation: Retpolines\r']
[13:02:22] host.compute2 OUT: ['[    0.056000] Last level dTLB entries: 4KB 512, 2MB 8, 4MB 4, 1GB 0\r']
[13:02:22] host.compute2 OUT: ['[    0.060000] process: using mwait in idle threads\r']
[13:02:22] host.compute1 OUT: ['[    0.072000] Spectre V2 : Spectre v2 / SpectreRSB mitigation: Filling RSB on context switch\r']
[13:02:22] host.controller OUT: ['[    0.024000] Calibrating delay loop... 4542.46 BogoMIPS (lpj=9084928)\r']
[13:02:22] host.compute2 OUT: ['[    0.064000] Spectre V1 : Mitigation: usercopy/swapgs barriers and __user pointer sanitization\r']
[13:02:22] host.compute1 OUT: ['[    0.076000] Spectre V2 : Spectre v2 / SpectreRSB : Filling RSB on VMEXIT\r']
[13:02:22] host.compute2 OUT: ['[    0.068000] Spectre V2 : Mitigation: Retpolines\r']
[13:02:22] host.controller OUT: ['[    0.052000] Last level iTLB entries: 4KB 512, 2MB 8, 4MB 4\r']
[13:02:22] host.compute1 OUT: ['[    0.080000] Speculative Store Bypass: Vulnerable\r']
[13:02:22] host.compute1 OUT: ['[    0.084000] x86/fpu: x87 FPU will use FXSAVE\r']
[13:02:22] host.controller OUT: ['[    0.056000] Last level dTLB entries: 4KB 512, 2MB 8, 4MB 4, 1GB 0\r']
[13:02:22] host.compute2 OUT: ['[    0.072000] Spectre V2 : Spectre v2 / SpectreRSB mitigation: Filling RSB on context switch\r']
[13:02:22] host.controller OUT: ['[    0.060000] process: using mwait in idle threads\r']
[13:02:22] host.compute2 OUT: ['[    0.076000] Spectre V2 : Spectre v2 / SpectreRSB : Filling RSB on VMEXIT\r']
[13:02:22] host.controller OUT: ['[    0.064000] Spectre V1 : Mitigation: usercopy/swapgs barriers and __user pointer sanitization\r']
[13:02:22] host.compute2 OUT: ['[    0.080000] Speculative Store Bypass: Vulnerable\r']
[13:02:22] host.controller OUT: ['[    0.068000] Spectre V2 : Mitigation: Retpolines\r']
[13:02:22] host.compute2 OUT: ['[    0.084000] x86/fpu: x87 FPU will use FXSAVE\r']
[13:02:22] host.controller OUT: ['[    0.072000] Spectre V2 : Spectre v2 / SpectreRSB mitigation: Filling RSB on context switch\r']
[13:02:22] host.compute1 OUT: ['[    0.124000] Freeing SMP alternatives memory: 44K\r']
[13:02:22] host.controller OUT: ['[    0.076000] Spectre V2 : Spectre v2 / SpectreRSB : Filling RSB on VMEXIT\r']
[13:02:22] host.compute1 OUT: ['[    0.128000] pid_max: default: 32768 minimum: 301\r']
[13:02:22] host.controller OUT: ['[    0.080000] Speculative Store Bypass: Vulnerable\r']
[13:02:22] host.controller OUT: ['[    0.084000] x86/fpu: x87 FPU will use FXSAVE\r']
[13:02:22] host.compute1 OUT: ['[    0.132000] LSM: initializing lsm=lockdown,capability,landlock,yama,apparmor,ima,evm\r']
[13:02:22] host.compute2 OUT: ['[    0.124000] Freeing SMP alternatives memory: 44K\r']
[13:02:22] host.compute1 OUT: ['[    0.136000] landlock: Up and running.\r']
[13:02:22] host.compute1 OUT: ['[    0.140000] Yama: becoming mindful.\r']
[13:02:22] host.compute2 OUT: ['[    0.128000] pid_max: default: 32768 minimum: 301\r']
[13:02:22] host.compute1 OUT: ['[    0.144000] AppArmor: AppArmor initialized\r']
[13:02:22] host.compute2 OUT: ['[    0.136000] LSM: initializing lsm=lockdown,capability,landlock,yama,apparmor,ima,evm\r']
[13:02:22] host.compute1 OUT: ['[    0.148000] Mount-cache hash table entries: 32768 (order: 6, 262144 bytes, linear)\r']
[13:02:22] host.compute2 OUT: ['[    0.140000] landlock: Up and running.\r']
[13:02:22] host.compute2 OUT: ['[    0.144000] Yama: becoming mindful.\r']
[13:02:22] host.controller OUT: ['[    0.120000] Freeing SMP alternatives memory: 44K\r']
[13:02:22] host.compute1 OUT: ['[    0.152000] Mountpoint-cache hash table entries: 32768 (order: 6, 262144 bytes, linear)\r']
[13:02:22] host.compute2 OUT: ['[    0.148000] AppArmor: AppArmor initialized\r']
[13:02:22] host.controller OUT: ['[    0.124000] pid_max: default: 32768 minimum: 301\r']
[13:02:22] host.compute2 OUT: ['[    0.156000] Mount-cache hash table entries: 32768 (order: 6, 262144 bytes, linear)\r']
[13:02:22] host.controller OUT: ['[    0.132000] LSM: initializing lsm=lockdown,capability,landlock,yama,apparmor,ima,evm\r']
[13:02:22] host.controller OUT: ['[    0.136000] landlock: Up and running.\r']
[13:02:22] host.compute2 OUT: ['[    0.160000] Mountpoint-cache hash table entries: 32768 (order: 6, 262144 bytes, linear)\r']
[13:02:22] host.controller OUT: ['[    0.140000] Yama: becoming mindful.\r']
[13:02:22] host.controller OUT: ['[    0.148000] AppArmor: AppArmor initialized\r']
[13:02:22] host.controller OUT: ['[    0.152000] Mount-cache hash table entries: 32768 (order: 6, 262144 bytes, linear)\r']
[13:02:22] host.controller OUT: ['[    0.156000] Mountpoint-cache hash table entries: 32768 (order: 6, 262144 bytes, linear)\r']
[13:02:23] host.compute1 OUT: ['[    0.372000] smpboot: CPU0: Hygon Fake gem5 x86_64 CPU (family: 0xf, model: 0x25, stepping: 0x1)\r']
[13:02:23] host.compute1 OUT: ['[    0.376000] Performance Events: Broken PMU hardware detected, using software events only.\r']
[13:02:23] host.compute2 OUT: ['[    0.380000] smpboot: CPU0: Hygon Fake gem5 x86_64 CPU (family: 0xf, model: 0x25, stepping: 0x1)\r']
[13:02:23] host.compute1 OUT: ['[    0.380000] Failed to access perfctr msr (MSR c0010007 is 0)\r']
[13:02:23] host.compute1 OUT: ['[    0.384000] signal: max sigframe size: 1440\r']
[13:02:23] host.compute2 OUT: ['[    0.384000] Performance Events: Broken PMU hardware detected, using software events only.\r']
[13:02:23] host.compute1 OUT: ['[    0.388000] rcu: Hierarchical SRCU implementation.\r']
[13:02:23] host.compute2 OUT: ['[    0.388000] Failed to access perfctr msr (MSR c0010007 is 0)\r']
[13:02:23] host.compute1 OUT: ['[    0.392000] rcu: \tMax phase no-delay instances is 1000.\r']
[13:02:23] host.compute2 OUT: ['[    0.392000] signal: max sigframe size: 1440\r']
[13:02:23] host.compute1 OUT: ['[    0.396000] NMI watchdog: Perf NMI watchdog permanently disabled\r']
[13:02:23] host.compute2 OUT: ['[    0.396000] rcu: Hierarchical SRCU implementation.\r']
[13:02:23] host.compute1 OUT: ['[    0.400000] smp: Bringing up secondary CPUs ...\r']
[13:02:23] host.compute2 OUT: ['[    0.400000] rcu: \tMax phase no-delay instances is 1000.\r']
[13:02:23] host.compute1 OUT: ['[    0.404000] smp: Brought up 1 node, 1 CPU\r']
[13:02:23] host.controller OUT: ['[    0.376000] smpboot: CPU0: Hygon Fake gem5 x86_64 CPU (family: 0xf, model: 0x25, stepping: 0x1)\r']
[13:02:23] host.compute2 OUT: ['[    0.408000] NMI watchdog: Perf NMI watchdog permanently disabled\r']
[13:02:23] host.compute1 OUT: ['[    0.408000] smpboot: Total of 1 processors activated (4542.46 BogoMIPS)\r']
[13:02:23] host.compute2 OUT: ['[    0.412000] smp: Bringing up secondary CPUs ...\r']
[13:02:23] host.compute1 OUT: ['[    0.412000] devtmpfs: initialized\r']
[13:02:23] host.controller OUT: ['[    0.380000] Performance Events: Broken PMU hardware detected, using software events only.\r']
[13:02:23] host.compute2 OUT: ['[    0.416000] smp: Brought up 1 node, 1 CPU\r']
[13:02:23] host.compute1 OUT: ['[    0.416000] x86/mm: Memory block size: 128MB\r']
[13:02:23] host.controller OUT: ['[    0.384000] Failed to access perfctr msr (MSR c0010007 is 0)\r']
[13:02:23] host.controller OUT: ['[    0.388000] signal: max sigframe size: 1440\r']
[13:02:23] host.compute2 OUT: ['[    0.420000] smpboot: Total of 1 processors activated (4542.46 BogoMIPS)\r']
[13:02:23] host.compute1 OUT: ['[    0.424000] clocksource: jiffies: mask: 0xffffffff max_cycles: 0xffffffff, max_idle_ns: 7645041785100000 ns\r']
[13:02:23] host.controller OUT: ['[    0.392000] rcu: Hierarchical SRCU implementation.\r']
[13:02:23] host.compute2 OUT: ['[    0.424000] devtmpfs: initialized\r']
[13:02:23] host.compute2 OUT: ['[    0.428000] x86/mm: Memory block size: 128MB\r']
[13:02:23] host.controller OUT: ['[    0.396000] rcu: \tMax phase no-delay instances is 1000.\r']
[13:02:23] host.compute1 OUT: ['[    0.428000] futex hash table entries: 256 (order: 2, 16384 bytes, linear)\r']
[13:02:23] host.compute1 OUT: ['[    0.436000] pinctrl core: initialized pinctrl subsystem\r']
[13:02:23] host.controller OUT: ['[    0.404000] NMI watchdog: Perf NMI watchdog permanently disabled\r']
[13:02:23] host.controller OUT: ['[    0.408000] smp: Bringing up secondary CPUs ...\r']
[13:02:23] host.compute1 OUT: ['[    0.444000] PM: RTC time: 13:02:15, date: 2025-06-08\r']
[13:02:23] host.compute2 OUT: ['[    0.436000] clocksource: jiffies: mask: 0xffffffff max_cycles: 0xffffffff, max_idle_ns: 7645041785100000 ns\r']
[13:02:23] host.controller OUT: ['[    0.412000] smp: Brought up 1 node, 1 CPU\r']
[13:02:23] host.compute1 OUT: ['[    0.448000] NET: Registered PF_NETLINK/PF_ROUTE protocol family\r']
[13:02:23] host.compute2 OUT: ['[    0.440000] futex hash table entries: 256 (order: 2, 16384 bytes, linear)\r']
[13:02:23] host.controller OUT: ['[    0.416000] smpboot: Total of 1 processors activated (4542.46 BogoMIPS)\r']
[13:02:23] host.controller OUT: ['[    0.420000] devtmpfs: initialized\r']
[13:02:23] host.compute2 OUT: ['[    0.444000] pinctrl core: initialized pinctrl subsystem\r']
[13:02:23] host.compute1 OUT: ['[    0.452000] DMA: preallocated 2048 KiB GFP_KERNEL pool for atomic allocations\r']
[13:02:23] host.controller OUT: ['[    0.424000] x86/mm: Memory block size: 128MB\r']
[13:02:23] host.compute2 OUT: ['[    0.452000] PM: RTC time: 13:02:15, date: 2025-06-08\r']
[13:02:23] host.compute1 OUT: ['[    0.456000] DMA: preallocated 2048 KiB GFP_KERNEL|GFP_DMA pool for atomic allocations\r']
[13:02:23] host.compute2 OUT: ['[    0.456000] NET: Registered PF_NETLINK/PF_ROUTE protocol family\r']
[13:02:23] host.controller OUT: ['[    0.432000] clocksource: jiffies: mask: 0xffffffff max_cycles: 0xffffffff, max_idle_ns: 7645041785100000 ns\r']
[13:02:23] host.compute1 OUT: ['[    0.460000] DMA: preallocated 2048 KiB GFP_KERNEL|GFP_DMA32 pool for atomic allocations\r']
[13:02:23] host.compute1 OUT: ['[    0.464000] audit: initializing netlink subsys (disabled)\r']
[13:02:23] host.controller OUT: ['[    0.440000] futex hash table entries: 256 (order: 2, 16384 bytes, linear)\r']
[13:02:23] host.compute2 OUT: ['[    0.460000] DMA: preallocated 2048 KiB GFP_KERNEL pool for atomic allocations\r']
[13:02:23] host.controller OUT: ['[    0.444000] pinctrl core: initialized pinctrl subsystem\r']
[13:02:23] host.compute1 OUT: ['[    0.468000] audit: type=2000 audit(1749387734.468:1): state=initialized audit_enabled=0 res=1\r']
[13:02:23] host.compute2 OUT: ['[    0.464000] DMA: preallocated 2048 KiB GFP_KERNEL|GFP_DMA pool for atomic allocations\r']
[13:02:23] host.compute1 OUT: ["[    0.472000] thermal_sys: Registered thermal governor 'fair_share'\r"]
[13:02:23] host.controller OUT: ['[    0.452000] PM: RTC time: 13:02:15, date: 2025-06-08\r']
[13:02:23] host.compute1 OUT: ["[    0.472000] thermal_sys: Registered thermal governor 'bang_bang'\r"]
[13:02:23] host.compute2 OUT: ['[    0.468000] DMA: preallocated 2048 KiB GFP_KERNEL|GFP_DMA32 pool for atomic allocations\r']
[13:02:23] host.controller OUT: ['[    0.456000] NET: Registered PF_NETLINK/PF_ROUTE protocol family\r']
[13:02:23] host.compute1 OUT: ["[    0.476000] thermal_sys: Registered thermal governor 'step_wise'\r"]
[13:02:23] host.compute2 OUT: ['[    0.472000] audit: initializing netlink subsys (disabled)\r']
[13:02:23] host.compute1 OUT: ["[    0.480000] thermal_sys: Registered thermal governor 'user_space'\r"]
[13:02:23] host.controller OUT: ['[    0.464000] DMA: preallocated 2048 KiB GFP_KERNEL pool for atomic allocations\r']
[13:02:23] host.compute1 OUT: ["[    0.484000] thermal_sys: Registered thermal governor 'power_allocator'\r"]
[13:02:23] host.compute2 OUT: ['[    0.476000] audit: type=2000 audit(1749387734.476:1): state=initialized audit_enabled=0 res=1\r']
[13:02:23] host.compute1 OUT: ['[    0.488000] EISA bus registered\r']
[13:02:23] host.controller OUT: ['[    0.468000] DMA: preallocated 2048 KiB GFP_KERNEL|GFP_DMA pool for atomic allocations\r']
[13:02:23] host.compute1 OUT: ['[    0.496000] cpuidle: using governor ladder\r']
[13:02:23] host.compute2 OUT: ["[    0.480000] thermal_sys: Registered thermal governor 'fair_share'\r"]
[13:02:23] host.compute1 OUT: ['[    0.500000] cpuidle: using governor menu\r']
[13:02:23] host.controller OUT: ['[    0.476000] DMA: preallocated 2048 KiB GFP_KERNEL|GFP_DMA32 pool for atomic allocations\r']
[13:02:23] host.compute2 OUT: ["[    0.480000] thermal_sys: Registered thermal governor 'bang_bang'\r"]
[13:02:23] host.compute1 OUT: ['[    0.508000] PCI: Using configuration type 1 for base access\r']
[13:02:23] host.controller OUT: ['[    0.480000] audit: initializing netlink subsys (disabled)\r']
[13:02:23] host.compute2 OUT: ["[    0.484000] thermal_sys: Registered thermal governor 'step_wise'\r"]
[13:02:23] host.compute1 OUT: ['[    0.512000] kprobes: kprobe jump-optimization is enabled. All kprobes are optimized if possible.\r']
[13:02:23] host.controller OUT: ['[    0.488000] audit: type=2000 audit(1749387734.488:1): state=initialized audit_enabled=0 res=1\r']
[13:02:23] host.compute2 OUT: ["[    0.488000] thermal_sys: Registered thermal governor 'user_space'\r"]
[13:02:23] host.controller OUT: ["[    0.492000] thermal_sys: Registered thermal governor 'fair_share'\r"]
[13:02:23] host.compute2 OUT: ["[    0.492000] thermal_sys: Registered thermal governor 'power_allocator'\r"]
[13:02:23] host.controller OUT: ["[    0.492000] thermal_sys: Registered thermal governor 'bang_bang'\r"]
[13:02:23] host.compute2 OUT: ['[    0.496000] EISA bus registered\r']
[13:02:23] host.compute2 OUT: ['[    0.504000] cpuidle: using governor ladder\r']
[13:02:23] host.controller OUT: ["[    0.496000] thermal_sys: Registered thermal governor 'step_wise'\r"]
[13:02:23] host.compute2 OUT: ['[    0.508000] cpuidle: using governor menu\r']
[13:02:23] host.compute1 OUT: ['[    0.564000] HugeTLB: registered 2.00 MiB page size, pre-allocated 0 pages\r']
[13:02:23] host.controller OUT: ["[    0.500000] thermal_sys: Registered thermal governor 'user_space'\r"]
[13:02:23] host.compute2 OUT: ['[    0.516000] PCI: Using configuration type 1 for base access\r']
