{
    "exp_name": "ubuntu_mysql",
    "start_time": 1739860941.3799126,
    "end_time": 1739864556.314083,
    "success": true,
    "interrupted": false,
    "metadata": {},
    "sims": {
        "host.gateway": {
            "class": "OpenstackGem5Host",
            "cmd": [
                "/workspace/sim/simbricks/sims/external/gem5/build/X86/gem5.fast",
                "--outdir=/workspace/out/sim/ubuntu_mysql/1/gem5-out.gateway",
                "/workspace/sim/simbricks/sims/external/gem5/configs/simbricks/simbricks.py",
                "--caches",
                "--l2cache",
                "--l1d_size=32kB",
                "--l1i_size=32kB",
                "--l2_size=32MB",
                "--l1d_assoc=8",
                "--l1i_assoc=8",
                "--l2_assoc=16",
                "--cacheline_size=64",
                "--cpu-clock=4GHz",
                "--sys-clock=1GHz",
                "--checkpoint-dir=/workspace/out/sim/ubuntu_mysql/0/gem5-cp.gateway",
                "--kernel=/workspace/out/images/ubuntu/vmlinux",
                "--command-line",
                "earlyprintk=ttyS0 console=ttyS0 net.ifnames=0 root=/dev/sda1 simbricks_guest_input=/dev/sdb rw",
                "--disk-image=/workspace/out/images/ubuntu/disks/gateway_phase1/disk.raw",
                "--disk-image=/workspace/out/sim/ubuntu_mysql/1/cfg.gateway.tar",
                "--cpu-type=X86KvmCPU",
                "--mem-size=4096MB",
                "--num-cpus=1",
                "--mem-type=DDR4_2400_16x4",
                "--simbricks-eth-e1000=listen:/workspace/out/sim/ubuntu_mysql/1/n2h.eth.management_net.gateway:/workspace/out/sim/ubuntu_mysql/1/n2h.shm.management_net.gateway:latency=1000ns:sync_interval=1000ns",
                "--simbricks-eth-e1000=listen:/workspace/out/sim/ubuntu_mysql/1/n2h.eth.provider_net.gateway:/workspace/out/sim/ubuntu_mysql/1/n2h.shm.provider_net.gateway:latency=1000ns:sync_interval=1000ns"
            ],
            "stdout": [
                "Global frequency set at 1000000000000 ticks per second",
                "gem5 Simulator System.  https://www.gem5.org",
                "gem5 is copyrighted software; use the --copyright option for details.",
                "",
                "gem5 version 23.1.0.0",
                "gem5 compiled Feb  8 2025 07:06:29",
                "gem5 started Feb 18 2025 06:42:21",
                "gem5 executing on 645bc0d4e478, pid 99",
                "command line: /workspace/sim/simbricks/sims/external/gem5/build/X86/gem5.fast --outdir=/workspace/out/sim/ubuntu_mysql/1/gem5-out.gateway /workspace/sim/simbricks/sims/external/gem5/configs/simbricks/simbricks.py --caches --l2cache --l1d_size=32kB --l1i_size=32kB --l2_size=32MB --l1d_assoc=8 --l1i_assoc=8 --l2_assoc=16 --cacheline_size=64 --cpu-clock=4GHz --sys-clock=1GHz --checkpoint-dir=/workspace/out/sim/ubuntu_mysql/0/gem5-cp.gateway --kernel=/workspace/out/images/ubuntu/vmlinux --command-line 'earlyprintk=ttyS0 console=ttyS0 net.ifnames=0 root=/dev/sda1 simbricks_guest_input=/dev/sdb rw' --disk-image=/workspace/out/images/ubuntu/disks/gateway_phase1/disk.raw --disk-image=/workspace/out/sim/ubuntu_mysql/1/cfg.gateway.tar --cpu-type=X86KvmCPU --mem-size=4096MB --num-cpus=1 --mem-type=DDR4_2400_16x4 --simbricks-eth-e1000=listen:/workspace/out/sim/ubuntu_mysql/1/n2h.eth.management_net.gateway:/workspace/out/sim/ubuntu_mysql/1/n2h.shm.management_net.gateway:latency=1000ns:sync_interval=1000ns --simbricks-eth-e1000=listen:/workspace/out/sim/ubuntu_mysql/1/n2h.eth.provider_net.gateway:/workspace/out/sim/ubuntu_mysql/1/n2h.shm.provider_net.gateway:latency=1000ns:sync_interval=1000ns",
                "",
                "info: Standard input is not a terminal, disabling listeners.",
                "adding simbricks eth: listen:/workspace/out/sim/ubuntu_mysql/1/n2h.eth.management_net.gateway:/workspace/out/sim/ubuntu_mysql/1/n2h.shm.management_net.gateway:latency=1000ns:sync_interval=1000ns",
                "adding simbricks eth: listen:/workspace/out/sim/ubuntu_mysql/1/n2h.eth.provider_net.gateway:/workspace/out/sim/ubuntu_mysql/1/n2h.shm.provider_net.gateway:latency=1000ns:sync_interval=1000ns",
                "connecting 2 pci & eth simbricks adapters",
                "connecting 0 mem simbricks adapters",
                "**** REAL SIMULATION ****",
                "[    0.000000] Linux version 6.5.0 (root@ubuntu) (gcc (Ubuntu 11.4.0-1ubuntu1~22.04) 11.4.0, GNU ld (GNU Binutils for Ubuntu) 2.38) #1 SMP PREEMPT_DYNAMIC Tue Feb 18 02:43:08 UTC 2025\r",
                "[    0.000000] Command line: earlyprintk=ttyS0 console=ttyS0 net.ifnames=0 root=/dev/sda1 simbricks_guest_input=/dev/sdb rw\r",
                "[    0.000000] KERNEL supported cpus:\r",
                "[    0.000000]   Intel GenuineIntel\r",
                "[    0.000000]   AMD AuthenticAMD\r",
                "[    0.000000]   Hygon HygonGenuine\r",
                "[    0.000000]   Centaur CentaurHauls\r",
                "[    0.000000]   zhaoxin   Shanghai  \r",
                "[    0.000000] BIOS-provided physical RAM map:\r",
                "[    0.000000] BIOS-e820: [mem 0x0000000000000000-0x000000000009fbff] usable\r",
                "[    0.000000] BIOS-e820: [mem 0x000000000009fc00-0x00000000000fffff] reserved\r",
                "[    0.000000] BIOS-e820: [mem 0x0000000000100000-0x00000000bfffffff] usable\r",
                "[    0.000000] BIOS-e820: [mem 0x00000000ffff0000-0x00000000ffffffff] reserved\r",
                "[    0.000000] BIOS-e820: [mem 0x0000000100000000-0x000000013fffffff] usable\r",
                "[    0.000000] printk: bootconsole [earlyser0] enabled\r",
                "[    0.000000] NX (Execute Disable) protection: active\r",
                "[    0.000000] SMBIOS 2.5 present.\r",
                "[    0.000000] DMI:  , BIOS  06/08/2008\r",
                "[    0.000000] last_pfn = 0x140000 max_arch_pfn = 0x400000000\r",
                "[    0.000000] MTRRs disabled by BIOS\r",
                "[    0.000000] x86/PAT: Configuration [0-7]: WB  WC  UC- UC  WB  WP  UC- WT  \r",
                "[    0.000000] last_pfn = 0xc0000 max_arch_pfn = 0x400000000\r",
                "[    0.000000] found SMP MP-table at [mem 0x000f0050-0x000f005f]\r",
                "[    0.000000] ACPI: Early table checksum verification disabled\r",
                "[    0.000000] ACPI: RSDP 0x00000000000F01C0 000024 (v02       )\r",
                "[    0.000000] ACPI: XSDT 0x00000000000F0208 000024 (v01                 00000000      00000000)\r",
                "[    0.000000] ACPI BIOS Error (bug): Invalid table length 0x24 in RSDT/XSDT (20230331/tbutils-290)\r",
                "[    0.000000] No NUMA configuration found\r",
                "[    0.000000] Faking a node at [mem 0x0000000000000000-0x000000013fffffff]\r",
                "[    0.000000] NODE_DATA(0) allocated [mem 0x13ffd3000-0x13fffdfff]\r",
                "[    0.000000] Zone ranges:\r",
                "[    0.000000]   DMA      [mem 0x0000000000001000-0x0000000000ffffff]\r",
                "[    0.000000]   DMA32    [mem 0x0000000001000000-0x00000000ffffffff]\r",
                "[    0.000000]   Normal   [mem 0x0000000100000000-0x000000013fffffff]\r",
                "[    0.000000]   Device   empty\r",
                "[    0.000000] Movable zone start for each node\r",
                "[    0.000000] Early memory node ranges\r",
                "[    0.000000]   node   0: [mem 0x0000000000001000-0x000000000009efff]\r",
                "[    0.000000]   node   0: [mem 0x0000000000100000-0x00000000bfffffff]\r",
                "[    0.000000]   node   0: [mem 0x0000000100000000-0x000000013fffffff]\r",
                "[    0.000000] Initmem setup node 0 [mem 0x0000000000001000-0x000000013fffffff]\r",
                "[    0.000000] On node 0, zone DMA: 1 pages in unavailable ranges\r",
                "[    0.000000] On node 0, zone DMA: 97 pages in unavailable ranges\r",
                "[    0.000000] Intel MultiProcessor Specification v1.4\r",
                "[    0.000000] MPTABLE: OEM ID: \r",
                "[    0.000000] MPTABLE: Product ID: \r",
                "[    0.000000] MPTABLE: APIC at: 0xFEE00000\r",
                "[    0.000000] Processor #0 (Bootup-CPU)\r",
                "[    0.000000] IOAPIC[0]: apic_id 1, version 20, address 0xfec00000, GSI 0-23\r",
                "[    0.000000] Processors: 1\r",
                "[    0.000000] smpboot: Allowing 1 CPUs, 0 hotplug CPUs\r",
                "[    0.000000] PM: hibernation: Registered nosave memory: [mem 0x00000000-0x00000fff]\r",
                "[    0.000000] PM: hibernation: Registered nosave memory: [mem 0x0009f000-0x0009ffff]\r",
                "[    0.000000] PM: hibernation: Registered nosave memory: [mem 0x000a0000-0x000fffff]\r",
                "[    0.000000] PM: hibernation: Registered nosave memory: [mem 0xc0000000-0xfffeffff]\r",
                "[    0.000000] PM: hibernation: Registered nosave memory: [mem 0xffff0000-0xffffffff]\r",
                "[    0.000000] [mem 0xc0000000-0xfffeffff] available for PCI devices\r",
                "[    0.000000] Booting paravirtualized kernel on bare hardware\r",
                "[    0.000000] clocksource: refined-jiffies: mask: 0xffffffff max_cycles: 0xffffffff, max_idle_ns: 7645519600211568 ns\r",
                "[    0.000000] setup_percpu: NR_CPUS:8192 nr_cpumask_bits:1 nr_cpu_ids:1 nr_node_ids:1\r",
                "[    0.000000] percpu: Embedded 64 pages/cpu s225280 r8192 d28672 u2097152\r",
                "[    0.000000] Kernel command line: earlyprintk=ttyS0 console=ttyS0 net.ifnames=0 root=/dev/sda1 simbricks_guest_input=/dev/sdb rw\r",
                "[    0.000000] Unknown kernel command line parameters \"simbricks_guest_input=/dev/sdb\", will be passed to user space.\r",
                "[    0.000000] Dentry cache hash table entries: 524288 (order: 10, 4194304 bytes, linear)\r",
                "[    0.000000] Inode-cache hash table entries: 262144 (order: 9, 2097152 bytes, linear)\r",
                "[    0.000000] Fallback order for Node 0: 0 \r",
                "[    0.000000] Built 1 zonelists, mobility grouping on.  Total pages: 1031936\r",
                "[    0.000000] Policy zone: Normal\r",
                "[    0.000000] mem auto-init: stack:off, heap alloc:on, heap free:off\r",
                "[    0.000000] software IO TLB: area num 1.\r",
                "[    0.000000] Memory: 3993044K/4193912K available (20480K kernel code, 4221K rwdata, 12488K rodata, 4804K init, 17432K bss, 200612K reserved, 0K cma-reserved)\r",
                "[    0.000000] SLUB: HWalign=64, Order=0-3, MinObjects=0, CPUs=1, Nodes=1\r",
                "Poking KASLR using RDTSC...\r",
                "[    0.000000] ftrace: allocating 51791 entries in 203 pages\r",
                "[    0.000000] ftrace: allocated 203 pages with 5 groups\r",
                "[    0.000000] Dynamic Preempt: voluntary\r",
                "[    0.000000] rcu: Preemptible hierarchical RCU implementation.\r",
                "[    0.000000] rcu: \tRCU restricting CPUs from NR_CPUS=8192 to nr_cpu_ids=1.\r",
                "[    0.000000] \tTrampoline variant of Tasks RCU enabled.\r",
                "[    0.000000] \tRude variant of Tasks RCU enabled.\r",
                "[    0.000000] \tTracing variant of Tasks RCU enabled.\r",
                "[    0.000000] rcu: RCU calculated value of scheduler-enlistment delay is 25 jiffies.\r",
                "[    0.000000] rcu: Adjusting geometry for rcu_fanout_leaf=16, nr_cpu_ids=1\r",
                "[    0.000000] NR_IRQS: 524544, nr_irqs: 256, preallocated irqs: 16\r",
                "[    0.000000] rcu: srcu_init: Setting srcu_struct sizes based on contention.\r",
                "[    0.000000] Console: colour dummy device 80x25\r",
                "[    0.000000] printk: console [ttyS0] enabled\r",
                "[    0.000000] printk: console [ttyS0] enabled\r",
                "[    0.000000] printk: bootconsole [earlyser0] disabled\r",
                "[    0.000000] printk: bootconsole [earlyser0] disabled\r",
                "[    0.000000] APIC: Switch to symmetric I/O mode setup\r",
                "[    0.000000] ExtINT not setup in hardware but reported by MP table\r",
                "[    0.000000] ..TIMER: vector=0x30 apic1=0 pin1=2 apic2=0 pin2=0\r",
                "[    0.032000] tsc: Using PIT calibration value\r",
                "[    0.032000] tsc: Detected 2948.643 MHz processor\r",
                "[    0.000006] clocksource: tsc-early: mask: 0xffffffffffffffff max_cycles: 0x2a80c2a6bf7, max_idle_ns: 440795357397 ns\r",
                "[    0.001882] Calibrating delay loop (skipped), value calculated using timer frequency.. 5897.28 BogoMIPS (lpj=11794572)\r",
                "[    0.003950] process: using mwait in idle threads\r",
                "[    0.004748] Last level iTLB entries: 4KB 512, 2MB 8, 4MB 4\r",
                "[    0.005882] Last level dTLB entries: 4KB 512, 2MB 8, 4MB 4, 1GB 0\r",
                "[    0.006939] Spectre V1 : Mitigation: usercopy/swapgs barriers and __user pointer sanitization\r",
                "[    0.008411] Spectre V2 : Mitigation: Retpolines\r",
                "[    0.009204] Spectre V2 : Spectre v2 / SpectreRSB mitigation: Filling RSB on context switch\r",
                "[    0.009881] Spectre V2 : Spectre v2 / SpectreRSB : Filling RSB on VMEXIT\r",
                "[    0.011038] Speculative Store Bypass: Vulnerable\r",
                "[    0.011836] x86/fpu: x87 FPU will use FXSAVE\r",
                "[    0.041878] Freeing SMP alternatives memory: 44K\r",
                "[    0.041884] pid_max: default: 32768 minimum: 301\r",
                "[    0.043175] LSM: initializing lsm=lockdown,capability,landlock,yama,apparmor,integrity\r",
                "[    0.044946] landlock: Up and running.\r",
                "[    0.045586] Yama: becoming mindful.\r",
                "[    0.045972] AppArmor: AppArmor initialized\r",
                "[    0.046930] Mount-cache hash table entries: 8192 (order: 4, 65536 bytes, linear)\r",
                "[    0.048273] Mountpoint-cache hash table entries: 8192 (order: 4, 65536 bytes, linear)\r",
                "[    0.239661] APIC timer disabled due to verification failure\r",
                "[    0.240607] smpboot: CPU0: Hygon Fake gem5 x86_64 CPU (family: 0xf, model: 0x25, stepping: 0x1)\r",
                "[    0.241878] RCU Tasks: Setting shift to 0 and lim to 1 rcu_task_cb_adjust=1.\r",
                "[    0.241917] RCU Tasks Rude: Setting shift to 0 and lim to 1 rcu_task_cb_adjust=1.\r",
                "[    0.243234] RCU Tasks Trace: Setting shift to 0 and lim to 1 rcu_task_cb_adjust=1.\r",
                "[    0.244573] Performance Events: Broken PMU hardware detected, using software events only.\r",
                "[    0.245882] Failed to access perfctr msr (MSR c0010007 is 0)\r",
                "[    0.246882] signal: max sigframe size: 1440\r",
                "[    0.247707] rcu: Hierarchical SRCU implementation.\r",
                "[    0.248546] rcu: \tMax phase no-delay instances is 1000.\r",
                "[    0.250446] NMI watchdog: Perf NMI watchdog permanently disabled\r",
                "[    0.251570] smp: Bringing up secondary CPUs ...\r",
                "[    0.252396] smp: Brought up 1 node, 1 CPU\r",
                "[    0.253124] smpboot: Max logical packages: 1\r",
                "[    0.253878] smpboot: Total of 1 processors activated (5897.28 BogoMIPS)\r",
                "[    0.254355] devtmpfs: initialized\r",
                "[    0.255036] x86/mm: Memory block size: 128MB\r",
                "[    0.256602] clocksource: jiffies: mask: 0xffffffff max_cycles: 0xffffffff, max_idle_ns: 7645041785100000 ns\r",
                "[    0.257927] futex hash table entries: 256 (order: 2, 16384 bytes, linear)\r",
                "[    0.259189] pinctrl core: initialized pinctrl subsystem\r",
                "[    0.260448] PM: RTC time: 00:00:00, date: 2012-01-01\r",
                "[    0.263529] NET: Registered PF_NETLINK/PF_ROUTE protocol family\r",
                "[    0.265188] DMA: preallocated 512 KiB GFP_KERNEL pool for atomic allocations\r",
                "[    0.266262] DMA: preallocated 512 KiB GFP_KERNEL|GFP_DMA pool for atomic allocations\r",
                "[    0.268010] DMA: preallocated 512 KiB GFP_KERNEL|GFP_DMA32 pool for atomic allocations\r",
                "[    0.269398] audit: initializing netlink subsys (disabled)\r",
                "[    0.270033] thermal_sys: Registered thermal governor 'fair_share'\r",
                "[    0.270038] thermal_sys: Registered thermal governor 'bang_bang'\r",
                "[    0.271116] thermal_sys: Registered thermal governor 'step_wise'\r",
                "[    0.272161] thermal_sys: Registered thermal governor 'user_space'\r",
                "[    0.273210] thermal_sys: Registered thermal governor 'power_allocator'\r",
                "[    0.273878] EISA bus registered\r",
                "[    0.274430] audit: type=2000 audit(1325376000.300:1): state=initialized audit_enabled=0 res=1\r",
                "[    0.275912] cpuidle: using governor ladder\r",
                "[    0.276651] cpuidle: using governor menu\r",
                "[    0.278286] PCI: Using configuration type 1 for base access\r",
                "[    0.279455] kprobes: kprobe jump-optimization is enabled. All kprobes are optimized if possible.\r",
                "[    0.312312] HugeTLB: registered 2.00 MiB page size, pre-allocated 0 pages\r",
                "[    0.313462] HugeTLB: 28 KiB vmemmap can be freed for a 2.00 MiB page\r",
                "[    0.314642] ACPI: Interpreter disabled.\r",
                "[    0.315405] iommu: Default domain type: Translated\r",
                "[    0.316268] iommu: DMA domain TLB invalidation policy: lazy mode\r",
                "[    0.317595] SCSI subsystem initialized\r",
                "[    0.317998] usbcore: registered new interface driver usbfs\r",
                "[    0.318958] usbcore: registered new interface driver hub\r",
                "[    0.319878] usbcore: registered new device driver usb\r",
                "[    0.320788] pps_core: LinuxPPS API ver. 1 registered\r",
                "[    0.321659] pps_core: Software ver. 5.3.6 - Copyright 2005-2007 Rodolfo Giometti <giometti@linux.it>\r",
                "[    0.321889] PTP clock support registered\r",
                "[    0.322738] EDAC MC: Ver: 3.0.0\r",
                "[    0.323737] NetLabel: Initializing\r",
                "[    0.324372] NetLabel:  domain hash size = 128\r",
                "[    0.325154] NetLabel:  protocols = UNLABELED CIPSOv4 CALIPSO\r",
                "[    0.325905] NetLabel:  unlabeled traffic allowed by default\r",
                "[    0.326948] PCI: Probing PCI hardware\r",
                "[    0.327625] PCI host bridge to bus 0000:00\r",
                "[    0.328356] pci_bus 0000:00: root bus resource [io  0x0000-0xffff]\r",
                "[    0.329407] pci_bus 0000:00: root bus resource [mem 0x00000000-0xffffffffffff]\r",
                "[    0.329883] pci_bus 0000:00: No busn resource found for root bus, will use [bus 00-ff]\r",
                "[    0.331341] pci 0000:00:00.0: [8086:1075] type 00 class 0x020000\r",
                "[    0.332534] pci 0000:00:00.0: reg 0x10: [mem 0x00000000-0x0001ffff]\r",
                "[    0.334275] pci 0000:00:00.0: reg 0x30: [mem 0x00000000-0x000007ff pref]\r",
                "[    0.335695] pci 0000:00:01.0: [8086:1075] type 00 class 0x020000\r",
                "[    0.336886] pci 0000:00:01.0: reg 0x10: [mem 0x00000000-0x0001ffff]\r",
                "[    0.337986] pci 0000:00:01.0: reg 0x30: [mem 0x00000000-0x000007ff pref]\r",
                "[    0.339419] pci 0000:00:04.0: [8086:7111] type 00 class 0x010180\r",
                "[    0.340872] pci 0000:00:04.0: reg 0x20: [io  0x0000-0x000f]\r",
                "[    0.341878] pci 0000:00:04.0: reg 0x30: [mem 0x00000000-0x000007ff pref]\r",
                "[    0.341937] pci 0000:00:04.0: legacy IDE quirk: reg 0x10: [io  0x01f0-0x01f7]\r",
                "[    0.343163] pci 0000:00:04.0: legacy IDE quirk: reg 0x14: [io  0x03f6]\r",
                "[    0.344291] pci 0000:00:04.0: legacy IDE quirk: reg 0x18: [io  0x0170-0x0177]\r",
                "[    0.345541] pci 0000:00:04.0: legacy IDE quirk: reg 0x1c: [io  0x0376]\r",
                "[    0.346414] pci_bus 0000:00: busn_res: [bus 00-ff] end is updated to 00\r",
                "[    0.347767] vgaarb: loaded\r",
                "[    0.348402] clocksource: Switched to clocksource tsc-early\r",
                "[    0.369557] VFS: Disk quotas dquot_6.6.0\r",
                "[    0.370410] VFS: Dquot-cache hash table entries: 512 (order 0, 4096 bytes)\r",
                "[    0.371838] AppArmor: AppArmor Filesystem Enabled\r",
                "[    0.372703] pnp: PnP ACPI: disabled\r",
                "[    0.375221] NET: Registered PF_INET protocol family\r",
                "[    0.376562] IP idents hash table entries: 65536 (order: 7, 524288 bytes, linear)\r",
                "[    0.382400] tcp_listen_portaddr_hash hash table entries: 2048 (order: 3, 32768 bytes, linear)\r",
                "[    0.383475] Table-perturb hash table entries: 65536 (order: 6, 262144 bytes, linear)\r",
                "[    0.385787] TCP established hash table entries: 32768 (order: 6, 262144 bytes, linear)\r",
                "[    0.388049] TCP bind hash table entries: 32768 (order: 8, 1048576 bytes, linear)\r",
                "[    0.389539] TCP: Hash tables configured (established 32768 bind 32768)\r",
                "[    0.390999] MPTCP token hash table entries: 4096 (order: 4, 98304 bytes, linear)\r",
                "[    0.392382] UDP hash table entries: 2048 (order: 4, 65536 bytes, linear)\r",
                "[    0.393680] UDP-Lite hash table entries: 2048 (order: 4, 65536 bytes, linear)\r",
                "[    0.395034] NET: Registered PF_UNIX/PF_LOCAL protocol family\r",
                "[    0.396035] NET: Registered PF_XDP protocol family\r",
                "[    0.396899] pci 0000:00:00.0: BAR 0: assigned [mem 0xc0000000-0xc001ffff]\r",
                "[    0.398174] pci 0000:00:01.0: BAR 0: assigned [mem 0xc0020000-0xc003ffff]\r",
                "[    0.399353] pci 0000:00:00.0: BAR 6: assigned [mem 0xc0040000-0xc00407ff pref]\r",
                "[    0.400651] pci 0000:00:01.0: BAR 6: assigned [mem 0xc0040800-0xc0040fff pref]\r",
                "[    0.401913] pci 0000:00:04.0: BAR 6: assigned [mem 0xc0041000-0xc00417ff pref]\r",
                "[    0.403213] pci 0000:00:04.0: BAR 4: assigned [io  0x1000-0x100f]\r",
                "[    0.404301] pci_bus 0000:00: resource 4 [io  0x0000-0xffff]\r",
                "[    0.405269] pci_bus 0000:00: resource 5 [mem 0x00000000-0xffffffffffff]\r",
                "[    0.406491] PCI: CLS 0 bytes, default 64\r",
                "[    0.407313] PCI-DMA: Using software bounce buffering for IO (SWIOTLB)\r",
                "[    0.408450] software IO TLB: mapped [mem 0x00000000bc000000-0x00000000c0000000] (64MB)\r",
                "[    0.409915] platform rtc_cmos: registered platform RTC device (no PNP device found)\r",
                "[    0.411595] Initialise system trusted keyrings\r",
                "[    0.412446] Key type blacklist registered\r",
                "[    0.413197] workingset: timestamp_bits=36 max_order=20 bucket_order=0\r",
                "[    0.414334] zbud: loaded\r",
                "[    0.415542] squashfs: version 4.0 (2009/01/31) Phillip Lougher\r",
                "[    0.417620] fuse: init (API version 7.38)\r",
                "[    0.418549] integrity: Platform Keyring initialized\r",
                "[    0.427115] Key type asymmetric registered\r",
                "[    0.427887] Asymmetric key parser 'x509' registered\r",
                "[    0.428789] Block layer SCSI generic (bsg) driver version 0.4 loaded (major 243)\r",
                "[    0.430217] io scheduler mq-deadline registered\r",
                "[    0.431131] shpchp: Standard Hot Plug PCI Controller Driver version: 0.4\r",
                "[    0.432537] Serial: 8250/16550 driver, 32 ports, IRQ sharing enabled\r",
                "[    0.434005] serial8250: ttyS0 at I/O 0x3f8 (irq = 4, base_baud = 115200) is a 8250\r",
                "[    0.437674] Linux agpgart interface v0.103\r",
                "[    0.440515] loop: module loaded\r",
                "[    0.441312] ata_piix 0000:00:04.0: enabling device (0000 -> 0001)\r",
                "[    0.443167] scsi host0: ata_piix\r",
                "[    0.444079] scsi host1: ata_piix\r",
                "[    0.444704] ata1: PATA max UDMA/33 cmd 0x1f0 ctl 0x3f6 bmdma 0x1000 irq 14\r",
                "[    0.445894] ata2: PATA max UDMA/33 cmd 0x170 ctl 0x376 bmdma 0x1008 irq 15\r",
                "[    0.447815] tun: Universal TUN/TAP device driver, 1.6\r",
                "[    0.449165] PPP generic driver version 2.4.2\r",
                "[    0.450025] VFIO - User Level meta-driver version: 0.3\r",
                "[    0.451053] i8042: PNP: No PS/2 controller found.\r",
                "[    0.451901] i8042: Probing ports directly.\r",
                "[    0.453996] serio: i8042 KBD port at 0x60,0x64 irq 1\r",
                "[    0.454854] serio: i8042 AUX port at 0x60,0x64 irq 12\r",
                "[    0.455896] mousedev: PS/2 mouse device common for all mice\r",
                "[    0.457516] input: AT Translated Set 2 keyboard as /devices/platform/i8042/serio0/input/input0\r",
                "[    0.460237] rtc_cmos rtc_cmos: registered as rtc0\r",
                "[    0.461242] rtc_cmos rtc_cmos: setting system clock to 2012-01-01T00:00:00 UTC (1325376000)\r",
                "[    0.462750] rtc_cmos rtc_cmos: alarms up to one day, 114 bytes nvram\r",
                "[    0.463877] i2c_dev: i2c /dev entries driver\r",
                "[    0.464679] device-mapper: core: CONFIG_IMA_DISABLE_HTABLE is disabled. Duplicate IMA measurements will not be recorded in the IMA log.\r",
                "[    0.466828] device-mapper: uevent: version 1.0.3\r",
                "[    0.467753] device-mapper: ioctl: 4.48.0-ioctl (2023-03-01) initialised: dm-devel@redhat.com\r",
                "[    0.469255] platform eisa.0: Probing EISA bus 0\r",
                "[    0.470176] eisa 00:00: EISA: Mainboard @@@0000 detected\r",
                "[    0.471170] platform eisa.0: Cannot allocate resource for EISA slot 1\r",
                "[    0.472387] eisa 00:02: EISA: slot 2: @@@0000 detected (disabled)\r",
                "[    0.473519] eisa 00:03: EISA: slot 3: @@@0000 detected (disabled)\r",
                "[    0.474637] eisa 00:04: EISA: slot 4: @@@0000 detected (disabled)\r",
                "[    0.475864] eisa 00:05: EISA: slot 5: @@@0000 detected (disabled)\r",
                "[    0.476979] eisa 00:06: EISA: slot 6: @@@0000 detected (disabled)\r",
                "[    0.478123] eisa 00:07: EISA: slot 7: @@@0000 detected (disabled)\r",
                "[    0.479288] eisa 00:08: EISA: slot 8: @@@0000 detected (disabled)\r",
                "[    0.480435] platform eisa.0: EISA: Detected 7 cards\r",
                "[    0.481305] ledtrig-cpu: registered to indicate activity on CPUs\r",
                "[    0.482397] drop_monitor: Initializing network drop monitor service\r",
                "[    0.505016] NET: Registered PF_INET6 protocol family\r",
                "[    0.506674] Segment Routing with IPv6\r",
                "[    0.507347] In-situ OAM (IOAM) with IPv6\r",
                "[    0.507729] NET: Registered PF_PACKET protocol family\r",
                "[    0.509068] Key type dns_resolver registered\r",
                "[    0.510053] IPI shorthand broadcast: enabled\r",
                "[    0.512257] sched_clock: Marking stable (543149514, -34121234)->(562963876, -53935596)\r",
                "[    0.513859] registered taskstats version 1\r",
                "[    0.514710] Loading compiled-in X.509 certificates\r",
                "[    0.516099] Loaded X.509 cert 'Build time autogenerated kernel key: 074adfe1977260bd8196830343a0dd1af21b911e'\r",
                "[    0.519605] Key type .fscrypt registered\r",
                "[    0.520310] Key type fscrypt-provisioning registered\r",
                "[    0.521426] Key type encrypted registered\r",
                "[    0.522247] AppArmor: AppArmor sha1 policy hashing enabled\r",
                "[    0.523216] ima: No TPM chip found, activating TPM-bypass!\r",
                "[    0.524175] Loading compiled-in module X.509 certificates\r",
                "[    0.525631] Loaded X.509 cert 'Build time autogenerated kernel key: 074adfe1977260bd8196830343a0dd1af21b911e'\r",
                "[    0.527408] ima: Allocated hash algorithm: sha1\r",
                "[    0.528214] ima: No architecture policies found\r",
                "[    0.529027] evm: Initialising EVM extended attributes:\r",
                "[    0.529943] evm: security.selinux\r",
                "[    0.530539] evm: security.SMACK64\r",
                "[    0.531121] evm: security.SMACK64EXEC\r",
                "[    0.531840] evm: security.SMACK64TRANSMUTE\r",
                "[    0.532579] evm: security.SMACK64MMAP\r",
                "[    0.533214] evm: security.apparmor\r",
                "[    0.533832] evm: security.ima\r",
                "[    0.534363] evm: security.capability\r",
                "[    0.535005] evm: HMAC attrs: 0x1\r",
                "[    0.535976] PM:   Magic number: 12:0:0\r",
                "[    0.536769] RAS: Correctable Errors collector initialized.\r",
                "[    0.537795] clk: Disabling unused clocks\r",
                "[    0.773042] ata1.00: ATA-7: M5 IDE Disk, , max UDMA/66\r",
                "[    0.773944] ata1.00: 83886080 sectors, multi 0: LBA \r",
                "[    0.774793] ata1.01: ATA-7: M5 IDE Disk, , max UDMA/66\r",
                "[    0.775678] ata1.01: 40 sectors, multi 0: LBA \r",
                "[    0.778150] scsi 0:0:0:0: Direct-Access     ATA      M5 IDE Disk      n/a  PQ: 0 ANSI: 5\r",
                "[    0.779909] sd 0:0:0:0: [sda] 83886080 512-byte logical blocks: (42.9 GB/40.0 GiB)\r",
                "[    0.781357] sd 0:0:0:0: [sda] Write Protect is off\r",
                "[    0.782184] sd 0:0:0:0: [sda] Write cache: disabled, read cache: enabled, doesn't support DPO or FUA\r",
                "[    0.783777] sd 0:0:0:0: [sda] Preferred minimum I/O size 512 bytes\r",
                "[    0.785062] sd 0:0:0:0: Attached scsi generic sg0 type 0\r",
                "[    0.786195] scsi 0:0:1:0: Direct-Access     ATA      M5 IDE Disk      n/a  PQ: 0 ANSI: 5\r",
                "[    0.787874] scsi 0:0:1:0: Attached scsi generic sg1 type 0\r",
                "[    0.789784] sd 0:0:1:0: [sdb] 40 512-byte logical blocks: (20.5 kB/20.0 KiB)\r",
                "[    0.791098] sd 0:0:1:0: [sdb] Write Protect is off\r",
                "[    0.791928] sd 0:0:1:0: [sdb] Write cache: disabled, read cache: enabled, doesn't support DPO or FUA\r",
                "[    0.793486] sd 0:0:1:0: [sdb] Preferred minimum I/O size 512 bytes\r",
                "[    0.798773]  sda: sda1 sda14 sda15\r",
                "[    0.799568] sd 0:0:0:0: [sda] Attached SCSI disk\r",
                "[    0.801929] sd 0:0:1:0: [sdb] Attached SCSI disk\r",
                "[    0.802746] md: Waiting for all devices to be available before autodetect\r",
                "[    0.803959] md: If you don't use raid, use raid=noautodetect\r",
                "[    0.804961] md: Autodetecting RAID arrays.\r",
                "[    0.805685] md: autorun ...\r",
                "[    0.806188] md: ... autorun DONE.\r",
                "[    0.816906] EXT4-fs (sda1): mounted filesystem 9338feb6-c883-4720-861b-a322dc8be7cb r/w with ordered data mode. Quota mode: none.\r",
                "[    0.818875] VFS: Mounted root (ext4 filesystem) on device 8:1.\r",
                "[    0.820392] devtmpfs: mounted\r",
                "[    0.823077] Freeing unused decrypted memory: 2036K\r",
                "[    0.826486] Freeing unused kernel image (initmem) memory: 4804K\r",
                "[    0.827582] Write protecting the kernel read-only data: 34816k\r",
                "[    0.830355] Freeing unused kernel image (rodata/data gap) memory: 1848K\r",
                "[    0.886483] x86/mm: Checked W+X mappings: passed, no W+X pages found.\r",
                "[    0.887571] Run /sbin/init as init process\r",
                "[    1.126717] systemd[1]: System time before build time, advancing clock.\r",
                "[    1.207454] systemd[1]: Inserted module 'autofs4'\r",
                "[    1.280362] systemd[1]: systemd 249.11-0ubuntu3.12 running in system mode (+PAM +AUDIT +SELINUX +APPARMOR +IMA +SMACK +SECCOMP +GCRYPT +GNUTLS +OPENSSL +ACL +BLKID +CURL +ELFUTILS +FIDO2 +IDN2 -IDN +IPTC +KMOD +LIBCRYPTSETUP +LIBFDISK +PCRE2 -PWQUALITY -P11KIT -QRENCODE +BZIP2 +LZ4 +XZ +ZLIB +ZSTD -XKBCOMMON +UTMP +SYSVINIT default-hierarchy=unified)\r",
                "[    1.287814] systemd[1]: Detected architecture x86-64.\r",
                "\r",
                "Welcome to \u001b[1mUbuntu 22.04.5 LTS\u001b[0m!\r",
                "\r",
                "[    1.299565] systemd[1]: Hostname set to <ubuntu>.\r",
                "[    1.300724] clocksource: timekeeping watchdog on CPU0: Marking clocksource 'tsc-early' as unstable because the skew is too large:\r",
                "[    1.305305] clocksource:                       'refined-jiffies' wd_nsec: 512032000 wd_now: fffedc10 wd_last: fffedb90 mask: ffffffff\r",
                "[    1.307621] clocksource:                       'tsc-early' cs_nsec: 768864502 cs_now: 1321fa938 cs_last: aafe5a7c mask: ffffffffffffffff\r",
                "[    1.309702] clocksource:                       Clocksource 'tsc-early' skewed 256832502 ns (256 ms) over watchdog 'refined-jiffies' interval of 512032000 ns (512 ms)\r",
                "[    1.312357] clocksource:                       'tsc-early' is current clocksource.\r",
                "[    1.313963] tsc: Marking TSC unstable due to clocksource watchdog\r",
                "[    1.315015] TSC found unstable after boot, most likely due to broken BIOS. Use 'tsc=unstable'.\r",
                "[    1.316490] sched_clock: Marking unstable (1349136168, -34121234)<-(1368950468, -53935596)\r",
                "[    1.318379] clocksource: Switched to clocksource refined-jiffies\r",
                "[    1.340892] memfd_create() without MFD_EXEC nor MFD_NOEXEC_SEAL, pid=1 'systemd'\r",
                "[    1.498372] block sda: the capability attribute has been deprecated.\r",
                "[    2.366442] random: crng init done\r",
                "[    2.411079] systemd[1]: Configuration file /run/systemd/system/netplan-ovs-cleanup.service is marked world-inaccessible. This has no effect as configuration data is accessible via APIs without restrictions. Proceeding anyway.\r",
                "[    2.434613] systemd[1]: /lib/systemd/system/snapd.service:23: Unknown key name 'RestartMode' in section 'Service', ignoring.\r",
                "[    2.527982] systemd[1]: Queued start job for default target Multi-User System.\r",
                "[    2.535543] systemd[1]: Created slice Slice /system/modprobe.\r",
                "[\u001b[0;32m  OK  \u001b[0m] Created slice \u001b[0;1;39mSlice /system/modprobe\u001b[0m.\r",
                "[    2.542970] systemd[1]: Created slice Slice /system/serial-getty.\r",
                "[\u001b[0;32m  OK  \u001b[0m] Created slice \u001b[0;1;39mSlice /system/serial-getty\u001b[0m.\r",
                "[    2.550965] systemd[1]: Created slice Slice /system/systemd-fsck.\r",
                "[\u001b[0;32m  OK  \u001b[0m] Created slice \u001b[0;1;39mSlice /system/systemd-fsck\u001b[0m.\r",
                "[    2.558860] systemd[1]: Created slice User and Session Slice.\r",
                "[\u001b[0;32m  OK  \u001b[0m] Created slice \u001b[0;1;39mUser and Session Slice\u001b[0m.\r",
                "[    2.566610] systemd[1]: Started Forward Password Requests to Wall Directory Watch.\r",
                "[\u001b[0;32m  OK  \u001b[0m] Started \u001b[0;1;39mForward Password R\u2026uests to Wall Directory Watch\u001b[0m.\r",
                "[    2.578760] systemd[1]: Set up automount Arbitrary Executable File Formats File System Automount Point.\r",
                "[\u001b[0;32m  OK  \u001b[0m] Set up automount \u001b[0;1;39mArbitrary\u2026s File System Automount Point\u001b[0m.\r",
                "[    2.590618] systemd[1]: Reached target Slice Units.\r",
                "[\u001b[0;32m  OK  \u001b[0m] Reached target \u001b[0;1;39mSlice Units\u001b[0m.\r",
                "[    2.598561] systemd[1]: Reached target Mounting snaps.\r",
                "[\u001b[0;32m  OK  \u001b[0m] Reached target \u001b[0;1;39mMounting snaps\u001b[0m.\r",
                "[    2.606572] systemd[1]: Reached target Swaps.\r",
                "[\u001b[0;32m  OK  \u001b[0m] Reached target \u001b[0;1;39mSwaps\u001b[0m.\r",
                "[    2.610567] systemd[1]: Reached target Local Verity Protected Volumes.\r",
                "[\u001b[0;32m  OK  \u001b[0m] Reached target \u001b[0;1;39mLocal Verity Protected Volumes\u001b[0m.\r",
                "[    2.618637] systemd[1]: Listening on Device-mapper event daemon FIFOs.\r",
                "[\u001b[0;32m  OK  \u001b[0m] Listening on \u001b[0;1;39mDevice-mapper event daemon FIFOs\u001b[0m.\r",
                "[    2.630721] systemd[1]: Listening on LVM2 poll daemon socket.\r",
                "[\u001b[0;32m  OK  \u001b[0m] Listening on \u001b[0;1;39mLVM2 poll daemon socket\u001b[0m.\r",
                "[    2.638700] systemd[1]: Listening on multipathd control socket.\r",
                "[\u001b[0;32m  OK  \u001b[0m] Listening on \u001b[0;1;39mmultipathd control socket\u001b[0m.\r",
                "[    2.646708] systemd[1]: Listening on Syslog Socket.\r",
                "[\u001b[0;32m  OK  \u001b[0m] Listening on \u001b[0;1;39mSyslog Socket\u001b[0m.\r",
                "[    2.654651] systemd[1]: Listening on fsck to fsckd communication Socket.\r",
                "[\u001b[0;32m  OK  \u001b[0m] Listening on \u001b[0;1;39mfsck to fsckd communication Socket\u001b[0m.\r",
                "[    2.662631] systemd[1]: Listening on initctl Compatibility Named Pipe.\r",
                "[\u001b[0;32m  OK  \u001b[0m] Listening on \u001b[0;1;39minitctl Compatibility Named Pipe\u001b[0m.\r",
                "[    2.670814] systemd[1]: Listening on Journal Audit Socket.\r",
                "[\u001b[0;32m  OK  \u001b[0m] Listening on \u001b[0;1;39mJournal Audit Socket\u001b[0m.\r",
                "[    2.678685] systemd[1]: Listening on Journal Socket (/dev/log).\r",
                "[\u001b[0;32m  OK  \u001b[0m] Listening on \u001b[0;1;39mJournal Socket (/dev/log)\u001b[0m.\r",
                "[    2.690593] systemd[1]: Listening on Journal Socket.\r",
                "[\u001b[0;32m  OK  \u001b[0m] Listening on \u001b[0;1;39mJournal Socket\u001b[0m.\r",
                "[    2.694725] systemd[1]: Listening on Network Service Netlink Socket.\r",
                "[\u001b[0;32m  OK  \u001b[0m] Listening on \u001b[0;1;39mNetwork Service Netlink Socket\u001b[0m.\r",
                "[    2.706699] systemd[1]: Listening on udev Control Socket.\r",
                "[\u001b[0;32m  OK  \u001b[0m] Listening on \u001b[0;1;39mudev Control Socket\u001b[0m.\r",
                "[    2.714642] systemd[1]: Listening on udev Kernel Socket.\r",
                "[\u001b[0;32m  OK  \u001b[0m] Listening on \u001b[0;1;39mudev Kernel Socket\u001b[0m.\r",
                "[    2.735308] systemd[1]: Mounting Huge Pages File System...\r",
                "         Mounting \u001b[0;1;39mHuge Pages File System\u001b[0m...\r",
                "[    2.743517] systemd[1]: Mounting POSIX Message Queue File System...\r",
                "         Mounting \u001b[0;1;39mPOSIX Message Queue File System\u001b[0m...\r",
                "[    2.760006] systemd[1]: Mounting Kernel Debug File System...\r",
                "         Mounting \u001b[0;1;39mKernel Debug File System\u001b[0m...\r",
                "[    2.767421] systemd[1]: Mounting Kernel Trace File System...\r",
                "         Mounting \u001b[0;1;39mKernel Trace File System\u001b[0m...\r",
                "[    2.786582] systemd[1]: Starting Journal Service...\r",
                "         Starting \u001b[0;1;39mJournal Service\u001b[0m...\r",
                "[    2.794625] systemd[1]: Starting Set the console keyboard layout...\r",
                "         Starting \u001b[0;1;39mSet the console keyboard layout\u001b[0m...\r",
                "[    2.804653] systemd[1]: Starting Create List of Static Device Nodes...\r",
                "         Starting \u001b[0;1;39mCreate List of Static Device Nodes\u001b[0m...\r",
                "[    2.818685] systemd[1]: Starting Monitoring of LVM2 mirrors, snapshots etc. using dmeventd or progress polling...\r",
                "         Starting \u001b[0;1;39mMonitoring of LVM\u2026meventd or progress polling\u001b[0m...\r",
                "[    2.829445] systemd[1]: Condition check resulted in LXD - agent being skipped.\r",
                "[    2.838620] systemd[1]: Starting Load Kernel Module configfs...\r",
                "         Starting \u001b[0;1;39mLoad Kernel Module configfs\u001b[0m...\r",
                "[    2.847220] systemd[1]: Starting Load Kernel Module drm...\r",
                "         Starting \u001b[0;1;39mLoad Kernel Module drm\u001b[0m...\r",
                "[    2.855794] systemd[1]: Starting Load Kernel Module efi_pstore...\r",
                "         Starting \u001b[0;1;39mLoad Kernel Module efi_pstore\u001b[0m...\r",
                "[    2.864485] systemd[1]: Starting Load Kernel Module fuse...\r",
                "         Starting \u001b[0;1;39mLoad Kernel Module fuse\u001b[0m...\r",
                "[    2.871354] systemd[1]: Condition check resulted in OpenVSwitch configuration for cleanup being skipped.\r",
                "[    2.873229] systemd[1]: Condition check resulted in File System Check on Root Device being skipped.\r",
                "[    2.886732] systemd[1]: Starting Load Kernel Modules...\r",
                "         Starting \u001b[0;1;39mLoad Kernel Modules\u001b[0m...\r",
                "[    2.894459] systemd[1]: Starting Remount Root and Kernel File Systems...\r",
                "         Starting \u001b[0;1;39mRemount Root and Kernel File Systems\u001b[0m...\r",
                "[    2.904086] systemd[1]: Starting Coldplug All udev Devices...\r",
                "         Starting \u001b[0;1;39mColdplug All udev Devices\u001b[0m...\r",
                "[    2.912679] systemd[1]: Mounted Huge Pages File System.\r",
                "[\u001b[0;32m  OK  \u001b[0m] Mounted \u001b[0;1;39mHuge Pages File System\u001b[0m.\r",
                "[    2.920741] systemd[1]: Mounted POSIX Message Queue File System.\r",
                "[\u001b[0;32m  OK  \u001b[0m] Mounted \u001b[0;1;39mPOSIX Message Queue File System\u001b[0m.\r",
                "[    2.930462] systemd[1]: Mounted Kernel Debug File System.\r",
                "[\u001b[0;32m  OK  \u001b[0m] Mounted \u001b[0;1;39mKernel Debug File System\u001b[0m.\r",
                "[    2.938462] systemd[1]: Mounted Kernel Trace File System.\r",
                "[\u001b[0;32m  OK  \u001b[0m] Mounted \u001b[0;1;39mKernel Trace File System\u001b[0m.\r",
                "[    2.949138] systemd[1]: Finished Create List of Static Device Nodes.\r",
                "[\u001b[0;32m  OK  \u001b[0m] Finished \u001b[0;1;39mCreate List of Static Device Nodes\u001b[0m.\r",
                "[    2.958463] systemd[1]: modprobe@configfs.service: Deactivated successfully.\r",
                "[    2.958724] systemd[1]: Finished Load Kernel Module configfs.\r",
                "[\u001b[0;32m  OK  \u001b[0m] Finished \u001b[0;1;39mLoad Kernel Module configfs\u001b[0m.\r",
                "[    2.968283] systemd[1]: Finished Load Kernel Modules.\r",
                "[\u001b[0;32m  OK  \u001b[0m] Finished \u001b[0;1;39mLoad Kernel Modules\u001b[0m.\r",
                "[    2.976562] systemd[1]: modprobe@fuse.service: Deactivated successfully.\r",
                "[    2.978090] systemd[1]: Finished Load Kernel Module fuse.\r",
                "[\u001b[0;32m  OK  \u001b[0m] Finished \u001b[0;1;39mLoad Kernel Module fuse\u001b[0m.\r",
                "[    2.990641] systemd[1]: Mounting FUSE Control File System...\r",
                "         Mounting \u001b[0;1;39mFUSE Control File System\u001b[0m...\r",
                "[    3.000345] systemd[1]: Mounting Kernel Configuration File System...\r",
                "         Mounting \u001b[0;1;39mKernel Configuration File System\u001b[0m...\r",
                "[    3.022730] systemd[1]: Starting Apply Kernel Variables...\r",
                "         Starting \u001b[0;1;39mApply Kernel Variables\u001b[0m...\r",
                "[    3.031134] systemd[1]: Mounted FUSE Control File System.\r",
                "[\u001b[0;32m  OK  \u001b[0m] Mounted \u001b[0;1;39mFUSE Control File System\u001b[0m.\r",
                "[    3.039640] systemd[1]: Mounted Kernel Configuration File System.\r",
                "[\u001b[0;32m  OK  \u001b[0m] Mounted \u001b[0;1;39mKernel Configuration File System\u001b[0m.\r",
                "[    3.054998] systemd[1]: modprobe@efi_pstore.service: Deactivated successfully.\r",
                "[    3.056543] systemd[1]: Finished Load Kernel Module efi_pstore.\r",
                "[\u001b[0;32m  OK  \u001b[0m] Finished \u001b[0;1;39mLoad Kernel Module efi_pstore\u001b[0m.\r",
                "[\u001b[0;32m  OK  \u001b[0m] Finished \u001b[0;1;39mApply Kernel Variables\u001b[0m.\r",
                "[\u001b[0;32m  OK  \u001b[0m] Started \u001b[0;1;39mJournal Service\u001b[0m.\r",
                "[\u001b[0;32m  OK  \u001b[0m] Finished \u001b[0;1;39mRemount Root and Kernel File Systems\u001b[0m.\r",
                "         Starting \u001b[0;1;39mDevice-Mapper Multipath Device Controller\u001b[0m...\r",
                "         Starting \u001b[0;1;39mFlush Journal to Persistent Storage\u001b[0m...\r",
                "         Starting \u001b[0;1;39mLoad/Save Random Seed\u001b[0m...\r",
                "         Starting \u001b[0;1;39mCreate System Users\u001b[0m...\r",
                "[\u001b[0;32m  OK  \u001b[0m] Finished \u001b[0;1;39mLoad/Save Random Seed\u001b[0m.\r",
                "[\u001b[0;32m  OK  \u001b[0m] Finished \u001b[0;1;39mColdplug All udev Devices\u001b[0m.\r",
                "[\u001b[0;32m  OK  \u001b[0m] Finished \u001b[0;1;39mCreate System Users\u001b[0m.\r",
                "         Starting \u001b[0;1;39mCreate Static Device Nodes in /dev\u001b[0m...\r",
                "[\u001b[0;32m  OK  \u001b[0m] Finished \u001b[0;1;39mFlush Journal to Persistent Storage\u001b[0m.\r",
                "[\u001b[0;32m  OK  \u001b[0m] Finished \u001b[0;1;39mSet the console keyboard layout\u001b[0m.\r",
                "[\u001b[0;32m  OK  \u001b[0m] Finished \u001b[0;1;39mCreate Static Device Nodes in /dev\u001b[0m.\r",
                "         Starting \u001b[0;1;39mRule-based Manage\u2026for Device Events and Files\u001b[0m...\r",
                "[\u001b[0;32m  OK  \u001b[0m] Finished \u001b[0;1;39mLoad Kernel Module drm\u001b[0m.\r",
                "[\u001b[0;32m  OK  \u001b[0m] Started \u001b[0;1;39mDevice-Mapper Multipath Device Controller\u001b[0m.\r",
                "[\u001b[0;32m  OK  \u001b[0m] Started \u001b[0;1;39mRule-based Manager for Device Events and Files\u001b[0m.\r",
                "[\u001b[0;32m  OK  \u001b[0m] Started \u001b[0;1;39mDispatch Password \u2026ts to Console Directory Watch\u001b[0m.\r",
                "[\u001b[0;32m  OK  \u001b[0m] Reached target \u001b[0;1;39mLocal Encrypted Volumes\u001b[0m.\r",
                "[\u001b[0;32m  OK  \u001b[0m] Found device \u001b[0;1;39m/dev/ttyS0\u001b[0m.\r",
                "[\u001b[0;32m  OK  \u001b[0m] Listening on \u001b[0;1;39mLoad/Save RF \u2026itch Status /dev/rfkill Watch\u001b[0m.\r",
                "[\u001b[0;32m  OK  \u001b[0m] Found device \u001b[0;1;39mM5_IDE_Disk UEFI\u001b[0m.\r",
                "[\u001b[0;32m  OK  \u001b[0m] Finished \u001b[0;1;39mMonitoring of LVM\u2026 dmeventd or progress polling\u001b[0m.\r",
                "[\u001b[0;32m  OK  \u001b[0m] Reached target \u001b[0;1;39mPreparation for Local File Systems\u001b[0m.\r",
                "         Mounting \u001b[0;1;39mMount unit for core20, revision 2434\u001b[0m...\r",
                "         Mounting \u001b[0;1;39mMount unit for lxd, revision 31333\u001b[0m...\r",
                "         Mounting \u001b[0;1;39mMount unit for snapd, revision 23545\u001b[0m...\r",
                "         Starting \u001b[0;1;39mFile System Check on /dev/disk/by-label/UEFI\u001b[0m...\r",
                "[\u001b[0;32m  OK  \u001b[0m] Mounted \u001b[0;1;39mMount unit for core20, revision 2434\u001b[0m.\r",
                "[\u001b[0;32m  OK  \u001b[0m] Mounted \u001b[0;1;39mMount unit for lxd, revision 31333\u001b[0m.\r",
                "[\u001b[0;32m  OK  \u001b[0m] Mounted \u001b[0;1;39mMount unit for snapd, revision 23545\u001b[0m.\r",
                "[\u001b[0;32m  OK  \u001b[0m] Reached target \u001b[0;1;39mMounted snaps\u001b[0m.\r",
                "[\u001b[0;32m  OK  \u001b[0m] Started \u001b[0;1;39mFile System Check Daemon to report status\u001b[0m.\r",
                "[\u001b[0;32m  OK  \u001b[0m] Finished \u001b[0;1;39mFile System Check on /dev/disk/by-label/UEFI\u001b[0m.\r",
                "         Mounting \u001b[0;1;39m/boot/efi\u001b[0m...\r",
                "[\u001b[0;32m  OK  \u001b[0m] Mounted \u001b[0;1;39m/boot/efi\u001b[0m.\r",
                "[\u001b[0;32m  OK  \u001b[0m] Reached target \u001b[0;1;39mLocal File Systems\u001b[0m.\r",
                "         Starting \u001b[0;1;39mLoad AppArmor profiles\u001b[0m...\r",
                "         Starting \u001b[0;1;39mSet console font and keymap\u001b[0m...\r",
                "         Starting \u001b[0;1;39mCreate final runt\u2026dir for shutdown pivot root\u001b[0m...\r",
                "         Starting \u001b[0;1;39mnetfilter persistent configuration\u001b[0m...\r",
                "         Starting \u001b[0;1;39mTell Plymouth To Write Out Runtime Data\u001b[0m...\r",
                "         Starting \u001b[0;1;39mSet Up Additional Binary Formats\u001b[0m...\r",
                "         Starting \u001b[0;1;39mCreate Volatile Files and Directories\u001b[0m...\r",
                "         Starting \u001b[0;1;39mUncomplicated firewall\u001b[0m...\r",
                "[\u001b[0;32m  OK  \u001b[0m] Finished \u001b[0;1;39mSet console font and keymap\u001b[0m.\r",
                "[\u001b[0;32m  OK  \u001b[0m] Finished \u001b[0;1;39mCreate final runt\u2026e dir for shutdown pivot root\u001b[0m.\r",
                "[\u001b[0;32m  OK  \u001b[0m] Finished \u001b[0;1;39mTell Plymouth To Write Out Runtime Data\u001b[0m.\r",
                "[\u001b[0;32m  OK  \u001b[0m] Finished \u001b[0;1;39mUncomplicated firewall\u001b[0m.\r",
                "         Mounting \u001b[0;1;39mArbitrary Executable File Formats File System\u001b[0m...\r",
                "[\u001b[0;32m  OK  \u001b[0m] Finished \u001b[0;1;39mCreate Volatile Files and Directories\u001b[0m.\r",
                "         Starting \u001b[0;1;39mNetwork Time Synchronization\u001b[0m...\r",
                "         Starting \u001b[0;1;39mRecord System Boot/Shutdown in UTMP\u001b[0m...\r",
                "[\u001b[0;32m  OK  \u001b[0m] Finished \u001b[0;1;39mnetfilter persistent configuration\u001b[0m.\r",
                "[\u001b[0;32m  OK  \u001b[0m] Mounted \u001b[0;1;39mArbitrary Executable File Formats File System\u001b[0m.\r",
                "[\u001b[0;32m  OK  \u001b[0m] Reached target \u001b[0;1;39mPreparation for Network\u001b[0m.\r",
                "         Starting \u001b[0;1;39mNetwork Configuration\u001b[0m...\r",
                "[\u001b[0;32m  OK  \u001b[0m] Finished \u001b[0;1;39mSet Up Additional Binary Formats\u001b[0m.\r",
                "[\u001b[0;32m  OK  \u001b[0m] Finished \u001b[0;1;39mRecord System Boot/Shutdown in UTMP\u001b[0m.\r",
                "[\u001b[0;32m  OK  \u001b[0m] Started \u001b[0;1;39mNetwork Configuration\u001b[0m.\r",
                "         Starting \u001b[0;1;39mNetwork Name Resolution\u001b[0m...\r",
                "[\u001b[0;32m  OK  \u001b[0m] Finished \u001b[0;1;39mLoad AppArmor profiles\u001b[0m.\r",
                "[    5.410978] device-mapper: table: 253:0: multipath: error getting device (-EBUSY)\r",
                "[    5.412806] device-mapper: ioctl: error adding target to table\r",
                "         Starting \u001b[0;1;39mLoad AppArmor pro\u2026managed internally by snapd\u001b[0m...\r",
                "[\u001b[0;32m  OK  \u001b[0m] Started \u001b[0;1;39mNetwork Time Synchronization\u001b[0m.\r",
                "[\u001b[0;32m  OK  \u001b[0m] Reached target \u001b[0;1;39mSystem Time Set\u001b[0m.\r",
                "[\u001b[0;32m  OK  \u001b[0m] Started \u001b[0;1;39mNetwork Name Resolution\u001b[0m.\r",
                "[\u001b[0;32m  OK  \u001b[0m] Reached target \u001b[0;1;39mNetwork\u001b[0m.\r",
                "[\u001b[0;32m  OK  \u001b[0m] Reached target \u001b[0;1;39mNetwork is Online\u001b[0m.\r",
                "[\u001b[0;32m  OK  \u001b[0m] Reached target \u001b[0;1;39mPreparation for Remote File Systems\u001b[0m.\r",
                "[\u001b[0;32m  OK  \u001b[0m] Reached target \u001b[0;1;39mRemote File Systems\u001b[0m.\r",
                "[\u001b[0;32m  OK  \u001b[0m] Finished \u001b[0;1;39mAvailability of block devices\u001b[0m.\r",
                "[\u001b[0;32m  OK  \u001b[0m] Finished \u001b[0;1;39mLoad AppArmor pro\u2026s managed internally by snapd\u001b[0m.\r",
                "[\u001b[0;32m  OK  \u001b[0m] Reached target \u001b[0;1;39mSystem Initialization\u001b[0m.\r",
                "[\u001b[0;32m  OK  \u001b[0m] Started \u001b[0;1;39mDaily apt download activities\u001b[0m.\r",
                "[\u001b[0;32m  OK  \u001b[0m] Started \u001b[0;1;39mDaily apt upgrade and clean activities\u001b[0m.\r",
                "[\u001b[0;32m  OK  \u001b[0m] Started \u001b[0;1;39mDaily dpkg database backup timer\u001b[0m.\r",
                "[\u001b[0;32m  OK  \u001b[0m] Started \u001b[0;1;39mPeriodic ext4 Onli\u2026ata Check for All Filesystems\u001b[0m.\r",
                "[\u001b[0;32m  OK  \u001b[0m] Started \u001b[0;1;39mDiscard unused blocks once a week\u001b[0m.\r",
                "[\u001b[0;32m  OK  \u001b[0m] Started \u001b[0;1;39mDaily rotation of log files\u001b[0m.\r",
                "[\u001b[0;32m  OK  \u001b[0m] Started \u001b[0;1;39mDaily man-db regeneration\u001b[0m.\r",
                "[\u001b[0;32m  OK  \u001b[0m] Started \u001b[0;1;39mMessage of the Day\u001b[0m.\r",
                "[\u001b[0;32m  OK  \u001b[0m] Started \u001b[0;1;39mDaily Cleanup of Temporary Directories\u001b[0m.\r",
                "[\u001b[0;32m  OK  \u001b[0m] Started \u001b[0;1;39mDownload data for \u2026ailed at package install time\u001b[0m.\r",
                "[\u001b[0;32m  OK  \u001b[0m] Started \u001b[0;1;39mCheck to see wheth\u2026w version of Ubuntu available\u001b[0m.\r",
                "[\u001b[0;32m  OK  \u001b[0m] Reached target \u001b[0;1;39mPath Units\u001b[0m.\r",
                "[\u001b[0;32m  OK  \u001b[0m] Reached target \u001b[0;1;39mTimer Units\u001b[0m.\r",
                "[\u001b[0;32m  OK  \u001b[0m] Listening on \u001b[0;1;39mD-Bus System Message Bus Socket\u001b[0m.\r",
                "[\u001b[0;32m  OK  \u001b[0m] Listening on \u001b[0;1;39mOpen-iSCSI iscsid Socket\u001b[0m.\r",
                "[\u001b[0;32m  OK  \u001b[0m] Listening on \u001b[0;1;39mSocket unix for snap application lxd.daemon\u001b[0m.\r",
                "[\u001b[0;32m  OK  \u001b[0m] Listening on \u001b[0;1;39mSocket unix f\u2026p application lxd.user-daemon\u001b[0m.\r",
                "         Starting \u001b[0;1;39mSocket activation for snappy daemon\u001b[0m...\r",
                "[\u001b[0;32m  OK  \u001b[0m] Listening on \u001b[0;1;39mUUID daemon activation socket\u001b[0m.\r",
                "[\u001b[0;32m  OK  \u001b[0m] Listening on \u001b[0;1;39mSocket activation for snappy daemon\u001b[0m.\r",
                "[\u001b[0;32m  OK  \u001b[0m] Reached target \u001b[0;1;39mSocket Units\u001b[0m.\r",
                "[\u001b[0;32m  OK  \u001b[0m] Reached target \u001b[0;1;39mBasic System\u001b[0m.\r",
                "         Starting \u001b[0;1;39mLSB: automatic crash report generation\u001b[0m...\r",
                "[\u001b[0;32m  OK  \u001b[0m] Started \u001b[0;1;39mRegular background program processing daemon\u001b[0m.\r",
                "[\u001b[0;32m  OK  \u001b[0m] Started \u001b[0;1;39mD-Bus System Message Bus\u001b[0m.\r",
                "[\u001b[0;32m  OK  \u001b[0m] Started \u001b[0;1;39mSave initial kernel messages after boot\u001b[0m.\r",
                "         Starting \u001b[0;1;39mdnsmasq - A light\u2026DHCP and caching DNS server\u001b[0m...\r",
                "         Starting \u001b[0;1;39mRemove Stale Onli\u2026t4 Metadata Check Snapshots\u001b[0m...\r",
                "         Starting \u001b[0;1;39mRecord successful boot for GRUB\u001b[0m...\r",
                "[\u001b[0;32m  OK  \u001b[0m] Started \u001b[0;1;39mirqbalance daemon\u001b[0m.\r",
                "[\u001b[0;32m  OK  \u001b[0m] Started \u001b[0;1;39mISC DHCP IPv4 server\u001b[0m.\r",
                "[\u001b[0;32m  OK  \u001b[0m] Started \u001b[0;1;39mISC DHCP IPv6 server\u001b[0m.\r",
                "         Starting \u001b[0;1;39mDispatcher daemon for systemd-networkd\u001b[0m...\r",
                "         Starting \u001b[0;1;39mSystem Logging Service\u001b[0m...\r",
                "         Starting \u001b[0;1;39mService for snap application lxd.activate\u001b[0m...\r",
                "[\u001b[0;32m  OK  \u001b[0m] Reached target \u001b[0;1;39mPreparation for Logins\u001b[0m.\r",
                "         Starting \u001b[0;1;39mWait until snapd is fully seeded\u001b[0m...\r",
                "         Starting \u001b[0;1;39mSnap Daemon\u001b[0m...\r",
                "         Starting \u001b[0;1;39mOpenBSD Secure Shell server\u001b[0m...\r",
                "         Starting \u001b[0;1;39mUser Login Management\u001b[0m...\r",
                "         Starting \u001b[0;1;39mPermit User Sessions\u001b[0m...\r",
                "[\u001b[0;32m  OK  \u001b[0m] Finished \u001b[0;1;39mRecord successful boot for GRUB\u001b[0m.\r",
                "[\u001b[0;32m  OK  \u001b[0m] Finished \u001b[0;1;39mPermit User Sessions\u001b[0m.\r",
                "         Starting \u001b[0;1;39mGRUB failed boot detection\u001b[0m...\r",
                "         Starting \u001b[0;1;39mHold until boot process finishes up\u001b[0m...\r",
                "         Starting \u001b[0;1;39mTerminate Plymouth Boot Screen\u001b[0m...\r",
                "[\u001b[0;32m  OK  \u001b[0m] Finished \u001b[0;1;39mHold until boot process finishes up\u001b[0m.\r",
                "[\u001b[0;32m  OK  \u001b[0m] Started \u001b[0;1;39mLSB: automatic crash report generation\u001b[0m.\r",
                "[\u001b[0;32m  OK  \u001b[0m] Finished \u001b[0;1;39mTerminate Plymouth Boot Screen\u001b[0m.\r",
                "[\u001b[0;32m  OK  \u001b[0m] Started \u001b[0;1;39mSerial Getty on ttyS0\u001b[0m.\r",
                "         Starting \u001b[0;1;39mSet console scheme\u001b[0m...\r",
                "[\u001b[0;32m  OK  \u001b[0m] Started \u001b[0;1;39mSystem Logging Service\u001b[0m.\r",
                "[\u001b[0;32m  OK  \u001b[0m] Finished \u001b[0;1;39mGRUB failed boot detection\u001b[0m.\r",
                "[\u001b[0;32m  OK  \u001b[0m] Finished \u001b[0;1;39mSet console scheme\u001b[0m.\r",
                "[\u001b[0;32m  OK  \u001b[0m] Created slice \u001b[0;1;39mSlice /system/getty\u001b[0m.\r",
                "[\u001b[0;32m  OK  \u001b[0m] Started \u001b[0;1;39mGetty on tty1\u001b[0m.\r",
                "[\u001b[0;32m  OK  \u001b[0m] Reached target \u001b[0;1;39mLogin Prompts\u001b[0m.\r",
                "[\u001b[0;32m  OK  \u001b[0m] Finished \u001b[0;1;39mRemove Stale Onli\u2026ext4 Metadata Check Snapshots\u001b[0m.\r",
                "[\u001b[0;1;31mFAILED\u001b[0m] Failed to start \u001b[0;1;39mdnsmasq - \u2026t DHCP and caching DNS server\u001b[0m.\r",
                "See 'systemctl status dnsmasq.service' for details.\r",
                "[\u001b[0;32m  OK  \u001b[0m] Reached target \u001b[0;1;39mHost and Network Name Lookups\u001b[0m.\r",
                "[\u001b[0;32m  OK  \u001b[0m] Started \u001b[0;1;39mUser Login Management\u001b[0m.\r",
                "[\u001b[0;32m  OK  \u001b[0m] Started \u001b[0;1;39mUnattended Upgrades Shutdown\u001b[0m.\r",
                "[\u001b[0;32m  OK  \u001b[0m] Started \u001b[0;1;39mOpenBSD Secure Shell server\u001b[0m.\r",
                "[\u001b[0;32m  OK  \u001b[0m] Started \u001b[0;1;39mDispatcher daemon for systemd-networkd\u001b[0m.\r",
                "[\u001b[0;32m  OK  \u001b[0m] Started \u001b[0;1;39mSnap Daemon\u001b[0m.\r",
                "         Starting \u001b[0;1;39mTime & Date Service\u001b[0m...\r",
                "[\u001b[0;32m  OK  \u001b[0m] Started \u001b[0;1;39mTime & Date Service\u001b[0m.\r",
                "[\u001b[0;32m  OK  \u001b[0m] Finished \u001b[0;1;39mWait until snapd is fully seeded\u001b[0m.\r",
                "[\u001b[0;32m  OK  \u001b[0m] Finished \u001b[0;1;39mService for snap application lxd.activate\u001b[0m.\r",
                "[\u001b[0;32m  OK  \u001b[0m] Reached target \u001b[0;1;39mMulti-User System\u001b[0m.\r",
                "         Starting \u001b[0;1;39mSimbricks Guest Init\u001b[0m...\r",
                "         Starting \u001b[0;1;39mRecord Runlevel Change in UTMP\u001b[0m...\r",
                "[\u001b[0;32m  OK  \u001b[0m] Finished \u001b[0;1;39mRecord Runlevel Change in UTMP\u001b[0m.\r",
                "[    9.993022] simbricks-guestinit.sh[539]: tar: stdout: write error\r",
                "[   10.001023] simbricks-guestinit.sh[533]: simbricks-guestinit.sh: Processing input tar /dev/sdb...\r",
                "[   10.009023] simbricks-guestinit.sh[533]: simbricks-guestinit.sh: Running workload...\r",
                "[   10.021024] simbricks-guestinit.sh[542]: ++ export HOME=/root\r",
                "[   10.025024] simbricks-guestinit.sh[542]: ++ HOME=/root\r",
                "[   10.033025] simbricks-guestinit.sh[542]: ++ export LANG=en_US\r",
                "[   10.041025] simbricks-guestinit.sh[542]: ++ LANG=en_US\r",
                "[   10.045026] simbricks-guestinit.sh[542]: ++ export PATH=/usr/local/sbin:/usr/local/bin:/usr/sbin:/usr/bin:/sbin:/bin:/usr/games:/usr/local/games\r",
                "[   10.061027] simbricks-guestinit.sh[542]: ++ PATH=/usr/local/sbin:/usr/local/bin:/usr/sbin:/usr/bin:/sbin:/bin:/usr/games:/usr/local/games\r",
                "[   10.073027] simbricks-guestinit.sh[542]: ++ sleep 5\r",
                "\r\r",
                "Ubuntu 22.04.5 LTS ubuntu ttyS0\r",
                "\r",
                "ubuntu login: [   15.009336] simbricks-guestinit.sh[542]: ++ ip link set dev eth0 address 52:54:00:11:10:00\r",
                "[   15.025337] simbricks-guestinit.sh[542]: ++ ip link set dev eth1 address 52:54:00:11:11:00\r",
                "[   15.033337] simbricks-guestinit.sh[542]: ++ systemctl restart systemd-networkd\r",
                "[   15.093341] simbricks-guestinit.sh[542]: ++ tc qdisc add dev eth0 root tbf rate 10mbit burst 32kb latency 200ms\r",
                "[   15.125343] simbricks-guestinit.sh[542]: ++ tc qdisc add dev eth1 root tbf rate 10mbit burst 32kb latency 200ms\r",
                "[   15.129343] simbricks-guestinit.sh[542]: ++ ip link show\r",
                "[   15.133344] simbricks-guestinit.sh[571]: 1: lo: <LOOPBACK,UP,LOWER_UP> mtu 65536 qdisc noqueue state UNKNOWN mode DEFAULT group default qlen 1000\r",
                "[   15.133344] simbricks-guestinit.sh[571]:     link/loopback 00:00:00:00:00:00 brd 00:00:00:00:00:00\r",
                "[   15.137344] simbricks-guestinit.sh[571]: 2: eth0: <BROADCAST,MULTICAST> mtu 1500 qdisc tbf state DOWN mode DEFAULT group default qlen 1000\r",
                "[   15.137344] simbricks-guestinit.sh[571]:     link/ether 52:54:00:11:10:00 brd ff:ff:ff:ff:ff:ff permaddr 00:90:00:00:00:01\r",
                "[   15.137344] simbricks-guestinit.sh[571]:     altname enp0s0\r",
                "[   15.137344] simbricks-guestinit.sh[571]: 3: eth1: <BROADCAST,MULTICAST> mtu 1500 qdisc tbf state DOWN mode DEFAULT group default qlen 1000\r",
                "[   15.137344] simbricks-guestinit.sh[571]:     link/ether 52:54:00:11:11:00 brd ff:ff:ff:ff:ff:ff permaddr 00:90:00:00:00:02\r",
                "[   15.137344] simbricks-guestinit.sh[571]:     altname enp0s1\r",
                "[   15.137344] simbricks-guestinit.sh[542]: ++ ip addr show\r",
                "[   15.141344] simbricks-guestinit.sh[572]: 1: lo: <LOOPBACK,UP,LOWER_UP> mtu 65536 qdisc noqueue state UNKNOWN group default qlen 1000\r",
                "[   15.141344] simbricks-guestinit.sh[572]:     link/loopback 00:00:00:00:00:00 brd 00:00:00:00:00:00\r",
                "[   15.141344] simbricks-guestinit.sh[572]:     inet 127.0.0.1/8 scope host lo\r",
                "[   15.141344] simbricks-guestinit.sh[572]:        valid_lft forever preferred_lft forever\r",
                "[   15.141344] simbricks-guestinit.sh[572]:     inet6 ::1/128 scope host\r",
                "[   15.141344] simbricks-guestinit.sh[572]:        valid_lft forever preferred_lft forever\r",
                "[   15.141344] simbricks-guestinit.sh[572]: 2: eth0: <BROADCAST,MULTICAST> mtu 1500 qdisc tbf state DOWN group default qlen 1000\r",
                "[   15.141344] simbricks-guestinit.sh[572]:     link/ether 52:54:00:11:10:00 brd ff:ff:ff:ff:ff:ff permaddr 00:90:00:00:00:01\r",
                "[   15.141344] simbricks-guestinit.sh[572]:     altname enp0s0\r",
                "[   15.141344] simbricks-guestinit.sh[572]: 3: eth1: <BROADCAST,MULTICAST> mtu 1500 qdisc tbf state DOWN group default qlen 1000\r",
                "[   15.141344] simbricks-guestinit.sh[572]:     link/ether 52:54:00:11:11:00 brd ff:ff:ff:ff:ff:ff permaddr 00:90:00:00:00:02\r",
                "[   15.141344] simbricks-guestinit.sh[572]:     altname enp0s1\r",
                "[   15.145344] simbricks-guestinit.sh[542]: ++ INPUT_TAR=/tmp/guest/input.tar\r",
                "[   15.145344] simbricks-guestinit.sh[542]: ++ bash /tmp/guest/install.sh\r",
                "[   15.145344] simbricks-guestinit.sh[573]: + INPUT_TAR=/tmp/guest/input.tar\r",
                "[   15.145344] simbricks-guestinit.sh[573]: + mkdir -p /tmp/input\r",
                "[   15.149345] simbricks-guestinit.sh[573]: + pushd /tmp/input\r",
                "[   15.149345] simbricks-guestinit.sh[573]: /tmp/input /tmp/guest\r",
                "[   15.149345] simbricks-guestinit.sh[573]: + tar xf /tmp/guest/input.tar\r",
                "[   15.157345] simbricks-guestinit.sh[575]: tar: ./dhcpd.conf: time stamp 2025-02-18 02:54:21 is 111.1346225 s in the future\r",
                "[   15.157345] simbricks-guestinit.sh[575]: tar: ./isc-dhcp-server: time stamp 2025-02-18 02:54:21 is 111.13062225 s in the future\r",
                "[   15.157345] simbricks-guestinit.sh[575]: tar: ./netplan.yaml: time stamp 2025-02-18 02:54:21 is 111.13062225 s in the future\r",
                "[   15.157345] simbricks-guestinit.sh[573]: + sudo rm -rf /etc/netplan/50-cloud-init.yaml\r",
                "[   15.209348] simbricks-guestinit.sh[573]: + sudo cp netplan.yaml /etc/netplan/99-netplan-config.yaml\r",
                "[   15.229350] simbricks-guestinit.sh[573]: + sudo chmod 600 /etc/netplan/99-netplan-config.yaml\r",
                "[   15.241350] simbricks-guestinit.sh[573]: + sudo netplan apply\r",
                "[   15.801385] simbricks-guestinit.sh[583]: WARNING:root:Cannot call Open vSwitch: ovsdb-server.service is not running.\r",
                "[   16.021399] simbricks-guestinit.sh[573]: + sudo sed -i 's/^#\\?net.ipv4.ip_forward.*/net.ipv4.ip_forward=1/' /etc/sysctl.conf\r",
                "[   16.045401] simbricks-guestinit.sh[573]: + sudo sysctl -p\r",
                "[   16.061402] simbricks-guestinit.sh[635]: net.ipv4.ip_forward = 1\r",
                "[   16.061402] simbricks-guestinit.sh[573]: + sudo tee /etc/default/isc-dhcp-server\r",
                "[   16.085403] simbricks-guestinit.sh[573]: + sudo tee /etc/dhcp/dhcpd.conf\r",
                "[   16.101404] simbricks-guestinit.sh[573]: + sudo systemctl stop isc-dhcp-server\r",
                "[   16.129406] simbricks-guestinit.sh[573]: + sudo systemctl mask isc-dhcp-server\r",
                "[   16.145407] simbricks-guestinit.sh[644]: Created symlink /etc/systemd/system/isc-dhcp-server.service \u2192 /dev/null.\r",
                "[   16.425424] simbricks-guestinit.sh[573]: + sudo systemctl stop dnsmasq\r",
                "[   16.445426] simbricks-guestinit.sh[573]: + sudo systemctl mask dnsmasq\r",
                "[   16.457426] simbricks-guestinit.sh[673]: Created symlink /etc/systemd/system/dnsmasq.service \u2192 /dev/null.\r",
                "[   16.737444] simbricks-guestinit.sh[573]: + popd\r",
                "[   16.737444] simbricks-guestinit.sh[573]: /tmp/guest\r",
                "[   16.737444] simbricks-guestinit.sh[573]: + rm -rf /tmp/input\r",
                "[   16.745444] simbricks-guestinit.sh[542]: ++ '[' '!' -f /root/.prepare.done ']'\r",
                "[   16.749445] simbricks-guestinit.sh[542]: ++ sleep 30\r",
                "[   46.751320] simbricks-guestinit.sh[542]: ++ '[' '!' -f /root/.prepare.done ']'\r",
                "[   46.755320] simbricks-guestinit.sh[542]: ++ sleep 30\r",
                "[   76.757195] simbricks-guestinit.sh[542]: ++ '[' '!' -f /root/.prepare.done ']'\r",
                "[   76.757195] simbricks-guestinit.sh[542]: ++ sleep 30\r",
                "[\u001b[0;32m  OK  \u001b[0m] Created slice \u001b[0;1;39mUser Slice of UID 0\u001b[0m.\r",
                "         Starting \u001b[0;1;39mUser Runtime Directory /run/user/0\u001b[0m...\r",
                "[\u001b[0;32m  OK  \u001b[0m] Finished \u001b[0;1;39mUser Runtime Directory /run/user/0\u001b[0m.\r",
                "         Starting \u001b[0;1;39mUser Manager for UID 0\u001b[0m...\r",
                "[\u001b[0;32m  OK  \u001b[0m] Started \u001b[0;1;39mUser Manager for UID 0\u001b[0m.\r",
                "[\u001b[0;32m  OK  \u001b[0m] Started \u001b[0;1;39mSession 1 of User root\u001b[0m.\r",
                "[  106.763070] simbricks-guestinit.sh[542]: ++ '[' '!' -f /root/.prepare.done ']'\r",
                "[  106.763070] simbricks-guestinit.sh[542]: ++ sleep 30\r",
                "         Stopping \u001b[0;1;39mUser Manager for UID 0\u001b[0m...\r",
                "[\u001b[0;32m  OK  \u001b[0m] Stopped \u001b[0;1;39mUser Manager for UID 0\u001b[0m.\r",
                "         Stopping \u001b[0;1;39mUser Runtime Directory /run/user/0\u001b[0m...\r",
                "[\u001b[0;32m  OK  \u001b[0m] Stopped \u001b[0;1;39mUser Runtime Directory /run/user/0\u001b[0m.\r",
                "[\u001b[0;32m  OK  \u001b[0m] Removed slice \u001b[0;1;39mUser Slice of UID 0\u001b[0m.\r",
                "[  136.764945] simbricks-guestinit.sh[542]: ++ '[' '!' -f /root/.prepare.done ']'\r",
                "[  136.764945] simbricks-guestinit.sh[542]: ++ sleep 30\r",
                "[  166.766820] simbricks-guestinit.sh[542]: ++ '[' '!' -f /root/.prepare.done ']'\r",
                "[  166.770820] simbricks-guestinit.sh[542]: ++ sleep 30\r",
                "[  196.772695] simbricks-guestinit.sh[542]: ++ '[' '!' -f /root/.prepare.done ']'\r",
                "[  196.772695] simbricks-guestinit.sh[542]: ++ sleep 30\r",
                "[  226.778571] simbricks-guestinit.sh[542]: ++ '[' '!' -f /root/.prepare.done ']'\r",
                "[  226.778571] simbricks-guestinit.sh[542]: ++ sleep 30\r",
                "[  256.784446] simbricks-guestinit.sh[542]: ++ '[' '!' -f /root/.prepare.done ']'\r",
                "[  256.784446] simbricks-guestinit.sh[542]: ++ sleep 30\r",
                "[  286.790321] simbricks-guestinit.sh[542]: ++ '[' '!' -f /root/.prepare.done ']'\r",
                "[  286.794321] simbricks-guestinit.sh[542]: ++ sleep 30\r",
                "         Starting \u001b[0;1;39mDownload data for\u2026led at package install time\u001b[0m...\r",
                "[\u001b[0;32m  OK  \u001b[0m] Finished \u001b[0;1;39mDownload data for\u2026ailed at package install time\u001b[0m.\r",
                "         Starting \u001b[0;1;39mTime & Date Service\u001b[0m...\r",
                "[\u001b[0;32m  OK  \u001b[0m] Started \u001b[0;1;39mTime & Date Service\u001b[0m.\r",
                "[  316.796196] simbricks-guestinit.sh[542]: ++ '[' '!' -f /root/.prepare.done ']'\r",
                "[  316.800197] simbricks-guestinit.sh[542]: ++ sleep 30\r",
                "[  346.802072] simbricks-guestinit.sh[542]: ++ '[' '!' -f /root/.prepare.done ']'\r",
                "[  346.806072] simbricks-guestinit.sh[542]: ++ sleep 30\r",
                "[  376.807947] simbricks-guestinit.sh[542]: ++ '[' '!' -f /root/.prepare.done ']'\r",
                "[  376.811947] simbricks-guestinit.sh[542]: ++ sleep 30\r",
                "[  406.817822] simbricks-guestinit.sh[542]: ++ '[' '!' -f /root/.prepare.done ']'\r",
                "[  406.817822] simbricks-guestinit.sh[542]: ++ sleep 30\r",
                "[  436.823698] simbricks-guestinit.sh[542]: ++ '[' '!' -f /root/.prepare.done ']'\r",
                "[  436.827698] simbricks-guestinit.sh[542]: ++ sleep 30\r",
                "[  466.833573] simbricks-guestinit.sh[542]: ++ '[' '!' -f /root/.prepare.done ']'\r",
                "[  466.837573] simbricks-guestinit.sh[542]: ++ sleep 30\r",
                "[  496.843449] simbricks-guestinit.sh[542]: ++ '[' '!' -f /root/.prepare.done ']'\r",
                "[  496.843449] simbricks-guestinit.sh[542]: ++ sleep 30\r",
                "[  526.849324] simbricks-guestinit.sh[542]: ++ '[' '!' -f /root/.prepare.done ']'\r",
                "[  526.853324] simbricks-guestinit.sh[542]: ++ sleep 30\r",
                "[  556.859199] simbricks-guestinit.sh[542]: ++ '[' '!' -f /root/.prepare.done ']'\r",
                "[  556.863200] simbricks-guestinit.sh[542]: ++ sleep 30\r",
                "[  586.869075] simbricks-guestinit.sh[542]: ++ '[' '!' -f /root/.prepare.done ']'\r",
                "[  586.873075] simbricks-guestinit.sh[542]: ++ sleep 30\r",
                "[  616.874950] simbricks-guestinit.sh[542]: ++ '[' '!' -f /root/.prepare.done ']'\r",
                "[  616.878950] simbricks-guestinit.sh[542]: ++ sleep 30\r",
                "[  646.884826] simbricks-guestinit.sh[542]: ++ '[' '!' -f /root/.prepare.done ']'\r",
                "[  646.884826] simbricks-guestinit.sh[542]: ++ sleep 30\r",
                "[  676.890701] simbricks-guestinit.sh[542]: ++ '[' '!' -f /root/.prepare.done ']'\r",
                "[  676.890701] simbricks-guestinit.sh[542]: ++ sleep 30\r",
                "[  706.896576] simbricks-guestinit.sh[542]: ++ '[' '!' -f /root/.prepare.done ']'\r",
                "[  706.900576] simbricks-guestinit.sh[542]: ++ sleep 30\r",
                "[  736.906452] simbricks-guestinit.sh[542]: ++ '[' '!' -f /root/.prepare.done ']'\r",
                "[  736.906452] simbricks-guestinit.sh[542]: ++ sleep 30\r",
                "[  766.916327] simbricks-guestinit.sh[542]: ++ '[' '!' -f /root/.prepare.done ']'\r",
                "[  766.916327] simbricks-guestinit.sh[542]: ++ sleep 30\r",
                "[  796.922202] simbricks-guestinit.sh[542]: ++ '[' '!' -f /root/.prepare.done ']'\r",
                "[  796.926203] simbricks-guestinit.sh[542]: ++ sleep 30\r",
                "[  826.932078] simbricks-guestinit.sh[542]: ++ '[' '!' -f /root/.prepare.done ']'\r",
                "[  826.936078] simbricks-guestinit.sh[542]: ++ sleep 30\r",
                "[  856.941953] simbricks-guestinit.sh[542]: ++ '[' '!' -f /root/.prepare.done ']'\r",
                "[  856.941953] simbricks-guestinit.sh[542]: ++ sleep 30\r",
                "[  886.947829] simbricks-guestinit.sh[542]: ++ '[' '!' -f /root/.prepare.done ']'\r",
                "[  886.951829] simbricks-guestinit.sh[542]: ++ sleep 30\r",
                "         Starting \u001b[0;1;39mCleanup of Temporary Directories\u001b[0m...\r",
                "[\u001b[0;32m  OK  \u001b[0m] Finished \u001b[0;1;39mCleanup of Temporary Directories\u001b[0m.\r",
                "[  916.953704] simbricks-guestinit.sh[542]: ++ '[' '!' -f /root/.prepare.done ']'\r",
                "[  916.957704] simbricks-guestinit.sh[542]: ++ sleep 30\r",
                "[  946.959579] simbricks-guestinit.sh[542]: ++ '[' '!' -f /root/.prepare.done ']'\r",
                "[  946.959579] simbricks-guestinit.sh[542]: ++ sleep 30\r",
                "[  976.957454] simbricks-guestinit.sh[542]: ++ '[' '!' -f /root/.prepare.done ']'\r",
                "[  976.961454] simbricks-guestinit.sh[542]: ++ sleep 30\r",
                "[ 1006.963329] simbricks-guestinit.sh[542]: ++ '[' '!' -f /root/.prepare.done ']'\r",
                "[ 1006.967329] simbricks-guestinit.sh[542]: ++ sleep 30\r",
                "[ 1036.973205] simbricks-guestinit.sh[542]: ++ '[' '!' -f /root/.prepare.done ']'\r",
                "[ 1036.977205] simbricks-guestinit.sh[542]: ++ sleep 30\r",
                "[ 1066.979080] simbricks-guestinit.sh[542]: ++ '[' '!' -f /root/.prepare.done ']'\r",
                "[ 1066.979080] simbricks-guestinit.sh[542]: ++ sleep 30\r",
                "[ 1096.980955] simbricks-guestinit.sh[542]: ++ '[' '!' -f /root/.prepare.done ']'\r",
                "[ 1096.984955] simbricks-guestinit.sh[542]: ++ sleep 30\r",
                "[ 1126.986830] simbricks-guestinit.sh[542]: ++ '[' '!' -f /root/.prepare.done ']'\r",
                "[ 1126.986830] simbricks-guestinit.sh[542]: ++ sleep 30\r",
                "[ 1156.992705] simbricks-guestinit.sh[542]: ++ '[' '!' -f /root/.prepare.done ']'\r",
                "[ 1156.996706] simbricks-guestinit.sh[542]: ++ sleep 30\r",
                "[ 1187.002581] simbricks-guestinit.sh[542]: ++ '[' '!' -f /root/.prepare.done ']'\r",
                "[ 1187.006581] simbricks-guestinit.sh[542]: ++ sleep 30\r",
                "[ 1217.012456] simbricks-guestinit.sh[542]: ++ '[' '!' -f /root/.prepare.done ']'\r",
                "[ 1217.012456] simbricks-guestinit.sh[542]: ++ sleep 30\r",
                "[ 1247.018332] simbricks-guestinit.sh[542]: ++ '[' '!' -f /root/.prepare.done ']'\r",
                "[ 1247.018332] simbricks-guestinit.sh[542]: ++ sleep 30\r",
                "[ 1277.024207] simbricks-guestinit.sh[542]: ++ '[' '!' -f /root/.prepare.done ']'\r",
                "[ 1277.024207] simbricks-guestinit.sh[542]: ++ sleep 30\r",
                "[ 1307.030082] simbricks-guestinit.sh[542]: ++ '[' '!' -f /root/.prepare.done ']'\r",
                "[ 1307.030082] simbricks-guestinit.sh[542]: ++ sleep 30\r",
                "[ 1337.035957] simbricks-guestinit.sh[542]: ++ '[' '!' -f /root/.prepare.done ']'\r",
                "[ 1337.039958] simbricks-guestinit.sh[542]: ++ sleep 30\r",
                "[ 1367.041833] simbricks-guestinit.sh[542]: ++ '[' '!' -f /root/.prepare.done ']'\r",
                "[ 1367.045833] simbricks-guestinit.sh[542]: ++ sleep 30\r",
                "[ 1397.047708] simbricks-guestinit.sh[542]: ++ '[' '!' -f /root/.prepare.done ']'\r",
                "[ 1397.051708] simbricks-guestinit.sh[542]: ++ sleep 30\r",
                "[ 1427.053583] simbricks-guestinit.sh[542]: ++ '[' '!' -f /root/.prepare.done ']'\r",
                "[ 1427.057583] simbricks-guestinit.sh[542]: ++ sleep 30\r",
                "[ 1457.063459] simbricks-guestinit.sh[542]: ++ '[' '!' -f /root/.prepare.done ']'\r",
                "[ 1457.063459] simbricks-guestinit.sh[542]: ++ sleep 30\r",
                "[ 1487.069334] simbricks-guestinit.sh[542]: ++ '[' '!' -f /root/.prepare.done ']'\r",
                "[ 1487.073334] simbricks-guestinit.sh[542]: ++ sleep 30\r",
                "[ 1517.075209] simbricks-guestinit.sh[542]: ++ '[' '!' -f /root/.prepare.done ']'\r",
                "[ 1517.079209] simbricks-guestinit.sh[542]: ++ sleep 30\r",
                "[ 1547.081084] simbricks-guestinit.sh[542]: ++ '[' '!' -f /root/.prepare.done ']'\r",
                "[ 1547.081084] simbricks-guestinit.sh[542]: ++ sleep 30\r",
                "[ 1577.086960] simbricks-guestinit.sh[542]: ++ '[' '!' -f /root/.prepare.done ']'\r",
                "[ 1577.086960] simbricks-guestinit.sh[542]: ++ sleep 30\r",
                "[ 1607.092835] simbricks-guestinit.sh[542]: ++ '[' '!' -f /root/.prepare.done ']'\r",
                "[ 1607.096835] simbricks-guestinit.sh[542]: ++ sleep 30\r",
                "[ 1637.098710] simbricks-guestinit.sh[542]: ++ '[' '!' -f /root/.prepare.done ']'\r",
                "[ 1637.102710] simbricks-guestinit.sh[542]: ++ sleep 30\r",
                "[ 1667.108586] simbricks-guestinit.sh[542]: ++ '[' '!' -f /root/.prepare.done ']'\r",
                "[ 1667.112586] simbricks-guestinit.sh[542]: ++ sleep 30\r",
                "[ 1697.118461] simbricks-guestinit.sh[542]: ++ '[' '!' -f /root/.prepare.done ']'\r",
                "[ 1697.122461] simbricks-guestinit.sh[542]: ++ sleep 30\r",
                "[ 1727.128337] simbricks-guestinit.sh[542]: ++ '[' '!' -f /root/.prepare.done ']'\r",
                "[ 1727.132337] simbricks-guestinit.sh[542]: ++ sleep 30\r",
                "[ 1757.138212] simbricks-guestinit.sh[542]: ++ '[' '!' -f /root/.prepare.done ']'\r",
                "[ 1757.142212] simbricks-guestinit.sh[542]: ++ sleep 30\r",
                "[ 1787.148088] simbricks-guestinit.sh[542]: ++ '[' '!' -f /root/.prepare.done ']'\r",
                "[ 1787.152088] simbricks-guestinit.sh[542]: ++ sleep 30\r",
                "[ 1817.157963] simbricks-guestinit.sh[542]: ++ '[' '!' -f /root/.prepare.done ']'\r",
                "[ 1817.161963] simbricks-guestinit.sh[542]: ++ sleep 30\r",
                "[ 1847.167839] simbricks-guestinit.sh[542]: ++ '[' '!' -f /root/.prepare.done ']'\r",
                "[ 1847.171839] simbricks-guestinit.sh[542]: ++ sleep 30\r",
                "[ 1877.177714] simbricks-guestinit.sh[542]: ++ '[' '!' -f /root/.prepare.done ']'\r",
                "[ 1877.181714] simbricks-guestinit.sh[542]: ++ sleep 30\r",
                "[ 1907.187590] simbricks-guestinit.sh[542]: ++ '[' '!' -f /root/.prepare.done ']'\r",
                "[ 1907.191590] simbricks-guestinit.sh[542]: ++ sleep 30\r",
                "[ 1937.197465] simbricks-guestinit.sh[542]: ++ '[' '!' -f /root/.prepare.done ']'\r",
                "[ 1937.201465] simbricks-guestinit.sh[542]: ++ sleep 30\r",
                "[ 1967.207341] simbricks-guestinit.sh[542]: ++ '[' '!' -f /root/.prepare.done ']'\r",
                "[ 1967.211341] simbricks-guestinit.sh[542]: ++ sleep 30\r",
                "[ 1997.217216] simbricks-guestinit.sh[542]: ++ '[' '!' -f /root/.prepare.done ']'\r",
                "[ 1997.221216] simbricks-guestinit.sh[542]: ++ sleep 30\r",
                "[ 2027.227092] simbricks-guestinit.sh[542]: ++ '[' '!' -f /root/.prepare.done ']'\r",
                "[ 2027.231092] simbricks-guestinit.sh[542]: ++ sleep 30\r",
                "[ 2057.236967] simbricks-guestinit.sh[542]: ++ '[' '!' -f /root/.prepare.done ']'\r",
                "[ 2057.240967] simbricks-guestinit.sh[542]: ++ sleep 30\r",
                "[ 2087.246843] simbricks-guestinit.sh[542]: ++ '[' '!' -f /root/.prepare.done ']'\r",
                "[ 2087.250843] simbricks-guestinit.sh[542]: ++ sleep 30\r",
                "[ 2117.252718] simbricks-guestinit.sh[542]: ++ '[' '!' -f /root/.prepare.done ']'\r",
                "[ 2117.260718] simbricks-guestinit.sh[542]: ++ sleep 30\r",
                "[ 2147.258593] simbricks-guestinit.sh[542]: ++ '[' '!' -f /root/.prepare.done ']'\r",
                "[ 2147.262593] simbricks-guestinit.sh[542]: ++ sleep 30\r",
                "[ 2177.264468] simbricks-guestinit.sh[542]: ++ '[' '!' -f /root/.prepare.done ']'\r",
                "[ 2177.264468] simbricks-guestinit.sh[542]: ++ sleep 30\r",
                "[ 2207.270344] simbricks-guestinit.sh[542]: ++ '[' '!' -f /root/.prepare.done ']'\r",
                "[ 2207.270344] simbricks-guestinit.sh[542]: ++ sleep 30\r",
                "[ 2237.272219] simbricks-guestinit.sh[542]: ++ '[' '!' -f /root/.prepare.done ']'\r",
                "[ 2237.276219] simbricks-guestinit.sh[542]: ++ sleep 30\r",
                "[ 2267.278094] simbricks-guestinit.sh[542]: ++ '[' '!' -f /root/.prepare.done ']'\r",
                "[ 2267.282094] simbricks-guestinit.sh[542]: ++ sleep 30\r",
                "[ 2297.287969] simbricks-guestinit.sh[542]: ++ '[' '!' -f /root/.prepare.done ']'\r",
                "[ 2297.287969] simbricks-guestinit.sh[542]: ++ sleep 30\r",
                "[ 2327.293845] simbricks-guestinit.sh[542]: ++ '[' '!' -f /root/.prepare.done ']'\r",
                "[ 2327.293845] simbricks-guestinit.sh[542]: ++ sleep 30\r",
                "[ 2357.299720] simbricks-guestinit.sh[542]: ++ '[' '!' -f /root/.prepare.done ']'\r",
                "[ 2357.299720] simbricks-guestinit.sh[542]: ++ sleep 30\r",
                "[ 2387.305595] simbricks-guestinit.sh[542]: ++ '[' '!' -f /root/.prepare.done ']'\r",
                "[ 2387.305595] simbricks-guestinit.sh[542]: ++ sleep 30\r",
                "[ 2417.307470] simbricks-guestinit.sh[542]: ++ '[' '!' -f /root/.prepare.done ']'\r",
                "[ 2417.311470] simbricks-guestinit.sh[542]: ++ sleep 30\r",
                "[ 2447.317346] simbricks-guestinit.sh[542]: ++ '[' '!' -f /root/.prepare.done ']'\r",
                "[ 2447.317346] simbricks-guestinit.sh[542]: ++ sleep 30\r",
                "[ 2477.323221] simbricks-guestinit.sh[542]: ++ '[' '!' -f /root/.prepare.done ']'\r",
                "[ 2477.323221] simbricks-guestinit.sh[542]: ++ sleep 30\r",
                "[ 2507.329096] simbricks-guestinit.sh[542]: ++ '[' '!' -f /root/.prepare.done ']'\r",
                "[ 2507.329096] simbricks-guestinit.sh[542]: ++ sleep 30\r",
                "[ 2537.334971] simbricks-guestinit.sh[542]: ++ '[' '!' -f /root/.prepare.done ']'\r",
                "[ 2537.338972] simbricks-guestinit.sh[542]: ++ sleep 30\r",
                "[ 2567.340847] simbricks-guestinit.sh[542]: ++ '[' '!' -f /root/.prepare.done ']'\r",
                "[ 2567.340847] simbricks-guestinit.sh[542]: ++ sleep 30\r",
                "[ 2597.346722] simbricks-guestinit.sh[542]: ++ '[' '!' -f /root/.prepare.done ']'\r",
                "[ 2597.350722] simbricks-guestinit.sh[542]: ++ sleep 30\r",
                "[ 2627.356597] simbricks-guestinit.sh[542]: ++ '[' '!' -f /root/.prepare.done ']'\r",
                "[ 2627.356597] simbricks-guestinit.sh[542]: ++ sleep 30\r",
                "[ 2657.362473] simbricks-guestinit.sh[542]: ++ '[' '!' -f /root/.prepare.done ']'\r",
                "[ 2657.366473] simbricks-guestinit.sh[542]: ++ sleep 30\r",
                "[ 2687.372348] simbricks-guestinit.sh[542]: ++ '[' '!' -f /root/.prepare.done ']'\r",
                "[ 2687.376348] simbricks-guestinit.sh[542]: ++ sleep 30\r",
                "[ 2717.382224] simbricks-guestinit.sh[542]: ++ '[' '!' -f /root/.prepare.done ']'\r",
                "[ 2717.390224] simbricks-guestinit.sh[542]: ++ sleep 30\r",
                "[ 2747.396099] simbricks-guestinit.sh[542]: ++ '[' '!' -f /root/.prepare.done ']'\r",
                "[ 2747.404100] simbricks-guestinit.sh[542]: ++ sleep 30\r",
                "[ 2777.413975] simbricks-guestinit.sh[542]: ++ '[' '!' -f /root/.prepare.done ']'\r",
                "[ 2777.417976] simbricks-guestinit.sh[542]: ++ sleep 30\r",
                "[ 2807.419851] simbricks-guestinit.sh[542]: ++ '[' '!' -f /root/.prepare.done ']'\r",
                "[ 2807.419851] simbricks-guestinit.sh[542]: ++ sleep 30\r",
                "[ 2837.421726] simbricks-guestinit.sh[542]: ++ '[' '!' -f /root/.prepare.done ']'\r",
                "[ 2837.429726] simbricks-guestinit.sh[542]: ++ sleep 30\r",
                "[ 2867.435601] simbricks-guestinit.sh[542]: ++ '[' '!' -f /root/.prepare.done ']'\r",
                "[ 2867.443602] simbricks-guestinit.sh[542]: ++ sleep 30\r",
                "[ 2897.445477] simbricks-guestinit.sh[542]: ++ '[' '!' -f /root/.prepare.done ']'\r",
                "[ 2897.449477] simbricks-guestinit.sh[542]: ++ sleep 30\r",
                "[ 2927.455352] simbricks-guestinit.sh[542]: ++ '[' '!' -f /root/.prepare.done ']'\r",
                "[ 2927.455352] simbricks-guestinit.sh[542]: ++ sleep 30\r",
                "[ 2957.465228] simbricks-guestinit.sh[542]: ++ '[' '!' -f /root/.prepare.done ']'\r",
                "[ 2957.469228] simbricks-guestinit.sh[542]: ++ sleep 30\r",
                "[ 2987.475103] simbricks-guestinit.sh[542]: ++ '[' '!' -f /root/.prepare.done ']'\r",
                "[ 2987.479104] simbricks-guestinit.sh[542]: ++ sleep 30\r",
                "[ 3017.488979] simbricks-guestinit.sh[542]: ++ '[' '!' -f /root/.prepare.done ']'\r",
                "[ 3017.488979] simbricks-guestinit.sh[542]: ++ sleep 30\r",
                "[ 3047.486854] simbricks-guestinit.sh[542]: ++ '[' '!' -f /root/.prepare.done ']'\r",
                "[ 3047.490854] simbricks-guestinit.sh[542]: ++ sleep 30\r",
                "[ 3077.492729] simbricks-guestinit.sh[542]: ++ '[' '!' -f /root/.prepare.done ']'\r",
                "[ 3077.492729] simbricks-guestinit.sh[542]: ++ sleep 30\r",
                "Exiting @ tick 3078725900000000 because user interrupt received"
            ],
            "stderr": [
                "warn: Physical memory size specified is 4096MB which is greater than 3GB.  Twice the number of memory controllers would be created.",
                "warn: No dot file generated. Please install pydot to generate the dot file and pdf.",
                "src/mem/dram_interface.cc:690: warn: DRAM device capacity (32768 Mbytes) does not match the address range assigned (4096 Mbytes)",
                "src/mem/dram_interface.cc:690: warn: DRAM device capacity (32768 Mbytes) does not match the address range assigned (1024 Mbytes)",
                "src/sim/kernel_workload.cc:46: info: kernel located at: /workspace/out/images/ubuntu/vmlinux",
                "src/base/statistics.hh:279: warn: One of the stats is a legacy stat. Legacy stat is a stat that does not belong to any statistics::Group. Legacy stat is deprecated.",
                "src/cpu/kvm/base.cc:113: info: Using KVM CPU without perf. The stats related to the number of cycles and instructions executed by the KVM CPU will not be updated. The stats should not be used for performance evaluation.",
                "src/dev/serial/terminal.cc:174: warn: Sockets disabled, not accepting terminal connections",
                "src/base/remote_gdb.cc:418: warn: Sockets disabled, not accepting gdb connections",
                "src/dev/intel_8254_timer.cc:128: warn: Reading current count from inactive timer.",
                "src/cpu/kvm/base.cc:169: info: KVM: Coalesced MMIO disabled by config.",
                "src/sim/simulate.cc:199: info: Entering event queue @ 0.  Starting simulation...",
                "src/arch/x86/kvm/x86_cpu.cc:1653: warn: kvm-x86: MSR (0x3a) unsupported by gem5. Skipping.",
                "src/arch/x86/kvm/x86_cpu.cc:1653: warn: kvm-x86: MSR (0xd90) unsupported by gem5. Skipping.",
                "src/arch/x86/kvm/x86_cpu.cc:1653: warn: kvm-x86: MSR (0x48) unsupported by gem5. Skipping.",
                "src/arch/x86/kvm/x86_cpu.cc:1653: warn: kvm-x86: MSR (0x309) unsupported by gem5. Skipping.",
                "src/arch/x86/kvm/x86_cpu.cc:1653: warn: kvm-x86: MSR (0x30a) unsupported by gem5. Skipping.",
                "src/arch/x86/kvm/x86_cpu.cc:1653: warn: kvm-x86: MSR (0x30b) unsupported by gem5. Skipping.",
                "src/arch/x86/kvm/x86_cpu.cc:1653: warn: kvm-x86: MSR (0x38d) unsupported by gem5. Skipping.",
                "src/arch/x86/kvm/x86_cpu.cc:1653: warn: kvm-x86: MSR (0x38e) unsupported by gem5. Skipping.",
                "src/arch/x86/kvm/x86_cpu.cc:1653: warn: kvm-x86: MSR (0x38f) unsupported by gem5. Skipping.",
                "src/arch/x86/kvm/x86_cpu.cc:1653: warn: kvm-x86: MSR (0x390) unsupported by gem5. Skipping.",
                "src/arch/x86/kvm/x86_cpu.cc:1653: warn: kvm-x86: MSR (0xc1) unsupported by gem5. Skipping.",
                "src/arch/x86/kvm/x86_cpu.cc:1653: warn: kvm-x86: MSR (0xc2) unsupported by gem5. Skipping.",
                "src/arch/x86/kvm/x86_cpu.cc:1653: warn: kvm-x86: MSR (0xc3) unsupported by gem5. Skipping.",
                "src/arch/x86/kvm/x86_cpu.cc:1653: warn: kvm-x86: MSR (0xc4) unsupported by gem5. Skipping.",
                "src/arch/x86/kvm/x86_cpu.cc:1653: warn: kvm-x86: MSR (0x186) unsupported by gem5. Skipping.",
                "src/arch/x86/kvm/x86_cpu.cc:1653: warn: kvm-x86: MSR (0x187) unsupported by gem5. Skipping.",
                "src/arch/x86/kvm/x86_cpu.cc:1653: warn: kvm-x86: MSR (0x188) unsupported by gem5. Skipping.",
                "src/arch/x86/kvm/x86_cpu.cc:1653: warn: kvm-x86: MSR (0x189) unsupported by gem5. Skipping.",
                "src/arch/x86/kvm/x86_cpu.cc:1653: warn: kvm-x86: MSR (0x12) unsupported by gem5. Skipping.",
                "src/arch/x86/kvm/x86_cpu.cc:1653: warn: kvm-x86: MSR (0x11) unsupported by gem5. Skipping.",
                "src/arch/x86/kvm/x86_cpu.cc:1653: warn: kvm-x86: MSR (0x4b564d01) unsupported by gem5. Skipping.",
                "src/arch/x86/kvm/x86_cpu.cc:1653: warn: kvm-x86: MSR (0x4b564d00) unsupported by gem5. Skipping.",
                "src/arch/x86/kvm/x86_cpu.cc:1653: warn: kvm-x86: MSR (0x40000000) unsupported by gem5. Skipping.",
                "src/arch/x86/kvm/x86_cpu.cc:1653: warn: kvm-x86: MSR (0x40000001) unsupported by gem5. Skipping.",
                "src/arch/x86/kvm/x86_cpu.cc:1653: warn: kvm-x86: MSR (0x40000020) unsupported by gem5. Skipping.",
                "src/arch/x86/kvm/x86_cpu.cc:1653: warn: kvm-x86: MSR (0x40000021) unsupported by gem5. Skipping.",
                "src/arch/x86/kvm/x86_cpu.cc:1653: warn: kvm-x86: MSR (0x40000022) unsupported by gem5. Skipping.",
                "src/arch/x86/kvm/x86_cpu.cc:1653: warn: kvm-x86: MSR (0x40000023) unsupported by gem5. Skipping.",
                "src/arch/x86/kvm/x86_cpu.cc:1653: warn: kvm-x86: MSR (0x40000100) unsupported by gem5. Skipping.",
                "src/arch/x86/kvm/x86_cpu.cc:1653: warn: kvm-x86: MSR (0x40000101) unsupported by gem5. Skipping.",
                "src/arch/x86/kvm/x86_cpu.cc:1653: warn: kvm-x86: MSR (0x40000102) unsupported by gem5. Skipping.",
                "src/arch/x86/kvm/x86_cpu.cc:1653: warn: kvm-x86: MSR (0x40000103) unsupported by gem5. Skipping.",
                "src/arch/x86/kvm/x86_cpu.cc:1653: warn: kvm-x86: MSR (0x40000104) unsupported by gem5. Skipping.",
                "src/arch/x86/kvm/x86_cpu.cc:1653: warn: kvm-x86: MSR (0x40000105) unsupported by gem5. Skipping.",
                "src/arch/x86/kvm/x86_cpu.cc:1653: warn: kvm-x86: MSR (0x40000003) unsupported by gem5. Skipping.",
                "src/arch/x86/kvm/x86_cpu.cc:1653: warn: kvm-x86: MSR (0x40000002) unsupported by gem5. Skipping.",
                "src/arch/x86/kvm/x86_cpu.cc:1653: warn: kvm-x86: MSR (0x40000010) unsupported by gem5. Skipping.",
                "src/arch/x86/kvm/x86_cpu.cc:1653: warn: kvm-x86: MSR (0x40000080) unsupported by gem5. Skipping.",
                "src/arch/x86/kvm/x86_cpu.cc:1653: warn: kvm-x86: MSR (0x400000b0) unsupported by gem5. Skipping.",
                "src/arch/x86/kvm/x86_cpu.cc:1653: warn: kvm-x86: MSR (0x40000073) unsupported by gem5. Skipping.",
                "src/arch/x86/kvm/x86_cpu.cc:1653: warn: kvm-x86: MSR (0x40000106) unsupported by gem5. Skipping.",
                "src/arch/x86/kvm/x86_cpu.cc:1653: warn: kvm-x86: MSR (0x40000107) unsupported by gem5. Skipping.",
                "src/arch/x86/kvm/x86_cpu.cc:1653: warn: kvm-x86: MSR (0x40000108) unsupported by gem5. Skipping.",
                "src/arch/x86/kvm/x86_cpu.cc:1653: warn: kvm-x86: MSR (0x4b564d02) unsupported by gem5. Skipping.",
                "src/arch/x86/kvm/x86_cpu.cc:1653: warn: kvm-x86: MSR (0x4b564d03) unsupported by gem5. Skipping.",
                "src/arch/x86/kvm/x86_cpu.cc:1653: warn: kvm-x86: MSR (0x4b564d04) unsupported by gem5. Skipping.",
                "src/arch/x86/kvm/x86_cpu.cc:1653: warn: kvm-x86: MSR (0x3b) unsupported by gem5. Skipping.",
                "src/arch/x86/kvm/x86_cpu.cc:1653: warn: kvm-x86: MSR (0x6e0) unsupported by gem5. Skipping.",
                "src/arch/x86/kvm/x86_cpu.cc:1653: warn: kvm-x86: MSR (0x10a) unsupported by gem5. Skipping.",
                "src/arch/x86/kvm/x86_cpu.cc:1653: warn: kvm-x86: MSR (0x1a0) unsupported by gem5. Skipping.",
                "src/arch/x86/kvm/x86_cpu.cc:1653: warn: kvm-x86: MSR (0x4d0) unsupported by gem5. Skipping.",
                "src/arch/x86/kvm/x86_cpu.cc:1653: warn: kvm-x86: MSR (0x9e) unsupported by gem5. Skipping.",
                "src/arch/x86/kvm/x86_cpu.cc:1653: warn: kvm-x86: MSR (0x34) unsupported by gem5. Skipping.",
                "src/arch/x86/kvm/x86_cpu.cc:1653: warn: kvm-x86: MSR (0xce) unsupported by gem5. Skipping.",
                "src/arch/x86/kvm/x86_cpu.cc:1653: warn: kvm-x86: MSR (0x140) unsupported by gem5. Skipping.",
                "src/arch/x86/kvm/x86_cpu.cc:1653: warn: kvm-x86: MSR (0x1fc) unsupported by gem5. Skipping.",
                "src/arch/x86/kvm/x86_cpu.cc:1653: warn: kvm-x86: MSR (0x480) unsupported by gem5. Skipping.",
                "src/arch/x86/kvm/x86_cpu.cc:1653: warn: kvm-x86: MSR (0x48d) unsupported by gem5. Skipping.",
                "src/arch/x86/kvm/x86_cpu.cc:1653: warn: kvm-x86: MSR (0x48e) unsupported by gem5. Skipping.",
                "src/arch/x86/kvm/x86_cpu.cc:1653: warn: kvm-x86: MSR (0x48f) unsupported by gem5. Skipping.",
                "src/arch/x86/kvm/x86_cpu.cc:1653: warn: kvm-x86: MSR (0x490) unsupported by gem5. Skipping.",
                "src/arch/x86/kvm/x86_cpu.cc:1653: warn: kvm-x86: MSR (0x485) unsupported by gem5. Skipping.",
                "src/arch/x86/kvm/x86_cpu.cc:1653: warn: kvm-x86: MSR (0x486) unsupported by gem5. Skipping.",
                "src/arch/x86/kvm/x86_cpu.cc:1653: warn: kvm-x86: MSR (0x488) unsupported by gem5. Skipping.",
                "src/arch/x86/kvm/x86_cpu.cc:1653: warn: kvm-x86: MSR (0x48a) unsupported by gem5. Skipping.",
                "src/arch/x86/kvm/x86_cpu.cc:1653: warn: kvm-x86: MSR (0x48b) unsupported by gem5. Skipping.",
                "src/arch/x86/kvm/x86_cpu.cc:1653: warn: kvm-x86: MSR (0x48c) unsupported by gem5. Skipping.",
                "src/arch/x86/kvm/x86_cpu.cc:1653: warn: kvm-x86: MSR (0x491) unsupported by gem5. Skipping.",
