[06:42:21] preparing config tar: /workspace/out/sim/ubuntu_mysql/1/cfg.gateway.tar
[06:42:21] preparing config tar: /workspace/out/sim/ubuntu_mysql/1/cfg.controller.tar
[06:42:21] preparing config tar: /workspace/out/sim/ubuntu_mysql/1/cfg.compute1.tar
[06:42:21] prepare_ubuntu_mysql.0 TERMINATED: 0
[06:42:21] prepare_ubuntu_mysql.0 TERMINATED: 0
[06:42:21] prepare_ubuntu_mysql.0 TERMINATED: 0
[06:42:21] starting run  ubuntu_mysql.1
[06:42:21] ubuntu_mysql: starting host.gateway
[06:42:21] ubuntu_mysql: starting host.controller
[06:42:21] ubuntu_mysql: starting host.compute1
[06:42:21] host.gateway ERR: ['warn: Physical memory size specified is 4096MB which is greater than 3GB.  Twice the number of memory controllers would be created.']
[06:42:21] host.compute1 ERR: ['warn: Physical memory size specified is 16384MB which is greater than 3GB.  Twice the number of memory controllers would be created.']
[06:42:21] host.gateway OUT: ['Global frequency set at 1000000000000 ticks per second']
[06:42:21] host.controller ERR: ['warn: Physical memory size specified is 16384MB which is greater than 3GB.  Twice the number of memory controllers would be created.']
[06:42:21] host.compute1 OUT: ['Global frequency set at 1000000000000 ticks per second']
[06:42:21] host.controller OUT: ['Global frequency set at 1000000000000 ticks per second']
[06:42:21] host.gateway ERR: ['warn: No dot file generated. Please install pydot to generate the dot file and pdf.']
[06:42:21] host.gateway ERR: ['src/mem/dram_interface.cc:690: warn: DRAM device capacity (32768 Mbytes) does not match the address range assigned (4096 Mbytes)']
[06:42:21] host.gateway ERR: ['src/mem/dram_interface.cc:690: warn: DRAM device capacity (32768 Mbytes) does not match the address range assigned (1024 Mbytes)']
[06:42:21] host.compute1 ERR: ['warn: No dot file generated. Please install pydot to generate the dot file and pdf.']
[06:42:21] host.compute1 ERR: ['src/mem/dram_interface.cc:690: warn: DRAM device capacity (32768 Mbytes) does not match the address range assigned (4096 Mbytes)']
[06:42:21] host.compute1 ERR: ['src/mem/dram_interface.cc:690: warn: DRAM device capacity (32768 Mbytes) does not match the address range assigned (16384 Mbytes)']
[06:42:21] host.controller ERR: ['warn: No dot file generated. Please install pydot to generate the dot file and pdf.']
[06:42:21] host.controller ERR: ['src/mem/dram_interface.cc:690: warn: DRAM device capacity (32768 Mbytes) does not match the address range assigned (4096 Mbytes)']
[06:42:21] host.controller ERR: ['src/mem/dram_interface.cc:690: warn: DRAM device capacity (32768 Mbytes) does not match the address range assigned (16384 Mbytes)']
[06:42:21] host.gateway ERR: ['src/sim/kernel_workload.cc:46: info: kernel located at: /workspace/out/images/ubuntu/vmlinux']
[06:42:22] host.compute1 ERR: ['src/sim/kernel_workload.cc:46: info: kernel located at: /workspace/out/images/ubuntu/vmlinux']
[06:42:22] host.controller ERR: ['src/sim/kernel_workload.cc:46: info: kernel located at: /workspace/out/images/ubuntu/vmlinux']
[06:42:23] host.gateway ERR: ['src/base/statistics.hh:279: warn: One of the stats is a legacy stat. Legacy stat is a stat that does not belong to any statistics::Group. Legacy stat is deprecated.']
[06:42:23] host.gateway ERR: ['src/cpu/kvm/base.cc:113: info: Using KVM CPU without perf. The stats related to the number of cycles and instructions executed by the KVM CPU will not be updated. The stats should not be used for performance evaluation.']
[06:42:23] host.gateway ERR: ['src/dev/serial/terminal.cc:174: warn: Sockets disabled, not accepting terminal connections']
[06:42:23] host.compute1 ERR: ['src/base/statistics.hh:279: warn: One of the stats is a legacy stat. Legacy stat is a stat that does not belong to any statistics::Group. Legacy stat is deprecated.']
[06:42:23] host.compute1 ERR: ['src/cpu/kvm/base.cc:113: info: Using KVM CPU without perf. The stats related to the number of cycles and instructions executed by the KVM CPU will not be updated. The stats should not be used for performance evaluation.']
[06:42:23] host.compute1 ERR: ['src/cpu/kvm/base.cc:113: info: Using KVM CPU without perf. The stats related to the number of cycles and instructions executed by the KVM CPU will not be updated. The stats should not be used for performance evaluation.']
[06:42:23] host.compute1 ERR: ['src/cpu/kvm/base.cc:113: info: Using KVM CPU without perf. The stats related to the number of cycles and instructions executed by the KVM CPU will not be updated. The stats should not be used for performance evaluation.']
[06:42:23] host.compute1 ERR: ['src/cpu/kvm/base.cc:113: info: Using KVM CPU without perf. The stats related to the number of cycles and instructions executed by the KVM CPU will not be updated. The stats should not be used for performance evaluation.']
[06:42:23] host.compute1 ERR: ['src/cpu/kvm/base.cc:113: info: Using KVM CPU without perf. The stats related to the number of cycles and instructions executed by the KVM CPU will not be updated. The stats should not be used for performance evaluation.']
[06:42:23] host.compute1 ERR: ['src/cpu/kvm/base.cc:113: info: Using KVM CPU without perf. The stats related to the number of cycles and instructions executed by the KVM CPU will not be updated. The stats should not be used for performance evaluation.']
[06:42:23] host.compute1 ERR: ['src/cpu/kvm/base.cc:113: info: Using KVM CPU without perf. The stats related to the number of cycles and instructions executed by the KVM CPU will not be updated. The stats should not be used for performance evaluation.']
[06:42:23] host.compute1 ERR: ['src/cpu/kvm/base.cc:113: info: Using KVM CPU without perf. The stats related to the number of cycles and instructions executed by the KVM CPU will not be updated. The stats should not be used for performance evaluation.']
[06:42:23] host.controller ERR: ['src/base/statistics.hh:279: warn: One of the stats is a legacy stat. Legacy stat is a stat that does not belong to any statistics::Group. Legacy stat is deprecated.']
[06:42:23] host.controller ERR: ['src/cpu/kvm/base.cc:113: info: Using KVM CPU without perf. The stats related to the number of cycles and instructions executed by the KVM CPU will not be updated. The stats should not be used for performance evaluation.']
[06:42:23] host.gateway ERR: ['src/base/remote_gdb.cc:418: warn: Sockets disabled, not accepting gdb connections']
[06:42:23] host.controller ERR: ['src/cpu/kvm/base.cc:113: info: Using KVM CPU without perf. The stats related to the number of cycles and instructions executed by the KVM CPU will not be updated. The stats should not be used for performance evaluation.']
[06:42:23] host.gateway ERR: ['src/dev/intel_8254_timer.cc:128: warn: Reading current count from inactive timer.']
[06:42:23] host.controller ERR: ['src/cpu/kvm/base.cc:113: info: Using KVM CPU without perf. The stats related to the number of cycles and instructions executed by the KVM CPU will not be updated. The stats should not be used for performance evaluation.']
[06:42:23] host.controller ERR: ['src/cpu/kvm/base.cc:113: info: Using KVM CPU without perf. The stats related to the number of cycles and instructions executed by the KVM CPU will not be updated. The stats should not be used for performance evaluation.']
[06:42:23] host.controller ERR: ['src/cpu/kvm/base.cc:113: info: Using KVM CPU without perf. The stats related to the number of cycles and instructions executed by the KVM CPU will not be updated. The stats should not be used for performance evaluation.']
[06:42:23] host.controller ERR: ['src/cpu/kvm/base.cc:113: info: Using KVM CPU without perf. The stats related to the number of cycles and instructions executed by the KVM CPU will not be updated. The stats should not be used for performance evaluation.']
[06:42:23] host.controller ERR: ['src/cpu/kvm/base.cc:113: info: Using KVM CPU without perf. The stats related to the number of cycles and instructions executed by the KVM CPU will not be updated. The stats should not be used for performance evaluation.']
[06:42:23] host.controller ERR: ['src/cpu/kvm/base.cc:113: info: Using KVM CPU without perf. The stats related to the number of cycles and instructions executed by the KVM CPU will not be updated. The stats should not be used for performance evaluation.']
[06:42:23] host.compute1 ERR: ['src/dev/serial/terminal.cc:174: warn: Sockets disabled, not accepting terminal connections']
[06:42:23] host.controller ERR: ['src/dev/serial/terminal.cc:174: warn: Sockets disabled, not accepting terminal connections']
[06:42:23] host.compute1 ERR: ['src/base/remote_gdb.cc:418: warn: Sockets disabled, not accepting gdb connections']
[06:42:23] host.controller ERR: ['src/base/remote_gdb.cc:418: warn: Sockets disabled, not accepting gdb connections']
[06:42:23] host.compute1 ERR: ['src/dev/intel_8254_timer.cc:128: warn: Reading current count from inactive timer.']
[06:42:23] host.controller ERR: ['src/dev/intel_8254_timer.cc:128: warn: Reading current count from inactive timer.']
[06:42:26] ubuntu_mysql: started host.gateway
[06:42:26] ubuntu_mysql: started host.controller
[06:42:26] ubuntu_mysql: started host.compute1
[06:42:26] ubuntu_mysql: starting net.management_net
[06:42:26] ubuntu_mysql: starting net.provider_net
[06:42:26] net.management_net ERR: ['Switch connecting to: /workspace/out/sim/ubuntu_mysql/1/n2h.eth.management_net.gateway']
[06:42:26] net.management_net ERR: ['Switch connecting to: /workspace/out/sim/ubuntu_mysql/1/n2h.eth.management_net.controller']
[06:42:26] net.management_net ERR: ['Switch connecting to: /workspace/out/sim/ubuntu_mysql/1/n2h.eth.management_net.compute1']
[06:42:26] net.provider_net ERR: ['Switch connecting to: /workspace/out/sim/ubuntu_mysql/1/n2h.eth.provider_net.gateway']
[06:42:26] net.provider_net ERR: ['Switch connecting to: /workspace/out/sim/ubuntu_mysql/1/n2h.eth.provider_net.controller']
[06:42:26] net.provider_net ERR: ['Switch connecting to: /workspace/out/sim/ubuntu_mysql/1/n2h.eth.provider_net.compute1']
[06:42:26] host.gateway ERR: ['src/cpu/kvm/base.cc:169: info: KVM: Coalesced MMIO disabled by config.']
[06:42:26] host.gateway OUT: ['gem5 Simulator System.  https://www.gem5.org']
[06:42:26] host.gateway OUT: ['gem5 is copyrighted software; use the --copyright option for details.']
[06:42:26] host.gateway OUT: ['']
[06:42:26] host.gateway OUT: ['gem5 version 23.1.0.0']
[06:42:26] host.gateway OUT: ['gem5 compiled Feb  8 2025 07:06:29']
[06:42:26] host.gateway OUT: ['gem5 started Feb 18 2025 06:42:21']
[06:42:26] host.gateway OUT: ['gem5 executing on 645bc0d4e478, pid 99']
[06:42:26] host.gateway OUT: ["command line: /workspace/sim/simbricks/sims/external/gem5/build/X86/gem5.fast --outdir=/workspace/out/sim/ubuntu_mysql/1/gem5-out.gateway /workspace/sim/simbricks/sims/external/gem5/configs/simbricks/simbricks.py --caches --l2cache --l1d_size=32kB --l1i_size=32kB --l2_size=32MB --l1d_assoc=8 --l1i_assoc=8 --l2_assoc=16 --cacheline_size=64 --cpu-clock=4GHz --sys-clock=1GHz --checkpoint-dir=/workspace/out/sim/ubuntu_mysql/0/gem5-cp.gateway --kernel=/workspace/out/images/ubuntu/vmlinux --command-line 'earlyprintk=ttyS0 console=ttyS0 net.ifnames=0 root=/dev/sda1 simbricks_guest_input=/dev/sdb rw' --disk-image=/workspace/out/images/ubuntu/disks/gateway_phase1/disk.raw --disk-image=/workspace/out/sim/ubuntu_mysql/1/cfg.gateway.tar --cpu-type=X86KvmCPU --mem-size=4096MB --num-cpus=1 --mem-type=DDR4_2400_16x4 --simbricks-eth-e1000=listen:/workspace/out/sim/ubuntu_mysql/1/n2h.eth.management_net.gateway:/workspace/out/sim/ubuntu_mysql/1/n2h.shm.management_net.gateway:latency=1000ns:sync_interval=1000ns --simbricks-eth-e1000=listen:/workspace/out/sim/ubuntu_mysql/1/n2h.eth.provider_net.gateway:/workspace/out/sim/ubuntu_mysql/1/n2h.shm.provider_net.gateway:latency=1000ns:sync_interval=1000ns"]
[06:42:26] host.gateway OUT: ['']
[06:42:26] host.gateway OUT: ['info: Standard input is not a terminal, disabling listeners.']
[06:42:26] host.gateway OUT: ['adding simbricks eth: listen:/workspace/out/sim/ubuntu_mysql/1/n2h.eth.management_net.gateway:/workspace/out/sim/ubuntu_mysql/1/n2h.shm.management_net.gateway:latency=1000ns:sync_interval=1000ns']
[06:42:26] host.gateway OUT: ['adding simbricks eth: listen:/workspace/out/sim/ubuntu_mysql/1/n2h.eth.provider_net.gateway:/workspace/out/sim/ubuntu_mysql/1/n2h.shm.provider_net.gateway:latency=1000ns:sync_interval=1000ns']
[06:42:26] host.gateway OUT: ['connecting 2 pci & eth simbricks adapters']
[06:42:26] host.gateway OUT: ['connecting 0 mem simbricks adapters']
[06:42:26] host.gateway OUT: ['**** REAL SIMULATION ****']
[06:42:26] host.gateway ERR: ['src/sim/simulate.cc:199: info: Entering event queue @ 0.  Starting simulation...']
[06:42:26] host.gateway ERR: ['src/arch/x86/kvm/x86_cpu.cc:1653: warn: kvm-x86: MSR (0x3a) unsupported by gem5. Skipping.']
[06:42:26] host.gateway ERR: ['src/arch/x86/kvm/x86_cpu.cc:1653: warn: kvm-x86: MSR (0xd90) unsupported by gem5. Skipping.']
[06:42:26] host.gateway ERR: ['src/arch/x86/kvm/x86_cpu.cc:1653: warn: kvm-x86: MSR (0x48) unsupported by gem5. Skipping.']
[06:42:26] host.gateway ERR: ['src/arch/x86/kvm/x86_cpu.cc:1653: warn: kvm-x86: MSR (0x309) unsupported by gem5. Skipping.']
[06:42:26] host.gateway ERR: ['src/arch/x86/kvm/x86_cpu.cc:1653: warn: kvm-x86: MSR (0x30a) unsupported by gem5. Skipping.']
[06:42:26] host.gateway ERR: ['src/arch/x86/kvm/x86_cpu.cc:1653: warn: kvm-x86: MSR (0x30b) unsupported by gem5. Skipping.']
[06:42:26] host.gateway ERR: ['src/arch/x86/kvm/x86_cpu.cc:1653: warn: kvm-x86: MSR (0x38d) unsupported by gem5. Skipping.']
[06:42:26] host.gateway ERR: ['src/arch/x86/kvm/x86_cpu.cc:1653: warn: kvm-x86: MSR (0x38e) unsupported by gem5. Skipping.']
[06:42:26] host.gateway ERR: ['src/arch/x86/kvm/x86_cpu.cc:1653: warn: kvm-x86: MSR (0x38f) unsupported by gem5. Skipping.']
[06:42:26] host.gateway ERR: ['src/arch/x86/kvm/x86_cpu.cc:1653: warn: kvm-x86: MSR (0x390) unsupported by gem5. Skipping.']
[06:42:26] host.gateway ERR: ['src/arch/x86/kvm/x86_cpu.cc:1653: warn: kvm-x86: MSR (0xc1) unsupported by gem5. Skipping.']
[06:42:26] host.gateway ERR: ['src/arch/x86/kvm/x86_cpu.cc:1653: warn: kvm-x86: MSR (0xc2) unsupported by gem5. Skipping.']
[06:42:26] host.gateway ERR: ['src/arch/x86/kvm/x86_cpu.cc:1653: warn: kvm-x86: MSR (0xc3) unsupported by gem5. Skipping.']
[06:42:26] host.gateway ERR: ['src/arch/x86/kvm/x86_cpu.cc:1653: warn: kvm-x86: MSR (0xc4) unsupported by gem5. Skipping.']
[06:42:26] host.gateway ERR: ['src/arch/x86/kvm/x86_cpu.cc:1653: warn: kvm-x86: MSR (0x186) unsupported by gem5. Skipping.']
[06:42:26] host.gateway ERR: ['src/arch/x86/kvm/x86_cpu.cc:1653: warn: kvm-x86: MSR (0x187) unsupported by gem5. Skipping.']
[06:42:26] host.gateway ERR: ['src/arch/x86/kvm/x86_cpu.cc:1653: warn: kvm-x86: MSR (0x188) unsupported by gem5. Skipping.']
[06:42:26] host.gateway ERR: ['src/arch/x86/kvm/x86_cpu.cc:1653: warn: kvm-x86: MSR (0x189) unsupported by gem5. Skipping.']
[06:42:26] host.gateway ERR: ['src/arch/x86/kvm/x86_cpu.cc:1653: warn: kvm-x86: MSR (0x12) unsupported by gem5. Skipping.']
[06:42:26] host.gateway ERR: ['src/arch/x86/kvm/x86_cpu.cc:1653: warn: kvm-x86: MSR (0x11) unsupported by gem5. Skipping.']
[06:42:26] host.gateway ERR: ['src/arch/x86/kvm/x86_cpu.cc:1653: warn: kvm-x86: MSR (0x4b564d01) unsupported by gem5. Skipping.']
[06:42:26] host.gateway ERR: ['src/arch/x86/kvm/x86_cpu.cc:1653: warn: kvm-x86: MSR (0x4b564d00) unsupported by gem5. Skipping.']
[06:42:26] host.gateway ERR: ['src/arch/x86/kvm/x86_cpu.cc:1653: warn: kvm-x86: MSR (0x40000000) unsupported by gem5. Skipping.']
[06:42:26] host.gateway ERR: ['src/arch/x86/kvm/x86_cpu.cc:1653: warn: kvm-x86: MSR (0x40000001) unsupported by gem5. Skipping.']
[06:42:26] host.gateway ERR: ['src/arch/x86/kvm/x86_cpu.cc:1653: warn: kvm-x86: MSR (0x40000020) unsupported by gem5. Skipping.']
[06:42:26] host.gateway ERR: ['src/arch/x86/kvm/x86_cpu.cc:1653: warn: kvm-x86: MSR (0x40000021) unsupported by gem5. Skipping.']
[06:42:26] host.gateway ERR: ['src/arch/x86/kvm/x86_cpu.cc:1653: warn: kvm-x86: MSR (0x40000022) unsupported by gem5. Skipping.']
[06:42:26] host.gateway ERR: ['src/arch/x86/kvm/x86_cpu.cc:1653: warn: kvm-x86: MSR (0x40000023) unsupported by gem5. Skipping.']
[06:42:26] host.gateway ERR: ['src/arch/x86/kvm/x86_cpu.cc:1653: warn: kvm-x86: MSR (0x40000100) unsupported by gem5. Skipping.']
[06:42:26] host.gateway ERR: ['src/arch/x86/kvm/x86_cpu.cc:1653: warn: kvm-x86: MSR (0x40000101) unsupported by gem5. Skipping.']
[06:42:26] host.gateway ERR: ['src/arch/x86/kvm/x86_cpu.cc:1653: warn: kvm-x86: MSR (0x40000102) unsupported by gem5. Skipping.']
[06:42:26] host.gateway ERR: ['src/arch/x86/kvm/x86_cpu.cc:1653: warn: kvm-x86: MSR (0x40000103) unsupported by gem5. Skipping.']
[06:42:26] host.gateway ERR: ['src/arch/x86/kvm/x86_cpu.cc:1653: warn: kvm-x86: MSR (0x40000104) unsupported by gem5. Skipping.']
[06:42:26] host.gateway ERR: ['src/arch/x86/kvm/x86_cpu.cc:1653: warn: kvm-x86: MSR (0x40000105) unsupported by gem5. Skipping.']
[06:42:26] host.gateway ERR: ['src/arch/x86/kvm/x86_cpu.cc:1653: warn: kvm-x86: MSR (0x40000003) unsupported by gem5. Skipping.']
[06:42:26] host.gateway ERR: ['src/arch/x86/kvm/x86_cpu.cc:1653: warn: kvm-x86: MSR (0x40000002) unsupported by gem5. Skipping.']
[06:42:26] host.gateway ERR: ['src/arch/x86/kvm/x86_cpu.cc:1653: warn: kvm-x86: MSR (0x40000010) unsupported by gem5. Skipping.']
[06:42:26] host.gateway ERR: ['src/arch/x86/kvm/x86_cpu.cc:1653: warn: kvm-x86: MSR (0x40000080) unsupported by gem5. Skipping.']
[06:42:26] host.gateway ERR: ['src/arch/x86/kvm/x86_cpu.cc:1653: warn: kvm-x86: MSR (0x400000b0) unsupported by gem5. Skipping.']
[06:42:26] host.gateway ERR: ['src/arch/x86/kvm/x86_cpu.cc:1653: warn: kvm-x86: MSR (0x40000073) unsupported by gem5. Skipping.']
[06:42:26] host.gateway ERR: ['src/arch/x86/kvm/x86_cpu.cc:1653: warn: kvm-x86: MSR (0x40000106) unsupported by gem5. Skipping.']
[06:42:26] host.gateway ERR: ['src/arch/x86/kvm/x86_cpu.cc:1653: warn: kvm-x86: MSR (0x40000107) unsupported by gem5. Skipping.']
[06:42:26] host.gateway ERR: ['src/arch/x86/kvm/x86_cpu.cc:1653: warn: kvm-x86: MSR (0x40000108) unsupported by gem5. Skipping.']
[06:42:26] host.gateway ERR: ['src/arch/x86/kvm/x86_cpu.cc:1653: warn: kvm-x86: MSR (0x4b564d02) unsupported by gem5. Skipping.']
[06:42:26] host.gateway ERR: ['src/arch/x86/kvm/x86_cpu.cc:1653: warn: kvm-x86: MSR (0x4b564d03) unsupported by gem5. Skipping.']
[06:42:26] host.gateway ERR: ['src/arch/x86/kvm/x86_cpu.cc:1653: warn: kvm-x86: MSR (0x4b564d04) unsupported by gem5. Skipping.']
[06:42:26] host.gateway ERR: ['src/arch/x86/kvm/x86_cpu.cc:1653: warn: kvm-x86: MSR (0x3b) unsupported by gem5. Skipping.']
[06:42:26] host.gateway ERR: ['src/arch/x86/kvm/x86_cpu.cc:1653: warn: kvm-x86: MSR (0x6e0) unsupported by gem5. Skipping.']
[06:42:26] host.gateway ERR: ['src/arch/x86/kvm/x86_cpu.cc:1653: warn: kvm-x86: MSR (0x10a) unsupported by gem5. Skipping.']
[06:42:26] host.gateway ERR: ['src/arch/x86/kvm/x86_cpu.cc:1653: warn: kvm-x86: MSR (0x1a0) unsupported by gem5. Skipping.']
[06:42:26] host.gateway ERR: ['src/arch/x86/kvm/x86_cpu.cc:1653: warn: kvm-x86: MSR (0x4d0) unsupported by gem5. Skipping.']
[06:42:26] host.gateway ERR: ['src/arch/x86/kvm/x86_cpu.cc:1653: warn: kvm-x86: MSR (0x9e) unsupported by gem5. Skipping.']
[06:42:26] host.gateway ERR: ['src/arch/x86/kvm/x86_cpu.cc:1653: warn: kvm-x86: MSR (0x34) unsupported by gem5. Skipping.']
[06:42:26] host.gateway ERR: ['src/arch/x86/kvm/x86_cpu.cc:1653: warn: kvm-x86: MSR (0xce) unsupported by gem5. Skipping.']
[06:42:26] host.gateway ERR: ['src/arch/x86/kvm/x86_cpu.cc:1653: warn: kvm-x86: MSR (0x140) unsupported by gem5. Skipping.']
[06:42:26] host.gateway ERR: ['src/arch/x86/kvm/x86_cpu.cc:1653: warn: kvm-x86: MSR (0x1fc) unsupported by gem5. Skipping.']
[06:42:26] host.gateway ERR: ['src/arch/x86/kvm/x86_cpu.cc:1653: warn: kvm-x86: MSR (0x480) unsupported by gem5. Skipping.']
[06:42:26] host.gateway ERR: ['src/arch/x86/kvm/x86_cpu.cc:1653: warn: kvm-x86: MSR (0x48d) unsupported by gem5. Skipping.']
[06:42:26] host.gateway ERR: ['src/arch/x86/kvm/x86_cpu.cc:1653: warn: kvm-x86: MSR (0x48e) unsupported by gem5. Skipping.']
[06:42:26] host.gateway ERR: ['src/arch/x86/kvm/x86_cpu.cc:1653: warn: kvm-x86: MSR (0x48f) unsupported by gem5. Skipping.']
[06:42:26] host.gateway ERR: ['src/arch/x86/kvm/x86_cpu.cc:1653: warn: kvm-x86: MSR (0x490) unsupported by gem5. Skipping.']
[06:42:26] host.gateway ERR: ['src/arch/x86/kvm/x86_cpu.cc:1653: warn: kvm-x86: MSR (0x485) unsupported by gem5. Skipping.']
[06:42:26] host.gateway ERR: ['src/arch/x86/kvm/x86_cpu.cc:1653: warn: kvm-x86: MSR (0x486) unsupported by gem5. Skipping.']
[06:42:26] host.gateway ERR: ['src/arch/x86/kvm/x86_cpu.cc:1653: warn: kvm-x86: MSR (0x488) unsupported by gem5. Skipping.']
[06:42:26] host.gateway ERR: ['src/arch/x86/kvm/x86_cpu.cc:1653: warn: kvm-x86: MSR (0x48a) unsupported by gem5. Skipping.']
[06:42:26] host.gateway ERR: ['src/arch/x86/kvm/x86_cpu.cc:1653: warn: kvm-x86: MSR (0x48b) unsupported by gem5. Skipping.']
[06:42:26] host.gateway ERR: ['src/arch/x86/kvm/x86_cpu.cc:1653: warn: kvm-x86: MSR (0x48c) unsupported by gem5. Skipping.']
[06:42:26] host.gateway ERR: ['src/arch/x86/kvm/x86_cpu.cc:1653: warn: kvm-x86: MSR (0x491) unsupported by gem5. Skipping.']
[06:42:26] host.gateway ERR: ['src/arch/x86/kvm/x86_cpu.cc:1653: warn: kvm-x86: MSR (0xc0010015) unsupported by gem5. Skipping.']
[06:42:26] host.gateway ERR: ['src/arch/x86/kvm/x86_cpu.cc:1653: warn: kvm-x86: MSR (0x4b564d05) unsupported by gem5. Skipping.']
[06:42:26] host.gateway ERR: ["src/dev/x86/pc.cc:117: warn: Don't know what interrupt to clear for console."]
[06:42:26] host.gateway OUT: ['[    0.000000] Linux version 6.5.0 (root@ubuntu) (gcc (Ubuntu 11.4.0-1ubuntu1~22.04) 11.4.0, GNU ld (GNU Binutils for Ubuntu) 2.38) #1 SMP PREEMPT_DYNAMIC Tue Feb 18 02:43:08 UTC 2025\r']
[06:42:26] host.gateway OUT: ['[    0.000000] Command line: earlyprintk=ttyS0 console=ttyS0 net.ifnames=0 root=/dev/sda1 simbricks_guest_input=/dev/sdb rw\r']
[06:42:26] host.gateway OUT: ['[    0.000000] KERNEL supported cpus:\r']
[06:42:26] host.gateway OUT: ['[    0.000000]   Intel GenuineIntel\r']
[06:42:26] host.gateway OUT: ['[    0.000000]   AMD AuthenticAMD\r']
[06:42:26] host.gateway OUT: ['[    0.000000]   Hygon HygonGenuine\r']
[06:42:26] host.gateway OUT: ['[    0.000000]   Centaur CentaurHauls\r']
[06:42:26] host.gateway OUT: ['[    0.000000]   zhaoxin   Shanghai  \r']
[06:42:26] host.gateway OUT: ['[    0.000000] BIOS-provided physical RAM map:\r']
[06:42:26] host.gateway OUT: ['[    0.000000] BIOS-e820: [mem 0x0000000000000000-0x000000000009fbff] usable\r']
[06:42:26] host.gateway OUT: ['[    0.000000] BIOS-e820: [mem 0x000000000009fc00-0x00000000000fffff] reserved\r']
[06:42:26] host.gateway OUT: ['[    0.000000] BIOS-e820: [mem 0x0000000000100000-0x00000000bfffffff] usable\r']
[06:42:26] host.gateway OUT: ['[    0.000000] BIOS-e820: [mem 0x00000000ffff0000-0x00000000ffffffff] reserved\r']
[06:42:26] host.gateway OUT: ['[    0.000000] BIOS-e820: [mem 0x0000000100000000-0x000000013fffffff] usable\r']
[06:42:26] host.gateway OUT: ['[    0.000000] printk: bootconsole [earlyser0] enabled\r']
[06:42:26] host.gateway OUT: ['[    0.000000] NX (Execute Disable) protection: active\r']
[06:42:26] host.gateway OUT: ['[    0.000000] SMBIOS 2.5 present.\r']
[06:42:26] host.gateway OUT: ['[    0.000000] DMI:  , BIOS  06/08/2008\r']
[06:42:26] host.gateway OUT: ['[    0.000000] last_pfn = 0x140000 max_arch_pfn = 0x400000000\r']
[06:42:26] host.gateway OUT: ['[    0.000000] MTRRs disabled by BIOS\r']
[06:42:26] host.gateway OUT: ['[    0.000000] x86/PAT: Configuration [0-7]: WB  WC  UC- UC  WB  WP  UC- WT  \r']
[06:42:26] host.gateway OUT: ['[    0.000000] last_pfn = 0xc0000 max_arch_pfn = 0x400000000\r']
[06:42:26] host.gateway OUT: ['[    0.000000] found SMP MP-table at [mem 0x000f0050-0x000f005f]\r']
[06:42:26] host.gateway OUT: ['[    0.000000] ACPI: Early table checksum verification disabled\r']
[06:42:26] host.gateway OUT: ['[    0.000000] ACPI: RSDP 0x00000000000F01C0 000024 (v02       )\r']
[06:42:26] host.gateway OUT: ['[    0.000000] ACPI: XSDT 0x00000000000F0208 000024 (v01                 00000000      00000000)\r']
[06:42:26] host.gateway OUT: ['[    0.000000] ACPI BIOS Error (bug): Invalid table length 0x24 in RSDT/XSDT (20230331/tbutils-290)\r']
[06:42:26] host.gateway OUT: ['[    0.000000] No NUMA configuration found\r']
[06:42:26] host.gateway OUT: ['[    0.000000] Faking a node at [mem 0x0000000000000000-0x000000013fffffff]\r']
[06:42:26] host.gateway OUT: ['[    0.000000] NODE_DATA(0) allocated [mem 0x13ffd3000-0x13fffdfff]\r']
[06:42:26] host.gateway OUT: ['[    0.000000] Zone ranges:\r']
[06:42:26] host.gateway OUT: ['[    0.000000]   DMA      [mem 0x0000000000001000-0x0000000000ffffff]\r']
[06:42:26] host.gateway OUT: ['[    0.000000]   DMA32    [mem 0x0000000001000000-0x00000000ffffffff]\r']
[06:42:26] host.gateway OUT: ['[    0.000000]   Normal   [mem 0x0000000100000000-0x000000013fffffff]\r']
[06:42:26] host.gateway OUT: ['[    0.000000]   Device   empty\r']
[06:42:26] host.gateway OUT: ['[    0.000000] Movable zone start for each node\r']
[06:42:26] host.gateway OUT: ['[    0.000000] Early memory node ranges\r']
[06:42:26] host.gateway OUT: ['[    0.000000]   node   0: [mem 0x0000000000001000-0x000000000009efff]\r']
[06:42:26] host.gateway OUT: ['[    0.000000]   node   0: [mem 0x0000000000100000-0x00000000bfffffff]\r']
[06:42:26] host.gateway OUT: ['[    0.000000]   node   0: [mem 0x0000000100000000-0x000000013fffffff]\r']
[06:42:26] host.gateway OUT: ['[    0.000000] Initmem setup node 0 [mem 0x0000000000001000-0x000000013fffffff]\r']
[06:42:26] host.gateway OUT: ['[    0.000000] On node 0, zone DMA: 1 pages in unavailable ranges\r']
[06:42:26] host.gateway OUT: ['[    0.000000] On node 0, zone DMA: 97 pages in unavailable ranges\r']
[06:42:26] host.gateway OUT: ['[    0.000000] Intel MultiProcessor Specification v1.4\r']
[06:42:26] host.gateway OUT: ['[    0.000000] MPTABLE: OEM ID: \r']
[06:42:26] host.gateway OUT: ['[    0.000000] MPTABLE: Product ID: \r']
[06:42:26] host.gateway OUT: ['[    0.000000] MPTABLE: APIC at: 0xFEE00000\r']
[06:42:26] host.gateway OUT: ['[    0.000000] Processor #0 (Bootup-CPU)\r']
[06:42:26] host.gateway OUT: ['[    0.000000] IOAPIC[0]: apic_id 1, version 20, address 0xfec00000, GSI 0-23\r']
[06:42:26] host.gateway OUT: ['[    0.000000] Processors: 1\r']
[06:42:26] host.gateway OUT: ['[    0.000000] smpboot: Allowing 1 CPUs, 0 hotplug CPUs\r']
[06:42:26] host.gateway OUT: ['[    0.000000] PM: hibernation: Registered nosave memory: [mem 0x00000000-0x00000fff]\r']
[06:42:26] host.gateway OUT: ['[    0.000000] PM: hibernation: Registered nosave memory: [mem 0x0009f000-0x0009ffff]\r']
[06:42:26] host.gateway OUT: ['[    0.000000] PM: hibernation: Registered nosave memory: [mem 0x000a0000-0x000fffff]\r']
[06:42:26] host.gateway OUT: ['[    0.000000] PM: hibernation: Registered nosave memory: [mem 0xc0000000-0xfffeffff]\r']
[06:42:26] host.gateway OUT: ['[    0.000000] PM: hibernation: Registered nosave memory: [mem 0xffff0000-0xffffffff]\r']
[06:42:26] host.gateway OUT: ['[    0.000000] [mem 0xc0000000-0xfffeffff] available for PCI devices\r']
[06:42:26] host.gateway OUT: ['[    0.000000] Booting paravirtualized kernel on bare hardware\r']
[06:42:26] host.gateway OUT: ['[    0.000000] clocksource: refined-jiffies: mask: 0xffffffff max_cycles: 0xffffffff, max_idle_ns: 7645519600211568 ns\r']
[06:42:26] host.gateway OUT: ['[    0.000000] setup_percpu: NR_CPUS:8192 nr_cpumask_bits:1 nr_cpu_ids:1 nr_node_ids:1\r']
[06:42:26] host.gateway OUT: ['[    0.000000] percpu: Embedded 64 pages/cpu s225280 r8192 d28672 u2097152\r']
[06:42:26] host.gateway OUT: ['[    0.000000] Kernel command line: earlyprintk=ttyS0 console=ttyS0 net.ifnames=0 root=/dev/sda1 simbricks_guest_input=/dev/sdb rw\r']
[06:42:26] host.gateway OUT: ['[    0.000000] Unknown kernel command line parameters "simbricks_guest_input=/dev/sdb", will be passed to user space.\r']
[06:42:26] host.gateway OUT: ['[    0.000000] Dentry cache hash table entries: 524288 (order: 10, 4194304 bytes, linear)\r']
[06:42:26] host.gateway OUT: ['[    0.000000] Inode-cache hash table entries: 262144 (order: 9, 2097152 bytes, linear)\r']
[06:42:26] host.gateway OUT: ['[    0.000000] Fallback order for Node 0: 0 \r']
[06:42:26] host.gateway OUT: ['[    0.000000] Built 1 zonelists, mobility grouping on.  Total pages: 1031936\r']
[06:42:26] host.gateway OUT: ['[    0.000000] Policy zone: Normal\r']
[06:42:27] host.gateway OUT: ['[    0.000000] mem auto-init: stack:off, heap alloc:on, heap free:off\r']
[06:42:27] host.gateway OUT: ['[    0.000000] software IO TLB: area num 1.\r']
[06:42:27] host.gateway OUT: ['[    0.000000] Memory: 3993044K/4193912K available (20480K kernel code, 4221K rwdata, 12488K rodata, 4804K init, 17432K bss, 200612K reserved, 0K cma-reserved)\r']
[06:42:27] host.gateway OUT: ['[    0.000000] SLUB: HWalign=64, Order=0-3, MinObjects=0, CPUs=1, Nodes=1\r']
[06:42:27] host.gateway OUT: ['Poking KASLR using RDTSC...\r']
[06:42:27] host.gateway OUT: ['[    0.000000] ftrace: allocating 51791 entries in 203 pages\r']
[06:42:27] host.gateway OUT: ['[    0.000000] ftrace: allocated 203 pages with 5 groups\r']
[06:42:27] host.gateway OUT: ['[    0.000000] Dynamic Preempt: voluntary\r']
[06:42:27] host.gateway OUT: ['[    0.000000] rcu: Preemptible hierarchical RCU implementation.\r']
[06:42:27] host.gateway OUT: ['[    0.000000] rcu: \tRCU restricting CPUs from NR_CPUS=8192 to nr_cpu_ids=1.\r']
[06:42:27] host.gateway OUT: ['[    0.000000] \tTrampoline variant of Tasks RCU enabled.\r']
[06:42:27] host.gateway OUT: ['[    0.000000] \tRude variant of Tasks RCU enabled.\r']
[06:42:27] host.gateway OUT: ['[    0.000000] \tTracing variant of Tasks RCU enabled.\r']
[06:42:27] host.gateway OUT: ['[    0.000000] rcu: RCU calculated value of scheduler-enlistment delay is 25 jiffies.\r']
[06:42:27] host.gateway OUT: ['[    0.000000] rcu: Adjusting geometry for rcu_fanout_leaf=16, nr_cpu_ids=1\r']
[06:42:27] host.gateway OUT: ['[    0.000000] NR_IRQS: 524544, nr_irqs: 256, preallocated irqs: 16\r']
[06:42:27] host.gateway OUT: ['[    0.000000] rcu: srcu_init: Setting srcu_struct sizes based on contention.\r']
[06:42:27] host.gateway OUT: ['[    0.000000] Console: colour dummy device 80x25\r']
[06:42:27] host.gateway OUT: ['[    0.000000] printk: console [ttyS0] enabled\r']
[06:42:27] host.gateway OUT: ['[    0.000000] printk: console [ttyS0] enabled\r']
[06:42:27] host.gateway OUT: ['[    0.000000] printk: bootconsole [earlyser0] disabled\r']
[06:42:27] host.gateway OUT: ['[    0.000000] printk: bootconsole [earlyser0] disabled\r']
[06:42:27] host.gateway OUT: ['[    0.000000] APIC: Switch to symmetric I/O mode setup\r']
[06:42:27] host.compute1 ERR: ['src/cpu/kvm/base.cc:169: info: KVM: Coalesced MMIO disabled by config.']
[06:42:27] host.gateway OUT: ['[    0.000000] ExtINT not setup in hardware but reported by MP table\r']
[06:42:27] host.compute1 ERR: ['src/cpu/kvm/base.cc:169: info: KVM: Coalesced MMIO disabled by config.']
[06:42:27] host.controller ERR: ['src/cpu/kvm/base.cc:169: info: KVM: Coalesced MMIO disabled by config.']
[06:42:27] host.compute1 ERR: ['src/cpu/kvm/base.cc:169: info: KVM: Coalesced MMIO disabled by config.']
[06:42:27] host.compute1 ERR: ['src/cpu/kvm/base.cc:169: info: KVM: Coalesced MMIO disabled by config.']
[06:42:27] host.controller ERR: ['src/cpu/kvm/base.cc:169: info: KVM: Coalesced MMIO disabled by config.']
[06:42:27] host.gateway OUT: ['[    0.000000] ..TIMER: vector=0x30 apic1=0 pin1=2 apic2=0 pin2=0\r']
[06:42:27] host.compute1 ERR: ['src/cpu/kvm/base.cc:169: info: KVM: Coalesced MMIO disabled by config.']
[06:42:27] host.controller ERR: ['src/cpu/kvm/base.cc:169: info: KVM: Coalesced MMIO disabled by config.']
[06:42:27] host.compute1 ERR: ['src/cpu/kvm/base.cc:169: info: KVM: Coalesced MMIO disabled by config.']
[06:42:27] host.controller ERR: ['src/cpu/kvm/base.cc:169: info: KVM: Coalesced MMIO disabled by config.']
[06:42:27] host.compute1 ERR: ['src/cpu/kvm/base.cc:169: info: KVM: Coalesced MMIO disabled by config.']
[06:42:27] host.controller ERR: ['src/cpu/kvm/base.cc:169: info: KVM: Coalesced MMIO disabled by config.']
[06:42:27] host.compute1 ERR: ['src/cpu/kvm/base.cc:169: info: KVM: Coalesced MMIO disabled by config.']
[06:42:27] host.controller ERR: ['src/cpu/kvm/base.cc:169: info: KVM: Coalesced MMIO disabled by config.']
[06:42:27] host.controller ERR: ['src/cpu/kvm/base.cc:169: info: KVM: Coalesced MMIO disabled by config.']
[06:42:27] host.controller ERR: ['src/cpu/kvm/base.cc:169: info: KVM: Coalesced MMIO disabled by config.']
[06:42:27] host.compute1 OUT: ['gem5 Simulator System.  https://www.gem5.org']
[06:42:27] host.compute1 OUT: ['gem5 is copyrighted software; use the --copyright option for details.']
[06:42:27] host.compute1 OUT: ['']
[06:42:27] host.compute1 OUT: ['gem5 version 23.1.0.0']
[06:42:27] host.compute1 OUT: ['gem5 compiled Feb  8 2025 07:06:29']
[06:42:27] host.compute1 OUT: ['gem5 started Feb 18 2025 06:42:21']
[06:42:27] host.compute1 OUT: ['gem5 executing on 645bc0d4e478, pid 103']
[06:42:27] host.compute1 OUT: ["command line: /workspace/sim/simbricks/sims/external/gem5/build/X86/gem5.fast --outdir=/workspace/out/sim/ubuntu_mysql/1/gem5-out.compute1 /workspace/sim/simbricks/sims/external/gem5/configs/simbricks/simbricks.py --caches --l2cache --l1d_size=32kB --l1i_size=32kB --l2_size=32MB --l1d_assoc=8 --l1i_assoc=8 --l2_assoc=16 --cacheline_size=64 --cpu-clock=4GHz --sys-clock=1GHz --checkpoint-dir=/workspace/out/sim/ubuntu_mysql/0/gem5-cp.compute1 --kernel=/workspace/out/images/ubuntu/vmlinux --command-line 'earlyprintk=ttyS0 console=ttyS0 net.ifnames=0 root=/dev/sda1 simbricks_guest_input=/dev/sdb rw' --disk-image=/workspace/out/images/ubuntu/disks/compute1_phase1/disk.raw --disk-image=/workspace/out/sim/ubuntu_mysql/1/cfg.compute1.tar --cpu-type=X86KvmCPU --mem-size=16384MB --num-cpus=8 --mem-type=DDR4_2400_16x4 --simbricks-eth-e1000=listen:/workspace/out/sim/ubuntu_mysql/1/n2h.eth.management_net.compute1:/workspace/out/sim/ubuntu_mysql/1/n2h.shm.management_net.compute1:latency=1000ns:sync_interval=1000ns --simbricks-eth-e1000=listen:/workspace/out/sim/ubuntu_mysql/1/n2h.eth.provider_net.compute1:/workspace/out/sim/ubuntu_mysql/1/n2h.shm.provider_net.compute1:latency=1000ns:sync_interval=1000ns"]
[06:42:27] host.compute1 OUT: ['']
[06:42:27] host.compute1 OUT: ['info: Standard input is not a terminal, disabling listeners.']
[06:42:27] host.compute1 OUT: ['adding simbricks eth: listen:/workspace/out/sim/ubuntu_mysql/1/n2h.eth.management_net.compute1:/workspace/out/sim/ubuntu_mysql/1/n2h.shm.management_net.compute1:latency=1000ns:sync_interval=1000ns']
[06:42:27] host.compute1 OUT: ['adding simbricks eth: listen:/workspace/out/sim/ubuntu_mysql/1/n2h.eth.provider_net.compute1:/workspace/out/sim/ubuntu_mysql/1/n2h.shm.provider_net.compute1:latency=1000ns:sync_interval=1000ns']
[06:42:27] host.compute1 OUT: ['connecting 2 pci & eth simbricks adapters']
[06:42:27] host.compute1 OUT: ['connecting 0 mem simbricks adapters']
[06:42:27] host.compute1 OUT: ['**** REAL SIMULATION ****']
[06:42:27] host.compute1 ERR: ['src/sim/simulate.cc:199: info: Entering event queue @ 0.  Starting simulation...']
[06:42:27] host.compute1 ERR: ['src/arch/x86/kvm/x86_cpu.cc:1653: warn: kvm-x86: MSR (0x3a) unsupported by gem5. Skipping.']
[06:42:27] host.compute1 ERR: ['src/arch/x86/kvm/x86_cpu.cc:1653: warn: kvm-x86: MSR (0xd90) unsupported by gem5. Skipping.']
[06:42:27] host.compute1 ERR: ['src/arch/x86/kvm/x86_cpu.cc:1653: warn: kvm-x86: MSR (0x48) unsupported by gem5. Skipping.']
[06:42:27] host.compute1 ERR: ['src/arch/x86/kvm/x86_cpu.cc:1653: warn: kvm-x86: MSR (0x309) unsupported by gem5. Skipping.']
[06:42:27] host.compute1 ERR: ['src/arch/x86/kvm/x86_cpu.cc:1653: warn: kvm-x86: MSR (0x30a) unsupported by gem5. Skipping.']
[06:42:27] host.compute1 ERR: ['src/arch/x86/kvm/x86_cpu.cc:1653: warn: kvm-x86: MSR (0x30b) unsupported by gem5. Skipping.']
[06:42:27] host.compute1 ERR: ['src/arch/x86/kvm/x86_cpu.cc:1653: warn: kvm-x86: MSR (0x38d) unsupported by gem5. Skipping.']
[06:42:27] host.compute1 ERR: ['src/arch/x86/kvm/x86_cpu.cc:1653: warn: kvm-x86: MSR (0x38e) unsupported by gem5. Skipping.']
[06:42:27] host.compute1 ERR: ['src/arch/x86/kvm/x86_cpu.cc:1653: warn: kvm-x86: MSR (0x38f) unsupported by gem5. Skipping.']
[06:42:27] host.compute1 ERR: ['src/arch/x86/kvm/x86_cpu.cc:1653: warn: kvm-x86: MSR (0x390) unsupported by gem5. Skipping.']
[06:42:27] host.compute1 ERR: ['src/arch/x86/kvm/x86_cpu.cc:1653: warn: kvm-x86: MSR (0xc1) unsupported by gem5. Skipping.']
[06:42:27] host.compute1 ERR: ['src/arch/x86/kvm/x86_cpu.cc:1653: warn: kvm-x86: MSR (0xc2) unsupported by gem5. Skipping.']
[06:42:27] host.compute1 ERR: ['src/arch/x86/kvm/x86_cpu.cc:1653: warn: kvm-x86: MSR (0xc3) unsupported by gem5. Skipping.']
[06:42:27] host.compute1 ERR: ['src/arch/x86/kvm/x86_cpu.cc:1653: warn: kvm-x86: MSR (0xc4) unsupported by gem5. Skipping.']
[06:42:27] host.compute1 ERR: ['src/arch/x86/kvm/x86_cpu.cc:1653: warn: kvm-x86: MSR (0x186) unsupported by gem5. Skipping.']
[06:42:27] host.compute1 ERR: ['src/arch/x86/kvm/x86_cpu.cc:1653: warn: kvm-x86: MSR (0x187) unsupported by gem5. Skipping.']
[06:42:27] host.compute1 ERR: ['src/arch/x86/kvm/x86_cpu.cc:1653: warn: kvm-x86: MSR (0x188) unsupported by gem5. Skipping.']
[06:42:27] host.compute1 ERR: ['src/arch/x86/kvm/x86_cpu.cc:1653: warn: kvm-x86: MSR (0x189) unsupported by gem5. Skipping.']
[06:42:27] host.compute1 ERR: ['src/arch/x86/kvm/x86_cpu.cc:1653: warn: kvm-x86: MSR (0x12) unsupported by gem5. Skipping.']
[06:42:27] host.compute1 ERR: ['src/arch/x86/kvm/x86_cpu.cc:1653: warn: kvm-x86: MSR (0x11) unsupported by gem5. Skipping.']
[06:42:27] host.compute1 ERR: ['src/arch/x86/kvm/x86_cpu.cc:1653: warn: kvm-x86: MSR (0x4b564d01) unsupported by gem5. Skipping.']
[06:42:27] host.compute1 ERR: ['src/arch/x86/kvm/x86_cpu.cc:1653: warn: kvm-x86: MSR (0x4b564d00) unsupported by gem5. Skipping.']
[06:42:27] host.compute1 ERR: ['src/arch/x86/kvm/x86_cpu.cc:1653: warn: kvm-x86: MSR (0x40000000) unsupported by gem5. Skipping.']
[06:42:27] host.compute1 ERR: ['src/arch/x86/kvm/x86_cpu.cc:1653: warn: kvm-x86: MSR (0x40000001) unsupported by gem5. Skipping.']
[06:42:27] host.compute1 ERR: ['src/arch/x86/kvm/x86_cpu.cc:1653: warn: kvm-x86: MSR (0x40000020) unsupported by gem5. Skipping.']
[06:42:27] host.compute1 ERR: ['src/arch/x86/kvm/x86_cpu.cc:1653: warn: kvm-x86: MSR (0x40000021) unsupported by gem5. Skipping.']
[06:42:27] host.compute1 ERR: ['src/arch/x86/kvm/x86_cpu.cc:1653: warn: kvm-x86: MSR (0x40000022) unsupported by gem5. Skipping.']
[06:42:27] host.compute1 ERR: ['src/arch/x86/kvm/x86_cpu.cc:1653: warn: kvm-x86: MSR (0x40000023) unsupported by gem5. Skipping.']
[06:42:27] host.compute1 ERR: ['src/arch/x86/kvm/x86_cpu.cc:1653: warn: kvm-x86: MSR (0x40000100) unsupported by gem5. Skipping.']
[06:42:27] host.compute1 ERR: ['src/arch/x86/kvm/x86_cpu.cc:1653: warn: kvm-x86: MSR (0x40000101) unsupported by gem5. Skipping.']
[06:42:27] host.compute1 ERR: ['src/arch/x86/kvm/x86_cpu.cc:1653: warn: kvm-x86: MSR (0x40000102) unsupported by gem5. Skipping.']
[06:42:27] host.compute1 ERR: ['src/arch/x86/kvm/x86_cpu.cc:1653: warn: kvm-x86: MSR (0x40000103) unsupported by gem5. Skipping.']
[06:42:27] host.compute1 ERR: ['src/arch/x86/kvm/x86_cpu.cc:1653: warn: kvm-x86: MSR (0x40000104) unsupported by gem5. Skipping.']
[06:42:27] host.compute1 ERR: ['src/arch/x86/kvm/x86_cpu.cc:1653: warn: kvm-x86: MSR (0x40000105) unsupported by gem5. Skipping.']
[06:42:27] host.compute1 ERR: ['src/arch/x86/kvm/x86_cpu.cc:1653: warn: kvm-x86: MSR (0x40000003) unsupported by gem5. Skipping.']
[06:42:27] host.compute1 ERR: ['src/arch/x86/kvm/x86_cpu.cc:1653: warn: kvm-x86: MSR (0x40000002) unsupported by gem5. Skipping.']
[06:42:27] host.compute1 ERR: ['src/arch/x86/kvm/x86_cpu.cc:1653: warn: kvm-x86: MSR (0x40000010) unsupported by gem5. Skipping.']
[06:42:27] host.compute1 ERR: ['src/arch/x86/kvm/x86_cpu.cc:1653: warn: kvm-x86: MSR (0x40000080) unsupported by gem5. Skipping.']
[06:42:27] host.compute1 ERR: ['src/arch/x86/kvm/x86_cpu.cc:1653: warn: kvm-x86: MSR (0x400000b0) unsupported by gem5. Skipping.']
[06:42:27] host.compute1 ERR: ['src/arch/x86/kvm/x86_cpu.cc:1653: warn: kvm-x86: MSR (0x40000073) unsupported by gem5. Skipping.']
[06:42:27] host.compute1 ERR: ['src/arch/x86/kvm/x86_cpu.cc:1653: warn: kvm-x86: MSR (0x40000106) unsupported by gem5. Skipping.']
[06:42:27] host.compute1 ERR: ['src/arch/x86/kvm/x86_cpu.cc:1653: warn: kvm-x86: MSR (0x40000107) unsupported by gem5. Skipping.']
[06:42:27] host.compute1 ERR: ['src/arch/x86/kvm/x86_cpu.cc:1653: warn: kvm-x86: MSR (0x40000108) unsupported by gem5. Skipping.']
[06:42:27] host.compute1 ERR: ['src/arch/x86/kvm/x86_cpu.cc:1653: warn: kvm-x86: MSR (0x4b564d02) unsupported by gem5. Skipping.']
[06:42:27] host.compute1 ERR: ['src/arch/x86/kvm/x86_cpu.cc:1653: warn: kvm-x86: MSR (0x4b564d03) unsupported by gem5. Skipping.']
[06:42:27] host.compute1 ERR: ['src/arch/x86/kvm/x86_cpu.cc:1653: warn: kvm-x86: MSR (0x4b564d04) unsupported by gem5. Skipping.']
[06:42:27] host.compute1 ERR: ['src/arch/x86/kvm/x86_cpu.cc:1653: warn: kvm-x86: MSR (0x3b) unsupported by gem5. Skipping.']
[06:42:27] host.compute1 ERR: ['src/arch/x86/kvm/x86_cpu.cc:1653: warn: kvm-x86: MSR (0x6e0) unsupported by gem5. Skipping.']
[06:42:27] host.compute1 ERR: ['src/arch/x86/kvm/x86_cpu.cc:1653: warn: kvm-x86: MSR (0x10a) unsupported by gem5. Skipping.']
[06:42:27] host.compute1 ERR: ['src/arch/x86/kvm/x86_cpu.cc:1653: warn: kvm-x86: MSR (0x1a0) unsupported by gem5. Skipping.']
[06:42:27] host.compute1 ERR: ['src/arch/x86/kvm/x86_cpu.cc:1653: warn: kvm-x86: MSR (0x4d0) unsupported by gem5. Skipping.']
[06:42:27] host.compute1 ERR: ['src/arch/x86/kvm/x86_cpu.cc:1653: warn: kvm-x86: MSR (0x9e) unsupported by gem5. Skipping.']
[06:42:27] host.compute1 ERR: ['src/arch/x86/kvm/x86_cpu.cc:1653: warn: kvm-x86: MSR (0x34) unsupported by gem5. Skipping.']
[06:42:27] host.compute1 ERR: ['src/arch/x86/kvm/x86_cpu.cc:1653: warn: kvm-x86: MSR (0xce) unsupported by gem5. Skipping.']
[06:42:27] host.compute1 ERR: ['src/arch/x86/kvm/x86_cpu.cc:1653: warn: kvm-x86: MSR (0x140) unsupported by gem5. Skipping.']
[06:42:27] host.compute1 ERR: ['src/arch/x86/kvm/x86_cpu.cc:1653: warn: kvm-x86: MSR (0x1fc) unsupported by gem5. Skipping.']
[06:42:27] host.compute1 ERR: ['src/arch/x86/kvm/x86_cpu.cc:1653: warn: kvm-x86: MSR (0x480) unsupported by gem5. Skipping.']
[06:42:27] host.compute1 ERR: ['src/arch/x86/kvm/x86_cpu.cc:1653: warn: kvm-x86: MSR (0x48d) unsupported by gem5. Skipping.']
[06:42:27] host.compute1 ERR: ['src/arch/x86/kvm/x86_cpu.cc:1653: warn: kvm-x86: MSR (0x48e) unsupported by gem5. Skipping.']
[06:42:27] host.compute1 ERR: ['src/arch/x86/kvm/x86_cpu.cc:1653: warn: kvm-x86: MSR (0x48f) unsupported by gem5. Skipping.']
[06:42:27] host.compute1 ERR: ['src/arch/x86/kvm/x86_cpu.cc:1653: warn: kvm-x86: MSR (0x490) unsupported by gem5. Skipping.']
[06:42:27] host.compute1 ERR: ['src/arch/x86/kvm/x86_cpu.cc:1653: warn: kvm-x86: MSR (0x485) unsupported by gem5. Skipping.']
[06:42:27] host.compute1 ERR: ['src/arch/x86/kvm/x86_cpu.cc:1653: warn: kvm-x86: MSR (0x486) unsupported by gem5. Skipping.']
[06:42:27] host.compute1 ERR: ['src/arch/x86/kvm/x86_cpu.cc:1653: warn: kvm-x86: MSR (0x488) unsupported by gem5. Skipping.']
[06:42:27] host.compute1 ERR: ['src/arch/x86/kvm/x86_cpu.cc:1653: warn: kvm-x86: MSR (0x48a) unsupported by gem5. Skipping.']
[06:42:27] host.compute1 ERR: ['src/arch/x86/kvm/x86_cpu.cc:1653: warn: kvm-x86: MSR (0x48b) unsupported by gem5. Skipping.']
[06:42:27] host.compute1 ERR: ['src/arch/x86/kvm/x86_cpu.cc:1653: warn: kvm-x86: MSR (0x48c) unsupported by gem5. Skipping.']
[06:42:27] host.compute1 ERR: ['src/arch/x86/kvm/x86_cpu.cc:1653: warn: kvm-x86: MSR (0x491) unsupported by gem5. Skipping.']
[06:42:27] host.compute1 ERR: ['src/arch/x86/kvm/x86_cpu.cc:1653: warn: kvm-x86: MSR (0xc0010015) unsupported by gem5. Skipping.']
[06:42:27] host.compute1 ERR: ['src/arch/x86/kvm/x86_cpu.cc:1653: warn: kvm-x86: MSR (0x4b564d05) unsupported by gem5. Skipping.']
[06:42:27] host.controller OUT: ['gem5 Simulator System.  https://www.gem5.org']
[06:42:27] host.controller OUT: ['gem5 is copyrighted software; use the --copyright option for details.']
[06:42:27] host.controller OUT: ['']
[06:42:27] host.controller OUT: ['gem5 version 23.1.0.0']
[06:42:27] host.controller OUT: ['gem5 compiled Feb  8 2025 07:06:29']
[06:42:27] host.controller OUT: ['gem5 started Feb 18 2025 06:42:21']
[06:42:27] host.controller OUT: ['gem5 executing on 645bc0d4e478, pid 101']
[06:42:27] host.controller OUT: ["command line: /workspace/sim/simbricks/sims/external/gem5/build/X86/gem5.fast --outdir=/workspace/out/sim/ubuntu_mysql/1/gem5-out.controller /workspace/sim/simbricks/sims/external/gem5/configs/simbricks/simbricks.py --caches --l2cache --l1d_size=32kB --l1i_size=32kB --l2_size=32MB --l1d_assoc=8 --l1i_assoc=8 --l2_assoc=16 --cacheline_size=64 --cpu-clock=4GHz --sys-clock=1GHz --checkpoint-dir=/workspace/out/sim/ubuntu_mysql/0/gem5-cp.controller --kernel=/workspace/out/images/ubuntu/vmlinux --command-line 'earlyprintk=ttyS0 console=ttyS0 net.ifnames=0 root=/dev/sda1 simbricks_guest_input=/dev/sdb rw' --disk-image=/workspace/out/images/ubuntu/disks/controller_phase1/disk.raw --disk-image=/workspace/out/sim/ubuntu_mysql/1/cfg.controller.tar --cpu-type=X86KvmCPU --mem-size=16384MB --num-cpus=8 --mem-type=DDR4_2400_16x4 --simbricks-eth-e1000=listen:/workspace/out/sim/ubuntu_mysql/1/n2h.eth.management_net.controller:/workspace/out/sim/ubuntu_mysql/1/n2h.shm.management_net.controller:latency=1000ns:sync_interval=1000ns --simbricks-eth-e1000=listen:/workspace/out/sim/ubuntu_mysql/1/n2h.eth.provider_net.controller:/workspace/out/sim/ubuntu_mysql/1/n2h.shm.provider_net.controller:latency=1000ns:sync_interval=1000ns"]
[06:42:27] host.controller OUT: ['']
[06:42:27] host.controller OUT: ['info: Standard input is not a terminal, disabling listeners.']
[06:42:27] host.controller OUT: ['adding simbricks eth: listen:/workspace/out/sim/ubuntu_mysql/1/n2h.eth.management_net.controller:/workspace/out/sim/ubuntu_mysql/1/n2h.shm.management_net.controller:latency=1000ns:sync_interval=1000ns']
[06:42:27] host.controller OUT: ['adding simbricks eth: listen:/workspace/out/sim/ubuntu_mysql/1/n2h.eth.provider_net.controller:/workspace/out/sim/ubuntu_mysql/1/n2h.shm.provider_net.controller:latency=1000ns:sync_interval=1000ns']
[06:42:27] host.controller OUT: ['connecting 2 pci & eth simbricks adapters']
[06:42:27] host.controller OUT: ['connecting 0 mem simbricks adapters']
[06:42:27] host.controller OUT: ['**** REAL SIMULATION ****']
[06:42:27] host.controller ERR: ['src/sim/simulate.cc:199: info: Entering event queue @ 0.  Starting simulation...']
[06:42:27] host.controller ERR: ['src/arch/x86/kvm/x86_cpu.cc:1653: warn: kvm-x86: MSR (0x3a) unsupported by gem5. Skipping.']
[06:42:27] host.controller ERR: ['src/arch/x86/kvm/x86_cpu.cc:1653: warn: kvm-x86: MSR (0xd90) unsupported by gem5. Skipping.']
[06:42:27] host.controller ERR: ['src/arch/x86/kvm/x86_cpu.cc:1653: warn: kvm-x86: MSR (0x48) unsupported by gem5. Skipping.']
[06:42:27] host.controller ERR: ['src/arch/x86/kvm/x86_cpu.cc:1653: warn: kvm-x86: MSR (0x309) unsupported by gem5. Skipping.']
[06:42:27] host.controller ERR: ['src/arch/x86/kvm/x86_cpu.cc:1653: warn: kvm-x86: MSR (0x30a) unsupported by gem5. Skipping.']
[06:42:27] host.controller ERR: ['src/arch/x86/kvm/x86_cpu.cc:1653: warn: kvm-x86: MSR (0x30b) unsupported by gem5. Skipping.']
[06:42:27] host.controller ERR: ['src/arch/x86/kvm/x86_cpu.cc:1653: warn: kvm-x86: MSR (0x38d) unsupported by gem5. Skipping.']
[06:42:27] host.controller ERR: ['src/arch/x86/kvm/x86_cpu.cc:1653: warn: kvm-x86: MSR (0x38e) unsupported by gem5. Skipping.']
[06:42:27] host.controller ERR: ['src/arch/x86/kvm/x86_cpu.cc:1653: warn: kvm-x86: MSR (0x38f) unsupported by gem5. Skipping.']
[06:42:27] host.controller ERR: ['src/arch/x86/kvm/x86_cpu.cc:1653: warn: kvm-x86: MSR (0x390) unsupported by gem5. Skipping.']
[06:42:27] host.controller ERR: ['src/arch/x86/kvm/x86_cpu.cc:1653: warn: kvm-x86: MSR (0xc1) unsupported by gem5. Skipping.']
[06:42:27] host.controller ERR: ['src/arch/x86/kvm/x86_cpu.cc:1653: warn: kvm-x86: MSR (0xc2) unsupported by gem5. Skipping.']
[06:42:27] host.controller ERR: ['src/arch/x86/kvm/x86_cpu.cc:1653: warn: kvm-x86: MSR (0xc3) unsupported by gem5. Skipping.']
[06:42:27] host.controller ERR: ['src/arch/x86/kvm/x86_cpu.cc:1653: warn: kvm-x86: MSR (0xc4) unsupported by gem5. Skipping.']
[06:42:27] host.controller ERR: ['src/arch/x86/kvm/x86_cpu.cc:1653: warn: kvm-x86: MSR (0x186) unsupported by gem5. Skipping.']
[06:42:27] host.controller ERR: ['src/arch/x86/kvm/x86_cpu.cc:1653: warn: kvm-x86: MSR (0x187) unsupported by gem5. Skipping.']
[06:42:27] host.controller ERR: ['src/arch/x86/kvm/x86_cpu.cc:1653: warn: kvm-x86: MSR (0x188) unsupported by gem5. Skipping.']
[06:42:27] host.controller ERR: ['src/arch/x86/kvm/x86_cpu.cc:1653: warn: kvm-x86: MSR (0x189) unsupported by gem5. Skipping.']
[06:42:27] host.controller ERR: ['src/arch/x86/kvm/x86_cpu.cc:1653: warn: kvm-x86: MSR (0x12) unsupported by gem5. Skipping.']
[06:42:27] host.controller ERR: ['src/arch/x86/kvm/x86_cpu.cc:1653: warn: kvm-x86: MSR (0x11) unsupported by gem5. Skipping.']
[06:42:27] host.controller ERR: ['src/arch/x86/kvm/x86_cpu.cc:1653: warn: kvm-x86: MSR (0x4b564d01) unsupported by gem5. Skipping.']
[06:42:27] host.controller ERR: ['src/arch/x86/kvm/x86_cpu.cc:1653: warn: kvm-x86: MSR (0x4b564d00) unsupported by gem5. Skipping.']
[06:42:27] host.controller ERR: ['src/arch/x86/kvm/x86_cpu.cc:1653: warn: kvm-x86: MSR (0x40000000) unsupported by gem5. Skipping.']
[06:42:27] host.controller ERR: ['src/arch/x86/kvm/x86_cpu.cc:1653: warn: kvm-x86: MSR (0x40000001) unsupported by gem5. Skipping.']
[06:42:27] host.controller ERR: ['src/arch/x86/kvm/x86_cpu.cc:1653: warn: kvm-x86: MSR (0x40000020) unsupported by gem5. Skipping.']
[06:42:27] host.controller ERR: ['src/arch/x86/kvm/x86_cpu.cc:1653: warn: kvm-x86: MSR (0x40000021) unsupported by gem5. Skipping.']
[06:42:27] host.controller ERR: ['src/arch/x86/kvm/x86_cpu.cc:1653: warn: kvm-x86: MSR (0x40000022) unsupported by gem5. Skipping.']
[06:42:27] host.controller ERR: ['src/arch/x86/kvm/x86_cpu.cc:1653: warn: kvm-x86: MSR (0x40000023) unsupported by gem5. Skipping.']
[06:42:27] host.controller ERR: ['src/arch/x86/kvm/x86_cpu.cc:1653: warn: kvm-x86: MSR (0x40000100) unsupported by gem5. Skipping.']
[06:42:27] host.controller ERR: ['src/arch/x86/kvm/x86_cpu.cc:1653: warn: kvm-x86: MSR (0x40000101) unsupported by gem5. Skipping.']
[06:42:27] host.controller ERR: ['src/arch/x86/kvm/x86_cpu.cc:1653: warn: kvm-x86: MSR (0x40000102) unsupported by gem5. Skipping.']
[06:42:27] host.controller ERR: ['src/arch/x86/kvm/x86_cpu.cc:1653: warn: kvm-x86: MSR (0x40000103) unsupported by gem5. Skipping.']
[06:42:27] host.controller ERR: ['src/arch/x86/kvm/x86_cpu.cc:1653: warn: kvm-x86: MSR (0x40000104) unsupported by gem5. Skipping.']
[06:42:27] host.controller ERR: ['src/arch/x86/kvm/x86_cpu.cc:1653: warn: kvm-x86: MSR (0x40000105) unsupported by gem5. Skipping.']
[06:42:27] host.controller ERR: ['src/arch/x86/kvm/x86_cpu.cc:1653: warn: kvm-x86: MSR (0x40000003) unsupported by gem5. Skipping.']
[06:42:27] host.controller ERR: ['src/arch/x86/kvm/x86_cpu.cc:1653: warn: kvm-x86: MSR (0x40000002) unsupported by gem5. Skipping.']
[06:42:27] host.controller ERR: ['src/arch/x86/kvm/x86_cpu.cc:1653: warn: kvm-x86: MSR (0x40000010) unsupported by gem5. Skipping.']
[06:42:27] host.controller ERR: ['src/arch/x86/kvm/x86_cpu.cc:1653: warn: kvm-x86: MSR (0x40000080) unsupported by gem5. Skipping.']
[06:42:27] host.controller ERR: ['src/arch/x86/kvm/x86_cpu.cc:1653: warn: kvm-x86: MSR (0x400000b0) unsupported by gem5. Skipping.']
[06:42:27] host.controller ERR: ['src/arch/x86/kvm/x86_cpu.cc:1653: warn: kvm-x86: MSR (0x40000073) unsupported by gem5. Skipping.']
[06:42:27] host.controller ERR: ['src/arch/x86/kvm/x86_cpu.cc:1653: warn: kvm-x86: MSR (0x40000106) unsupported by gem5. Skipping.']
[06:42:27] host.controller ERR: ['src/arch/x86/kvm/x86_cpu.cc:1653: warn: kvm-x86: MSR (0x40000107) unsupported by gem5. Skipping.']
[06:42:27] host.controller ERR: ['src/arch/x86/kvm/x86_cpu.cc:1653: warn: kvm-x86: MSR (0x40000108) unsupported by gem5. Skipping.']
[06:42:27] host.controller ERR: ['src/arch/x86/kvm/x86_cpu.cc:1653: warn: kvm-x86: MSR (0x4b564d02) unsupported by gem5. Skipping.']
[06:42:27] host.controller ERR: ['src/arch/x86/kvm/x86_cpu.cc:1653: warn: kvm-x86: MSR (0x4b564d03) unsupported by gem5. Skipping.']
[06:42:27] host.controller ERR: ['src/arch/x86/kvm/x86_cpu.cc:1653: warn: kvm-x86: MSR (0x4b564d04) unsupported by gem5. Skipping.']
[06:42:27] host.controller ERR: ['src/arch/x86/kvm/x86_cpu.cc:1653: warn: kvm-x86: MSR (0x3b) unsupported by gem5. Skipping.']
[06:42:27] host.controller ERR: ['src/arch/x86/kvm/x86_cpu.cc:1653: warn: kvm-x86: MSR (0x6e0) unsupported by gem5. Skipping.']
[06:42:27] host.controller ERR: ['src/arch/x86/kvm/x86_cpu.cc:1653: warn: kvm-x86: MSR (0x10a) unsupported by gem5. Skipping.']
[06:42:27] host.controller ERR: ['src/arch/x86/kvm/x86_cpu.cc:1653: warn: kvm-x86: MSR (0x1a0) unsupported by gem5. Skipping.']
[06:42:27] host.controller ERR: ['src/arch/x86/kvm/x86_cpu.cc:1653: warn: kvm-x86: MSR (0x4d0) unsupported by gem5. Skipping.']
[06:42:27] host.controller ERR: ['src/arch/x86/kvm/x86_cpu.cc:1653: warn: kvm-x86: MSR (0x9e) unsupported by gem5. Skipping.']
[06:42:27] host.controller ERR: ['src/arch/x86/kvm/x86_cpu.cc:1653: warn: kvm-x86: MSR (0x34) unsupported by gem5. Skipping.']
[06:42:27] host.controller ERR: ['src/arch/x86/kvm/x86_cpu.cc:1653: warn: kvm-x86: MSR (0xce) unsupported by gem5. Skipping.']
[06:42:27] host.controller ERR: ['src/arch/x86/kvm/x86_cpu.cc:1653: warn: kvm-x86: MSR (0x140) unsupported by gem5. Skipping.']
[06:42:27] host.controller ERR: ['src/arch/x86/kvm/x86_cpu.cc:1653: warn: kvm-x86: MSR (0x1fc) unsupported by gem5. Skipping.']
[06:42:27] host.controller ERR: ['src/arch/x86/kvm/x86_cpu.cc:1653: warn: kvm-x86: MSR (0x480) unsupported by gem5. Skipping.']
[06:42:27] host.controller ERR: ['src/arch/x86/kvm/x86_cpu.cc:1653: warn: kvm-x86: MSR (0x48d) unsupported by gem5. Skipping.']
[06:42:27] host.controller ERR: ['src/arch/x86/kvm/x86_cpu.cc:1653: warn: kvm-x86: MSR (0x48e) unsupported by gem5. Skipping.']
[06:42:27] host.controller ERR: ['src/arch/x86/kvm/x86_cpu.cc:1653: warn: kvm-x86: MSR (0x48f) unsupported by gem5. Skipping.']
[06:42:27] host.controller ERR: ['src/arch/x86/kvm/x86_cpu.cc:1653: warn: kvm-x86: MSR (0x490) unsupported by gem5. Skipping.']
[06:42:27] host.controller ERR: ['src/arch/x86/kvm/x86_cpu.cc:1653: warn: kvm-x86: MSR (0x485) unsupported by gem5. Skipping.']
[06:42:27] host.controller ERR: ['src/arch/x86/kvm/x86_cpu.cc:1653: warn: kvm-x86: MSR (0x486) unsupported by gem5. Skipping.']
[06:42:27] host.controller ERR: ['src/arch/x86/kvm/x86_cpu.cc:1653: warn: kvm-x86: MSR (0x488) unsupported by gem5. Skipping.']
[06:42:27] host.controller ERR: ['src/arch/x86/kvm/x86_cpu.cc:1653: warn: kvm-x86: MSR (0x48a) unsupported by gem5. Skipping.']
[06:42:27] host.controller ERR: ['src/arch/x86/kvm/x86_cpu.cc:1653: warn: kvm-x86: MSR (0x48b) unsupported by gem5. Skipping.']
[06:42:27] host.controller ERR: ['src/arch/x86/kvm/x86_cpu.cc:1653: warn: kvm-x86: MSR (0x48c) unsupported by gem5. Skipping.']
[06:42:27] host.controller ERR: ['src/arch/x86/kvm/x86_cpu.cc:1653: warn: kvm-x86: MSR (0x491) unsupported by gem5. Skipping.']
[06:42:27] host.controller ERR: ['src/arch/x86/kvm/x86_cpu.cc:1653: warn: kvm-x86: MSR (0xc0010015) unsupported by gem5. Skipping.']
[06:42:27] host.controller ERR: ['src/arch/x86/kvm/x86_cpu.cc:1653: warn: kvm-x86: MSR (0x4b564d05) unsupported by gem5. Skipping.']
[06:42:27] host.gateway OUT: ['[    0.032000] tsc: Using PIT calibration value\r']
[06:42:27] host.gateway OUT: ['[    0.032000] tsc: Detected 2948.643 MHz processor\r']
[06:42:27] host.gateway OUT: ['[    0.000006] clocksource: tsc-early: mask: 0xffffffffffffffff max_cycles: 0x2a80c2a6bf7, max_idle_ns: 440795357397 ns\r']
[06:42:27] host.gateway OUT: ['[    0.001882] Calibrating delay loop (skipped), value calculated using timer frequency.. 5897.28 BogoMIPS (lpj=11794572)\r']
[06:42:27] host.gateway OUT: ['[    0.003950] process: using mwait in idle threads\r']
[06:42:27] host.gateway OUT: ['[    0.004748] Last level iTLB entries: 4KB 512, 2MB 8, 4MB 4\r']
[06:42:27] host.gateway OUT: ['[    0.005882] Last level dTLB entries: 4KB 512, 2MB 8, 4MB 4, 1GB 0\r']
[06:42:27] host.compute1 ERR: ["src/dev/x86/pc.cc:117: warn: Don't know what interrupt to clear for console."]
[06:42:27] host.controller ERR: ["src/dev/x86/pc.cc:117: warn: Don't know what interrupt to clear for console."]
[06:42:27] host.gateway OUT: ['[    0.006939] Spectre V1 : Mitigation: usercopy/swapgs barriers and __user pointer sanitization\r']
[06:42:27] host.gateway OUT: ['[    0.008411] Spectre V2 : Mitigation: Retpolines\r']
[06:42:27] host.gateway OUT: ['[    0.009204] Spectre V2 : Spectre v2 / SpectreRSB mitigation: Filling RSB on context switch\r']
[06:42:27] host.gateway OUT: ['[    0.009881] Spectre V2 : Spectre v2 / SpectreRSB : Filling RSB on VMEXIT\r']
[06:42:27] host.gateway OUT: ['[    0.011038] Speculative Store Bypass: Vulnerable\r']
[06:42:27] host.compute1 OUT: ['[    0.000000] Linux version 6.5.0 (root@ubuntu) (gcc (Ubuntu 11.4.0-1ubuntu1~22.04) 11.4.0, GNU ld (GNU Binutils for Ubuntu) 2.38) #1 SMP PREEMPT_DYNAMIC Tue Feb 18 02:43:08 UTC 2025\r']
[06:42:27] host.controller OUT: ['[    0.000000] Linux version 6.5.0 (root@ubuntu) (gcc (Ubuntu 11.4.0-1ubuntu1~22.04) 11.4.0, GNU ld (GNU Binutils for Ubuntu) 2.38) #1 SMP PREEMPT_DYNAMIC Tue Feb 18 02:43:08 UTC 2025\r']
[06:42:27] host.gateway OUT: ['[    0.011836] x86/fpu: x87 FPU will use FXSAVE\r']
[06:42:27] host.compute1 OUT: ['[    0.000000] Command line: earlyprintk=ttyS0 console=ttyS0 net.ifnames=0 root=/dev/sda1 simbricks_guest_input=/dev/sdb rw\r']
[06:42:27] host.controller OUT: ['[    0.000000] Command line: earlyprintk=ttyS0 console=ttyS0 net.ifnames=0 root=/dev/sda1 simbricks_guest_input=/dev/sdb rw\r']
[06:42:27] host.compute1 OUT: ['[    0.000000] KERNEL supported cpus:\r']
[06:42:27] host.controller OUT: ['[    0.000000] KERNEL supported cpus:\r']
[06:42:27] host.compute1 OUT: ['[    0.000000]   Intel GenuineIntel\r']
[06:42:27] host.controller OUT: ['[    0.000000]   Intel GenuineIntel\r']
[06:42:27] host.compute1 OUT: ['[    0.000000]   AMD AuthenticAMD\r']
[06:42:27] host.controller OUT: ['[    0.000000]   AMD AuthenticAMD\r']
[06:42:27] host.compute1 OUT: ['[    0.000000]   Hygon HygonGenuine\r']
[06:42:27] host.controller OUT: ['[    0.000000]   Hygon HygonGenuine\r']
[06:42:27] host.compute1 OUT: ['[    0.000000]   Centaur CentaurHauls\r']
[06:42:27] host.controller OUT: ['[    0.000000]   Centaur CentaurHauls\r']
[06:42:27] host.compute1 OUT: ['[    0.000000]   zhaoxin   Shanghai  \r']
[06:42:27] host.controller OUT: ['[    0.000000]   zhaoxin   Shanghai  \r']
[06:42:27] host.compute1 OUT: ['[    0.000000] BIOS-provided physical RAM map:\r']
[06:42:27] host.controller OUT: ['[    0.000000] BIOS-provided physical RAM map:\r']
[06:42:27] host.compute1 OUT: ['[    0.000000] BIOS-e820: [mem 0x0000000000000000-0x000000000009fbff] usable\r']
[06:42:27] host.controller OUT: ['[    0.000000] BIOS-e820: [mem 0x0000000000000000-0x000000000009fbff] usable\r']
[06:42:27] host.compute1 OUT: ['[    0.000000] BIOS-e820: [mem 0x000000000009fc00-0x00000000000fffff] reserved\r']
[06:42:27] host.controller OUT: ['[    0.000000] BIOS-e820: [mem 0x000000000009fc00-0x00000000000fffff] reserved\r']
[06:42:27] host.compute1 OUT: ['[    0.000000] BIOS-e820: [mem 0x0000000000100000-0x00000000bfffffff] usable\r']
[06:42:27] host.controller OUT: ['[    0.000000] BIOS-e820: [mem 0x0000000000100000-0x00000000bfffffff] usable\r']
[06:42:27] host.compute1 OUT: ['[    0.000000] BIOS-e820: [mem 0x00000000ffff0000-0x00000000ffffffff] reserved\r']
[06:42:27] host.controller OUT: ['[    0.000000] BIOS-e820: [mem 0x00000000ffff0000-0x00000000ffffffff] reserved\r']
[06:42:27] host.compute1 OUT: ['[    0.000000] BIOS-e820: [mem 0x0000000100000000-0x000000043fffffff] usable\r']
[06:42:27] host.compute1 OUT: ['[    0.000000] printk: bootconsole [earlyser0] enabled\r']
[06:42:27] host.compute1 OUT: ['[    0.000000] NX (Execute Disable) protection: active\r']
[06:42:27] host.compute1 OUT: ['[    0.000000] SMBIOS 2.5 present.\r']
[06:42:27] host.controller OUT: ['[    0.000000] BIOS-e820: [mem 0x0000000100000000-0x000000043fffffff] usable\r']
[06:42:27] host.compute1 OUT: ['[    0.000000] DMI:  , BIOS  06/08/2008\r']
[06:42:27] host.controller OUT: ['[    0.000000] printk: bootconsole [earlyser0] enabled\r']
[06:42:27] host.compute1 OUT: ['[    0.000000] last_pfn = 0x440000 max_arch_pfn = 0x400000000\r']
[06:42:27] host.controller OUT: ['[    0.000000] NX (Execute Disable) protection: active\r']
[06:42:27] host.compute1 OUT: ['[    0.000000] MTRRs disabled by BIOS\r']
[06:42:27] host.controller OUT: ['[    0.000000] SMBIOS 2.5 present.\r']
[06:42:27] host.controller OUT: ['[    0.000000] DMI:  , BIOS  06/08/2008\r']
[06:42:27] host.compute1 OUT: ['[    0.000000] x86/PAT: Configuration [0-7]: WB  WC  UC- UC  WB  WP  UC- WT  \r']
[06:42:27] host.gateway OUT: ['[    0.041878] Freeing SMP alternatives memory: 44K\r']
[06:42:27] host.gateway OUT: ['[    0.041884] pid_max: default: 32768 minimum: 301\r']
[06:42:27] host.compute1 OUT: ['[    0.000000] last_pfn = 0xc0000 max_arch_pfn = 0x400000000\r']
[06:42:27] host.controller OUT: ['[    0.000000] last_pfn = 0x440000 max_arch_pfn = 0x400000000\r']
[06:42:27] host.gateway OUT: ['[    0.043175] LSM: initializing lsm=lockdown,capability,landlock,yama,apparmor,integrity\r']
[06:42:27] host.controller OUT: ['[    0.000000] MTRRs disabled by BIOS\r']
[06:42:27] host.compute1 OUT: ['[    0.000000] found SMP MP-table at [mem 0x000f0050-0x000f005f]\r']
[06:42:27] host.gateway OUT: ['[    0.044946] landlock: Up and running.\r']
[06:42:27] host.gateway OUT: ['[    0.045586] Yama: becoming mindful.\r']
[06:42:27] host.controller OUT: ['[    0.000000] x86/PAT: Configuration [0-7]: WB  WC  UC- UC  WB  WP  UC- WT  \r']
[06:42:27] host.gateway OUT: ['[    0.045972] AppArmor: AppArmor initialized\r']
[06:42:27] host.compute1 OUT: ['[    0.000000] ACPI: Early table checksum verification disabled\r']
[06:42:27] host.controller OUT: ['[    0.000000] last_pfn = 0xc0000 max_arch_pfn = 0x400000000\r']
[06:42:27] host.gateway OUT: ['[    0.046930] Mount-cache hash table entries: 8192 (order: 4, 65536 bytes, linear)\r']
[06:42:27] host.controller OUT: ['[    0.000000] found SMP MP-table at [mem 0x000f0050-0x000f005f]\r']
[06:42:27] host.compute1 OUT: ['[    0.000000] ACPI: RSDP 0x00000000000F0250 000024 (v02       )\r']
[06:42:27] host.gateway OUT: ['[    0.048273] Mountpoint-cache hash table entries: 8192 (order: 4, 65536 bytes, linear)\r']
[06:42:27] host.controller OUT: ['[    0.000000] ACPI: Early table checksum verification disabled\r']
[06:42:27] host.compute1 OUT: ['[    0.000000] ACPI: XSDT 0x00000000000F0298 000024 (v01                 00000000      00000000)\r']
[06:42:27] host.controller OUT: ['[    0.000000] ACPI: RSDP 0x00000000000F0250 000024 (v02       )\r']
[06:42:27] host.compute1 OUT: ['[    0.000000] ACPI BIOS Error (bug): Invalid table length 0x24 in RSDT/XSDT (20230331/tbutils-290)\r']
[06:42:27] host.compute1 OUT: ['[    0.000000] No NUMA configuration found\r']
[06:42:27] host.compute1 OUT: ['[    0.000000] Faking a node at [mem 0x0000000000000000-0x000000043fffffff]\r']
[06:42:27] host.controller OUT: ['[    0.000000] ACPI: XSDT 0x00000000000F0298 000024 (v01                 00000000      00000000)\r']
[06:42:27] host.compute1 OUT: ['[    0.000000] NODE_DATA(0) allocated [mem 0x43ffd3000-0x43fffdfff]\r']
[06:42:27] host.compute1 OUT: ['[    0.000000] Zone ranges:\r']
[06:42:27] host.compute1 OUT: ['[    0.000000]   DMA      [mem 0x0000000000001000-0x0000000000ffffff]\r']
[06:42:27] host.controller OUT: ['[    0.000000] ACPI BIOS Error (bug): Invalid table length 0x24 in RSDT/XSDT (20230331/tbutils-290)\r']
[06:42:27] host.compute1 OUT: ['[    0.000000]   DMA32    [mem 0x0000000001000000-0x00000000ffffffff]\r']
[06:42:27] host.controller OUT: ['[    0.000000] No NUMA configuration found\r']
[06:42:27] host.compute1 OUT: ['[    0.000000]   Normal   [mem 0x0000000100000000-0x000000043fffffff]\r']
[06:42:27] host.compute1 OUT: ['[    0.000000]   Device   empty\r']
[06:42:27] host.controller OUT: ['[    0.000000] Faking a node at [mem 0x0000000000000000-0x000000043fffffff]\r']
[06:42:27] host.compute1 OUT: ['[    0.000000] Movable zone start for each node\r']
[06:42:27] host.compute1 OUT: ['[    0.000000] Early memory node ranges\r']
[06:42:27] host.controller OUT: ['[    0.000000] NODE_DATA(0) allocated [mem 0x43ffd3000-0x43fffdfff]\r']
[06:42:27] host.controller OUT: ['[    0.000000] Zone ranges:\r']
[06:42:27] host.compute1 OUT: ['[    0.000000]   node   0: [mem 0x0000000000001000-0x000000000009efff]\r']
[06:42:27] host.controller OUT: ['[    0.000000]   DMA      [mem 0x0000000000001000-0x0000000000ffffff]\r']
[06:42:27] host.compute1 OUT: ['[    0.000000]   node   0: [mem 0x0000000000100000-0x00000000bfffffff]\r']
[06:42:27] host.compute1 OUT: ['[    0.000000]   node   0: [mem 0x0000000100000000-0x000000043fffffff]\r']
[06:42:27] host.controller OUT: ['[    0.000000]   DMA32    [mem 0x0000000001000000-0x00000000ffffffff]\r']
[06:42:27] host.compute1 OUT: ['[    0.000000] Initmem setup node 0 [mem 0x0000000000001000-0x000000043fffffff]\r']
[06:42:27] host.controller OUT: ['[    0.000000]   Normal   [mem 0x0000000100000000-0x000000043fffffff]\r']
[06:42:27] host.controller OUT: ['[    0.000000]   Device   empty\r']
[06:42:27] host.compute1 OUT: ['[    0.000000] On node 0, zone DMA: 1 pages in unavailable ranges\r']
[06:42:27] host.controller OUT: ['[    0.000000] Movable zone start for each node\r']
[06:42:27] host.controller OUT: ['[    0.000000] Early memory node ranges\r']
[06:42:27] host.controller OUT: ['[    0.000000]   node   0: [mem 0x0000000000001000-0x000000000009efff]\r']
[06:42:27] host.controller OUT: ['[    0.000000]   node   0: [mem 0x0000000000100000-0x00000000bfffffff]\r']
[06:42:27] host.controller OUT: ['[    0.000000]   node   0: [mem 0x0000000100000000-0x000000043fffffff]\r']
[06:42:27] host.controller OUT: ['[    0.000000] Initmem setup node 0 [mem 0x0000000000001000-0x000000043fffffff]\r']
[06:42:27] host.controller OUT: ['[    0.000000] On node 0, zone DMA: 1 pages in unavailable ranges\r']
[06:42:27] host.gateway OUT: ['[    0.239661] APIC timer disabled due to verification failure\r']
[06:42:27] host.gateway OUT: ['[    0.240607] smpboot: CPU0: Hygon Fake gem5 x86_64 CPU (family: 0xf, model: 0x25, stepping: 0x1)\r']
[06:42:27] host.gateway OUT: ['[    0.241878] RCU Tasks: Setting shift to 0 and lim to 1 rcu_task_cb_adjust=1.\r']
[06:42:27] host.gateway OUT: ['[    0.241917] RCU Tasks Rude: Setting shift to 0 and lim to 1 rcu_task_cb_adjust=1.\r']
[06:42:27] host.gateway OUT: ['[    0.243234] RCU Tasks Trace: Setting shift to 0 and lim to 1 rcu_task_cb_adjust=1.\r']
[06:42:27] host.gateway OUT: ['[    0.244573] Performance Events: Broken PMU hardware detected, using software events only.\r']
[06:42:27] host.gateway OUT: ['[    0.245882] Failed to access perfctr msr (MSR c0010007 is 0)\r']
[06:42:27] host.gateway OUT: ['[    0.246882] signal: max sigframe size: 1440\r']
[06:42:27] host.gateway OUT: ['[    0.247707] rcu: Hierarchical SRCU implementation.\r']
[06:42:27] host.gateway OUT: ['[    0.248546] rcu: \tMax phase no-delay instances is 1000.\r']
[06:42:27] host.gateway OUT: ['[    0.250446] NMI watchdog: Perf NMI watchdog permanently disabled\r']
[06:42:27] host.gateway OUT: ['[    0.251570] smp: Bringing up secondary CPUs ...\r']
[06:42:27] host.gateway OUT: ['[    0.252396] smp: Brought up 1 node, 1 CPU\r']
[06:42:27] host.gateway OUT: ['[    0.253124] smpboot: Max logical packages: 1\r']
[06:42:27] host.gateway OUT: ['[    0.253878] smpboot: Total of 1 processors activated (5897.28 BogoMIPS)\r']
[06:42:27] host.gateway OUT: ['[    0.254355] devtmpfs: initialized\r']
[06:42:27] host.gateway OUT: ['[    0.255036] x86/mm: Memory block size: 128MB\r']
[06:42:27] host.gateway OUT: ['[    0.256602] clocksource: jiffies: mask: 0xffffffff max_cycles: 0xffffffff, max_idle_ns: 7645041785100000 ns\r']
[06:42:27] host.gateway OUT: ['[    0.257927] futex hash table entries: 256 (order: 2, 16384 bytes, linear)\r']
[06:42:27] host.gateway OUT: ['[    0.259189] pinctrl core: initialized pinctrl subsystem\r']
[06:42:27] host.gateway OUT: ['[    0.260448] PM: RTC time: 00:00:00, date: 2012-01-01\r']
[06:42:27] host.gateway OUT: ['[    0.263529] NET: Registered PF_NETLINK/PF_ROUTE protocol family\r']
[06:42:27] host.gateway OUT: ['[    0.265188] DMA: preallocated 512 KiB GFP_KERNEL pool for atomic allocations\r']
[06:42:27] host.gateway OUT: ['[    0.266262] DMA: preallocated 512 KiB GFP_KERNEL|GFP_DMA pool for atomic allocations\r']
[06:42:27] host.gateway OUT: ['[    0.268010] DMA: preallocated 512 KiB GFP_KERNEL|GFP_DMA32 pool for atomic allocations\r']
[06:42:27] host.gateway OUT: ['[    0.269398] audit: initializing netlink subsys (disabled)\r']
[06:42:27] host.gateway OUT: ["[    0.270033] thermal_sys: Registered thermal governor 'fair_share'\r"]
[06:42:27] host.gateway OUT: ["[    0.270038] thermal_sys: Registered thermal governor 'bang_bang'\r"]
[06:42:27] host.gateway OUT: ["[    0.271116] thermal_sys: Registered thermal governor 'step_wise'\r"]
[06:42:27] host.gateway OUT: ["[    0.272161] thermal_sys: Registered thermal governor 'user_space'\r"]
[06:42:27] host.gateway OUT: ["[    0.273210] thermal_sys: Registered thermal governor 'power_allocator'\r"]
[06:42:27] host.gateway OUT: ['[    0.273878] EISA bus registered\r']
[06:42:27] host.gateway OUT: ['[    0.274430] audit: type=2000 audit(1325376000.300:1): state=initialized audit_enabled=0 res=1\r']
[06:42:27] host.gateway OUT: ['[    0.275912] cpuidle: using governor ladder\r']
[06:42:27] host.gateway OUT: ['[    0.276651] cpuidle: using governor menu\r']
[06:42:27] host.gateway OUT: ['[    0.278286] PCI: Using configuration type 1 for base access\r']
[06:42:27] host.gateway OUT: ['[    0.279455] kprobes: kprobe jump-optimization is enabled. All kprobes are optimized if possible.\r']
[06:42:27] host.gateway OUT: ['[    0.312312] HugeTLB: registered 2.00 MiB page size, pre-allocated 0 pages\r']
[06:42:27] host.gateway OUT: ['[    0.313462] HugeTLB: 28 KiB vmemmap can be freed for a 2.00 MiB page\r']
[06:42:27] host.gateway OUT: ['[    0.314642] ACPI: Interpreter disabled.\r']
[06:42:27] host.gateway OUT: ['[    0.315405] iommu: Default domain type: Translated\r']
[06:42:27] host.gateway OUT: ['[    0.316268] iommu: DMA domain TLB invalidation policy: lazy mode\r']
[06:42:27] host.gateway OUT: ['[    0.317595] SCSI subsystem initialized\r']
[06:42:27] host.gateway OUT: ['[    0.317998] usbcore: registered new interface driver usbfs\r']
[06:42:27] host.gateway OUT: ['[    0.318958] usbcore: registered new interface driver hub\r']
[06:42:27] host.gateway OUT: ['[    0.319878] usbcore: registered new device driver usb\r']
[06:42:27] host.gateway OUT: ['[    0.320788] pps_core: LinuxPPS API ver. 1 registered\r']
[06:42:27] host.gateway OUT: ['[    0.321659] pps_core: Software ver. 5.3.6 - Copyright 2005-2007 Rodolfo Giometti <giometti@linux.it>\r']
[06:42:27] host.gateway OUT: ['[    0.321889] PTP clock support registered\r']
[06:42:27] host.gateway OUT: ['[    0.322738] EDAC MC: Ver: 3.0.0\r']
[06:42:27] host.gateway OUT: ['[    0.323737] NetLabel: Initializing\r']
[06:42:27] host.gateway OUT: ['[    0.324372] NetLabel:  domain hash size = 128\r']
[06:42:27] host.gateway OUT: ['[    0.325154] NetLabel:  protocols = UNLABELED CIPSOv4 CALIPSO\r']
[06:42:27] host.gateway OUT: ['[    0.325905] NetLabel:  unlabeled traffic allowed by default\r']
[06:42:27] host.gateway OUT: ['[    0.326948] PCI: Probing PCI hardware\r']
[06:42:27] host.gateway OUT: ['[    0.327625] PCI host bridge to bus 0000:00\r']
[06:42:27] host.gateway OUT: ['[    0.328356] pci_bus 0000:00: root bus resource [io  0x0000-0xffff]\r']
[06:42:27] host.gateway OUT: ['[    0.329407] pci_bus 0000:00: root bus resource [mem 0x00000000-0xffffffffffff]\r']
[06:42:27] host.gateway OUT: ['[    0.329883] pci_bus 0000:00: No busn resource found for root bus, will use [bus 00-ff]\r']
[06:42:27] host.gateway OUT: ['[    0.331341] pci 0000:00:00.0: [8086:1075] type 00 class 0x020000\r']
[06:42:27] host.gateway OUT: ['[    0.332534] pci 0000:00:00.0: reg 0x10: [mem 0x00000000-0x0001ffff]\r']
[06:42:27] host.gateway OUT: ['[    0.334275] pci 0000:00:00.0: reg 0x30: [mem 0x00000000-0x000007ff pref]\r']
[06:42:27] host.compute1 OUT: ['[    0.000000] On node 0, zone DMA: 97 pages in unavailable ranges\r']
[06:42:27] host.gateway OUT: ['[    0.335695] pci 0000:00:01.0: [8086:1075] type 00 class 0x020000\r']
[06:42:27] host.compute1 OUT: ['[    0.000000] Intel MultiProcessor Specification v1.4\r']
[06:42:27] host.compute1 OUT: ['[    0.000000] MPTABLE: OEM ID: \r']
[06:42:27] host.gateway OUT: ['[    0.336886] pci 0000:00:01.0: reg 0x10: [mem 0x00000000-0x0001ffff]\r']
[06:42:27] host.compute1 OUT: ['[    0.000000] MPTABLE: Product ID: \r']
[06:42:27] host.compute1 OUT: ['[    0.000000] MPTABLE: APIC at: 0xFEE00000\r']
[06:42:27] host.gateway OUT: ['[    0.337986] pci 0000:00:01.0: reg 0x30: [mem 0x00000000-0x000007ff pref]\r']
[06:42:27] host.compute1 OUT: ['[    0.000000] Processor #0 (Bootup-CPU)\r']
[06:42:27] host.gateway OUT: ['[    0.339419] pci 0000:00:04.0: [8086:7111] type 00 class 0x010180\r']
[06:42:27] host.compute1 OUT: ['[    0.000000] Processor #1\r']
[06:42:27] host.compute1 OUT: ['[    0.000000] Processor #2\r']
[06:42:27] host.compute1 OUT: ['[    0.000000] Processor #3\r']
[06:42:27] host.gateway OUT: ['[    0.340872] pci 0000:00:04.0: reg 0x20: [io  0x0000-0x000f]\r']
[06:42:27] host.compute1 OUT: ['[    0.000000] Processor #4\r']
[06:42:27] host.compute1 OUT: ['[    0.000000] Processor #5\r']
[06:42:27] host.gateway OUT: ['[    0.341878] pci 0000:00:04.0: reg 0x30: [mem 0x00000000-0x000007ff pref]\r']
[06:42:27] host.compute1 OUT: ['[    0.000000] Processor #6\r']
[06:42:27] host.compute1 OUT: ['[    0.000000] Processor #7\r']
[06:42:27] host.gateway OUT: ['[    0.341937] pci 0000:00:04.0: legacy IDE quirk: reg 0x10: [io  0x01f0-0x01f7]\r']
[06:42:27] host.gateway OUT: ['[    0.343163] pci 0000:00:04.0: legacy IDE quirk: reg 0x14: [io  0x03f6]\r']
[06:42:27] host.compute1 OUT: ['[    0.000000] IOAPIC[0]: apic_id 8, version 20, address 0xfec00000, GSI 0-23\r']
[06:42:27] host.compute1 OUT: ['[    0.000000] Processors: 8\r']
[06:42:27] host.gateway OUT: ['[    0.344291] pci 0000:00:04.0: legacy IDE quirk: reg 0x18: [io  0x0170-0x0177]\r']
[06:42:27] host.gateway OUT: ['[    0.345541] pci 0000:00:04.0: legacy IDE quirk: reg 0x1c: [io  0x0376]\r']
[06:42:27] host.compute1 OUT: ['[    0.000000] smpboot: Allowing 8 CPUs, 0 hotplug CPUs\r']
[06:42:27] host.gateway OUT: ['[    0.346414] pci_bus 0000:00: busn_res: [bus 00-ff] end is updated to 00\r']
[06:42:27] host.compute1 OUT: ['[    0.000000] PM: hibernation: Registered nosave memory: [mem 0x00000000-0x00000fff]\r']
[06:42:27] host.gateway OUT: ['[    0.347767] vgaarb: loaded\r']
[06:42:27] host.gateway OUT: ['[    0.348402] clocksource: Switched to clocksource tsc-early\r']
[06:42:27] host.compute1 OUT: ['[    0.000000] PM: hibernation: Registered nosave memory: [mem 0x0009f000-0x0009ffff]\r']
[06:42:27] host.compute1 OUT: ['[    0.000000] PM: hibernation: Registered nosave memory: [mem 0x000a0000-0x000fffff]\r']
[06:42:27] host.compute1 OUT: ['[    0.000000] PM: hibernation: Registered nosave memory: [mem 0xc0000000-0xfffeffff]\r']
[06:42:27] host.compute1 OUT: ['[    0.000000] PM: hibernation: Registered nosave memory: [mem 0xffff0000-0xffffffff]\r']
[06:42:27] host.compute1 OUT: ['[    0.000000] [mem 0xc0000000-0xfffeffff] available for PCI devices\r']
[06:42:27] host.compute1 OUT: ['[    0.000000] Booting paravirtualized kernel on bare hardware\r']
[06:42:27] host.compute1 OUT: ['[    0.000000] clocksource: refined-jiffies: mask: 0xffffffff max_cycles: 0xffffffff, max_idle_ns: 7645519600211568 ns\r']
[06:42:27] host.compute1 OUT: ['[    0.000000] setup_percpu: NR_CPUS:8192 nr_cpumask_bits:8 nr_cpu_ids:8 nr_node_ids:1\r']
[06:42:27] host.compute1 OUT: ['[    0.000000] percpu: Embedded 64 pages/cpu s225280 r8192 d28672 u262144\r']
[06:42:27] host.compute1 OUT: ['[    0.000000] Kernel command line: earlyprintk=ttyS0 console=ttyS0 net.ifnames=0 root=/dev/sda1 simbricks_guest_input=/dev/sdb rw\r']
[06:42:27] host.controller OUT: ['[    0.000000] On node 0, zone DMA: 97 pages in unavailable ranges\r']
[06:42:27] host.gateway OUT: ['[    0.369557] VFS: Disk quotas dquot_6.6.0\r']
[06:42:27] host.compute1 OUT: ['[    0.000000] Unknown kernel command line parameters "simbricks_guest_input=/dev/sdb", will be passed to user space.\r']
[06:42:27] host.controller OUT: ['[    0.000000] Intel MultiProcessor Specification v1.4\r']
[06:42:27] host.gateway OUT: ['[    0.370410] VFS: Dquot-cache hash table entries: 512 (order 0, 4096 bytes)\r']
[06:42:27] host.controller OUT: ['[    0.000000] MPTABLE: OEM ID: \r']
[06:42:27] host.gateway OUT: ['[    0.371838] AppArmor: AppArmor Filesystem Enabled\r']
[06:42:27] host.controller OUT: ['[    0.000000] MPTABLE: Product ID: \r']
[06:42:27] host.gateway OUT: ['[    0.372703] pnp: PnP ACPI: disabled\r']
[06:42:27] host.controller OUT: ['[    0.000000] MPTABLE: APIC at: 0xFEE00000\r']
[06:42:27] host.controller OUT: ['[    0.000000] Processor #0 (Bootup-CPU)\r']
[06:42:27] host.gateway OUT: ['[    0.375221] NET: Registered PF_INET protocol family\r']
[06:42:27] host.controller OUT: ['[    0.000000] Processor #1\r']
[06:42:27] host.controller OUT: ['[    0.000000] Processor #2\r']
[06:42:27] host.controller OUT: ['[    0.000000] Processor #3\r']
[06:42:27] host.gateway OUT: ['[    0.376562] IP idents hash table entries: 65536 (order: 7, 524288 bytes, linear)\r']
[06:42:27] host.controller OUT: ['[    0.000000] Processor #4\r']
[06:42:27] host.controller OUT: ['[    0.000000] Processor #5\r']
[06:42:27] host.controller OUT: ['[    0.000000] Processor #6\r']
[06:42:27] host.controller OUT: ['[    0.000000] Processor #7\r']
[06:42:27] host.controller OUT: ['[    0.000000] IOAPIC[0]: apic_id 8, version 20, address 0xfec00000, GSI 0-23\r']
[06:42:27] host.gateway OUT: ['[    0.382400] tcp_listen_portaddr_hash hash table entries: 2048 (order: 3, 32768 bytes, linear)\r']
[06:42:27] host.controller OUT: ['[    0.000000] Processors: 8\r']
[06:42:27] host.gateway OUT: ['[    0.383475] Table-perturb hash table entries: 65536 (order: 6, 262144 bytes, linear)\r']
[06:42:27] host.controller OUT: ['[    0.000000] smpboot: Allowing 8 CPUs, 0 hotplug CPUs\r']
[06:42:27] host.gateway OUT: ['[    0.385787] TCP established hash table entries: 32768 (order: 6, 262144 bytes, linear)\r']
[06:42:27] host.controller OUT: ['[    0.000000] PM: hibernation: Registered nosave memory: [mem 0x00000000-0x00000fff]\r']
[06:42:27] host.gateway OUT: ['[    0.388049] TCP bind hash table entries: 32768 (order: 8, 1048576 bytes, linear)\r']
[06:42:27] host.controller OUT: ['[    0.000000] PM: hibernation: Registered nosave memory: [mem 0x0009f000-0x0009ffff]\r']
[06:42:27] host.compute1 OUT: ['[    0.000000] Dentry cache hash table entries: 2097152 (order: 12, 16777216 bytes, linear)\r']
[06:42:27] host.gateway OUT: ['[    0.389539] TCP: Hash tables configured (established 32768 bind 32768)\r']
[06:42:27] host.gateway OUT: ['[    0.390999] MPTCP token hash table entries: 4096 (order: 4, 98304 bytes, linear)\r']
[06:42:27] host.controller OUT: ['[    0.000000] PM: hibernation: Registered nosave memory: [mem 0x000a0000-0x000fffff]\r']
[06:42:27] host.gateway OUT: ['[    0.392382] UDP hash table entries: 2048 (order: 4, 65536 bytes, linear)\r']
[06:42:27] host.gateway OUT: ['[    0.393680] UDP-Lite hash table entries: 2048 (order: 4, 65536 bytes, linear)\r']
[06:42:27] host.controller OUT: ['[    0.000000] PM: hibernation: Registered nosave memory: [mem 0xc0000000-0xfffeffff]\r']
[06:42:27] host.gateway OUT: ['[    0.395034] NET: Registered PF_UNIX/PF_LOCAL protocol family\r']
[06:42:27] host.gateway OUT: ['[    0.396035] NET: Registered PF_XDP protocol family\r']
[06:42:27] host.controller OUT: ['[    0.000000] PM: hibernation: Registered nosave memory: [mem 0xffff0000-0xffffffff]\r']
[06:42:27] host.gateway OUT: ['[    0.396899] pci 0000:00:00.0: BAR 0: assigned [mem 0xc0000000-0xc001ffff]\r']
[06:42:27] host.gateway OUT: ['[    0.398174] pci 0000:00:01.0: BAR 0: assigned [mem 0xc0020000-0xc003ffff]\r']
[06:42:27] host.controller OUT: ['[    0.000000] [mem 0xc0000000-0xfffeffff] available for PCI devices\r']
[06:42:27] host.gateway OUT: ['[    0.399353] pci 0000:00:00.0: BAR 6: assigned [mem 0xc0040000-0xc00407ff pref]\r']
[06:42:27] host.controller OUT: ['[    0.000000] Booting paravirtualized kernel on bare hardware\r']
[06:42:27] host.compute1 OUT: ['[    0.000000] Inode-cache hash table entries: 1048576 (order: 11, 8388608 bytes, linear)\r']
[06:42:27] host.gateway OUT: ['[    0.400651] pci 0000:00:01.0: BAR 6: assigned [mem 0xc0040800-0xc0040fff pref]\r']
[06:42:27] host.compute1 OUT: ['[    0.000000] Fallback order for Node 0: 0 \r']
[06:42:27] host.gateway OUT: ['[    0.401913] pci 0000:00:04.0: BAR 6: assigned [mem 0xc0041000-0xc00417ff pref]\r']
[06:42:27] host.gateway OUT: ['[    0.403213] pci 0000:00:04.0: BAR 4: assigned [io  0x1000-0x100f]\r']
[06:42:27] host.compute1 OUT: ['[    0.000000] Built 1 zonelists, mobility grouping on.  Total pages: 4128512\r']
[06:42:27] host.controller OUT: ['[    0.000000] clocksource: refined-jiffies: mask: 0xffffffff max_cycles: 0xffffffff, max_idle_ns: 7645519600211568 ns\r']
[06:42:27] host.compute1 OUT: ['[    0.000000] Policy zone: Normal\r']
[06:42:27] host.gateway OUT: ['[    0.404301] pci_bus 0000:00: resource 4 [io  0x0000-0xffff]\r']
[06:42:27] host.gateway OUT: ['[    0.405269] pci_bus 0000:00: resource 5 [mem 0x00000000-0xffffffffffff]\r']
[06:42:27] host.compute1 OUT: ['[    0.000000] mem auto-init: stack:off, heap alloc:on, heap free:off\r']
[06:42:27] host.controller OUT: ['[    0.000000] setup_percpu: NR_CPUS:8192 nr_cpumask_bits:8 nr_cpu_ids:8 nr_node_ids:1\r']
[06:42:27] host.gateway OUT: ['[    0.406491] PCI: CLS 0 bytes, default 64\r']
[06:42:27] host.compute1 OUT: ['[    0.000000] software IO TLB: area num 8.\r']
[06:42:27] host.gateway OUT: ['[    0.407313] PCI-DMA: Using software bounce buffering for IO (SWIOTLB)\r']
[06:42:27] host.gateway OUT: ['[    0.408450] software IO TLB: mapped [mem 0x00000000bc000000-0x00000000c0000000] (64MB)\r']
[06:42:27] host.gateway OUT: ['[    0.409915] platform rtc_cmos: registered platform RTC device (no PNP device found)\r']
[06:42:27] host.controller OUT: ['[    0.000000] percpu: Embedded 64 pages/cpu s225280 r8192 d28672 u262144\r']
[06:42:27] host.gateway OUT: ['[    0.411595] Initialise system trusted keyrings\r']
[06:42:27] host.gateway OUT: ['[    0.412446] Key type blacklist registered\r']
[06:42:27] host.gateway OUT: ['[    0.413197] workingset: timestamp_bits=36 max_order=20 bucket_order=0\r']
[06:42:27] host.gateway OUT: ['[    0.414334] zbud: loaded\r']
[06:42:27] host.controller OUT: ['[    0.000000] Kernel command line: earlyprintk=ttyS0 console=ttyS0 net.ifnames=0 root=/dev/sda1 simbricks_guest_input=/dev/sdb rw\r']
[06:42:27] host.gateway OUT: ['[    0.415542] squashfs: version 4.0 (2009/01/31) Phillip Lougher\r']
[06:42:27] host.gateway OUT: ['[    0.417620] fuse: init (API version 7.38)\r']
[06:42:27] host.gateway OUT: ['[    0.418549] integrity: Platform Keyring initialized\r']
[06:42:27] host.controller OUT: ['[    0.000000] Unknown kernel command line parameters "simbricks_guest_input=/dev/sdb", will be passed to user space.\r']
[06:42:27] host.gateway OUT: ['[    0.427115] Key type asymmetric registered\r']
[06:42:27] host.gateway OUT: ["[    0.427887] Asymmetric key parser 'x509' registered\r"]
[06:42:27] host.gateway OUT: ['[    0.428789] Block layer SCSI generic (bsg) driver version 0.4 loaded (major 243)\r']
[06:42:27] host.gateway OUT: ['[    0.430217] io scheduler mq-deadline registered\r']
[06:42:27] host.gateway OUT: ['[    0.431131] shpchp: Standard Hot Plug PCI Controller Driver version: 0.4\r']
[06:42:27] host.gateway OUT: ['[    0.432537] Serial: 8250/16550 driver, 32 ports, IRQ sharing enabled\r']
[06:42:27] host.gateway OUT: ['[    0.434005] serial8250: ttyS0 at I/O 0x3f8 (irq = 4, base_baud = 115200) is a 8250\r']
[06:42:27] host.gateway OUT: ['[    0.437674] Linux agpgart interface v0.103\r']
[06:42:27] host.gateway OUT: ['[    0.440515] loop: module loaded\r']
[06:42:27] host.gateway OUT: ['[    0.441312] ata_piix 0000:00:04.0: enabling device (0000 -> 0001)\r']
[06:42:27] host.controller OUT: ['[    0.000000] Dentry cache hash table entries: 2097152 (order: 12, 16777216 bytes, linear)\r']
[06:42:27] host.gateway OUT: ['[    0.443167] scsi host0: ata_piix\r']
[06:42:27] host.gateway OUT: ['[    0.444079] scsi host1: ata_piix\r']
[06:42:27] host.gateway OUT: ['[    0.444704] ata1: PATA max UDMA/33 cmd 0x1f0 ctl 0x3f6 bmdma 0x1000 irq 14\r']
[06:42:27] host.gateway OUT: ['[    0.445894] ata2: PATA max UDMA/33 cmd 0x170 ctl 0x376 bmdma 0x1008 irq 15\r']
[06:42:27] host.gateway OUT: ['[    0.447815] tun: Universal TUN/TAP device driver, 1.6\r']
[06:42:27] host.gateway OUT: ['[    0.449165] PPP generic driver version 2.4.2\r']
[06:42:27] host.gateway OUT: ['[    0.450025] VFIO - User Level meta-driver version: 0.3\r']
[06:42:27] host.gateway OUT: ['[    0.451053] i8042: PNP: No PS/2 controller found.\r']
[06:42:27] host.gateway OUT: ['[    0.451901] i8042: Probing ports directly.\r']
[06:42:27] host.gateway OUT: ['[    0.453996] serio: i8042 KBD port at 0x60,0x64 irq 1\r']
[06:42:27] host.gateway OUT: ['[    0.454854] serio: i8042 AUX port at 0x60,0x64 irq 12\r']
[06:42:27] host.controller OUT: ['[    0.000000] Inode-cache hash table entries: 1048576 (order: 11, 8388608 bytes, linear)\r']
[06:42:27] host.gateway OUT: ['[    0.455896] mousedev: PS/2 mouse device common for all mice\r']
[06:42:27] host.controller OUT: ['[    0.000000] Fallback order for Node 0: 0 \r']
[06:42:27] host.gateway OUT: ['[    0.457516] input: AT Translated Set 2 keyboard as /devices/platform/i8042/serio0/input/input0\r']
[06:42:27] host.controller OUT: ['[    0.000000] Built 1 zonelists, mobility grouping on.  Total pages: 4128512\r']
[06:42:27] host.gateway OUT: ['[    0.460237] rtc_cmos rtc_cmos: registered as rtc0\r']
[06:42:27] host.controller OUT: ['[    0.000000] Policy zone: Normal\r']
[06:42:27] host.gateway OUT: ['[    0.461242] rtc_cmos rtc_cmos: setting system clock to 2012-01-01T00:00:00 UTC (1325376000)\r']
[06:42:27] host.controller OUT: ['[    0.000000] mem auto-init: stack:off, heap alloc:on, heap free:off\r']
[06:42:27] host.gateway OUT: ['[    0.462750] rtc_cmos rtc_cmos: alarms up to one day, 114 bytes nvram\r']
[06:42:27] host.controller OUT: ['[    0.000000] software IO TLB: area num 8.\r']
[06:42:27] host.gateway OUT: ['[    0.463877] i2c_dev: i2c /dev entries driver\r']
[06:42:27] host.gateway OUT: ['[    0.464679] device-mapper: core: CONFIG_IMA_DISABLE_HTABLE is disabled. Duplicate IMA measurements will not be recorded in the IMA log.\r']
[06:42:27] host.gateway OUT: ['[    0.466828] device-mapper: uevent: version 1.0.3\r']
[06:42:27] host.gateway OUT: ['[    0.467753] device-mapper: ioctl: 4.48.0-ioctl (2023-03-01) initialised: dm-devel@redhat.com\r']
[06:42:27] host.gateway OUT: ['[    0.469255] platform eisa.0: Probing EISA bus 0\r']
[06:42:27] host.gateway OUT: ['[    0.470176] eisa 00:00: EISA: Mainboard @@@0000 detected\r']
[06:42:27] host.gateway OUT: ['[    0.471170] platform eisa.0: Cannot allocate resource for EISA slot 1\r']
[06:42:27] host.gateway OUT: ['[    0.472387] eisa 00:02: EISA: slot 2: @@@0000 detected (disabled)\r']
[06:42:27] host.gateway OUT: ['[    0.473519] eisa 00:03: EISA: slot 3: @@@0000 detected (disabled)\r']
[06:42:27] host.gateway OUT: ['[    0.474637] eisa 00:04: EISA: slot 4: @@@0000 detected (disabled)\r']
[06:42:27] host.gateway OUT: ['[    0.475864] eisa 00:05: EISA: slot 5: @@@0000 detected (disabled)\r']
[06:42:27] host.gateway OUT: ['[    0.476979] eisa 00:06: EISA: slot 6: @@@0000 detected (disabled)\r']
[06:42:27] host.gateway OUT: ['[    0.478123] eisa 00:07: EISA: slot 7: @@@0000 detected (disabled)\r']
[06:42:27] host.gateway OUT: ['[    0.479288] eisa 00:08: EISA: slot 8: @@@0000 detected (disabled)\r']
[06:42:27] host.gateway OUT: ['[    0.480435] platform eisa.0: EISA: Detected 7 cards\r']
[06:42:27] host.gateway OUT: ['[    0.481305] ledtrig-cpu: registered to indicate activity on CPUs\r']
[06:42:27] host.gateway OUT: ['[    0.482397] drop_monitor: Initializing network drop monitor service\r']
[06:42:27] host.gateway OUT: ['[    0.505016] NET: Registered PF_INET6 protocol family\r']
[06:42:27] host.gateway OUT: ['[    0.506674] Segment Routing with IPv6\r']
[06:42:27] host.gateway OUT: ['[    0.507347] In-situ OAM (IOAM) with IPv6\r']
[06:42:27] host.gateway OUT: ['[    0.507729] NET: Registered PF_PACKET protocol family\r']
[06:42:27] host.gateway OUT: ['[    0.509068] Key type dns_resolver registered\r']
[06:42:27] host.gateway OUT: ['[    0.510053] IPI shorthand broadcast: enabled\r']
[06:42:27] host.gateway OUT: ['[    0.512257] sched_clock: Marking stable (543149514, -34121234)->(562963876, -53935596)\r']
[06:42:27] host.gateway OUT: ['[    0.513859] registered taskstats version 1\r']
[06:42:27] host.gateway OUT: ['[    0.514710] Loading compiled-in X.509 certificates\r']
[06:42:27] host.gateway OUT: ["[    0.516099] Loaded X.509 cert 'Build time autogenerated kernel key: 074adfe1977260bd8196830343a0dd1af21b911e'\r"]
[06:42:27] host.gateway OUT: ['[    0.519605] Key type .fscrypt registered\r']
[06:42:27] host.gateway OUT: ['[    0.520310] Key type fscrypt-provisioning registered\r']
[06:42:27] host.gateway OUT: ['[    0.521426] Key type encrypted registered\r']
[06:42:27] host.gateway OUT: ['[    0.522247] AppArmor: AppArmor sha1 policy hashing enabled\r']
[06:42:27] host.gateway OUT: ['[    0.523216] ima: No TPM chip found, activating TPM-bypass!\r']
[06:42:27] host.gateway OUT: ['[    0.524175] Loading compiled-in module X.509 certificates\r']
[06:42:27] host.gateway OUT: ["[    0.525631] Loaded X.509 cert 'Build time autogenerated kernel key: 074adfe1977260bd8196830343a0dd1af21b911e'\r"]
[06:42:27] host.gateway OUT: ['[    0.527408] ima: Allocated hash algorithm: sha1\r']
[06:42:27] host.gateway OUT: ['[    0.528214] ima: No architecture policies found\r']
[06:42:27] host.gateway OUT: ['[    0.529027] evm: Initialising EVM extended attributes:\r']
[06:42:27] host.gateway OUT: ['[    0.529943] evm: security.selinux\r']
[06:42:27] host.gateway OUT: ['[    0.530539] evm: security.SMACK64\r']
[06:42:27] host.gateway OUT: ['[    0.531121] evm: security.SMACK64EXEC\r']
[06:42:27] host.gateway OUT: ['[    0.531840] evm: security.SMACK64TRANSMUTE\r']
[06:42:27] host.gateway OUT: ['[    0.532579] evm: security.SMACK64MMAP\r']
[06:42:27] host.gateway OUT: ['[    0.533214] evm: security.apparmor\r']
[06:42:27] host.gateway OUT: ['[    0.533832] evm: security.ima\r']
[06:42:27] host.gateway OUT: ['[    0.534363] evm: security.capability\r']
[06:42:27] host.gateway OUT: ['[    0.535005] evm: HMAC attrs: 0x1\r']
[06:42:27] host.gateway OUT: ['[    0.535976] PM:   Magic number: 12:0:0\r']
[06:42:27] host.gateway OUT: ['[    0.536769] RAS: Correctable Errors collector initialized.\r']
[06:42:27] host.gateway OUT: ['[    0.537795] clk: Disabling unused clocks\r']
[06:42:27] host.gateway ERR: ['src/arch/x86/interrupts.cc:550: hack: Assuming logical destinations are 1 << id.']
[06:42:27] host.compute1 OUT: ['[    0.000000] Memory: 16359120K/16776824K available (20480K kernel code, 4221K rwdata, 12488K rodata, 4804K init, 17432K bss, 417448K reserved, 0K cma-reserved)\r']
[06:42:27] host.compute1 OUT: ['[    0.000000] SLUB: HWalign=64, Order=0-3, MinObjects=0, CPUs=8, Nodes=1\r']
[06:42:27] host.compute1 OUT: ['Poking KASLR using RDTSC...\r']
[06:42:27] host.compute1 OUT: ['[    0.000000] ftrace: allocating 51791 entries in 203 pages\r']
[06:42:27] host.compute1 OUT: ['[    0.000000] ftrace: allocated 203 pages with 5 groups\r']
[06:42:27] host.compute1 OUT: ['[    0.000000] Dynamic Preempt: voluntary\r']
[06:42:27] host.compute1 OUT: ['[    0.000000] rcu: Preemptible hierarchical RCU implementation.\r']
[06:42:27] host.compute1 OUT: ['[    0.000000] rcu: \tRCU restricting CPUs from NR_CPUS=8192 to nr_cpu_ids=8.\r']
[06:42:27] host.compute1 OUT: ['[    0.000000] \tTrampoline variant of Tasks RCU enabled.\r']
[06:42:27] host.compute1 OUT: ['[    0.000000] \tRude variant of Tasks RCU enabled.\r']
[06:42:27] host.compute1 OUT: ['[    0.000000] \tTracing variant of Tasks RCU enabled.\r']
[06:42:27] host.compute1 OUT: ['[    0.000000] rcu: RCU calculated value of scheduler-enlistment delay is 25 jiffies.\r']
[06:42:27] host.compute1 OUT: ['[    0.000000] rcu: Adjusting geometry for rcu_fanout_leaf=16, nr_cpu_ids=8\r']
[06:42:27] host.compute1 OUT: ['[    0.000000] NR_IRQS: 524544, nr_irqs: 488, preallocated irqs: 16\r']
[06:42:27] host.compute1 OUT: ['[    0.000000] rcu: srcu_init: Setting srcu_struct sizes based on contention.\r']
[06:42:27] host.compute1 OUT: ['[    0.000000] Console: colour dummy device 80x25\r']
[06:42:27] host.compute1 OUT: ['[    0.000000] printk: console [ttyS0] enabled\r']
[06:42:27] host.compute1 OUT: ['[    0.000000] printk: console [ttyS0] enabled\r']
[06:42:27] host.compute1 OUT: ['[    0.000000] printk: bootconsole [earlyser0] disabled\r']
[06:42:27] host.compute1 OUT: ['[    0.000000] printk: bootconsole [earlyser0] disabled\r']
[06:42:27] host.compute1 OUT: ['[    0.000000] APIC: Switch to symmetric I/O mode setup\r']
[06:42:27] host.controller OUT: ['[    0.000000] Memory: 16359120K/16776824K available (20480K kernel code, 4221K rwdata, 12488K rodata, 4804K init, 17432K bss, 417448K reserved, 0K cma-reserved)\r']
[06:42:27] host.compute1 OUT: ['[    0.000000] ExtINT not setup in hardware but reported by MP table\r']
[06:42:27] host.compute1 OUT: ['[    0.000000] ..TIMER: vector=0x30 apic1=0 pin1=2 apic2=0 pin2=0\r']
[06:42:27] host.controller OUT: ['[    0.000000] SLUB: HWalign=64, Order=0-3, MinObjects=0, CPUs=8, Nodes=1\r']
[06:42:27] host.controller OUT: ['Poking KASLR using RDTSC...\r']
[06:42:27] host.controller OUT: ['[    0.000000] ftrace: allocating 51791 entries in 203 pages\r']
[06:42:27] host.controller OUT: ['[    0.000000] ftrace: allocated 203 pages with 5 groups\r']
[06:42:27] host.controller OUT: ['[    0.000000] Dynamic Preempt: voluntary\r']
[06:42:27] host.controller OUT: ['[    0.000000] rcu: Preemptible hierarchical RCU implementation.\r']
[06:42:27] host.controller OUT: ['[    0.000000] rcu: \tRCU restricting CPUs from NR_CPUS=8192 to nr_cpu_ids=8.\r']
[06:42:27] host.controller OUT: ['[    0.000000] \tTrampoline variant of Tasks RCU enabled.\r']
[06:42:27] host.controller OUT: ['[    0.000000] \tRude variant of Tasks RCU enabled.\r']
[06:42:27] host.controller OUT: ['[    0.000000] \tTracing variant of Tasks RCU enabled.\r']
[06:42:27] host.controller OUT: ['[    0.000000] rcu: RCU calculated value of scheduler-enlistment delay is 25 jiffies.\r']
[06:42:27] host.controller OUT: ['[    0.000000] rcu: Adjusting geometry for rcu_fanout_leaf=16, nr_cpu_ids=8\r']
[06:42:27] host.controller OUT: ['[    0.000000] NR_IRQS: 524544, nr_irqs: 488, preallocated irqs: 16\r']
[06:42:27] host.controller OUT: ['[    0.000000] rcu: srcu_init: Setting srcu_struct sizes based on contention.\r']
[06:42:27] host.controller OUT: ['[    0.000000] Console: colour dummy device 80x25\r']
[06:42:27] host.controller OUT: ['[    0.000000] printk: console [ttyS0] enabled\r']
[06:42:27] host.controller OUT: ['[    0.000000] printk: console [ttyS0] enabled\r']
[06:42:27] host.controller OUT: ['[    0.000000] printk: bootconsole [earlyser0] disabled\r']
[06:42:27] host.controller OUT: ['[    0.000000] printk: bootconsole [earlyser0] disabled\r']
[06:42:27] host.controller OUT: ['[    0.000000] APIC: Switch to symmetric I/O mode setup\r']
[06:42:27] host.controller OUT: ['[    0.000000] ExtINT not setup in hardware but reported by MP table\r']
[06:42:27] host.controller OUT: ['[    0.000000] ..TIMER: vector=0x30 apic1=0 pin1=2 apic2=0 pin2=0\r']
[06:42:27] host.compute1 OUT: ['[    0.032000] tsc: Unable to calibrate against PIT\r']
[06:42:27] host.compute1 OUT: ['[    0.032000] tsc: No reference (HPET/PMTIMER) available\r']
[06:42:27] host.compute1 OUT: ['[    0.032000] tsc: Marking TSC unstable due to could not calculate TSC khz\r']
[06:42:28] host.controller OUT: ['[    0.032000] tsc: Unable to calibrate against PIT\r']
[06:42:28] host.controller OUT: ['[    0.032000] tsc: No reference (HPET/PMTIMER) available\r']
[06:42:28] host.controller OUT: ['[    0.032000] tsc: Marking TSC unstable due to could not calculate TSC khz\r']
[06:42:28] host.gateway OUT: ['[    0.773042] ata1.00: ATA-7: M5 IDE Disk, , max UDMA/66\r']
[06:42:28] host.gateway OUT: ['[    0.773944] ata1.00: 83886080 sectors, multi 0: LBA \r']
[06:42:28] host.gateway OUT: ['[    0.774793] ata1.01: ATA-7: M5 IDE Disk, , max UDMA/66\r']
[06:42:28] host.compute1 OUT: ['[    0.036000] Calibrating delay loop... 6311.93 BogoMIPS (lpj=12623872)\r']
[06:42:28] host.gateway OUT: ['[    0.775678] ata1.01: 40 sectors, multi 0: LBA \r']
[06:42:28] host.compute1 OUT: ['[    0.080000] process: using mwait in idle threads\r']
[06:42:28] host.compute1 OUT: ['[    0.080000] Last level iTLB entries: 4KB 512, 2MB 8, 4MB 4\r']
[06:42:28] host.gateway OUT: ['[    0.778150] scsi 0:0:0:0: Direct-Access     ATA      M5 IDE Disk      n/a  PQ: 0 ANSI: 5\r']
[06:42:28] host.compute1 OUT: ['[    0.080000] Last level dTLB entries: 4KB 512, 2MB 8, 4MB 4, 1GB 0\r']
[06:42:28] host.gateway OUT: ['[    0.779909] sd 0:0:0:0: [sda] 83886080 512-byte logical blocks: (42.9 GB/40.0 GiB)\r']
[06:42:28] host.gateway OUT: ['[    0.781357] sd 0:0:0:0: [sda] Write Protect is off\r']
[06:42:28] host.compute1 OUT: ['[    0.080000] Spectre V1 : Mitigation: usercopy/swapgs barriers and __user pointer sanitization\r']
[06:42:28] host.gateway OUT: ["[    0.782184] sd 0:0:0:0: [sda] Write cache: disabled, read cache: enabled, doesn't support DPO or FUA\r"]
[06:42:28] host.compute1 OUT: ['[    0.084000] Spectre V2 : Mitigation: Retpolines\r']
[06:42:28] host.gateway OUT: ['[    0.783777] sd 0:0:0:0: [sda] Preferred minimum I/O size 512 bytes\r']
[06:42:28] host.gateway OUT: ['[    0.785062] sd 0:0:0:0: Attached scsi generic sg0 type 0\r']
[06:42:28] host.compute1 OUT: ['[    0.084000] Spectre V2 : Spectre v2 / SpectreRSB mitigation: Filling RSB on context switch\r']
[06:42:28] host.gateway OUT: ['[    0.786195] scsi 0:0:1:0: Direct-Access     ATA      M5 IDE Disk      n/a  PQ: 0 ANSI: 5\r']
[06:42:28] host.compute1 OUT: ['[    0.084000] Spectre V2 : Spectre v2 / SpectreRSB : Filling RSB on VMEXIT\r']
[06:42:28] host.gateway OUT: ['[    0.787874] scsi 0:0:1:0: Attached scsi generic sg1 type 0\r']
[06:42:28] host.compute1 OUT: ['[    0.088000] Speculative Store Bypass: Vulnerable\r']
