{
    "exp_name": "ubuntu_mysql",
    "start_time": 1740723038.6211314,
    "end_time": 1740730207.2264326,
    "success": true,
    "interrupted": false,
    "metadata": {},
    "sims": {
        "host.gateway": {
            "class": "OpenstackGem5Host",
            "cmd": [
                "/workspace/sim/simbricks/sims/external/gem5/build/X86/gem5.fast",
                "--outdir=/workspace/out/sim/ubuntu_mysql/1/gem5-out.gateway",
                "/workspace/sim/simbricks/sims/external/gem5/configs/simbricks/simbricks.py",
                "--caches",
                "--l2cache",
                "--l1d_size=32kB",
                "--l1i_size=32kB",
                "--l2_size=32MB",
                "--l1d_assoc=8",
                "--l1i_assoc=8",
                "--l2_assoc=16",
                "--cacheline_size=64",
                "--cpu-clock=4GHz",
                "--sys-clock=1GHz",
                "--checkpoint-dir=/workspace/out/sim/ubuntu_mysql/0/gem5-cp.gateway",
                "--kernel=/workspace/out/images/ubuntu/vmlinux",
                "--command-line",
                "earlyprintk=ttyS0 console=ttyS0 net.ifnames=0 root=/dev/sda1 simbricks_guest_input=/dev/sdb rw",
                "--disk-image=/workspace/out/images/ubuntu/disks/gateway_phase1/disk.raw",
                "--disk-image=/workspace/out/sim/ubuntu_mysql/1/cfg.gateway.tar",
                "--cpu-type=X86KvmCPU",
                "--mem-size=4096MB",
                "--num-cpus=1",
                "--mem-type=DDR4_2400_16x4",
                "--simbricks-eth-e1000=listen:/workspace/out/sim/ubuntu_mysql/1/n2h.eth.management_net.gateway:/workspace/out/sim/ubuntu_mysql/1/n2h.shm.management_net.gateway:latency=1000ns:sync_interval=1000ns",
                "--simbricks-eth-e1000=listen:/workspace/out/sim/ubuntu_mysql/1/n2h.eth.provider_net.gateway:/workspace/out/sim/ubuntu_mysql/1/n2h.shm.provider_net.gateway:latency=1000ns:sync_interval=1000ns"
            ],
            "stdout": [
                "Global frequency set at 1000000000000 ticks per second",
                "gem5 Simulator System.  https://www.gem5.org",
                "gem5 is copyrighted software; use the --copyright option for details.",
                "",
                "gem5 version 23.1.0.0",
                "gem5 compiled Feb  8 2025 07:06:29",
                "gem5 started Feb 28 2025 06:10:38",
                "gem5 executing on 8d51c09d5f22, pid 94",
                "command line: /workspace/sim/simbricks/sims/external/gem5/build/X86/gem5.fast --outdir=/workspace/out/sim/ubuntu_mysql/1/gem5-out.gateway /workspace/sim/simbricks/sims/external/gem5/configs/simbricks/simbricks.py --caches --l2cache --l1d_size=32kB --l1i_size=32kB --l2_size=32MB --l1d_assoc=8 --l1i_assoc=8 --l2_assoc=16 --cacheline_size=64 --cpu-clock=4GHz --sys-clock=1GHz --checkpoint-dir=/workspace/out/sim/ubuntu_mysql/0/gem5-cp.gateway --kernel=/workspace/out/images/ubuntu/vmlinux --command-line 'earlyprintk=ttyS0 console=ttyS0 net.ifnames=0 root=/dev/sda1 simbricks_guest_input=/dev/sdb rw' --disk-image=/workspace/out/images/ubuntu/disks/gateway_phase1/disk.raw --disk-image=/workspace/out/sim/ubuntu_mysql/1/cfg.gateway.tar --cpu-type=X86KvmCPU --mem-size=4096MB --num-cpus=1 --mem-type=DDR4_2400_16x4 --simbricks-eth-e1000=listen:/workspace/out/sim/ubuntu_mysql/1/n2h.eth.management_net.gateway:/workspace/out/sim/ubuntu_mysql/1/n2h.shm.management_net.gateway:latency=1000ns:sync_interval=1000ns --simbricks-eth-e1000=listen:/workspace/out/sim/ubuntu_mysql/1/n2h.eth.provider_net.gateway:/workspace/out/sim/ubuntu_mysql/1/n2h.shm.provider_net.gateway:latency=1000ns:sync_interval=1000ns",
                "",
                "info: Standard input is not a terminal, disabling listeners.",
                "adding simbricks eth: listen:/workspace/out/sim/ubuntu_mysql/1/n2h.eth.management_net.gateway:/workspace/out/sim/ubuntu_mysql/1/n2h.shm.management_net.gateway:latency=1000ns:sync_interval=1000ns",
                "adding simbricks eth: listen:/workspace/out/sim/ubuntu_mysql/1/n2h.eth.provider_net.gateway:/workspace/out/sim/ubuntu_mysql/1/n2h.shm.provider_net.gateway:latency=1000ns:sync_interval=1000ns",
                "connecting 2 pci & eth simbricks adapters",
                "connecting 0 mem simbricks adapters",
                "**** REAL SIMULATION ****",
                "[    0.000000] Linux version 6.5.0 (root@ubuntu) (gcc (Ubuntu 11.4.0-1ubuntu1~22.04) 11.4.0, GNU ld (GNU Binutils for Ubuntu) 2.38) #1 SMP PREEMPT_DYNAMIC Tue Feb 25 07:10:18 UTC 2025\r",
                "[    0.000000] Command line: earlyprintk=ttyS0 console=ttyS0 net.ifnames=0 root=/dev/sda1 simbricks_guest_input=/dev/sdb rw\r",
                "[    0.000000] KERNEL supported cpus:\r",
                "[    0.000000]   Intel GenuineIntel\r",
                "[    0.000000]   AMD AuthenticAMD\r",
                "[    0.000000]   Hygon HygonGenuine\r",
                "[    0.000000]   Centaur CentaurHauls\r",
                "[    0.000000]   zhaoxin   Shanghai  \r",
                "[    0.000000] BIOS-provided physical RAM map:\r",
                "[    0.000000] BIOS-e820: [mem 0x0000000000000000-0x000000000009fbff] usable\r",
                "[    0.000000] BIOS-e820: [mem 0x000000000009fc00-0x00000000000fffff] reserved\r",
                "[    0.000000] BIOS-e820: [mem 0x0000000000100000-0x00000000bfffffff] usable\r",
                "[    0.000000] BIOS-e820: [mem 0x00000000ffff0000-0x00000000ffffffff] reserved\r",
                "[    0.000000] BIOS-e820: [mem 0x0000000100000000-0x000000013fffffff] usable\r",
                "[    0.000000] printk: bootconsole [earlyser0] enabled\r",
                "[    0.000000] NX (Execute Disable) protection: active\r",
                "[    0.000000] SMBIOS 2.5 present.\r",
                "[    0.000000] DMI:  , BIOS  06/08/2008\r",
                "[    0.000000] last_pfn = 0x140000 max_arch_pfn = 0x400000000\r",
                "[    0.000000] MTRRs disabled by BIOS\r",
                "[    0.000000] x86/PAT: Configuration [0-7]: WB  WC  UC- UC  WB  WP  UC- WT  \r",
                "[    0.000000] last_pfn = 0xc0000 max_arch_pfn = 0x400000000\r",
                "[    0.000000] found SMP MP-table at [mem 0x000f0050-0x000f005f]\r",
                "[    0.000000] ACPI: Early table checksum verification disabled\r",
                "[    0.000000] ACPI: RSDP 0x00000000000F01C0 000024 (v02       )\r",
                "[    0.000000] ACPI: XSDT 0x00000000000F0208 000024 (v01                 00000000      00000000)\r",
                "[    0.000000] ACPI BIOS Error (bug): Invalid table length 0x24 in RSDT/XSDT (20230331/tbutils-290)\r",
                "[    0.000000] No NUMA configuration found\r",
                "[    0.000000] Faking a node at [mem 0x0000000000000000-0x000000013fffffff]\r",
                "[    0.000000] NODE_DATA(0) allocated [mem 0x13ffd3000-0x13fffdfff]\r",
                "[    0.000000] Zone ranges:\r",
                "[    0.000000]   DMA      [mem 0x0000000000001000-0x0000000000ffffff]\r",
                "[    0.000000]   DMA32    [mem 0x0000000001000000-0x00000000ffffffff]\r",
                "[    0.000000]   Normal   [mem 0x0000000100000000-0x000000013fffffff]\r",
                "[    0.000000]   Device   empty\r",
                "[    0.000000] Movable zone start for each node\r",
                "[    0.000000] Early memory node ranges\r",
                "[    0.000000]   node   0: [mem 0x0000000000001000-0x000000000009efff]\r",
                "[    0.000000]   node   0: [mem 0x0000000000100000-0x00000000bfffffff]\r",
                "[    0.000000]   node   0: [mem 0x0000000100000000-0x000000013fffffff]\r",
                "[    0.000000] Initmem setup node 0 [mem 0x0000000000001000-0x000000013fffffff]\r",
                "[    0.000000] On node 0, zone DMA: 1 pages in unavailable ranges\r",
                "[    0.000000] On node 0, zone DMA: 97 pages in unavailable ranges\r",
                "[    0.000000] Intel MultiProcessor Specification v1.4\r",
                "[    0.000000] MPTABLE: OEM ID: \r",
                "[    0.000000] MPTABLE: Product ID: \r",
                "[    0.000000] MPTABLE: APIC at: 0xFEE00000\r",
                "[    0.000000] Processor #0 (Bootup-CPU)\r",
                "[    0.000000] IOAPIC[0]: apic_id 1, version 20, address 0xfec00000, GSI 0-23\r",
                "[    0.000000] Processors: 1\r",
                "[    0.000000] smpboot: Allowing 1 CPUs, 0 hotplug CPUs\r",
                "[    0.000000] PM: hibernation: Registered nosave memory: [mem 0x00000000-0x00000fff]\r",
                "[    0.000000] PM: hibernation: Registered nosave memory: [mem 0x0009f000-0x0009ffff]\r",
                "[    0.000000] PM: hibernation: Registered nosave memory: [mem 0x000a0000-0x000fffff]\r",
                "[    0.000000] PM: hibernation: Registered nosave memory: [mem 0xc0000000-0xfffeffff]\r",
                "[    0.000000] PM: hibernation: Registered nosave memory: [mem 0xffff0000-0xffffffff]\r",
                "[    0.000000] [mem 0xc0000000-0xfffeffff] available for PCI devices\r",
                "[    0.000000] Booting paravirtualized kernel on bare hardware\r",
                "[    0.000000] clocksource: refined-jiffies: mask: 0xffffffff max_cycles: 0xffffffff, max_idle_ns: 7645519600211568 ns\r",
                "[    0.000000] setup_percpu: NR_CPUS:8192 nr_cpumask_bits:1 nr_cpu_ids:1 nr_node_ids:1\r",
                "[    0.000000] percpu: Embedded 64 pages/cpu s225280 r8192 d28672 u2097152\r",
                "[    0.000000] Kernel command line: earlyprintk=ttyS0 console=ttyS0 net.ifnames=0 root=/dev/sda1 simbricks_guest_input=/dev/sdb rw\r",
                "[    0.000000] Unknown kernel command line parameters \"simbricks_guest_input=/dev/sdb\", will be passed to user space.\r",
                "[    0.000000] Dentry cache hash table entries: 524288 (order: 10, 4194304 bytes, linear)\r",
                "[    0.000000] Inode-cache hash table entries: 262144 (order: 9, 2097152 bytes, linear)\r",
                "[    0.000000] Fallback order for Node 0: 0 \r",
                "[    0.000000] Built 1 zonelists, mobility grouping on.  Total pages: 1031936\r",
                "[    0.000000] Policy zone: Normal\r",
                "[    0.000000] mem auto-init: stack:off, heap alloc:on, heap free:off\r",
                "[    0.000000] software IO TLB: area num 1.\r",
                "[    0.000000] Memory: 3993044K/4193912K available (20480K kernel code, 4221K rwdata, 12488K rodata, 4804K init, 17432K bss, 200612K reserved, 0K cma-reserved)\r",
                "[    0.000000] SLUB: HWalign=64, Order=0-3, MinObjects=0, CPUs=1, Nodes=1\r",
                "Poking KASLR using RDTSC...\r",
                "[    0.000000] ftrace: allocating 51791 entries in 203 pages\r",
                "[    0.000000] ftrace: allocated 203 pages with 5 groups\r",
                "[    0.000000] Dynamic Preempt: voluntary\r",
                "[    0.000000] rcu: Preemptible hierarchical RCU implementation.\r",
                "[    0.000000] rcu: \tRCU restricting CPUs from NR_CPUS=8192 to nr_cpu_ids=1.\r",
                "[    0.000000] \tTrampoline variant of Tasks RCU enabled.\r",
                "[    0.000000] \tRude variant of Tasks RCU enabled.\r",
                "[    0.000000] \tTracing variant of Tasks RCU enabled.\r",
                "[    0.000000] rcu: RCU calculated value of scheduler-enlistment delay is 25 jiffies.\r",
                "[    0.000000] rcu: Adjusting geometry for rcu_fanout_leaf=16, nr_cpu_ids=1\r",
                "[    0.000000] NR_IRQS: 524544, nr_irqs: 256, preallocated irqs: 16\r",
                "[    0.000000] rcu: srcu_init: Setting srcu_struct sizes based on contention.\r",
                "[    0.000000] Console: colour dummy device 80x25\r",
                "[    0.000000] printk: console [ttyS0] enabled\r",
                "[    0.000000] printk: console [ttyS0] enabled\r",
                "[    0.000000] printk: bootconsole [earlyser0] disabled\r",
                "[    0.000000] printk: bootconsole [earlyser0] disabled\r",
                "[    0.000000] APIC: Switch to symmetric I/O mode setup\r",
                "[    0.000000] ExtINT not setup in hardware but reported by MP table\r",
                "[    0.000000] ..TIMER: vector=0x30 apic1=0 pin1=2 apic2=0 pin2=0\r",
                "[    0.032000] tsc: Using PIT calibration value\r",
                "[    0.032000] tsc: Detected 2883.948 MHz processor\r",
                "[    0.000006] clocksource: tsc-early: mask: 0xffffffffffffffff max_cycles: 0x299207719f5, max_idle_ns: 440795228204 ns\r",
                "[    0.001901] Calibrating delay loop (skipped), value calculated using timer frequency.. 5767.89 BogoMIPS (lpj=11535792)\r",
                "[    0.004011] process: using mwait in idle threads\r",
                "[    0.004844] Last level iTLB entries: 4KB 512, 2MB 8, 4MB 4\r",
                "[    0.005902] Last level dTLB entries: 4KB 512, 2MB 8, 4MB 4, 1GB 0\r",
                "[    0.007003] Spectre V1 : Mitigation: usercopy/swapgs barriers and __user pointer sanitization\r",
                "[    0.008569] Spectre V2 : Mitigation: Retpolines\r",
                "[    0.009407] Spectre V2 : Spectre v2 / SpectreRSB mitigation: Filling RSB on context switch\r",
                "[    0.009902] Spectre V2 : Spectre v2 / SpectreRSB : Filling RSB on VMEXIT\r",
                "[    0.011120] Speculative Store Bypass: Vulnerable\r",
                "[    0.011975] x86/fpu: x87 FPU will use FXSAVE\r",
                "[    0.041899] Freeing SMP alternatives memory: 44K\r",
                "[    0.041904] pid_max: default: 32768 minimum: 301\r",
                "[    0.043189] LSM: initializing lsm=lockdown,capability,landlock,yama,apparmor,integrity\r",
                "[    0.044889] landlock: Up and running.\r",
                "[    0.045550] Yama: becoming mindful.\r",
                "[    0.045983] AppArmor: AppArmor initialized\r",
                "[    0.046921] Mount-cache hash table entries: 8192 (order: 4, 65536 bytes, linear)\r",
                "[    0.048211] Mountpoint-cache hash table entries: 8192 (order: 4, 65536 bytes, linear)\r",
                "[    0.241593] APIC timer disabled due to verification failure\r",
                "[    0.241899] smpboot: CPU0: Hygon Fake gem5 x86_64 CPU (family: 0xf, model: 0x25, stepping: 0x1)\r",
                "[    0.242301] RCU Tasks: Setting shift to 0 and lim to 1 rcu_task_cb_adjust=1.\r",
                "[    0.243570] RCU Tasks Rude: Setting shift to 0 and lim to 1 rcu_task_cb_adjust=1.\r",
                "[    0.244911] RCU Tasks Trace: Setting shift to 0 and lim to 1 rcu_task_cb_adjust=1.\r",
                "[    0.245950] Performance Events: Broken PMU hardware detected, using software events only.\r",
                "[    0.247409] Failed to access perfctr msr (MSR c0010007 is 0)\r",
                "[    0.248482] signal: max sigframe size: 1440\r",
                "[    0.249313] rcu: Hierarchical SRCU implementation.\r",
                "[    0.249902] rcu: \tMax phase no-delay instances is 1000.\r",
                "[    0.251471] NMI watchdog: Perf NMI watchdog permanently disabled\r",
                "[    0.252605] smp: Bringing up secondary CPUs ...\r",
                "[    0.253461] smp: Brought up 1 node, 1 CPU\r",
                "[    0.253908] smpboot: Max logical packages: 1\r",
                "[    0.254760] smpboot: Total of 1 processors activated (5767.89 BogoMIPS)\r",
                "[    0.256475] devtmpfs: initialized\r",
                "[    0.257210] x86/mm: Memory block size: 128MB\r",
                "[    0.258458] clocksource: jiffies: mask: 0xffffffff max_cycles: 0xffffffff, max_idle_ns: 7645041785100000 ns\r",
                "[    0.260233] futex hash table entries: 256 (order: 2, 16384 bytes, linear)\r",
                "[    0.261530] pinctrl core: initialized pinctrl subsystem\r",
                "[    0.261903] PM: RTC time: 00:00:00, date: 2012-01-01\r",
                "[    0.265203] NET: Registered PF_NETLINK/PF_ROUTE protocol family\r",
                "[    0.266432] DMA: preallocated 512 KiB GFP_KERNEL pool for atomic allocations\r",
                "[    0.268154] DMA: preallocated 512 KiB GFP_KERNEL|GFP_DMA pool for atomic allocations\r",
                "[    0.269899] DMA: preallocated 512 KiB GFP_KERNEL|GFP_DMA32 pool for atomic allocations\r",
                "[    0.269912] audit: initializing netlink subsys (disabled)\r",
                "[    0.271165] thermal_sys: Registered thermal governor 'fair_share'\r",
                "[    0.271171] thermal_sys: Registered thermal governor 'bang_bang'\r",
                "[    0.272288] thermal_sys: Registered thermal governor 'step_wise'\r",
                "[    0.273382] thermal_sys: Registered thermal governor 'user_space'\r",
                "[    0.273903] thermal_sys: Registered thermal governor 'power_allocator'\r",
                "[    0.274985] EISA bus registered\r",
                "[    0.276797] audit: type=2000 audit(1325376000.304:1): state=initialized audit_enabled=0 res=1\r",
                "[    0.277906] cpuidle: using governor ladder\r",
                "[    0.278678] cpuidle: using governor menu\r",
                "[    0.279893] PCI: Using configuration type 1 for base access\r",
                "[    0.281091] kprobes: kprobe jump-optimization is enabled. All kprobes are optimized if possible.\r",
                "[    0.313899] HugeTLB: registered 2.00 MiB page size, pre-allocated 0 pages\r",
                "[    0.313902] HugeTLB: 28 KiB vmemmap can be freed for a 2.00 MiB page\r",
                "[    0.315855] ACPI: Interpreter disabled.\r",
                "[    0.316640] iommu: Default domain type: Translated\r",
                "[    0.317509] iommu: DMA domain TLB invalidation policy: lazy mode\r",
                "[    0.318161] SCSI subsystem initialized\r",
                "[    0.318974] usbcore: registered new interface driver usbfs\r",
                "[    0.319965] usbcore: registered new interface driver hub\r",
                "[    0.320949] usbcore: registered new device driver usb\r",
                "[    0.321954] pps_core: LinuxPPS API ver. 1 registered\r",
                "[    0.322842] pps_core: Software ver. 5.3.6 - Copyright 2005-2007 Rodolfo Giometti <giometti@linux.it>\r",
                "[    0.324427] PTP clock support registered\r",
                "[    0.325271] EDAC MC: Ver: 3.0.0\r",
                "[    0.325899] NetLabel: Initializing\r",
                "[    0.325903] NetLabel:  domain hash size = 128\r",
                "[    0.326696] NetLabel:  protocols = UNLABELED CIPSOv4 CALIPSO\r",
                "[    0.327762] NetLabel:  unlabeled traffic allowed by default\r",
                "[    0.328817] PCI: Probing PCI hardware\r",
                "[    0.329524] PCI host bridge to bus 0000:00\r",
                "[    0.329904] pci_bus 0000:00: root bus resource [io  0x0000-0xffff]\r",
                "[    0.331020] pci_bus 0000:00: root bus resource [mem 0x00000000-0xffffffffffff]\r",
                "[    0.332316] pci_bus 0000:00: No busn resource found for root bus, will use [bus 00-ff]\r",
                "[    0.333803] pci 0000:00:00.0: [8086:1075] type 00 class 0x020000\r",
                "[    0.334057] pci 0000:00:00.0: reg 0x10: [mem 0x00000000-0x0001ffff]\r",
                "[    0.335579] pci 0000:00:00.0: reg 0x30: [mem 0x00000000-0x000007ff pref]\r",
                "[    0.337070] pci 0000:00:01.0: [8086:1075] type 00 class 0x020000\r",
                "[    0.338054] pci 0000:00:01.0: reg 0x10: [mem 0x00000000-0x0001ffff]\r",
                "[    0.339572] pci 0000:00:01.0: reg 0x30: [mem 0x00000000-0x000007ff pref]\r",
                "[    0.341112] pci 0000:00:04.0: [8086:7111] type 00 class 0x010180\r",
                "[    0.341994] pci 0000:00:04.0: reg 0x20: [io  0x0000-0x000f]\r",
                "[    0.343080] pci 0000:00:04.0: reg 0x30: [mem 0x00000000-0x000007ff pref]\r",
                "[    0.344277] pci 0000:00:04.0: legacy IDE quirk: reg 0x10: [io  0x01f0-0x01f7]\r",
                "[    0.345580] pci 0000:00:04.0: legacy IDE quirk: reg 0x14: [io  0x03f6]\r",
                "[    0.345902] pci 0000:00:04.0: legacy IDE quirk: reg 0x18: [io  0x0170-0x0177]\r",
                "[    0.347171] pci 0000:00:04.0: legacy IDE quirk: reg 0x1c: [io  0x0376]\r",
                "[    0.348906] pci_bus 0000:00: busn_res: [bus 00-ff] end is updated to 00\r",
                "[    0.349899] vgaarb: loaded\r",
                "[    0.350077] clocksource: Switched to clocksource tsc-early\r",
                "[    0.372988] VFS: Disk quotas dquot_6.6.0\r",
                "[    0.373689] VFS: Dquot-cache hash table entries: 512 (order 0, 4096 bytes)\r",
                "[    0.375091] AppArmor: AppArmor Filesystem Enabled\r",
                "[    0.375918] pnp: PnP ACPI: disabled\r",
                "[    0.378387] NET: Registered PF_INET protocol family\r",
                "[    0.379701] IP idents hash table entries: 65536 (order: 7, 524288 bytes, linear)\r",
                "[    0.385426] tcp_listen_portaddr_hash hash table entries: 2048 (order: 3, 32768 bytes, linear)\r",
                "[    0.387166] Table-perturb hash table entries: 65536 (order: 6, 262144 bytes, linear)\r",
                "[    0.388740] TCP established hash table entries: 32768 (order: 6, 262144 bytes, linear)\r",
                "[    0.390943] TCP bind hash table entries: 32768 (order: 8, 1048576 bytes, linear)\r",
                "[    0.392377] TCP: Hash tables configured (established 32768 bind 32768)\r",
                "[    0.393813] MPTCP token hash table entries: 4096 (order: 4, 98304 bytes, linear)\r",
                "[    0.394842] UDP hash table entries: 2048 (order: 4, 65536 bytes, linear)\r",
                "[    0.396454] UDP-Lite hash table entries: 2048 (order: 4, 65536 bytes, linear)\r",
                "[    0.397780] NET: Registered PF_UNIX/PF_LOCAL protocol family\r",
                "[    0.398793] NET: Registered PF_XDP protocol family\r",
                "[    0.399614] pci 0000:00:00.0: BAR 0: assigned [mem 0xc0000000-0xc001ffff]\r",
                "[    0.400872] pci 0000:00:01.0: BAR 0: assigned [mem 0xc0020000-0xc003ffff]\r",
                "[    0.402048] pci 0000:00:00.0: BAR 6: assigned [mem 0xc0040000-0xc00407ff pref]\r",
                "[    0.403302] pci 0000:00:01.0: BAR 6: assigned [mem 0xc0040800-0xc0040fff pref]\r",
                "[    0.404553] pci 0000:00:04.0: BAR 6: assigned [mem 0xc0041000-0xc00417ff pref]\r",
                "[    0.405818] pci 0000:00:04.0: BAR 4: assigned [io  0x1000-0x100f]\r",
                "[    0.406931] pci_bus 0000:00: resource 4 [io  0x0000-0xffff]\r",
                "[    0.407875] pci_bus 0000:00: resource 5 [mem 0x00000000-0xffffffffffff]\r",
                "[    0.409044] PCI: CLS 0 bytes, default 64\r",
                "[    0.409840] PCI-DMA: Using software bounce buffering for IO (SWIOTLB)\r",
                "[    0.410966] software IO TLB: mapped [mem 0x00000000bc000000-0x00000000c0000000] (64MB)\r",
                "[    0.412406] platform rtc_cmos: registered platform RTC device (no PNP device found)\r",
                "[    0.414089] Initialise system trusted keyrings\r",
                "[    0.414915] Key type blacklist registered\r",
                "[    0.415648] workingset: timestamp_bits=36 max_order=20 bucket_order=0\r",
                "[    0.416777] zbud: loaded\r",
                "[    0.418466] squashfs: version 4.0 (2009/01/31) Phillip Lougher\r",
                "[    0.419941] fuse: init (API version 7.38)\r",
                "[    0.420858] integrity: Platform Keyring initialized\r",
                "[    0.429233] Key type asymmetric registered\r",
                "[    0.429950] Asymmetric key parser 'x509' registered\r",
                "[    0.430845] Block layer SCSI generic (bsg) driver version 0.4 loaded (major 243)\r",
                "[    0.432248] io scheduler mq-deadline registered\r",
                "[    0.433163] shpchp: Standard Hot Plug PCI Controller Driver version: 0.4\r",
                "[    0.434547] Serial: 8250/16550 driver, 32 ports, IRQ sharing enabled\r",
                "[    0.435982] serial8250: ttyS0 at I/O 0x3f8 (irq = 4, base_baud = 115200) is a 8250\r",
                "[    0.439540] Linux agpgart interface v0.103\r",
                "[    0.442378] loop: module loaded\r",
                "[    0.443197] ata_piix 0000:00:04.0: enabling device (0000 -> 0001)\r",
                "[    0.445033] scsi host0: ata_piix\r",
                "[    0.445941] scsi host1: ata_piix\r",
                "[    0.446593] ata1: PATA max UDMA/33 cmd 0x1f0 ctl 0x3f6 bmdma 0x1000 irq 14\r",
                "[    0.447790] ata2: PATA max UDMA/33 cmd 0x170 ctl 0x376 bmdma 0x1008 irq 15\r",
                "[    0.449708] tun: Universal TUN/TAP device driver, 1.6\r",
                "[    0.451038] PPP generic driver version 2.4.2\r",
                "[    0.451910] VFIO - User Level meta-driver version: 0.3\r",
                "[    0.452963] i8042: PNP: No PS/2 controller found.\r",
                "[    0.453788] i8042: Probing ports directly.\r",
                "[    0.455841] serio: i8042 KBD port at 0x60,0x64 irq 1\r",
                "[    0.456684] serio: i8042 AUX port at 0x60,0x64 irq 12\r",
                "[    0.457701] mousedev: PS/2 mouse device common for all mice\r",
                "[    0.458704] input: AT Translated Set 2 keyboard as /devices/platform/i8042/serio0/input/input0\r",
                "[    0.461899] rtc_cmos rtc_cmos: registered as rtc0\r",
                "[    0.462895] rtc_cmos rtc_cmos: setting system clock to 2012-01-01T00:00:00 UTC (1325376000)\r",
                "[    0.464430] rtc_cmos rtc_cmos: alarms up to one day, 114 bytes nvram\r",
                "[    0.465494] i2c_dev: i2c /dev entries driver\r",
                "[    0.466256] device-mapper: core: CONFIG_IMA_DISABLE_HTABLE is disabled. Duplicate IMA measurements will not be recorded in the IMA log.\r",
                "[    0.468382] device-mapper: uevent: version 1.0.3\r",
                "[    0.469341] device-mapper: ioctl: 4.48.0-ioctl (2023-03-01) initialised: dm-devel@redhat.com\r",
                "[    0.470845] platform eisa.0: Probing EISA bus 0\r",
                "[    0.471758] eisa 00:00: EISA: Mainboard @@@0000 detected\r",
                "[    0.472689] platform eisa.0: Cannot allocate resource for EISA slot 1\r",
                "[    0.473949] eisa 00:02: EISA: slot 2: @@@0000 detected (disabled)\r",
                "[    0.475120] eisa 00:03: EISA: slot 3: @@@0000 detected (disabled)\r",
                "[    0.476241] eisa 00:04: EISA: slot 4: @@@0000 detected (disabled)\r",
                "[    0.477385] eisa 00:05: EISA: slot 5: @@@0000 detected (disabled)\r",
                "[    0.478588] eisa 00:06: EISA: slot 6: @@@0000 detected (disabled)\r",
                "[    0.479775] eisa 00:07: EISA: slot 7: @@@0000 detected (disabled)\r",
                "[    0.480981] eisa 00:08: EISA: slot 8: @@@0000 detected (disabled)\r",
                "[    0.482077] platform eisa.0: EISA: Detected 7 cards\r",
                "[    0.483020] ledtrig-cpu: registered to indicate activity on CPUs\r",
                "[    0.484129] drop_monitor: Initializing network drop monitor service\r",
                "[    0.506230] NET: Registered PF_INET6 protocol family\r",
                "[    0.507873] Segment Routing with IPv6\r",
                "[    0.508539] In-situ OAM (IOAM) with IPv6\r",
                "[    0.509230] NET: Registered PF_PACKET protocol family\r",
                "[    0.509634] Key type dns_resolver registered\r",
                "[    0.511182] IPI shorthand broadcast: enabled\r",
                "[    0.513427] sched_clock: Marking stable (545046988, -34100418)->(566059403, -55112833)\r",
                "[    0.514977] registered taskstats version 1\r",
                "[    0.515847] Loading compiled-in X.509 certificates\r",
                "[    0.517228] Loaded X.509 cert 'Build time autogenerated kernel key: 56f70a85535240b2371cc78d2931c4bb12577188'\r",
                "[    0.520774] Key type .fscrypt registered\r",
                "[    0.521485] Key type fscrypt-provisioning registered\r",
                "[    0.522555] Key type encrypted registered\r",
                "[    0.523296] AppArmor: AppArmor sha1 policy hashing enabled\r",
                "[    0.524326] ima: No TPM chip found, activating TPM-bypass!\r",
                "[    0.525264] Loading compiled-in module X.509 certificates\r",
                "[    0.526712] Loaded X.509 cert 'Build time autogenerated kernel key: 56f70a85535240b2371cc78d2931c4bb12577188'\r",
                "[    0.528460] ima: Allocated hash algorithm: sha1\r",
                "[    0.529334] ima: No architecture policies found\r",
                "[    0.530161] evm: Initialising EVM extended attributes:\r",
                "[    0.531052] evm: security.selinux\r",
                "[    0.531660] evm: security.SMACK64\r",
                "[    0.532234] evm: security.SMACK64EXEC\r",
                "[    0.532886] evm: security.SMACK64TRANSMUTE\r",
                "[    0.533668] evm: security.SMACK64MMAP\r",
                "[    0.534310] evm: security.apparmor\r",
                "[    0.534885] evm: security.ima\r",
                "[    0.535431] evm: security.capability\r",
                "[    0.536058] evm: HMAC attrs: 0x1\r",
                "[    0.536978] PM:   Magic number: 12:0:0\r",
                "[    0.537749] RAS: Correctable Errors collector initialized.\r",
                "[    0.538853] clk: Disabling unused clocks\r",
                "[    0.772130] ata1.00: ATA-7: M5 IDE Disk, , max UDMA/66\r",
                "[    0.773061] ata1.00: 83886080 sectors, multi 0: LBA \r",
                "[    0.773952] ata1.01: ATA-7: M5 IDE Disk, , max UDMA/66\r",
                "[    0.774804] ata1.01: 40 sectors, multi 0: LBA \r",
                "[    0.777147] scsi 0:0:0:0: Direct-Access     ATA      M5 IDE Disk      n/a  PQ: 0 ANSI: 5\r",
                "[    0.778895] sd 0:0:0:0: [sda] 83886080 512-byte logical blocks: (42.9 GB/40.0 GiB)\r",
                "[    0.780233] sd 0:0:0:0: [sda] Write Protect is off\r",
                "[    0.781114] sd 0:0:0:0: [sda] Write cache: disabled, read cache: enabled, doesn't support DPO or FUA\r",
                "[    0.782749] sd 0:0:0:0: [sda] Preferred minimum I/O size 512 bytes\r",
                "[    0.784026] sd 0:0:0:0: Attached scsi generic sg0 type 0\r",
                "[    0.785148] scsi 0:0:1:0: Direct-Access     ATA      M5 IDE Disk      n/a  PQ: 0 ANSI: 5\r",
                "[    0.786791] scsi 0:0:1:0: Attached scsi generic sg1 type 0\r",
                "[    0.788684] sd 0:0:1:0: [sdb] 40 512-byte logical blocks: (20.5 kB/20.0 KiB)\r",
                "[    0.790030] sd 0:0:1:0: [sdb] Write Protect is off\r",
                "[    0.790856] sd 0:0:1:0: [sdb] Write cache: disabled, read cache: enabled, doesn't support DPO or FUA\r",
                "[    0.792398] sd 0:0:1:0: [sdb] Preferred minimum I/O size 512 bytes\r",
                "[    0.797236]  sda: sda1 sda14 sda15\r",
                "[    0.797979] sd 0:0:0:0: [sda] Attached SCSI disk\r",
                "[    0.800352] sd 0:0:1:0: [sdb] Attached SCSI disk\r",
                "[    0.801228] md: Waiting for all devices to be available before autodetect\r",
                "[    0.802455] md: If you don't use raid, use raid=noautodetect\r",
                "[    0.803475] md: Autodetecting RAID arrays.\r",
                "[    0.804222] md: autorun ...\r",
                "[    0.804746] md: ... autorun DONE.\r",
                "[    0.814513] EXT4-fs (sda1): mounted filesystem fb16c92c-0f90-4641-b44a-6f01572f0770 r/w with ordered data mode. Quota mode: none.\r",
                "[    0.816728] VFS: Mounted root (ext4 filesystem) on device 8:1.\r",
                "[    0.818393] devtmpfs: mounted\r",
                "[    0.821181] Freeing unused decrypted memory: 2036K\r",
                "[    0.824765] Freeing unused kernel image (initmem) memory: 4804K\r",
                "[    0.825834] Write protecting the kernel read-only data: 34816k\r",
                "[    0.828484] Freeing unused kernel image (rodata/data gap) memory: 1848K\r",
                "[    0.885743] x86/mm: Checked W+X mappings: passed, no W+X pages found.\r",
                "[    0.886923] Run /sbin/init as init process\r",
                "[    1.114923] systemd[1]: System time before build time, advancing clock.\r",
                "[    1.189979] systemd[1]: Inserted module 'autofs4'\r",
                "[    1.261339] systemd[1]: systemd 249.11-0ubuntu3.12 running in system mode (+PAM +AUDIT +SELINUX +APPARMOR +IMA +SMACK +SECCOMP +GCRYPT +GNUTLS +OPENSSL +ACL +BLKID +CURL +ELFUTILS +FIDO2 +IDN2 -IDN +IPTC +KMOD +LIBCRYPTSETUP +LIBFDISK +PCRE2 -PWQUALITY -P11KIT -QRENCODE +BZIP2 +LZ4 +XZ +ZLIB +ZSTD -XKBCOMMON +UTMP +SYSVINIT default-hierarchy=unified)\r",
                "[    1.268074] systemd[1]: Detected architecture x86-64.\r",
                "\r",
                "Welcome to \u001b[1mUbuntu 22.04.5 LTS\u001b[0m!\r",
                "\r",
                "[    1.280009] systemd[1]: Hostname set to <ubuntu>.\r",
                "[    1.310006] memfd_create() without MFD_EXEC nor MFD_NOEXEC_SEAL, pid=1 'systemd'\r",
                "[    1.312134] clocksource: timekeeping watchdog on CPU0: Marking clocksource 'tsc-early' as unstable because the skew is too large:\r",
                "[    1.314290] clocksource:                       'refined-jiffies' wd_nsec: 512032000 wd_now: fffedc10 wd_last: fffedb90 mask: ffffffff\r",
                "[    1.316345] clocksource:                       'tsc-early' cs_nsec: 778473632 cs_now: 12da572e6 cs_last: a7d4484e mask: ffffffffffffffff\r",
                "[    1.318495] clocksource:                       Clocksource 'tsc-early' skewed 266441632 ns (266 ms) over watchdog 'refined-jiffies' interval of 512032000 ns (512 ms)\r",
                "[    1.321012] clocksource:                       'tsc-early' is current clocksource.\r",
                "[    1.322335] tsc: Marking TSC unstable due to clocksource watchdog\r",
                "[    1.323342] TSC found unstable after boot, most likely due to broken BIOS. Use 'tsc=unstable'.\r",
                "[    1.324833] sched_clock: Marking unstable (1357442651, -34100418)<-(1378455045, -55112833)\r",
                "[    1.327136] clocksource: Switched to clocksource refined-jiffies\r",
                "[    1.467139] block sda: the capability attribute has been deprecated.\r",
                "[    2.359316] random: crng init done\r",
                "[    2.411842] systemd[1]: Configuration file /run/systemd/system/netplan-ovs-cleanup.service is marked world-inaccessible. This has no effect as configuration data is accessible via APIs without restrictions. Proceeding anyway.\r",
                "[    2.431784] systemd[1]: /lib/systemd/system/snapd.service:23: Unknown key name 'RestartMode' in section 'Service', ignoring.\r",
                "[    2.520907] systemd[1]: Queued start job for default target Multi-User System.\r",
                "[    2.532606] systemd[1]: Created slice Slice /system/modprobe.\r",
                "[\u001b[0;32m  OK  \u001b[0m] Created slice \u001b[0;1;39mSlice /system/modprobe\u001b[0m.\r",
                "[    2.539805] systemd[1]: Created slice Slice /system/serial-getty.\r",
                "[\u001b[0;32m  OK  \u001b[0m] Created slice \u001b[0;1;39mSlice /system/serial-getty\u001b[0m.\r",
                "[    2.547746] systemd[1]: Created slice Slice /system/systemd-fsck.\r",
                "[\u001b[0;32m  OK  \u001b[0m] Created slice \u001b[0;1;39mSlice /system/systemd-fsck\u001b[0m.\r",
                "[    2.555640] systemd[1]: Created slice User and Session Slice.\r",
                "[\u001b[0;32m  OK  \u001b[0m] Created slice \u001b[0;1;39mUser and Session Slice\u001b[0m.\r",
                "[    2.567373] systemd[1]: Started Forward Password Requests to Wall Directory Watch.\r",
                "[\u001b[0;32m  OK  \u001b[0m] Started \u001b[0;1;39mForward Password R\u2026uests to Wall Directory Watch\u001b[0m.\r",
                "[    2.575760] systemd[1]: Set up automount Arbitrary Executable File Formats File System Automount Point.\r",
                "[\u001b[0;32m  OK  \u001b[0m] Set up automount \u001b[0;1;39mArbitrary\u2026s File System Automount Point\u001b[0m.\r",
                "[    2.587364] systemd[1]: Reached target Slice Units.\r",
                "[\u001b[0;32m  OK  \u001b[0m] Reached target \u001b[0;1;39mSlice Units\u001b[0m.\r",
                "[    2.595325] systemd[1]: Reached target Mounting snaps.\r",
                "[\u001b[0;32m  OK  \u001b[0m] Reached target \u001b[0;1;39mMounting snaps\u001b[0m.\r",
                "[    2.603333] systemd[1]: Reached target Swaps.\r",
                "[\u001b[0;32m  OK  \u001b[0m] Reached target \u001b[0;1;39mSwaps\u001b[0m.\r",
                "[    2.607331] systemd[1]: Reached target Local Verity Protected Volumes.\r",
                "[\u001b[0;32m  OK  \u001b[0m] Reached target \u001b[0;1;39mLocal Verity Protected Volumes\u001b[0m.\r",
                "[    2.619312] systemd[1]: Listening on Device-mapper event daemon FIFOs.\r",
                "[\u001b[0;32m  OK  \u001b[0m] Listening on \u001b[0;1;39mDevice-mapper event daemon FIFOs\u001b[0m.\r",
                "[    2.630644] systemd[1]: Listening on LVM2 poll daemon socket.\r",
                "[\u001b[0;32m  OK  \u001b[0m] Listening on \u001b[0;1;39mLVM2 poll daemon socket\u001b[0m.\r",
                "[    2.642467] systemd[1]: Listening on multipathd control socket.\r",
                "[\u001b[0;32m  OK  \u001b[0m] Listening on \u001b[0;1;39mmultipathd control socket\u001b[0m.\r",
                "[    2.654831] systemd[1]: Listening on Syslog Socket.\r",
                "[\u001b[0;32m  OK  \u001b[0m] Listening on \u001b[0;1;39mSyslog Socket\u001b[0m.\r",
                "[    2.659448] systemd[1]: Listening on fsck to fsckd communication Socket.\r",
                "[\u001b[0;32m  OK  \u001b[0m] Listening on \u001b[0;1;39mfsck to fsckd communication Socket\u001b[0m.\r",
                "[    2.667395] systemd[1]: Listening on initctl Compatibility Named Pipe.\r",
                "[\u001b[0;32m  OK  \u001b[0m] Listening on \u001b[0;1;39minitctl Compatibility Named Pipe\u001b[0m.\r",
                "[    2.675652] systemd[1]: Listening on Journal Audit Socket.\r",
                "[\u001b[0;32m  OK  \u001b[0m] Listening on \u001b[0;1;39mJournal Audit Socket\u001b[0m.\r",
                "[    2.683426] systemd[1]: Listening on Journal Socket (/dev/log).\r",
                "[\u001b[0;32m  OK  \u001b[0m] Listening on \u001b[0;1;39mJournal Socket (/dev/log)\u001b[0m.\r",
                "[    2.691460] systemd[1]: Listening on Journal Socket.\r",
                "[\u001b[0;32m  OK  \u001b[0m] Listening on \u001b[0;1;39mJournal Socket\u001b[0m.\r",
                "[    2.699486] systemd[1]: Listening on Network Service Netlink Socket.\r",
                "[\u001b[0;32m  OK  \u001b[0m] Listening on \u001b[0;1;39mNetwork Service Netlink Socket\u001b[0m.\r",
                "[    2.711468] systemd[1]: Listening on udev Control Socket.\r",
                "[\u001b[0;32m  OK  \u001b[0m] Listening on \u001b[0;1;39mudev Control Socket\u001b[0m.\r",
                "[    2.719412] systemd[1]: Listening on udev Kernel Socket.\r",
                "[\u001b[0;32m  OK  \u001b[0m] Listening on \u001b[0;1;39mudev Kernel Socket\u001b[0m.\r",
                "[    2.740052] systemd[1]: Mounting Huge Pages File System...\r",
                "         Mounting \u001b[0;1;39mHuge Pages File System\u001b[0m...\r",
                "[    2.748332] systemd[1]: Mounting POSIX Message Queue File System...\r",
                "         Mounting \u001b[0;1;39mPOSIX Message Queue File System\u001b[0m...\r",
                "[    2.764795] systemd[1]: Mounting Kernel Debug File System...\r",
                "         Mounting \u001b[0;1;39mKernel Debug File System\u001b[0m...\r",
                "[    2.772165] systemd[1]: Mounting Kernel Trace File System...\r",
                "         Mounting \u001b[0;1;39mKernel Trace File System\u001b[0m...\r",
                "[    2.791406] systemd[1]: Starting Journal Service...\r",
                "         Starting \u001b[0;1;39mJournal Service\u001b[0m...\r",
                "[    2.797559] systemd[1]: Starting Set the console keyboard layout...\r",
                "         Starting \u001b[0;1;39mSet the console keyboard layout\u001b[0m...\r",
                "[    2.815481] systemd[1]: Starting Create List of Static Device Nodes...\r",
                "         Starting \u001b[0;1;39mCreate List of Static Device Nodes\u001b[0m...\r",
                "[    2.831399] systemd[1]: Starting Monitoring of LVM2 mirrors, snapshots etc. using dmeventd or progress polling...\r",
                "         Starting \u001b[0;1;39mMonitoring of LVM\u2026meventd or progress polling\u001b[0m...\r",
                "[    2.841897] systemd[1]: Condition check resulted in LXD - agent being skipped.\r",
                "[    2.843364] systemd[1]: Starting Load Kernel Module configfs...\r",
                "         Starting \u001b[0;1;39mLoad Kernel Module configfs\u001b[0m...\r",
                "[    2.851520] systemd[1]: Starting Load Kernel Module drm...\r",
                "         Starting \u001b[0;1;39mLoad Kernel Module drm\u001b[0m...\r",
                "[    2.859283] systemd[1]: Starting Load Kernel Module efi_pstore...\r",
                "         Starting \u001b[0;1;39mLoad Kernel Module efi_pstore\u001b[0m...\r",
                "[    2.868023] systemd[1]: Starting Load Kernel Module fuse...\r",
                "         Starting \u001b[0;1;39mLoad Kernel Module fuse\u001b[0m...\r",
                "[    2.875227] systemd[1]: Condition check resulted in OpenVSwitch configuration for cleanup being skipped.\r",
                "[    2.875523] systemd[1]: Condition check resulted in File System Check on Root Device being skipped.\r",
                "[    2.887409] systemd[1]: Starting Load Kernel Modules...\r",
                "         Starting \u001b[0;1;39mLoad Kernel Modules\u001b[0m...\r",
                "[    2.895228] systemd[1]: Starting Remount Root and Kernel File Systems...\r",
                "         Starting \u001b[0;1;39mRemount Root and Kernel File Systems\u001b[0m...\r",
                "[    2.904662] systemd[1]: Starting Coldplug All udev Devices...\r",
                "         Starting \u001b[0;1;39mColdplug All udev Devices\u001b[0m...\r",
                "[    2.912576] systemd[1]: Mounted Huge Pages File System.\r",
                "[\u001b[0;32m  OK  \u001b[0m] Mounted \u001b[0;1;39mHuge Pages File System\u001b[0m.\r",
                "[    2.920047] systemd[1]: Mounted POSIX Message Queue File System.\r",
                "[\u001b[0;32m  OK  \u001b[0m] Mounted \u001b[0;1;39mPOSIX Message Queue File System\u001b[0m.\r",
                "[    2.929815] systemd[1]: Mounted Kernel Debug File System.\r",
                "[\u001b[0;32m  OK  \u001b[0m] Mounted \u001b[0;1;39mKernel Debug File System\u001b[0m.\r",
                "[    2.937465] systemd[1]: Mounted Kernel Trace File System.\r",
                "[\u001b[0;32m  OK  \u001b[0m] Mounted \u001b[0;1;39mKernel Trace File System\u001b[0m.\r",
                "[    2.945741] systemd[1]: Finished Create List of Static Device Nodes.\r",
                "[\u001b[0;32m  OK  \u001b[0m] Finished \u001b[0;1;39mCreate List of Static Device Nodes\u001b[0m.\r",
                "[    2.955356] systemd[1]: modprobe@configfs.service: Deactivated successfully.\r",
                "[    2.956818] systemd[1]: Finished Load Kernel Module configfs.\r",
                "[\u001b[0;32m  OK  \u001b[0m] Finished \u001b[0;1;39mLoad Kernel Module configfs\u001b[0m.\r",
                "[    2.971445] systemd[1]: Mounting Kernel Configuration File System...\r",
                "         Mounting \u001b[0;1;39mKernel Configuration File System\u001b[0m...\r",
                "[    2.980048] systemd[1]: Finished Load Kernel Modules.\r",
                "[\u001b[0;32m  OK  \u001b[0m] Finished \u001b[0;1;39mLoad Kernel Modules\u001b[0m.\r",
                "[    2.989902] systemd[1]: Mounted Kernel Configuration File System.\r",
                "[\u001b[0;32m  OK  \u001b[0m] Mounted \u001b[0;1;39mKernel Configuration File System\u001b[0m.\r",
                "[    2.997411] systemd[1]: modprobe@fuse.service: Deactivated successfully.\r",
                "[    2.998864] systemd[1]: Finished Load Kernel Module fuse.\r",
                "[\u001b[0;32m  OK  \u001b[0m] Finished \u001b[0;1;39mLoad Kernel Module fuse\u001b[0m.\r",
                "[    3.015394] systemd[1]: Mounting FUSE Control File System...\r",
                "         Mounting \u001b[0;1;39mFUSE Control File System\u001b[0m...\r",
                "[    3.027635] systemd[1]: Starting Apply Kernel Variables...\r",
                "         Starting \u001b[0;1;39mApply Kernel Variables\u001b[0m...\r",
                "[    3.035528] systemd[1]: Mounted FUSE Control File System.\r",
                "[\u001b[0;32m  OK  \u001b[0m] Mounted \u001b[0;1;39mFUSE Control File System\u001b[0m.\r",
                "[    3.059238] systemd[1]: modprobe@efi_pstore.service: Deactivated successfully.\r",
                "[    3.059500] systemd[1]: Finished Load Kernel Module efi_pstore.\r",
                "[\u001b[0;32m  OK  \u001b[0m] Finished \u001b[0;1;39mLoad Kernel Module efi_pstore\u001b[0m.\r",
                "[    3.074333] systemd[1]: Started Journal Service.\r",
                "[\u001b[0;32m  OK  \u001b[0m] Started \u001b[0;1;39mJournal Service\u001b[0m.\r",
                "[\u001b[0;32m  OK  \u001b[0m] Finished \u001b[0;1;39mApply Kernel Variables\u001b[0m.\r",
                "[\u001b[0;32m  OK  \u001b[0m] Finished \u001b[0;1;39mRemount Root and Kernel File Systems\u001b[0m.\r",
                "         Starting \u001b[0;1;39mDevice-Mapper Multipath Device Controller\u001b[0m...\r",
                "         Starting \u001b[0;1;39mFlush Journal to Persistent Storage\u001b[0m...\r",
                "         Starting \u001b[0;1;39mLoad/Save Random Seed\u001b[0m...\r",
                "         Starting \u001b[0;1;39mCreate System Users\u001b[0m...\r",
                "[\u001b[0;32m  OK  \u001b[0m] Finished \u001b[0;1;39mLoad/Save Random Seed\u001b[0m.\r",
                "[\u001b[0;32m  OK  \u001b[0m] Finished \u001b[0;1;39mCreate System Users\u001b[0m.\r",
                "         Starting \u001b[0;1;39mCreate Static Device Nodes in /dev\u001b[0m...\r",
                "[\u001b[0;32m  OK  \u001b[0m] Finished \u001b[0;1;39mSet the console keyboard layout\u001b[0m.\r",
                "[\u001b[0;32m  OK  \u001b[0m] Finished \u001b[0;1;39mFlush Journal to Persistent Storage\u001b[0m.\r",
                "[\u001b[0;32m  OK  \u001b[0m] Finished \u001b[0;1;39mCreate Static Device Nodes in /dev\u001b[0m.\r",
                "         Starting \u001b[0;1;39mRule-based Manage\u2026for Device Events and Files\u001b[0m...\r",
                "[\u001b[0;32m  OK  \u001b[0m] Finished \u001b[0;1;39mColdplug All udev Devices\u001b[0m.\r",
                "[\u001b[0;32m  OK  \u001b[0m] Started \u001b[0;1;39mDevice-Mapper Multipath Device Controller\u001b[0m.\r",
                "[\u001b[0;32m  OK  \u001b[0m] Finished \u001b[0;1;39mLoad Kernel Module drm\u001b[0m.\r",
                "[\u001b[0;32m  OK  \u001b[0m] Started \u001b[0;1;39mRule-based Manager for Device Events and Files\u001b[0m.\r",
                "[\u001b[0;32m  OK  \u001b[0m] Started \u001b[0;1;39mDispatch Password \u2026ts to Console Directory Watch\u001b[0m.\r",
                "[\u001b[0;32m  OK  \u001b[0m] Reached target \u001b[0;1;39mLocal Encrypted Volumes\u001b[0m.\r",
                "[\u001b[0;32m  OK  \u001b[0m] Found device \u001b[0;1;39m/dev/ttyS0\u001b[0m.\r",
                "[\u001b[0;32m  OK  \u001b[0m] Listening on \u001b[0;1;39mLoad/Save RF \u2026itch Status /dev/rfkill Watch\u001b[0m.\r",
                "[\u001b[0;32m  OK  \u001b[0m] Found device \u001b[0;1;39mM5_IDE_Disk UEFI\u001b[0m.\r",
                "[\u001b[0;32m  OK  \u001b[0m] Finished \u001b[0;1;39mMonitoring of LVM\u2026 dmeventd or progress polling\u001b[0m.\r",
                "[\u001b[0;32m  OK  \u001b[0m] Reached target \u001b[0;1;39mPreparation for Local File Systems\u001b[0m.\r",
                "         Mounting \u001b[0;1;39mMount unit for core20, revision 2496\u001b[0m...\r",
                "         Mounting \u001b[0;1;39mMount unit for lxd, revision 31333\u001b[0m...\r",
                "         Mounting \u001b[0;1;39mMount unit for snapd, revision 23545\u001b[0m...\r",
                "         Starting \u001b[0;1;39mFile System Check on /dev/disk/by-label/UEFI\u001b[0m...\r",
                "[\u001b[0;32m  OK  \u001b[0m] Mounted \u001b[0;1;39mMount unit for core20, revision 2496\u001b[0m.\r",
                "[\u001b[0;32m  OK  \u001b[0m] Mounted \u001b[0;1;39mMount unit for lxd, revision 31333\u001b[0m.\r",
                "[\u001b[0;32m  OK  \u001b[0m] Mounted \u001b[0;1;39mMount unit for snapd, revision 23545\u001b[0m.\r",
                "[\u001b[0;32m  OK  \u001b[0m] Reached target \u001b[0;1;39mMounted snaps\u001b[0m.\r",
                "[\u001b[0;32m  OK  \u001b[0m] Started \u001b[0;1;39mFile System Check Daemon to report status\u001b[0m.\r",
                "[\u001b[0;32m  OK  \u001b[0m] Finished \u001b[0;1;39mFile System Check on /dev/disk/by-label/UEFI\u001b[0m.\r",
                "         Mounting \u001b[0;1;39m/boot/efi\u001b[0m...\r",
                "[\u001b[0;32m  OK  \u001b[0m] Mounted \u001b[0;1;39m/boot/efi\u001b[0m.\r",
                "[\u001b[0;32m  OK  \u001b[0m] Reached target \u001b[0;1;39mLocal File Systems\u001b[0m.\r",
                "         Starting \u001b[0;1;39mLoad AppArmor profiles\u001b[0m...\r",
                "         Starting \u001b[0;1;39mSet console font and keymap\u001b[0m...\r",
                "         Starting \u001b[0;1;39mCreate final runt\u2026dir for shutdown pivot root\u001b[0m...\r",
                "         Starting \u001b[0;1;39mnetfilter persistent configuration\u001b[0m...\r",
                "         Starting \u001b[0;1;39mTell Plymouth To Write Out Runtime Data\u001b[0m...\r",
                "         Starting \u001b[0;1;39mSet Up Additional Binary Formats\u001b[0m...\r",
                "         Starting \u001b[0;1;39mCreate Volatile Files and Directories\u001b[0m...\r",
                "         Starting \u001b[0;1;39mUncomplicated firewall\u001b[0m...\r",
                "[\u001b[0;32m  OK  \u001b[0m] Finished \u001b[0;1;39mSet console font and keymap\u001b[0m.\r",
                "[\u001b[0;32m  OK  \u001b[0m] Finished \u001b[0;1;39mCreate final runt\u2026e dir for shutdown pivot root\u001b[0m.\r",
                "[\u001b[0;32m  OK  \u001b[0m] Finished \u001b[0;1;39mTell Plymouth To Write Out Runtime Data\u001b[0m.\r",
                "[\u001b[0;32m  OK  \u001b[0m] Finished \u001b[0;1;39mUncomplicated firewall\u001b[0m.\r",
                "         Mounting \u001b[0;1;39mArbitrary Executable File Formats File System\u001b[0m...\r",
                "[\u001b[0;32m  OK  \u001b[0m] Finished \u001b[0;1;39mnetfilter persistent configuration\u001b[0m.\r",
                "[\u001b[0;32m  OK  \u001b[0m] Reached target \u001b[0;1;39mPreparation for Network\u001b[0m.\r",
                "         Starting \u001b[0;1;39mNetwork Configuration\u001b[0m...\r",
                "[\u001b[0;32m  OK  \u001b[0m] Finished \u001b[0;1;39mCreate Volatile Files and Directories\u001b[0m.\r",
                "[\u001b[0;32m  OK  \u001b[0m] Mounted \u001b[0;1;39mArbitrary Executable File Formats File System\u001b[0m.\r",
                "         Starting \u001b[0;1;39mNetwork Time Synchronization\u001b[0m...\r",
                "         Starting \u001b[0;1;39mRecord System Boot/Shutdown in UTMP\u001b[0m...\r",
                "[\u001b[0;32m  OK  \u001b[0m] Finished \u001b[0;1;39mSet Up Additional Binary Formats\u001b[0m.\r",
                "[\u001b[0;32m  OK  \u001b[0m] Finished \u001b[0;1;39mRecord System Boot/Shutdown in UTMP\u001b[0m.\r",
                "[\u001b[0;32m  OK  \u001b[0m] Started \u001b[0;1;39mNetwork Configuration\u001b[0m.\r",
                "         Starting \u001b[0;1;39mNetwork Name Resolution\u001b[0m...\r",
                "[\u001b[0;32m  OK  \u001b[0m] Finished \u001b[0;1;39mLoad AppArmor profiles\u001b[0m.\r",
                "         Starting \u001b[0;1;39mLoad AppArmor pro\u2026managed internally by snapd\u001b[0m...\r",
                "[    5.111449] device-mapper: table: 253:0: multipath: error getting device (-EBUSY)\r",
                "[    5.113398] device-mapper: ioctl: error adding target to table\r",
                "[\u001b[0;32m  OK  \u001b[0m] Started \u001b[0;1;39mNetwork Time Synchronization\u001b[0m.\r",
                "[\u001b[0;32m  OK  \u001b[0m] Reached target \u001b[0;1;39mSystem Time Set\u001b[0m.\r",
                "[\u001b[0;32m  OK  \u001b[0m] Started \u001b[0;1;39mNetwork Name Resolution\u001b[0m.\r",
                "[\u001b[0;32m  OK  \u001b[0m] Reached target \u001b[0;1;39mNetwork\u001b[0m.\r",
                "[\u001b[0;32m  OK  \u001b[0m] Reached target \u001b[0;1;39mNetwork is Online\u001b[0m.\r",
                "[\u001b[0;32m  OK  \u001b[0m] Reached target \u001b[0;1;39mPreparation for Remote File Systems\u001b[0m.\r",
                "[\u001b[0;32m  OK  \u001b[0m] Reached target \u001b[0;1;39mRemote File Systems\u001b[0m.\r",
                "[\u001b[0;32m  OK  \u001b[0m] Finished \u001b[0;1;39mAvailability of block devices\u001b[0m.\r",
                "[\u001b[0;32m  OK  \u001b[0m] Finished \u001b[0;1;39mLoad AppArmor pro\u2026s managed internally by snapd\u001b[0m.\r",
                "[\u001b[0;32m  OK  \u001b[0m] Reached target \u001b[0;1;39mSystem Initialization\u001b[0m.\r",
                "[\u001b[0;32m  OK  \u001b[0m] Started \u001b[0;1;39mDaily apt download activities\u001b[0m.\r",
                "[\u001b[0;32m  OK  \u001b[0m] Started \u001b[0;1;39mDaily apt upgrade and clean activities\u001b[0m.\r",
                "[\u001b[0;32m  OK  \u001b[0m] Started \u001b[0;1;39mDaily dpkg database backup timer\u001b[0m.\r",
                "[\u001b[0;32m  OK  \u001b[0m] Started \u001b[0;1;39mPeriodic ext4 Onli\u2026ata Check for All Filesystems\u001b[0m.\r",
                "[\u001b[0;32m  OK  \u001b[0m] Started \u001b[0;1;39mDiscard unused blocks once a week\u001b[0m.\r",
                "[\u001b[0;32m  OK  \u001b[0m] Started \u001b[0;1;39mDaily rotation of log files\u001b[0m.\r",
                "[\u001b[0;32m  OK  \u001b[0m] Started \u001b[0;1;39mDaily man-db regeneration\u001b[0m.\r",
                "[\u001b[0;32m  OK  \u001b[0m] Started \u001b[0;1;39mMessage of the Day\u001b[0m.\r",
                "[\u001b[0;32m  OK  \u001b[0m] Started \u001b[0;1;39mDaily Cleanup of Temporary Directories\u001b[0m.\r",
                "[\u001b[0;32m  OK  \u001b[0m] Started \u001b[0;1;39mDownload data for \u2026ailed at package install time\u001b[0m.\r",
                "[\u001b[0;32m  OK  \u001b[0m] Started \u001b[0;1;39mCheck to see wheth\u2026w version of Ubuntu available\u001b[0m.\r",
                "[\u001b[0;32m  OK  \u001b[0m] Reached target \u001b[0;1;39mPath Units\u001b[0m.\r",
                "[\u001b[0;32m  OK  \u001b[0m] Reached target \u001b[0;1;39mTimer Units\u001b[0m.\r",
                "[\u001b[0;32m  OK  \u001b[0m] Listening on \u001b[0;1;39mD-Bus System Message Bus Socket\u001b[0m.\r",
                "[\u001b[0;32m  OK  \u001b[0m] Listening on \u001b[0;1;39mOpen-iSCSI iscsid Socket\u001b[0m.\r",
                "[\u001b[0;32m  OK  \u001b[0m] Listening on \u001b[0;1;39mSocket unix for snap application lxd.daemon\u001b[0m.\r",
                "[\u001b[0;32m  OK  \u001b[0m] Listening on \u001b[0;1;39mSocket unix f\u2026p application lxd.user-daemon\u001b[0m.\r",
                "         Starting \u001b[0;1;39mSocket activation for snappy daemon\u001b[0m...\r",
                "[\u001b[0;32m  OK  \u001b[0m] Listening on \u001b[0;1;39mUUID daemon activation socket\u001b[0m.\r",
                "[\u001b[0;32m  OK  \u001b[0m] Listening on \u001b[0;1;39mSocket activation for snappy daemon\u001b[0m.\r",
                "[\u001b[0;32m  OK  \u001b[0m] Reached target \u001b[0;1;39mSocket Units\u001b[0m.\r",
                "[\u001b[0;32m  OK  \u001b[0m] Reached target \u001b[0;1;39mBasic System\u001b[0m.\r",
                "         Starting \u001b[0;1;39mLSB: automatic crash report generation\u001b[0m...\r",
                "[\u001b[0;32m  OK  \u001b[0m] Started \u001b[0;1;39mRegular background program processing daemon\u001b[0m.\r",
                "[\u001b[0;32m  OK  \u001b[0m] Started \u001b[0;1;39mD-Bus System Message Bus\u001b[0m.\r",
                "[\u001b[0;32m  OK  \u001b[0m] Started \u001b[0;1;39mSave initial kernel messages after boot\u001b[0m.\r",
                "         Starting \u001b[0;1;39mdnsmasq - A light\u2026DHCP and caching DNS server\u001b[0m...\r",
                "         Starting \u001b[0;1;39mRemove Stale Onli\u2026t4 Metadata Check Snapshots\u001b[0m...\r",
                "         Starting \u001b[0;1;39mRecord successful boot for GRUB\u001b[0m...\r",
                "[\u001b[0;32m  OK  \u001b[0m] Started \u001b[0;1;39mirqbalance daemon\u001b[0m.\r",
                "[\u001b[0;32m  OK  \u001b[0m] Started \u001b[0;1;39mISC DHCP IPv4 server\u001b[0m.\r",
                "[\u001b[0;32m  OK  \u001b[0m] Started \u001b[0;1;39mISC DHCP IPv6 server\u001b[0m.\r",
                "         Starting \u001b[0;1;39mDispatcher daemon for systemd-networkd\u001b[0m...\r",
                "         Starting \u001b[0;1;39mSystem Logging Service\u001b[0m...\r",
                "         Starting \u001b[0;1;39mService for snap application lxd.activate\u001b[0m...\r",
                "[\u001b[0;32m  OK  \u001b[0m] Reached target \u001b[0;1;39mPreparation for Logins\u001b[0m.\r",
                "         Starting \u001b[0;1;39mWait until snapd is fully seeded\u001b[0m...\r",
                "         Starting \u001b[0;1;39mSnap Daemon\u001b[0m...\r",
                "         Starting \u001b[0;1;39mOpenBSD Secure Shell server\u001b[0m...\r",
                "         Starting \u001b[0;1;39mUser Login Management\u001b[0m...\r",
                "         Starting \u001b[0;1;39mPermit User Sessions\u001b[0m...\r",
                "[\u001b[0;32m  OK  \u001b[0m] Finished \u001b[0;1;39mPermit User Sessions\u001b[0m.\r",
                "         Starting \u001b[0;1;39mHold until boot process finishes up\u001b[0m...\r",
                "         Starting \u001b[0;1;39mTerminate Plymouth Boot Screen\u001b[0m...\r",
                "[\u001b[0;32m  OK  \u001b[0m] Finished \u001b[0;1;39mHold until boot process finishes up\u001b[0m.\r",
                "[\u001b[0;32m  OK  \u001b[0m] Started \u001b[0;1;39mLSB: automatic crash report generation\u001b[0m.\r",
                "[\u001b[0;32m  OK  \u001b[0m] Started \u001b[0;1;39mSerial Getty on ttyS0\u001b[0m.\r",
                "         Starting \u001b[0;1;39mSet console scheme\u001b[0m...\r",
                "[\u001b[0;32m  OK  \u001b[0m] Finished \u001b[0;1;39mTerminate Plymouth Boot Screen\u001b[0m.\r",
                "[\u001b[0;32m  OK  \u001b[0m] Finished \u001b[0;1;39mRecord successful boot for GRUB\u001b[0m.\r",
                "         Starting \u001b[0;1;39mGRUB failed boot detection\u001b[0m...\r",
                "[\u001b[0;32m  OK  \u001b[0m] Started \u001b[0;1;39mSystem Logging Service\u001b[0m.\r",
                "[\u001b[0;32m  OK  \u001b[0m] Finished \u001b[0;1;39mSet console scheme\u001b[0m.\r",
                "[\u001b[0;32m  OK  \u001b[0m] Created slice \u001b[0;1;39mSlice /system/getty\u001b[0m.\r",
                "[\u001b[0;32m  OK  \u001b[0m] Started \u001b[0;1;39mGetty on tty1\u001b[0m.\r",
                "[\u001b[0;32m  OK  \u001b[0m] Reached target \u001b[0;1;39mLogin Prompts\u001b[0m.\r",
                "[\u001b[0;32m  OK  \u001b[0m] Finished \u001b[0;1;39mRemove Stale Onli\u2026ext4 Metadata Check Snapshots\u001b[0m.\r",
                "[\u001b[0;32m  OK  \u001b[0m] Finished \u001b[0;1;39mGRUB failed boot detection\u001b[0m.\r",
                "[\u001b[0;1;31mFAILED\u001b[0m] Failed to start \u001b[0;1;39mdnsmasq - \u2026t DHCP and caching DNS server\u001b[0m.\r",
                "See 'systemctl status dnsmasq.service' for details.\r",
                "[\u001b[0;32m  OK  \u001b[0m] Reached target \u001b[0;1;39mHost and Network Name Lookups\u001b[0m.\r",
                "[\u001b[0;32m  OK  \u001b[0m] Started \u001b[0;1;39mOpenBSD Secure Shell server\u001b[0m.\r",
                "[\u001b[0;32m  OK  \u001b[0m] Started \u001b[0;1;39mUser Login Management\u001b[0m.\r",
                "[\u001b[0;32m  OK  \u001b[0m] Started \u001b[0;1;39mUnattended Upgrades Shutdown\u001b[0m.\r",
                "[\u001b[0;32m  OK  \u001b[0m] Started \u001b[0;1;39mDispatcher daemon for systemd-networkd\u001b[0m.\r",
                "[\u001b[0;32m  OK  \u001b[0m] Started \u001b[0;1;39mSnap Daemon\u001b[0m.\r",
                "         Starting \u001b[0;1;39mTime & Date Service\u001b[0m...\r",
                "[\u001b[0;32m  OK  \u001b[0m] Finished \u001b[0;1;39mWait until snapd is fully seeded\u001b[0m.\r",
                "[\u001b[0;32m  OK  \u001b[0m] Started \u001b[0;1;39mTime & Date Service\u001b[0m.\r",
                "[\u001b[0;32m  OK  \u001b[0m] Finished \u001b[0;1;39mService for snap application lxd.activate\u001b[0m.\r",
                "[\u001b[0;32m  OK  \u001b[0m] Reached target \u001b[0;1;39mMulti-User System\u001b[0m.\r",
                "         Starting \u001b[0;1;39mSimbricks Guest Init\u001b[0m...\r",
                "         Starting \u001b[0;1;39mRecord Runlevel Change in UTMP\u001b[0m...\r",
                "[\u001b[0;32m  OK  \u001b[0m] Finished \u001b[0;1;39mRecord Runlevel Change in UTMP\u001b[0m.\r",
                "[    9.649749] simbricks-guestinit.sh[537]: tar: stdout: write error\r",
                "[    9.657749] simbricks-guestinit.sh[531]: simbricks-guestinit.sh: Processing input tar /dev/sdb...\r",
                "[    9.665750] simbricks-guestinit.sh[531]: simbricks-guestinit.sh: Running workload...\r",
                "[    9.677750] simbricks-guestinit.sh[540]: ++ export HOME=/root\r",
                "[    9.681751] simbricks-guestinit.sh[540]: ++ HOME=/root\r",
                "[    9.689751] simbricks-guestinit.sh[540]: ++ export LANG=en_US\r",
                "[    9.697752] simbricks-guestinit.sh[540]: ++ LANG=en_US\r",
                "[    9.701752] simbricks-guestinit.sh[540]: ++ export PATH=/usr/local/sbin:/usr/local/bin:/usr/sbin:/usr/bin:/sbin:/bin:/usr/games:/usr/local/games\r",
                "[    9.717753] simbricks-guestinit.sh[540]: ++ PATH=/usr/local/sbin:/usr/local/bin:/usr/sbin:/usr/bin:/sbin:/bin:/usr/games:/usr/local/games\r",
                "[    9.729754] simbricks-guestinit.sh[540]: ++ sleep 5\r",
                "\r\r",
                "Ubuntu 22.04.5 LTS ubuntu ttyS0\r",
                "\r",
                "ubuntu login: [   14.670062] simbricks-guestinit.sh[540]: ++ ip link set dev eth0 address 52:54:00:11:10:00\r",
                "[   14.686063] simbricks-guestinit.sh[540]: ++ ip link set dev eth1 address 52:54:00:11:11:00\r",
                "[   14.690064] simbricks-guestinit.sh[540]: ++ systemctl restart systemd-networkd\r",
                "[   14.746067] simbricks-guestinit.sh[540]: ++ tc qdisc add dev eth0 root tbf rate 10mbit burst 32kb latency 200ms\r",
                "[   14.774069] simbricks-guestinit.sh[540]: ++ tc qdisc add dev eth1 root tbf rate 10mbit burst 32kb latency 200ms\r",
                "[   14.774069] simbricks-guestinit.sh[540]: ++ ip link show\r",
                "[   14.782069] simbricks-guestinit.sh[569]: 1: lo: <LOOPBACK,UP,LOWER_UP> mtu 65536 qdisc noqueue state UNKNOWN mode DEFAULT group default qlen 1000\r",
                "[   14.782069] simbricks-guestinit.sh[569]:     link/loopback 00:00:00:00:00:00 brd 00:00:00:00:00:00\r",
                "[   14.782069] simbricks-guestinit.sh[569]: 2: eth0: <BROADCAST,MULTICAST> mtu 1500 qdisc tbf state DOWN mode DEFAULT group default qlen 1000\r",
                "[   14.782069] simbricks-guestinit.sh[569]:     link/ether 52:54:00:11:10:00 brd ff:ff:ff:ff:ff:ff permaddr 00:90:00:00:00:01\r",
                "[   14.782069] simbricks-guestinit.sh[569]:     altname enp0s0\r",
                "[   14.782069] simbricks-guestinit.sh[569]: 3: eth1: <BROADCAST,MULTICAST> mtu 1500 qdisc tbf state DOWN mode DEFAULT group default qlen 1000\r",
                "[   14.782069] simbricks-guestinit.sh[569]:     link/ether 52:54:00:11:11:00 brd ff:ff:ff:ff:ff:ff permaddr 00:90:00:00:00:02\r",
                "[   14.782069] simbricks-guestinit.sh[569]:     altname enp0s1\r",
                "[   14.782069] simbricks-guestinit.sh[540]: ++ ip addr show\r",
                "[   14.786070] simbricks-guestinit.sh[570]: 1: lo: <LOOPBACK,UP,LOWER_UP> mtu 65536 qdisc noqueue state UNKNOWN group default qlen 1000\r",
                "[   14.786070] simbricks-guestinit.sh[570]:     link/loopback 00:00:00:00:00:00 brd 00:00:00:00:00:00\r",
                "[   14.786070] simbricks-guestinit.sh[570]:     inet 127.0.0.1/8 scope host lo\r",
                "[   14.786070] simbricks-guestinit.sh[570]:        valid_lft forever preferred_lft forever\r",
                "[   14.786070] simbricks-guestinit.sh[570]:     inet6 ::1/128 scope host\r",
                "[   14.786070] simbricks-guestinit.sh[570]:        valid_lft forever preferred_lft forever\r",
                "[   14.790070] simbricks-guestinit.sh[570]: 2: eth0: <BROADCAST,MULTICAST> mtu 1500 qdisc tbf state DOWN group default qlen 1000\r",
                "[   14.790070] simbricks-guestinit.sh[570]:     link/ether 52:54:00:11:10:00 brd ff:ff:ff:ff:ff:ff permaddr 00:90:00:00:00:01\r",
                "[   14.790070] simbricks-guestinit.sh[570]:     altname enp0s0\r",
                "[   14.790070] simbricks-guestinit.sh[570]: 3: eth1: <BROADCAST,MULTICAST> mtu 1500 qdisc tbf state DOWN group default qlen 1000\r",
                "[   14.790070] simbricks-guestinit.sh[570]:     link/ether 52:54:00:11:11:00 brd ff:ff:ff:ff:ff:ff permaddr 00:90:00:00:00:02\r",
                "[   14.790070] simbricks-guestinit.sh[570]:     altname enp0s1\r",
                "[   14.790070] simbricks-guestinit.sh[540]: ++ INPUT_TAR=/tmp/guest/input.tar\r",
                "[   14.790070] simbricks-guestinit.sh[540]: ++ bash /tmp/guest/install.sh\r",
                "[   14.794070] simbricks-guestinit.sh[571]: + INPUT_TAR=/tmp/guest/input.tar\r",
                "[   14.794070] simbricks-guestinit.sh[571]: + mkdir -p /tmp/input\r",
                "[   14.794070] simbricks-guestinit.sh[571]: + pushd /tmp/input\r",
                "[   14.794070] simbricks-guestinit.sh[571]: /tmp/input /tmp/guest\r",
                "[   14.794070] simbricks-guestinit.sh[571]: + tar xf /tmp/guest/input.tar\r",
                "[   14.802071] simbricks-guestinit.sh[571]: + sudo rm -rf /etc/netplan/50-cloud-init.yaml\r",
                "[   14.850074] simbricks-guestinit.sh[571]: + sudo cp netplan.yaml /etc/netplan/99-netplan-config.yaml\r",
                "[   14.866075] simbricks-guestinit.sh[571]: + sudo chmod 600 /etc/netplan/99-netplan-config.yaml\r",
                "[   14.878075] simbricks-guestinit.sh[571]: + sudo netplan apply\r",
                "[   15.398108] simbricks-guestinit.sh[581]: WARNING:root:Cannot call Open vSwitch: ovsdb-server.service is not running.\r",
                "[   15.618122] simbricks-guestinit.sh[571]: + sudo sed -i 's/^#\\?net.ipv4.ip_forward.*/net.ipv4.ip_forward=1/' /etc/sysctl.conf\r",
                "[   15.638123] simbricks-guestinit.sh[571]: + sudo sysctl -p\r",
                "[   15.654124] simbricks-guestinit.sh[633]: net.ipv4.ip_forward = 1\r",
                "[   15.654124] simbricks-guestinit.sh[571]: + sudo tee /etc/default/isc-dhcp-server\r",
                "[   15.678125] simbricks-guestinit.sh[571]: + sudo tee /etc/dhcp/dhcpd.conf\r",
                "[   15.694126] simbricks-guestinit.sh[571]: + sudo systemctl stop isc-dhcp-server\r",
                "[   15.718128] simbricks-guestinit.sh[571]: + sudo systemctl mask isc-dhcp-server\r",
                "[   15.734129] simbricks-guestinit.sh[642]: Created symlink /etc/systemd/system/isc-dhcp-server.service \u2192 /dev/null.\r",
                "[   15.994145] simbricks-guestinit.sh[571]: + sudo systemctl stop dnsmasq\r",
                "[   16.010146] simbricks-guestinit.sh[571]: + sudo systemctl mask dnsmasq\r",
                "[   16.022147] simbricks-guestinit.sh[671]: Created symlink /etc/systemd/system/dnsmasq.service \u2192 /dev/null.\r",
                "[   16.274163] simbricks-guestinit.sh[571]: + popd\r",
                "[   16.274163] simbricks-guestinit.sh[571]: /tmp/guest\r",
                "[   16.274163] simbricks-guestinit.sh[571]: + rm -rf /tmp/input\r",
                "[   16.278163] simbricks-guestinit.sh[540]: ++ '[' '!' -f /root/.prepare.done ']'\r",
                "[   16.278163] simbricks-guestinit.sh[540]: ++ sleep 30\r",
                "[   46.288038] simbricks-guestinit.sh[540]: ++ '[' '!' -f /root/.prepare.done ']'\r",
                "[   46.288038] simbricks-guestinit.sh[540]: ++ sleep 30\r",
                "[   76.289913] simbricks-guestinit.sh[540]: ++ '[' '!' -f /root/.prepare.done ']'\r",
                "[   76.289913] simbricks-guestinit.sh[540]: ++ sleep 30\r",
                "[  106.295789] simbricks-guestinit.sh[540]: ++ '[' '!' -f /root/.prepare.done ']'\r",
                "[  106.295789] simbricks-guestinit.sh[540]: ++ sleep 30\r",
                "[  136.301664] simbricks-guestinit.sh[540]: ++ '[' '!' -f /root/.prepare.done ']'\r",
                "[  136.313665] simbricks-guestinit.sh[540]: ++ sleep 30\r",
                "[  166.315540] simbricks-guestinit.sh[540]: ++ '[' '!' -f /root/.prepare.done ']'\r",
                "[  166.319540] simbricks-guestinit.sh[540]: ++ sleep 30\r",
                "[  196.321415] simbricks-guestinit.sh[540]: ++ '[' '!' -f /root/.prepare.done ']'\r",
                "[  196.321415] simbricks-guestinit.sh[540]: ++ sleep 30\r",
                "[  226.327290] simbricks-guestinit.sh[540]: ++ '[' '!' -f /root/.prepare.done ']'\r",
                "[  226.327290] simbricks-guestinit.sh[540]: ++ sleep 30\r",
                "[  256.329165] simbricks-guestinit.sh[540]: ++ '[' '!' -f /root/.prepare.done ']'\r",
                "[  256.329165] simbricks-guestinit.sh[540]: ++ sleep 30\r",
                "[  286.335040] simbricks-guestinit.sh[540]: ++ '[' '!' -f /root/.prepare.done ']'\r",
                "[  286.339041] simbricks-guestinit.sh[540]: ++ sleep 30\r",
                "         Starting \u001b[0;1;39mDownload data for\u2026led at package install time\u001b[0m...\r",
                "[\u001b[0;32m  OK  \u001b[0m] Finished \u001b[0;1;39mDownload data for\u2026ailed at package install time\u001b[0m.\r",
                "[\u001b[0;32m  OK  \u001b[0m] Created slice \u001b[0;1;39mUser Slice of UID 0\u001b[0m.\r",
                "         Starting \u001b[0;1;39mUser Runtime Directory /run/user/0\u001b[0m...\r",
                "[\u001b[0;32m  OK  \u001b[0m] Finished \u001b[0;1;39mUser Runtime Directory /run/user/0\u001b[0m.\r",
                "         Starting \u001b[0;1;39mUser Manager for UID 0\u001b[0m...\r",
                "[\u001b[0;32m  OK  \u001b[0m] Started \u001b[0;1;39mUser Manager for UID 0\u001b[0m.\r",
                "[\u001b[0;32m  OK  \u001b[0m] Started \u001b[0;1;39mSession 1 of User root\u001b[0m.\r",
                "         Starting \u001b[0;1;39mTime & Date Service\u001b[0m...\r",
                "[\u001b[0;32m  OK  \u001b[0m] Started \u001b[0;1;39mTime & Date Service\u001b[0m.\r",
                "[  316.344916] simbricks-guestinit.sh[540]: ++ '[' '!' -f /root/.prepare.done ']'\r",
                "[  316.344916] simbricks-guestinit.sh[540]: ++ sleep 30\r",
                "[  346.346791] simbricks-guestinit.sh[540]: ++ '[' '!' -f /root/.prepare.done ']'\r",
                "[  346.354791] simbricks-guestinit.sh[540]: ++ sleep 30\r",
                "[  376.356666] simbricks-guestinit.sh[540]: ++ '[' '!' -f /root/.prepare.done ']'\r",
                "[  376.364667] simbricks-guestinit.sh[540]: ++ sleep 30\r",
                "[  406.370542] simbricks-guestinit.sh[540]: ++ '[' '!' -f /root/.prepare.done ']'\r",
                "[  406.374542] simbricks-guestinit.sh[540]: ++ sleep 30\r",
                "[  436.380418] simbricks-guestinit.sh[540]: ++ '[' '!' -f /root/.prepare.done ']'\r",
                "[  436.384418] simbricks-guestinit.sh[540]: ++ sleep 30\r",
                "[  466.386293] simbricks-guestinit.sh[540]: ++ '[' '!' -f /root/.prepare.done ']'\r",
                "[  466.390293] simbricks-guestinit.sh[540]: ++ sleep 30\r",
                "[  496.396168] simbricks-guestinit.sh[540]: ++ '[' '!' -f /root/.prepare.done ']'\r",
                "[  496.400169] simbricks-guestinit.sh[540]: ++ sleep 30\r",
                "[  526.406044] simbricks-guestinit.sh[540]: ++ '[' '!' -f /root/.prepare.done ']'\r",
                "[  526.410044] simbricks-guestinit.sh[540]: ++ sleep 30\r",
                "[  556.415919] simbricks-guestinit.sh[540]: ++ '[' '!' -f /root/.prepare.done ']'\r",
                "[  556.415919] simbricks-guestinit.sh[540]: ++ sleep 30\r",
                "[  586.421795] simbricks-guestinit.sh[540]: ++ '[' '!' -f /root/.prepare.done ']'\r",
                "[  586.425795] simbricks-guestinit.sh[540]: ++ sleep 30\r",
                "[  616.427670] simbricks-guestinit.sh[540]: ++ '[' '!' -f /root/.prepare.done ']'\r",
                "[  616.431670] simbricks-guestinit.sh[540]: ++ sleep 30\r",
                "[  646.429545] simbricks-guestinit.sh[540]: ++ '[' '!' -f /root/.prepare.done ']'\r",
                "[  646.433545] simbricks-guestinit.sh[540]: ++ sleep 30\r",
                "[  676.439420] simbricks-guestinit.sh[540]: ++ '[' '!' -f /root/.prepare.done ']'\r",
                "[  676.443421] simbricks-guestinit.sh[540]: ++ sleep 30\r",
                "[  706.449296] simbricks-guestinit.sh[540]: ++ '[' '!' -f /root/.prepare.done ']'\r",
                "[  706.453296] simbricks-guestinit.sh[540]: ++ sleep 30\r",
                "[  736.459171] simbricks-guestinit.sh[540]: ++ '[' '!' -f /root/.prepare.done ']'\r",
                "[  736.467172] simbricks-guestinit.sh[540]: ++ sleep 30\r",
                "[  766.473047] simbricks-guestinit.sh[540]: ++ '[' '!' -f /root/.prepare.done ']'\r",
                "[  766.473047] simbricks-guestinit.sh[540]: ++ sleep 30\r",
                "[  796.478922] simbricks-guestinit.sh[540]: ++ '[' '!' -f /root/.prepare.done ']'\r",
                "[  796.478922] simbricks-guestinit.sh[540]: ++ sleep 30\r",
                "[  826.484798] simbricks-guestinit.sh[540]: ++ '[' '!' -f /root/.prepare.done ']'\r",
                "[  826.484798] simbricks-guestinit.sh[540]: ++ sleep 30\r",
                "[  856.490673] simbricks-guestinit.sh[540]: ++ '[' '!' -f /root/.prepare.done ']'\r",
                "[  856.490673] simbricks-guestinit.sh[540]: ++ sleep 30\r",
                "[  886.496548] simbricks-guestinit.sh[540]: ++ '[' '!' -f /root/.prepare.done ']'\r",
                "[  886.500548] simbricks-guestinit.sh[540]: ++ sleep 30\r",
                "         Starting \u001b[0;1;39mCleanup of Temporary Directories\u001b[0m...\r",
                "[\u001b[0;32m  OK  \u001b[0m] Finished \u001b[0;1;39mCleanup of Temporary Directories\u001b[0m.\r",
                "[  916.506424] simbricks-guestinit.sh[540]: ++ '[' '!' -f /root/.prepare.done ']'\r",
                "[  916.510424] simbricks-guestinit.sh[540]: ++ sleep 30\r",
                "[  946.512299] simbricks-guestinit.sh[540]: ++ '[' '!' -f /root/.prepare.done ']'\r",
                "[  946.512299] simbricks-guestinit.sh[540]: ++ sleep 30\r",
                "[  976.514174] simbricks-guestinit.sh[540]: ++ '[' '!' -f /root/.prepare.done ']'\r",
                "[  976.514174] simbricks-guestinit.sh[540]: ++ sleep 30\r",
                "[ 1006.516049] simbricks-guestinit.sh[540]: ++ '[' '!' -f /root/.prepare.done ']'\r",
                "[ 1006.520049] simbricks-guestinit.sh[540]: ++ sleep 30\r",
                "[ 1036.521924] simbricks-guestinit.sh[540]: ++ '[' '!' -f /root/.prepare.done ']'\r",
                "[ 1036.525924] simbricks-guestinit.sh[540]: ++ sleep 30\r",
                "[ 1066.531800] simbricks-guestinit.sh[540]: ++ '[' '!' -f /root/.prepare.done ']'\r",
                "[ 1066.535800] simbricks-guestinit.sh[540]: ++ sleep 30\r",
                "[ 1096.541675] simbricks-guestinit.sh[540]: ++ '[' '!' -f /root/.prepare.done ']'\r",
                "[ 1096.541675] simbricks-guestinit.sh[540]: ++ sleep 30\r",
                "[ 1126.547550] simbricks-guestinit.sh[540]: ++ '[' '!' -f /root/.prepare.done ']'\r",
                "[ 1126.547550] simbricks-guestinit.sh[540]: ++ sleep 30\r",
                "[ 1156.553426] simbricks-guestinit.sh[540]: ++ '[' '!' -f /root/.prepare.done ']'\r",
                "[ 1156.557426] simbricks-guestinit.sh[540]: ++ sleep 30\r",
                "[ 1186.567301] simbricks-guestinit.sh[540]: ++ '[' '!' -f /root/.prepare.done ']'\r",
                "[ 1186.571302] simbricks-guestinit.sh[540]: ++ sleep 30\r",
                "[ 1216.577177] simbricks-guestinit.sh[540]: ++ '[' '!' -f /root/.prepare.done ']'\r",
                "[ 1216.577177] simbricks-guestinit.sh[540]: ++ sleep 30\r",
                "[ 1246.583052] simbricks-guestinit.sh[540]: ++ '[' '!' -f /root/.prepare.done ']'\r",
                "[ 1246.583052] simbricks-guestinit.sh[540]: ++ sleep 30\r",
                "[ 1276.588927] simbricks-guestinit.sh[540]: ++ '[' '!' -f /root/.prepare.done ']'\r",
                "[ 1276.592928] simbricks-guestinit.sh[540]: ++ sleep 30\r",
                "[ 1306.598803] simbricks-guestinit.sh[540]: ++ '[' '!' -f /root/.prepare.done ']'\r",
                "[ 1306.602803] simbricks-guestinit.sh[540]: ++ sleep 30\r",
                "[ 1336.608678] simbricks-guestinit.sh[540]: ++ '[' '!' -f /root/.prepare.done ']'\r",
                "[ 1336.608678] simbricks-guestinit.sh[540]: ++ sleep 30\r",
                "[ 1366.614554] simbricks-guestinit.sh[540]: ++ '[' '!' -f /root/.prepare.done ']'\r",
                "[ 1366.618554] simbricks-guestinit.sh[540]: ++ sleep 30\r",
                "[ 1396.624429] simbricks-guestinit.sh[540]: ++ '[' '!' -f /root/.prepare.done ']'\r",
                "[ 1396.624429] simbricks-guestinit.sh[540]: ++ sleep 30\r",
                "[ 1426.630304] simbricks-guestinit.sh[540]: ++ '[' '!' -f /root/.prepare.done ']'\r",
                "[ 1426.630304] simbricks-guestinit.sh[540]: ++ sleep 30\r",
                "[ 1456.636180] simbricks-guestinit.sh[540]: ++ '[' '!' -f /root/.prepare.done ']'\r",
                "[ 1456.640180] simbricks-guestinit.sh[540]: ++ sleep 30\r",
                "[ 1486.646055] simbricks-guestinit.sh[540]: ++ '[' '!' -f /root/.prepare.done ']'\r",
                "[ 1486.650055] simbricks-guestinit.sh[540]: ++ sleep 30\r",
                "[ 1516.655931] simbricks-guestinit.sh[540]: ++ '[' '!' -f /root/.prepare.done ']'\r",
                "[ 1516.655931] simbricks-guestinit.sh[540]: ++ sleep 30\r",
                "[ 1546.661806] simbricks-guestinit.sh[540]: ++ '[' '!' -f /root/.prepare.done ']'\r",
                "[ 1546.665806] simbricks-guestinit.sh[540]: ++ sleep 30\r",
                "[ 1576.671681] simbricks-guestinit.sh[540]: ++ '[' '!' -f /root/.prepare.done ']'\r",
                "[ 1576.671681] simbricks-guestinit.sh[540]: ++ sleep 30\r",
                "[ 1606.677557] simbricks-guestinit.sh[540]: ++ '[' '!' -f /root/.prepare.done ']'\r",
                "[ 1606.681557] simbricks-guestinit.sh[540]: ++ sleep 30\r",
                "[ 1636.687432] simbricks-guestinit.sh[540]: ++ '[' '!' -f /root/.prepare.done ']'\r",
                "[ 1636.691432] simbricks-guestinit.sh[540]: ++ sleep 30\r",
                "[ 1666.697308] simbricks-guestinit.sh[540]: ++ '[' '!' -f /root/.prepare.done ']'\r",
                "[ 1666.701308] simbricks-guestinit.sh[540]: ++ sleep 30\r",
                "[ 1696.707183] simbricks-guestinit.sh[540]: ++ '[' '!' -f /root/.prepare.done ']'\r",
                "[ 1696.711183] simbricks-guestinit.sh[540]: ++ sleep 30\r",
                "[ 1726.717059] simbricks-guestinit.sh[540]: ++ '[' '!' -f /root/.prepare.done ']'\r",
                "[ 1726.721059] simbricks-guestinit.sh[540]: ++ sleep 30\r",
                "[ 1756.726934] simbricks-guestinit.sh[540]: ++ '[' '!' -f /root/.prepare.done ']'\r",
                "[ 1756.730934] simbricks-guestinit.sh[540]: ++ sleep 30\r",
                "[ 1786.732809] simbricks-guestinit.sh[540]: ++ '[' '!' -f /root/.prepare.done ']'\r",
                "[ 1786.736810] simbricks-guestinit.sh[540]: ++ sleep 30\r",
                "[ 1816.746685] simbricks-guestinit.sh[540]: ++ '[' '!' -f /root/.prepare.done ']'\r",
                "[ 1816.746685] simbricks-guestinit.sh[540]: ++ sleep 30\r",
                "[ 1846.748560] simbricks-guestinit.sh[540]: ++ '[' '!' -f /root/.prepare.done ']'\r",
                "[ 1846.748560] simbricks-guestinit.sh[540]: ++ sleep 30\r",
                "[ 1876.746435] simbricks-guestinit.sh[540]: ++ '[' '!' -f /root/.prepare.done ']'\r",
                "[ 1876.750435] simbricks-guestinit.sh[540]: ++ sleep 30\r",
                "[ 1906.752310] simbricks-guestinit.sh[540]: ++ '[' '!' -f /root/.prepare.done ']'\r",
                "[ 1906.756310] simbricks-guestinit.sh[540]: ++ sleep 30\r",
                "[ 1936.762186] simbricks-guestinit.sh[540]: ++ '[' '!' -f /root/.prepare.done ']'\r",
                "[ 1936.766186] simbricks-guestinit.sh[540]: ++ sleep 30\r",
                "[ 1966.772061] simbricks-guestinit.sh[540]: ++ '[' '!' -f /root/.prepare.done ']'\r",
                "[ 1966.776061] simbricks-guestinit.sh[540]: ++ sleep 30\r",
                "[ 1996.781937] simbricks-guestinit.sh[540]: ++ '[' '!' -f /root/.prepare.done ']'\r",
                "[ 1996.785937] simbricks-guestinit.sh[540]: ++ sleep 30\r",
                "[ 2026.791812] simbricks-guestinit.sh[540]: ++ '[' '!' -f /root/.prepare.done ']'\r",
                "[ 2026.795812] simbricks-guestinit.sh[540]: ++ sleep 30\r",
                "[ 2056.801688] simbricks-guestinit.sh[540]: ++ '[' '!' -f /root/.prepare.done ']'\r",
                "[ 2056.805688] simbricks-guestinit.sh[540]: ++ sleep 30\r",
                "[ 2086.811563] simbricks-guestinit.sh[540]: ++ '[' '!' -f /root/.prepare.done ']'\r",
                "[ 2086.815563] simbricks-guestinit.sh[540]: ++ sleep 30\r",
                "[ 2116.821439] simbricks-guestinit.sh[540]: ++ '[' '!' -f /root/.prepare.done ']'\r",
                "[ 2116.825439] simbricks-guestinit.sh[540]: ++ sleep 30\r",
                "[ 2146.827314] simbricks-guestinit.sh[540]: ++ '[' '!' -f /root/.prepare.done ']'\r",
                "[ 2146.827314] simbricks-guestinit.sh[540]: ++ sleep 30\r",
                "[ 2176.833189] simbricks-guestinit.sh[540]: ++ '[' '!' -f /root/.prepare.done ']'\r",
                "[ 2176.833189] simbricks-guestinit.sh[540]: ++ sleep 30\r",
                "[ 2206.835064] simbricks-guestinit.sh[540]: ++ '[' '!' -f /root/.prepare.done ']'\r",
                "[ 2206.835064] simbricks-guestinit.sh[540]: ++ sleep 30\r",
                "[ 2236.836939] simbricks-guestinit.sh[540]: ++ '[' '!' -f /root/.prepare.done ']'\r",
                "[ 2236.836939] simbricks-guestinit.sh[540]: ++ sleep 30\r",
                "[ 2266.838814] simbricks-guestinit.sh[540]: ++ '[' '!' -f /root/.prepare.done ']'\r",
                "[ 2266.838814] simbricks-guestinit.sh[540]: ++ sleep 30\r",
                "[ 2296.840689] simbricks-guestinit.sh[540]: ++ '[' '!' -f /root/.prepare.done ']'\r",
                "[ 2296.840689] simbricks-guestinit.sh[540]: ++ sleep 30\r",
                "[ 2326.842564] simbricks-guestinit.sh[540]: ++ '[' '!' -f /root/.prepare.done ']'\r",
                "[ 2326.842564] simbricks-guestinit.sh[540]: ++ sleep 30\r",
                "[ 2356.844439] simbricks-guestinit.sh[540]: ++ '[' '!' -f /root/.prepare.done ']'\r",
                "[ 2356.844439] simbricks-guestinit.sh[540]: ++ sleep 30\r",
                "[ 2386.846314] simbricks-guestinit.sh[540]: ++ '[' '!' -f /root/.prepare.done ']'\r",
                "[ 2386.846314] simbricks-guestinit.sh[540]: ++ sleep 30\r",
                "[ 2416.848189] simbricks-guestinit.sh[540]: ++ '[' '!' -f /root/.prepare.done ']'\r",
                "[ 2416.848189] simbricks-guestinit.sh[540]: ++ sleep 30\r",
                "[ 2446.850064] simbricks-guestinit.sh[540]: ++ '[' '!' -f /root/.prepare.done ']'\r",
                "[ 2446.850064] simbricks-guestinit.sh[540]: ++ sleep 30\r",
                "[ 2476.851939] simbricks-guestinit.sh[540]: ++ '[' '!' -f /root/.prepare.done ']'\r",
                "[ 2476.851939] simbricks-guestinit.sh[540]: ++ sleep 30\r",
                "[ 2506.853814] simbricks-guestinit.sh[540]: ++ '[' '!' -f /root/.prepare.done ']'\r",
                "[ 2506.853814] simbricks-guestinit.sh[540]: ++ sleep 30\r",
                "[ 2536.859689] simbricks-guestinit.sh[540]: ++ '[' '!' -f /root/.prepare.done ']'\r",
                "[ 2536.859689] simbricks-guestinit.sh[540]: ++ sleep 30\r",
                "[ 2566.861564] simbricks-guestinit.sh[540]: ++ '[' '!' -f /root/.prepare.done ']'\r",
                "[ 2566.861564] simbricks-guestinit.sh[540]: ++ sleep 30\r",
                "[ 2596.863439] simbricks-guestinit.sh[540]: ++ '[' '!' -f /root/.prepare.done ']'\r",
                "[ 2596.863439] simbricks-guestinit.sh[540]: ++ sleep 30\r",
                "[ 2626.865314] simbricks-guestinit.sh[540]: ++ '[' '!' -f /root/.prepare.done ']'\r",
                "[ 2626.865314] simbricks-guestinit.sh[540]: ++ sleep 30\r",
                "[ 2656.867189] simbricks-guestinit.sh[540]: ++ '[' '!' -f /root/.prepare.done ']'\r",
                "[ 2656.867189] simbricks-guestinit.sh[540]: ++ sleep 30\r",
                "[ 2686.869064] simbricks-guestinit.sh[540]: ++ '[' '!' -f /root/.prepare.done ']'\r",
                "[ 2686.873065] simbricks-guestinit.sh[540]: ++ sleep 30\r",
                "[ 2716.874940] simbricks-guestinit.sh[540]: ++ '[' '!' -f /root/.prepare.done ']'\r",
                "[ 2716.874940] simbricks-guestinit.sh[540]: ++ sleep 30\r",
                "[ 2746.876815] simbricks-guestinit.sh[540]: ++ '[' '!' -f /root/.prepare.done ']'\r",
                "[ 2746.876815] simbricks-guestinit.sh[540]: ++ sleep 30\r",
                "[ 2776.878690] simbricks-guestinit.sh[540]: ++ '[' '!' -f /root/.prepare.done ']'\r",
                "[ 2776.878690] simbricks-guestinit.sh[540]: ++ sleep 30\r",
                "[ 2806.884565] simbricks-guestinit.sh[540]: ++ '[' '!' -f /root/.prepare.done ']'\r",
                "[ 2806.884565] simbricks-guestinit.sh[540]: ++ sleep 30\r",
                "[ 2836.886440] simbricks-guestinit.sh[540]: ++ '[' '!' -f /root/.prepare.done ']'\r",
                "[ 2836.886440] simbricks-guestinit.sh[540]: ++ sleep 30\r",
                "[ 2866.888315] simbricks-guestinit.sh[540]: ++ '[' '!' -f /root/.prepare.done ']'\r",
                "[ 2866.888315] simbricks-guestinit.sh[540]: ++ sleep 30\r",
                "[ 2896.890190] simbricks-guestinit.sh[540]: ++ '[' '!' -f /root/.prepare.done ']'\r",
                "[ 2896.890190] simbricks-guestinit.sh[540]: ++ sleep 30\r",
                "[ 2926.892065] simbricks-guestinit.sh[540]: ++ '[' '!' -f /root/.prepare.done ']'\r",
                "[ 2926.892065] simbricks-guestinit.sh[540]: ++ sleep 30\r",
                "[ 2956.893940] simbricks-guestinit.sh[540]: ++ '[' '!' -f /root/.prepare.done ']'\r",
                "[ 2956.893940] simbricks-guestinit.sh[540]: ++ sleep 30\r",
                "[ 2986.895815] simbricks-guestinit.sh[540]: ++ '[' '!' -f /root/.prepare.done ']'\r",
                "[ 2986.895815] simbricks-guestinit.sh[540]: ++ sleep 30\r",
                "[ 3016.897690] simbricks-guestinit.sh[540]: ++ '[' '!' -f /root/.prepare.done ']'\r",
                "[ 3016.897690] simbricks-guestinit.sh[540]: ++ sleep 30\r",
                "[ 3046.899565] simbricks-guestinit.sh[540]: ++ '[' '!' -f /root/.prepare.done ']'\r",
                "[ 3046.899565] simbricks-guestinit.sh[540]: ++ sleep 30\r",
                "[ 3076.901440] simbricks-guestinit.sh[540]: ++ '[' '!' -f /root/.prepare.done ']'\r",
                "[ 3076.901440] simbricks-guestinit.sh[540]: ++ sleep 30\r",
                "[ 3106.903315] simbricks-guestinit.sh[540]: ++ '[' '!' -f /root/.prepare.done ']'\r",
                "[ 3106.903315] simbricks-guestinit.sh[540]: ++ sleep 30\r",
                "[ 3136.905190] simbricks-guestinit.sh[540]: ++ '[' '!' -f /root/.prepare.done ']'\r",
                "[ 3136.905190] simbricks-guestinit.sh[540]: ++ sleep 30\r",
                "[ 3166.907065] simbricks-guestinit.sh[540]: ++ '[' '!' -f /root/.prepare.done ']'\r",
                "[ 3166.907065] simbricks-guestinit.sh[540]: ++ sleep 30\r",
                "[ 3196.908940] simbricks-guestinit.sh[540]: ++ '[' '!' -f /root/.prepare.done ']'\r",
                "[ 3196.908940] simbricks-guestinit.sh[540]: ++ sleep 30\r",
                "[ 3226.910815] simbricks-guestinit.sh[540]: ++ '[' '!' -f /root/.prepare.done ']'\r",
                "[ 3226.914815] simbricks-guestinit.sh[540]: ++ sleep 30\r",
                "[ 3256.916690] simbricks-guestinit.sh[540]: ++ '[' '!' -f /root/.prepare.done ']'\r",
                "[ 3256.916690] simbricks-guestinit.sh[540]: ++ sleep 30\r",
                "[ 3286.918565] simbricks-guestinit.sh[540]: ++ '[' '!' -f /root/.prepare.done ']'\r",
                "[ 3286.918565] simbricks-guestinit.sh[540]: ++ sleep 30\r",
                "[ 3316.920440] simbricks-guestinit.sh[540]: ++ '[' '!' -f /root/.prepare.done ']'\r",
                "[ 3316.924440] simbricks-guestinit.sh[540]: ++ sleep 30\r",
                "[ 3346.926315] simbricks-guestinit.sh[540]: ++ '[' '!' -f /root/.prepare.done ']'\r",
                "[ 3346.926315] simbricks-guestinit.sh[540]: ++ sleep 30\r",
                "[ 3376.928190] simbricks-guestinit.sh[540]: ++ '[' '!' -f /root/.prepare.done ']'\r",
                "[ 3376.928190] simbricks-guestinit.sh[540]: ++ sleep 30\r",
                "[ 3406.930065] simbricks-guestinit.sh[540]: ++ '[' '!' -f /root/.prepare.done ']'\r",
                "[ 3406.934066] simbricks-guestinit.sh[540]: ++ sleep 30\r",
                "[ 3436.935941] simbricks-guestinit.sh[540]: ++ '[' '!' -f /root/.prepare.done ']'\r",
                "[ 3436.935941] simbricks-guestinit.sh[540]: ++ sleep 30\r",
                "[ 3466.937816] simbricks-guestinit.sh[540]: ++ '[' '!' -f /root/.prepare.done ']'\r",
                "[ 3466.937816] simbricks-guestinit.sh[540]: ++ sleep 30\r",
                "[ 3496.939691] simbricks-guestinit.sh[540]: ++ '[' '!' -f /root/.prepare.done ']'\r",
                "[ 3496.939691] simbricks-guestinit.sh[540]: ++ sleep 30\r",
                "[ 3526.941566] simbricks-guestinit.sh[540]: ++ '[' '!' -f /root/.prepare.done ']'\r",
                "[ 3526.941566] simbricks-guestinit.sh[540]: ++ sleep 30\r",
                "[ 3556.943441] simbricks-guestinit.sh[540]: ++ '[' '!' -f /root/.prepare.done ']'\r",
                "[ 3556.943441] simbricks-guestinit.sh[540]: ++ sleep 30\r",
                "[ 3586.945316] simbricks-guestinit.sh[540]: ++ '[' '!' -f /root/.prepare.done ']'\r",
                "[ 3586.945316] simbricks-guestinit.sh[540]: ++ sleep 30\r",
                "[ 3616.951191] simbricks-guestinit.sh[540]: ++ '[' '!' -f /root/.prepare.done ']'\r",
                "[ 3616.955191] simbricks-guestinit.sh[540]: ++ sleep 30\r",
                "[ 3646.953066] simbricks-guestinit.sh[540]: ++ '[' '!' -f /root/.prepare.done ']'\r",
                "[ 3646.953066] simbricks-guestinit.sh[540]: ++ sleep 30\r",
                "[ 3676.954941] simbricks-guestinit.sh[540]: ++ '[' '!' -f /root/.prepare.done ']'\r",
                "[ 3676.954941] simbricks-guestinit.sh[540]: ++ sleep 30\r",
                "[ 3706.956816] simbricks-guestinit.sh[540]: ++ '[' '!' -f /root/.prepare.done ']'\r",
                "[ 3706.956816] simbricks-guestinit.sh[540]: ++ sleep 30\r",
                "[ 3736.958691] simbricks-guestinit.sh[540]: ++ '[' '!' -f /root/.prepare.done ']'\r",
                "[ 3736.958691] simbricks-guestinit.sh[540]: ++ sleep 30\r",
                "[ 3766.960566] simbricks-guestinit.sh[540]: ++ '[' '!' -f /root/.prepare.done ']'\r",
                "[ 3766.960566] simbricks-guestinit.sh[540]: ++ sleep 30\r",
                "[ 3796.966441] simbricks-guestinit.sh[540]: ++ '[' '!' -f /root/.prepare.done ']'\r",
                "[ 3796.966441] simbricks-guestinit.sh[540]: ++ sleep 30\r",
                "[ 3826.968316] simbricks-guestinit.sh[540]: ++ '[' '!' -f /root/.prepare.done ']'\r",
                "[ 3826.968316] simbricks-guestinit.sh[540]: ++ sleep 30\r",
                "[ 3856.970191] simbricks-guestinit.sh[540]: ++ '[' '!' -f /root/.prepare.done ']'\r",
                "[ 3856.970191] simbricks-guestinit.sh[540]: ++ sleep 30\r",
                "[ 3886.976066] simbricks-guestinit.sh[540]: ++ '[' '!' -f /root/.prepare.done ']'\r",
                "[ 3886.976066] simbricks-guestinit.sh[540]: ++ sleep 30\r",
                "[ 3916.977941] simbricks-guestinit.sh[540]: ++ '[' '!' -f /root/.prepare.done ']'\r",
                "[ 3916.977941] simbricks-guestinit.sh[540]: ++ sleep 30\r",
                "[ 3946.979816] simbricks-guestinit.sh[540]: ++ '[' '!' -f /root/.prepare.done ']'\r",
                "[ 3946.983817] simbricks-guestinit.sh[540]: ++ sleep 30\r",
                "[ 3976.985692] simbricks-guestinit.sh[540]: ++ '[' '!' -f /root/.prepare.done ']'\r",
                "[ 3976.985692] simbricks-guestinit.sh[540]: ++ sleep 30\r",
                "[ 4006.987567] simbricks-guestinit.sh[540]: ++ '[' '!' -f /root/.prepare.done ']'\r",
                "[ 4006.987567] simbricks-guestinit.sh[540]: ++ sleep 30\r",
                "[ 4036.989442] simbricks-guestinit.sh[540]: ++ '[' '!' -f /root/.prepare.done ']'\r",
                "[ 4036.993442] simbricks-guestinit.sh[540]: ++ sleep 30\r",
                "[ 4066.995317] simbricks-guestinit.sh[540]: ++ '[' '!' -f /root/.prepare.done ']'\r",
                "[ 4066.995317] simbricks-guestinit.sh[540]: ++ sleep 30\r",
                "[ 4096.997192] simbricks-guestinit.sh[540]: ++ '[' '!' -f /root/.prepare.done ']'\r",
                "[ 4096.997192] simbricks-guestinit.sh[540]: ++ sleep 30\r",
                "[ 4126.999067] simbricks-guestinit.sh[540]: ++ '[' '!' -f /root/.prepare.done ']'\r",
                "[ 4126.999067] simbricks-guestinit.sh[540]: ++ sleep 30\r",
                "[ 4157.000942] simbricks-guestinit.sh[540]: ++ '[' '!' -f /root/.prepare.done ']'\r",
                "[ 4157.000942] simbricks-guestinit.sh[540]: ++ sleep 30\r",
                "[ 4187.002817] simbricks-guestinit.sh[540]: ++ '[' '!' -f /root/.prepare.done ']'\r",
                "[ 4187.002817] simbricks-guestinit.sh[540]: ++ sleep 30\r",
                "[ 4217.004692] simbricks-guestinit.sh[540]: ++ '[' '!' -f /root/.prepare.done ']'\r",
                "[ 4217.004692] simbricks-guestinit.sh[540]: ++ sleep 30\r",
                "[ 4247.006567] simbricks-guestinit.sh[540]: ++ '[' '!' -f /root/.prepare.done ']'\r",
                "[ 4247.006567] simbricks-guestinit.sh[540]: ++ sleep 30\r",
                "[ 4277.008442] simbricks-guestinit.sh[540]: ++ '[' '!' -f /root/.prepare.done ']'\r",
                "[ 4277.008442] simbricks-guestinit.sh[540]: ++ sleep 30\r",
                "[ 4307.010317] simbricks-guestinit.sh[540]: ++ '[' '!' -f /root/.prepare.done ']'\r",
                "[ 4307.010317] simbricks-guestinit.sh[540]: ++ sleep 30\r",
                "[ 4337.012192] simbricks-guestinit.sh[540]: ++ '[' '!' -f /root/.prepare.done ']'\r",
                "[ 4337.012192] simbricks-guestinit.sh[540]: ++ sleep 30\r",
                "[ 4367.014067] simbricks-guestinit.sh[540]: ++ '[' '!' -f /root/.prepare.done ']'\r",
                "[ 4367.014067] simbricks-guestinit.sh[540]: ++ sleep 30\r",
                "[ 4397.015942] simbricks-guestinit.sh[540]: ++ '[' '!' -f /root/.prepare.done ']'\r",
                "[ 4397.015942] simbricks-guestinit.sh[540]: ++ sleep 30\r",
                "[ 4427.017817] simbricks-guestinit.sh[540]: ++ '[' '!' -f /root/.prepare.done ']'\r",
                "[ 4427.017817] simbricks-guestinit.sh[540]: ++ sleep 30\r",
                "[ 4457.019692] simbricks-guestinit.sh[540]: ++ '[' '!' -f /root/.prepare.done ']'\r",
                "[ 4457.019692] simbricks-guestinit.sh[540]: ++ sleep 30\r",
                "[ 4487.021567] simbricks-guestinit.sh[540]: ++ '[' '!' -f /root/.prepare.done ']'\r",
                "[ 4487.021567] simbricks-guestinit.sh[540]: ++ sleep 30\r",
                "[ 4517.023442] simbricks-guestinit.sh[540]: ++ '[' '!' -f /root/.prepare.done ']'\r",
                "[ 4517.023442] simbricks-guestinit.sh[540]: ++ sleep 30\r",
                "[ 4547.025317] simbricks-guestinit.sh[540]: ++ '[' '!' -f /root/.prepare.done ']'\r",
                "[ 4547.025317] simbricks-guestinit.sh[540]: ++ sleep 30\r",
                "[ 4577.027192] simbricks-guestinit.sh[540]: ++ '[' '!' -f /root/.prepare.done ']'\r",
                "[ 4577.027192] simbricks-guestinit.sh[540]: ++ sleep 30\r",
                "[ 4607.029067] simbricks-guestinit.sh[540]: ++ '[' '!' -f /root/.prepare.done ']'\r",
                "[ 4607.029067] simbricks-guestinit.sh[540]: ++ sleep 30\r",
                "[ 4637.030942] simbricks-guestinit.sh[540]: ++ '[' '!' -f /root/.prepare.done ']'\r",
                "[ 4637.030942] simbricks-guestinit.sh[540]: ++ sleep 30\r",
                "[ 4667.032817] simbricks-guestinit.sh[540]: ++ '[' '!' -f /root/.prepare.done ']'\r",
                "[ 4667.032817] simbricks-guestinit.sh[540]: ++ sleep 30\r",
                "[ 4697.034692] simbricks-guestinit.sh[540]: ++ '[' '!' -f /root/.prepare.done ']'\r",
                "[ 4697.034692] simbricks-guestinit.sh[540]: ++ sleep 30\r",
                "[ 4727.036567] simbricks-guestinit.sh[540]: ++ '[' '!' -f /root/.prepare.done ']'\r",
                "[ 4727.036567] simbricks-guestinit.sh[540]: ++ sleep 30\r",
                "[ 4757.038442] simbricks-guestinit.sh[540]: ++ '[' '!' -f /root/.prepare.done ']'\r",
                "[ 4757.038442] simbricks-guestinit.sh[540]: ++ sleep 30\r",
                "[ 4787.040317] simbricks-guestinit.sh[540]: ++ '[' '!' -f /root/.prepare.done ']'\r",
                "[ 4787.040317] simbricks-guestinit.sh[540]: ++ sleep 30\r",
