[06:55:44] preparing config tar: /local/yiliangw/cxlsim/out/sim/mysql_swap/1/cfg.controller.tar
[06:55:44] preparing config tar: /local/yiliangw/cxlsim/out/sim/mysql_swap/1/cfg.compute1.tar
[06:55:44] preparing config tar: /local/yiliangw/cxlsim/out/sim/mysql_swap/1/cfg.compute2.tar
[06:55:44] prepare_mysql_swap.0 TERMINATED: 0
[06:55:44] prepare_mysql_swap.0 TERMINATED: 0
[06:55:44] prepare_mysql_swap.0 TERMINATED: 0
[06:55:49] starting run  mysql_swap.1
[06:55:49] mysql_swap: starting nic.controller.management
[06:55:49] mysql_swap: starting nic.controller.provider
[06:55:49] mysql_swap: starting nic.compute1.management
[06:55:49] mysql_swap: starting nic.compute1.provider
[06:55:49] mysql_swap: starting nic.compute2.management
[06:55:49] mysql_swap: starting nic.compute2.provider
[06:55:49] mysql_swap: waiting for sockets nic.controller.management
[06:55:49] mysql_swap: waiting for sockets nic.controller.provider
[06:55:49] mysql_swap: waiting for sockets nic.compute1.management
[06:55:49] mysql_swap: waiting for sockets nic.compute1.provider
[06:55:49] mysql_swap: waiting for sockets nic.compute2.management
[06:55:49] mysql_swap: waiting for sockets nic.compute2.provider
[06:55:49] await_file(/local/yiliangw/cxlsim/out/sim/mysql_swap/1/dev.pci.controller.management)
[06:55:49] await_file(/local/yiliangw/cxlsim/out/sim/mysql_swap/1/nic.eth.controller.management)
[06:55:49] await_file(/local/yiliangw/cxlsim/out/sim/mysql_swap/1/dev.pci.controller.provider)
[06:55:49] await_file(/local/yiliangw/cxlsim/out/sim/mysql_swap/1/nic.eth.controller.provider)
[06:55:49] await_file(/local/yiliangw/cxlsim/out/sim/mysql_swap/1/dev.pci.compute1.management)
[06:55:49] await_file(/local/yiliangw/cxlsim/out/sim/mysql_swap/1/nic.eth.compute1.management)
[06:55:49] await_file(/local/yiliangw/cxlsim/out/sim/mysql_swap/1/dev.pci.compute1.provider)
[06:55:49] await_file(/local/yiliangw/cxlsim/out/sim/mysql_swap/1/nic.eth.compute1.provider)
[06:55:49] await_file(/local/yiliangw/cxlsim/out/sim/mysql_swap/1/dev.pci.compute2.management)
[06:55:49] await_file(/local/yiliangw/cxlsim/out/sim/mysql_swap/1/nic.eth.compute2.management)
[06:55:49] await_file(/local/yiliangw/cxlsim/out/sim/mysql_swap/1/dev.pci.compute2.provider)
[06:55:49] await_file(/local/yiliangw/cxlsim/out/sim/mysql_swap/1/nic.eth.compute2.provider)
[06:55:49] mysql_swap: started nic.controller.management
[06:55:49] mysql_swap: started nic.controller.provider
[06:55:49] mysql_swap: started nic.compute1.management
[06:55:49] mysql_swap: started nic.compute1.provider
[06:55:49] mysql_swap: started nic.compute2.provider
[06:55:49] mysql_swap: started nic.compute2.management
[06:55:49] mysql_swap: starting net.management
[06:55:49] mysql_swap: starting net.provider
[06:55:49] net.management ERR: ['Switch connecting to: /local/yiliangw/cxlsim/out/sim/mysql_swap/1/nic.eth.controller.management']
[06:55:49] net.management ERR: ['Switch connecting to: /local/yiliangw/cxlsim/out/sim/mysql_swap/1/nic.eth.compute1.management']
[06:55:49] net.management ERR: ['Switch connecting to: /local/yiliangw/cxlsim/out/sim/mysql_swap/1/nic.eth.compute2.management']
[06:55:49] net.provider ERR: ['Switch connecting to: /local/yiliangw/cxlsim/out/sim/mysql_swap/1/nic.eth.controller.provider']
[06:55:49] net.provider ERR: ['Switch connecting to: /local/yiliangw/cxlsim/out/sim/mysql_swap/1/nic.eth.compute1.provider']
[06:55:49] net.provider ERR: ['Switch connecting to: /local/yiliangw/cxlsim/out/sim/mysql_swap/1/nic.eth.compute2.provider']
[06:55:54] mysql_swap: started net.management
[06:55:54] mysql_swap: started net.provider
[06:55:54] mysql_swap: starting host.controller
[06:55:54] mysql_swap: starting host.compute1
[06:55:54] mysql_swap: starting host.compute2
[06:55:54] host.compute2 ERR: ['warn: Physical memory size specified is 8192MB which is greater than 3GB.  Twice the number of memory controllers would be created.']
[06:55:54] host.controller ERR: ['warn: Physical memory size specified is 8192MB which is greater than 3GB.  Twice the number of memory controllers would be created.']
[06:55:54] host.compute2 OUT: ['Global frequency set at 1000000000000 ticks per second']
[06:55:54] host.compute1 OUT: ['Global frequency set at 1000000000000 ticks per second']
[06:55:54] host.controller OUT: ['Global frequency set at 1000000000000 ticks per second']
[06:55:54] host.compute1 ERR: ['warn: No dot file generated. Please install pydot to generate the dot file and pdf.']
[06:55:54] host.compute1 ERR: ['src/mem/dram_interface.cc:690: warn: DRAM device capacity (32768 Mbytes) does not match the address range assigned (2048 Mbytes)']
[06:55:54] host.compute2 ERR: ['warn: No dot file generated. Please install pydot to generate the dot file and pdf.']
[06:55:54] host.compute2 ERR: ['src/mem/dram_interface.cc:690: warn: DRAM device capacity (32768 Mbytes) does not match the address range assigned (4096 Mbytes)']
[06:55:54] host.compute2 ERR: ['src/mem/dram_interface.cc:690: warn: DRAM device capacity (32768 Mbytes) does not match the address range assigned (8192 Mbytes)']
[06:55:54] host.controller ERR: ['warn: No dot file generated. Please install pydot to generate the dot file and pdf.']
[06:55:54] host.controller ERR: ['src/mem/dram_interface.cc:690: warn: DRAM device capacity (32768 Mbytes) does not match the address range assigned (4096 Mbytes)']
[06:55:54] host.controller ERR: ['src/mem/dram_interface.cc:690: warn: DRAM device capacity (32768 Mbytes) does not match the address range assigned (8192 Mbytes)']
[06:55:55] host.compute1 ERR: ['src/sim/kernel_workload.cc:46: info: kernel located at: /local/yiliangw/cxlsim/out/images/ubuntu/vmlinux']
[06:55:55] host.compute2 ERR: ['src/sim/kernel_workload.cc:46: info: kernel located at: /local/yiliangw/cxlsim/out/images/ubuntu/vmlinux']
[06:55:55] host.controller ERR: ['src/sim/kernel_workload.cc:46: info: kernel located at: /local/yiliangw/cxlsim/out/images/ubuntu/vmlinux']
[06:55:56] host.compute1 ERR: ['src/base/statistics.hh:279: warn: One of the stats is a legacy stat. Legacy stat is a stat that does not belong to any statistics::Group. Legacy stat is deprecated.']
[06:55:56] host.compute1 ERR: ['system.pc.com_1.device: Listening for connections on port 10211']
[06:55:56] host.compute1 ERR: ['system.remote_gdb: Listening for connections on port 7003']
[06:55:56] host.compute1 ERR: ['src/mem/coherent_xbar.cc:140: warn: CoherentXBar system.membus has no snooping ports attached!']
[06:55:56] host.compute1 ERR: ['src/dev/intel_8254_timer.cc:128: warn: Reading current count from inactive timer.']
[06:55:56] nic.compute1.provider ERR: ['mac_addr=11111005452']
[06:55:56] nic.compute1.provider ERR: ['sync_pci=0 sync_eth=0']
[06:55:56] nic.compute1.management ERR: ['mac_addr=11011005452']
[06:55:56] nic.compute1.management ERR: ['sync_pci=0 sync_eth=0']
[06:55:56] host.controller ERR: ['src/base/statistics.hh:279: warn: One of the stats is a legacy stat. Legacy stat is a stat that does not belong to any statistics::Group. Legacy stat is deprecated.']
[06:55:56] host.controller ERR: ['system.pc.com_1.device: Listening for connections on port 10210']
[06:55:56] host.controller ERR: ['system.remote_gdb: Listening for connections on port 7004']
[06:55:56] host.controller ERR: ['src/mem/coherent_xbar.cc:140: warn: CoherentXBar system.membus has no snooping ports attached!']
[06:55:56] host.controller ERR: ['src/dev/intel_8254_timer.cc:128: warn: Reading current count from inactive timer.']
[06:55:56] nic.controller.management ERR: ['mac_addr=1011005452']
[06:55:56] nic.controller.management ERR: ['sync_pci=0 sync_eth=0']
[06:55:56] nic.controller.provider ERR: ['mac_addr=1111005452']
[06:55:56] nic.controller.provider ERR: ['sync_pci=0 sync_eth=0']
[06:55:56] host.compute2 ERR: ['src/base/statistics.hh:279: warn: One of the stats is a legacy stat. Legacy stat is a stat that does not belong to any statistics::Group. Legacy stat is deprecated.']
[06:55:56] host.compute2 ERR: ['system.pc.com_1.device: Listening for connections on port 10212']
[06:55:56] host.compute1 ERR: ['src/cpu/kvm/base.cc:170: info: KVM: Coalesced MMIO disabled by config.']
[06:55:56] host.compute1 OUT: ['gem5 Simulator System.  https://www.gem5.org']
[06:55:56] host.compute1 OUT: ['gem5 is copyrighted software; use the --copyright option for details.']
[06:55:56] host.compute1 OUT: ['']
[06:55:56] host.compute1 OUT: ['gem5 version 24.0.0.1']
[06:55:56] host.compute1 OUT: ['gem5 compiled Jun  9 2025 08:14:19']
[06:55:56] host.compute1 OUT: ['gem5 started Jun 20 2025 06:55:54']
[06:55:56] host.compute1 OUT: ['gem5 executing on nsl-node3, pid 2860971']
[06:55:56] host.compute1 OUT: ["command line: /local/yiliangw/cxlsim/sim/simbricks/sims/external/gem5/build/X86/gem5.fast --outdir=/local/yiliangw/cxlsim/out/sim/mysql_swap/1/gem5-out.compute1 --listener-mode=on /local/yiliangw/cxlsim/sim/simbricks/sims/external/gem5/configs/simbricks/simbricks_cxl.py --cpu-clock=4GHz --sys-clock=1GHz --checkpoint-dir=/local/yiliangw/cxlsim/out/sim/mysql_swap/0/gem5-cp.compute1 --kernel=/local/yiliangw/cxlsim/out/images/ubuntu/vmlinux --command-line 'earlyprintk=ttyS0 console=ttyS0 no_timer_check memory_corruption_check=0 random.trust_cpu=on net.ifnames=0 raid=noautodetect root=/dev/sda1 simbricks_guest_input=/dev/sdb rw' --disk-image=/local/yiliangw/cxlsim/out/images/ubuntu/disks/mysql/basic/compute1/disk.raw --disk-image=/local/yiliangw/cxlsim/out/sim/mysql_swap/1/cfg.compute1.tar --cpu-type=X86KvmCPU --mem-size=2048MB --cxl-mem-sz=0 --num-cpus=1 --mem-type=DDR4_2400_16x4 --termport 10211 --simbricks-pci=connect:/local/yiliangw/cxlsim/out/sim/mysql_swap/1/dev.pci.compute1.management:latency=1000ns:sync_interval=1000ns --simbricks-pci=connect:/local/yiliangw/cxlsim/out/sim/mysql_swap/1/dev.pci.compute1.provider:latency=1000ns:sync_interval=1000ns"]
[06:55:56] host.compute1 OUT: ['']
[06:55:56] host.compute1 OUT: ['adding simbricks pci: connect:/local/yiliangw/cxlsim/out/sim/mysql_swap/1/dev.pci.compute1.management:latency=1000ns:sync_interval=1000ns']
[06:55:56] host.compute1 OUT: ['adding simbricks pci: connect:/local/yiliangw/cxlsim/out/sim/mysql_swap/1/dev.pci.compute1.provider:latency=1000ns:sync_interval=1000ns']
[06:55:56] host.compute1 OUT: ['connecting 2 pci & eth simbricks adapters']
[06:55:56] host.compute1 OUT: ['connecting 0 mem simbricks adapters']
[06:55:56] host.compute1 OUT: ['**** REAL SIMULATION ****']
[06:55:56] host.compute1 ERR: ['src/sim/simulate.cc:199: info: Entering event queue @ 0.  Starting simulation...']
[06:55:56] host.compute1 ERR: ['src/arch/x86/kvm/x86_cpu.cc:1688: warn: kvm-x86: MSR (0x3a) unsupported by gem5. Skipping.']
[06:55:56] host.compute1 ERR: ['src/arch/x86/kvm/x86_cpu.cc:1688: warn: kvm-x86: MSR (0xd90) unsupported by gem5. Skipping.']
[06:55:56] host.compute1 ERR: ['src/arch/x86/kvm/x86_cpu.cc:1688: warn: kvm-x86: MSR (0x48) unsupported by gem5. Skipping.']
[06:55:56] host.compute1 ERR: ['src/arch/x86/kvm/x86_cpu.cc:1688: warn: kvm-x86: MSR (0x122) unsupported by gem5. Skipping.']
[06:55:56] host.compute1 ERR: ['src/arch/x86/kvm/x86_cpu.cc:1688: warn: kvm-x86: MSR (0x309) unsupported by gem5. Skipping.']
[06:55:56] host.compute1 ERR: ['src/arch/x86/kvm/x86_cpu.cc:1688: warn: kvm-x86: MSR (0x30a) unsupported by gem5. Skipping.']
[06:55:56] host.compute1 ERR: ['src/arch/x86/kvm/x86_cpu.cc:1688: warn: kvm-x86: MSR (0x30b) unsupported by gem5. Skipping.']
[06:55:56] host.compute1 ERR: ['src/arch/x86/kvm/x86_cpu.cc:1688: warn: kvm-x86: MSR (0x38d) unsupported by gem5. Skipping.']
[06:55:56] host.compute1 ERR: ['src/arch/x86/kvm/x86_cpu.cc:1688: warn: kvm-x86: MSR (0x38e) unsupported by gem5. Skipping.']
[06:55:56] host.compute1 ERR: ['src/arch/x86/kvm/x86_cpu.cc:1688: warn: kvm-x86: MSR (0x38f) unsupported by gem5. Skipping.']
[06:55:56] host.compute1 ERR: ['src/arch/x86/kvm/x86_cpu.cc:1688: warn: kvm-x86: MSR (0x390) unsupported by gem5. Skipping.']
[06:55:56] host.compute1 ERR: ['src/arch/x86/kvm/x86_cpu.cc:1688: warn: kvm-x86: MSR (0x3f1) unsupported by gem5. Skipping.']
[06:55:56] host.compute1 ERR: ['src/arch/x86/kvm/x86_cpu.cc:1688: warn: kvm-x86: MSR (0x600) unsupported by gem5. Skipping.']
[06:55:56] host.compute1 ERR: ['src/arch/x86/kvm/x86_cpu.cc:1688: warn: kvm-x86: MSR (0xc1) unsupported by gem5. Skipping.']
[06:55:56] host.compute1 ERR: ['src/arch/x86/kvm/x86_cpu.cc:1688: warn: kvm-x86: MSR (0xc2) unsupported by gem5. Skipping.']
[06:55:56] host.compute1 ERR: ['src/arch/x86/kvm/x86_cpu.cc:1688: warn: kvm-x86: MSR (0xc3) unsupported by gem5. Skipping.']
[06:55:56] host.compute1 ERR: ['src/arch/x86/kvm/x86_cpu.cc:1688: warn: kvm-x86: MSR (0xc4) unsupported by gem5. Skipping.']
[06:55:56] host.compute1 ERR: ['src/arch/x86/kvm/x86_cpu.cc:1688: warn: kvm-x86: MSR (0x186) unsupported by gem5. Skipping.']
[06:55:56] host.compute1 ERR: ['src/arch/x86/kvm/x86_cpu.cc:1688: warn: kvm-x86: MSR (0x187) unsupported by gem5. Skipping.']
[06:55:56] host.compute1 ERR: ['src/arch/x86/kvm/x86_cpu.cc:1688: warn: kvm-x86: MSR (0x188) unsupported by gem5. Skipping.']
[06:55:56] host.compute1 ERR: ['src/arch/x86/kvm/x86_cpu.cc:1688: warn: kvm-x86: MSR (0x189) unsupported by gem5. Skipping.']
[06:55:56] host.compute1 ERR: ['src/arch/x86/kvm/x86_cpu.cc:1688: warn: kvm-x86: MSR (0x12) unsupported by gem5. Skipping.']
[06:55:56] host.compute1 ERR: ['src/arch/x86/kvm/x86_cpu.cc:1688: warn: kvm-x86: MSR (0x11) unsupported by gem5. Skipping.']
[06:55:56] host.compute1 ERR: ['src/arch/x86/kvm/x86_cpu.cc:1688: warn: kvm-x86: MSR (0x4b564d01) unsupported by gem5. Skipping.']
[06:55:56] host.compute1 ERR: ['src/arch/x86/kvm/x86_cpu.cc:1688: warn: kvm-x86: MSR (0x4b564d00) unsupported by gem5. Skipping.']
[06:55:56] host.compute1 ERR: ['src/arch/x86/kvm/x86_cpu.cc:1688: warn: kvm-x86: MSR (0x40000000) unsupported by gem5. Skipping.']
[06:55:56] host.compute1 ERR: ['src/arch/x86/kvm/x86_cpu.cc:1688: warn: kvm-x86: MSR (0x40000001) unsupported by gem5. Skipping.']
[06:55:56] host.compute1 ERR: ['src/arch/x86/kvm/x86_cpu.cc:1688: warn: kvm-x86: MSR (0x40000020) unsupported by gem5. Skipping.']
[06:55:56] host.compute1 ERR: ['src/arch/x86/kvm/x86_cpu.cc:1688: warn: kvm-x86: MSR (0x40000021) unsupported by gem5. Skipping.']
[06:55:56] host.compute1 ERR: ['src/arch/x86/kvm/x86_cpu.cc:1688: warn: kvm-x86: MSR (0x40000022) unsupported by gem5. Skipping.']
[06:55:56] host.compute1 ERR: ['src/arch/x86/kvm/x86_cpu.cc:1688: warn: kvm-x86: MSR (0x40000023) unsupported by gem5. Skipping.']
[06:55:56] host.compute1 ERR: ['src/arch/x86/kvm/x86_cpu.cc:1688: warn: kvm-x86: MSR (0x40000100) unsupported by gem5. Skipping.']
[06:55:56] host.compute1 ERR: ['src/arch/x86/kvm/x86_cpu.cc:1688: warn: kvm-x86: MSR (0x40000101) unsupported by gem5. Skipping.']
[06:55:56] host.compute1 ERR: ['src/arch/x86/kvm/x86_cpu.cc:1688: warn: kvm-x86: MSR (0x40000102) unsupported by gem5. Skipping.']
[06:55:56] host.compute1 ERR: ['src/arch/x86/kvm/x86_cpu.cc:1688: warn: kvm-x86: MSR (0x40000103) unsupported by gem5. Skipping.']
[06:55:56] host.compute1 ERR: ['src/arch/x86/kvm/x86_cpu.cc:1688: warn: kvm-x86: MSR (0x40000104) unsupported by gem5. Skipping.']
[06:55:56] host.compute1 ERR: ['src/arch/x86/kvm/x86_cpu.cc:1688: warn: kvm-x86: MSR (0x40000105) unsupported by gem5. Skipping.']
[06:55:56] host.compute1 ERR: ['src/arch/x86/kvm/x86_cpu.cc:1688: warn: kvm-x86: MSR (0x40000003) unsupported by gem5. Skipping.']
[06:55:56] host.compute1 ERR: ['src/arch/x86/kvm/x86_cpu.cc:1688: warn: kvm-x86: MSR (0x40000002) unsupported by gem5. Skipping.']
[06:55:56] host.compute1 ERR: ['src/arch/x86/kvm/x86_cpu.cc:1688: warn: kvm-x86: MSR (0x40000010) unsupported by gem5. Skipping.']
[06:55:56] host.compute1 ERR: ['src/arch/x86/kvm/x86_cpu.cc:1688: warn: kvm-x86: MSR (0x40000080) unsupported by gem5. Skipping.']
[06:55:56] host.compute1 ERR: ['src/arch/x86/kvm/x86_cpu.cc:1688: warn: kvm-x86: MSR (0x400000b0) unsupported by gem5. Skipping.']
[06:55:56] host.compute1 ERR: ['src/arch/x86/kvm/x86_cpu.cc:1688: warn: kvm-x86: MSR (0x40000073) unsupported by gem5. Skipping.']
[06:55:56] host.compute1 ERR: ['src/arch/x86/kvm/x86_cpu.cc:1688: warn: kvm-x86: MSR (0x40000106) unsupported by gem5. Skipping.']
[06:55:56] host.compute1 ERR: ['src/arch/x86/kvm/x86_cpu.cc:1688: warn: kvm-x86: MSR (0x40000107) unsupported by gem5. Skipping.']
[06:55:56] host.compute1 ERR: ['src/arch/x86/kvm/x86_cpu.cc:1688: warn: kvm-x86: MSR (0x40000108) unsupported by gem5. Skipping.']
[06:55:56] host.compute1 ERR: ['src/arch/x86/kvm/x86_cpu.cc:1688: warn: kvm-x86: MSR (0x40000118) unsupported by gem5. Skipping.']
[06:55:56] host.compute1 ERR: ['src/arch/x86/kvm/x86_cpu.cc:1688: warn: kvm-x86: MSR (0x400000ff) unsupported by gem5. Skipping.']
[06:55:56] host.compute1 ERR: ['src/arch/x86/kvm/x86_cpu.cc:1688: warn: kvm-x86: MSR (0x400000f1) unsupported by gem5. Skipping.']
[06:55:56] host.compute1 ERR: ['src/arch/x86/kvm/x86_cpu.cc:1688: warn: kvm-x86: MSR (0x400000f2) unsupported by gem5. Skipping.']
[06:55:56] host.compute1 ERR: ['src/arch/x86/kvm/x86_cpu.cc:1688: warn: kvm-x86: MSR (0x400000f3) unsupported by gem5. Skipping.']
[06:55:56] host.compute1 ERR: ['src/arch/x86/kvm/x86_cpu.cc:1688: warn: kvm-x86: MSR (0x400000f4) unsupported by gem5. Skipping.']
[06:55:56] host.compute1 ERR: ['src/arch/x86/kvm/x86_cpu.cc:1688: warn: kvm-x86: MSR (0x400000f5) unsupported by gem5. Skipping.']
[06:55:56] host.compute1 ERR: ['src/arch/x86/kvm/x86_cpu.cc:1688: warn: kvm-x86: MSR (0x4b564d02) unsupported by gem5. Skipping.']
[06:55:56] host.compute1 ERR: ['src/arch/x86/kvm/x86_cpu.cc:1688: warn: kvm-x86: MSR (0x4b564d03) unsupported by gem5. Skipping.']
[06:55:56] host.compute1 ERR: ['src/arch/x86/kvm/x86_cpu.cc:1688: warn: kvm-x86: MSR (0x4b564d04) unsupported by gem5. Skipping.']
[06:55:56] host.compute1 ERR: ['src/arch/x86/kvm/x86_cpu.cc:1688: warn: kvm-x86: MSR (0x4b564d06) unsupported by gem5. Skipping.']
[06:55:56] host.compute1 ERR: ['src/arch/x86/kvm/x86_cpu.cc:1688: warn: kvm-x86: MSR (0x4b564d07) unsupported by gem5. Skipping.']
[06:55:56] host.compute1 ERR: ['src/arch/x86/kvm/x86_cpu.cc:1688: warn: kvm-x86: MSR (0x3b) unsupported by gem5. Skipping.']
[06:55:56] host.compute1 ERR: ['src/arch/x86/kvm/x86_cpu.cc:1688: warn: kvm-x86: MSR (0x6e0) unsupported by gem5. Skipping.']
[06:55:56] host.compute1 ERR: ['src/arch/x86/kvm/x86_cpu.cc:1688: warn: kvm-x86: MSR (0x10a) unsupported by gem5. Skipping.']
[06:55:56] host.compute1 ERR: ['src/arch/x86/kvm/x86_cpu.cc:1688: warn: kvm-x86: MSR (0x345) unsupported by gem5. Skipping.']
[06:55:56] host.compute1 ERR: ['src/arch/x86/kvm/x86_cpu.cc:1688: warn: kvm-x86: MSR (0x1a0) unsupported by gem5. Skipping.']
[06:55:56] host.compute1 ERR: ['src/arch/x86/kvm/x86_cpu.cc:1688: warn: kvm-x86: MSR (0x4d0) unsupported by gem5. Skipping.']
[06:55:56] host.compute1 ERR: ['src/arch/x86/kvm/x86_cpu.cc:1688: warn: kvm-x86: MSR (0x9e) unsupported by gem5. Skipping.']
[06:55:56] host.compute1 ERR: ['src/arch/x86/kvm/x86_cpu.cc:1688: warn: kvm-x86: MSR (0x34) unsupported by gem5. Skipping.']
[06:55:56] host.compute1 ERR: ['src/arch/x86/kvm/x86_cpu.cc:1688: warn: kvm-x86: MSR (0xce) unsupported by gem5. Skipping.']
[06:55:56] host.compute1 ERR: ['src/arch/x86/kvm/x86_cpu.cc:1688: warn: kvm-x86: MSR (0x140) unsupported by gem5. Skipping.']
[06:55:56] host.compute1 ERR: ['src/arch/x86/kvm/x86_cpu.cc:1688: warn: kvm-x86: MSR (0x1fc) unsupported by gem5. Skipping.']
[06:55:56] host.compute1 ERR: ['src/arch/x86/kvm/x86_cpu.cc:1688: warn: kvm-x86: MSR (0x8b) unsupported by gem5. Skipping.']
[06:55:56] host.compute1 ERR: ['src/arch/x86/kvm/x86_cpu.cc:1688: warn: kvm-x86: MSR (0x480) unsupported by gem5. Skipping.']
[06:55:56] host.compute1 ERR: ['src/arch/x86/kvm/x86_cpu.cc:1688: warn: kvm-x86: MSR (0x48d) unsupported by gem5. Skipping.']
[06:55:56] host.compute1 ERR: ['src/arch/x86/kvm/x86_cpu.cc:1688: warn: kvm-x86: MSR (0x48e) unsupported by gem5. Skipping.']
[06:55:56] host.compute1 ERR: ['src/arch/x86/kvm/x86_cpu.cc:1688: warn: kvm-x86: MSR (0x48f) unsupported by gem5. Skipping.']
[06:55:56] host.compute1 ERR: ['src/arch/x86/kvm/x86_cpu.cc:1688: warn: kvm-x86: MSR (0x490) unsupported by gem5. Skipping.']
[06:55:56] host.compute1 ERR: ['src/arch/x86/kvm/x86_cpu.cc:1688: warn: kvm-x86: MSR (0x485) unsupported by gem5. Skipping.']
[06:55:56] host.compute1 ERR: ['src/arch/x86/kvm/x86_cpu.cc:1688: warn: kvm-x86: MSR (0x486) unsupported by gem5. Skipping.']
[06:55:56] host.compute1 ERR: ['src/arch/x86/kvm/x86_cpu.cc:1688: warn: kvm-x86: MSR (0x488) unsupported by gem5. Skipping.']
[06:55:56] host.compute1 ERR: ['src/arch/x86/kvm/x86_cpu.cc:1688: warn: kvm-x86: MSR (0x48a) unsupported by gem5. Skipping.']
[06:55:56] host.compute1 ERR: ['src/arch/x86/kvm/x86_cpu.cc:1688: warn: kvm-x86: MSR (0x48b) unsupported by gem5. Skipping.']
[06:55:56] host.compute1 ERR: ['src/arch/x86/kvm/x86_cpu.cc:1688: warn: kvm-x86: MSR (0x48c) unsupported by gem5. Skipping.']
[06:55:56] host.compute1 ERR: ['src/arch/x86/kvm/x86_cpu.cc:1688: warn: kvm-x86: MSR (0x491) unsupported by gem5. Skipping.']
[06:55:56] host.compute1 ERR: ['src/arch/x86/kvm/x86_cpu.cc:1688: warn: kvm-x86: MSR (0xc0010015) unsupported by gem5. Skipping.']
[06:55:56] host.compute1 ERR: ['src/arch/x86/kvm/x86_cpu.cc:1688: warn: kvm-x86: MSR (0x4b564d05) unsupported by gem5. Skipping.']
[06:55:56] host.compute2 ERR: ['system.remote_gdb: Listening for connections on port 7005']
[06:55:56] host.compute2 ERR: ['src/mem/coherent_xbar.cc:140: warn: CoherentXBar system.membus has no snooping ports attached!']
[06:55:56] host.compute2 ERR: ['src/dev/intel_8254_timer.cc:128: warn: Reading current count from inactive timer.']
[06:55:56] nic.compute2.management ERR: ['mac_addr=21011005452']
[06:55:56] nic.compute2.management ERR: ['sync_pci=0 sync_eth=0']
[06:55:56] nic.compute2.provider ERR: ['mac_addr=21111005452']
[06:55:56] nic.compute2.provider ERR: ['sync_pci=0 sync_eth=0']
[06:55:56] host.compute1 OUT: ['[    0.000000] Linux version 6.10.0 (root@ubuntu) (gcc (Ubuntu 13.3.0-6ubuntu2~24.04) 13.3.0, GNU ld (GNU Binutils for Ubuntu) 2.42) #1 SMP PREEMPT_DYNAMIC Fri Jun 20 03:03:12 UTC 2025\r']
[06:55:56] host.compute1 OUT: ['[    0.000000] Command line: earlyprintk=ttyS0 console=ttyS0 no_timer_check memory_corruption_check=0 random.trust_cpu=on net.ifnames=0 raid=noautodetect root=/dev/sda1 simbricks_guest_input=/dev/sdb rw\r']
[06:55:56] host.compute1 OUT: ['[    0.000000] KERNEL supported cpus:\r']
[06:55:56] host.compute1 OUT: ['[    0.000000]   Intel GenuineIntel\r']
[06:55:56] host.controller ERR: ['src/cpu/kvm/base.cc:170: info: KVM: Coalesced MMIO disabled by config.']
[06:55:56] host.compute1 OUT: ['[    0.000000]   AMD AuthenticAMD\r']
[06:55:56] host.compute1 OUT: ['[    0.000000]   Hygon HygonGenuine\r']
[06:55:56] host.compute1 OUT: ['[    0.000000]   Centaur CentaurHauls\r']
[06:55:56] host.compute1 OUT: ['[    0.000000]   zhaoxin   Shanghai  \r']
[06:55:56] host.compute1 OUT: ['[    0.000000] BIOS-provided physical RAM map:\r']
[06:55:56] host.compute1 OUT: ['[    0.000000] BIOS-e820: [mem 0x0000000000000000-0x000000000009fbff] usable\r']
[06:55:56] host.compute1 OUT: ['[    0.000000] BIOS-e820: [mem 0x000000000009fc00-0x00000000000fffff] reserved\r']
[06:55:56] host.compute1 OUT: ['[    0.000000] BIOS-e820: [mem 0x0000000000100000-0x000000007fffffff] usable\r']
[06:55:56] host.compute1 OUT: ['[    0.000000] BIOS-e820: [mem 0x0000000080000000-0x00000000bfffffff] reserved\r']
[06:55:56] host.compute1 OUT: ['[    0.000000] BIOS-e820: [mem 0x00000000ffff0000-0x00000000ffffffff] reserved\r']
[06:55:56] host.compute1 OUT: ['[    0.000000] printk: legacy bootconsole [earlyser0] enabled\r']
[06:55:56] host.compute1 OUT: ['[    0.000000] NX (Execute Disable) protection: active\r']
[06:55:56] host.compute1 OUT: ['[    0.000000] APIC: Static calls initialized\r']
[06:55:56] host.compute1 OUT: ['[    0.000000] SMBIOS 2.5 present.\r']
[06:55:56] host.compute1 OUT: ['[    0.000000] DMI:  , BIOS  06/08/2008\r']
[06:55:56] host.compute1 OUT: ['[    0.000000] DMI: Memory slots populated: 0/0\r']
[06:55:56] host.compute1 OUT: ['[    0.000000] last_pfn = 0x80000 max_arch_pfn = 0x400000000\r']
[06:55:56] host.compute1 OUT: ['[    0.000000] MTRRs disabled by BIOS\r']
[06:55:56] host.controller OUT: ['gem5 Simulator System.  https://www.gem5.org']
[06:55:56] host.controller OUT: ['gem5 is copyrighted software; use the --copyright option for details.']
[06:55:56] host.controller OUT: ['']
[06:55:56] host.controller OUT: ['gem5 version 24.0.0.1']
[06:55:56] host.controller OUT: ['gem5 compiled Jun  9 2025 08:14:19']
[06:55:56] host.controller OUT: ['gem5 started Jun 20 2025 06:55:54']
[06:55:56] host.controller OUT: ['gem5 executing on nsl-node3, pid 2860969']
[06:55:56] host.controller OUT: ["command line: /local/yiliangw/cxlsim/sim/simbricks/sims/external/gem5/build/X86/gem5.fast --outdir=/local/yiliangw/cxlsim/out/sim/mysql_swap/1/gem5-out.controller --listener-mode=on /local/yiliangw/cxlsim/sim/simbricks/sims/external/gem5/configs/simbricks/simbricks_cxl.py --cpu-clock=4GHz --sys-clock=1GHz --checkpoint-dir=/local/yiliangw/cxlsim/out/sim/mysql_swap/0/gem5-cp.controller --kernel=/local/yiliangw/cxlsim/out/images/ubuntu/vmlinux --command-line 'earlyprintk=ttyS0 console=ttyS0 no_timer_check memory_corruption_check=0 random.trust_cpu=on net.ifnames=0 raid=noautodetect root=/dev/sda1 simbricks_guest_input=/dev/sdb rw' --disk-image=/local/yiliangw/cxlsim/out/images/ubuntu/disks/mysql/basic/controller/disk.raw --disk-image=/local/yiliangw/cxlsim/out/sim/mysql_swap/1/cfg.controller.tar --cpu-type=X86KvmCPU --mem-size=8192MB --cxl-mem-sz=0 --num-cpus=1 --mem-type=DDR4_2400_16x4 --termport 10210 --simbricks-pci=connect:/local/yiliangw/cxlsim/out/sim/mysql_swap/1/dev.pci.controller.management:latency=1000ns:sync_interval=1000ns --simbricks-pci=connect:/local/yiliangw/cxlsim/out/sim/mysql_swap/1/dev.pci.controller.provider:latency=1000ns:sync_interval=1000ns"]
[06:55:56] host.controller OUT: ['']
[06:55:56] host.controller OUT: ['adding simbricks pci: connect:/local/yiliangw/cxlsim/out/sim/mysql_swap/1/dev.pci.controller.management:latency=1000ns:sync_interval=1000ns']
[06:55:56] host.controller OUT: ['adding simbricks pci: connect:/local/yiliangw/cxlsim/out/sim/mysql_swap/1/dev.pci.controller.provider:latency=1000ns:sync_interval=1000ns']
[06:55:56] host.controller OUT: ['connecting 2 pci & eth simbricks adapters']
[06:55:56] host.controller OUT: ['connecting 0 mem simbricks adapters']
[06:55:56] host.controller OUT: ['**** REAL SIMULATION ****']
[06:55:56] host.controller ERR: ['src/sim/simulate.cc:199: info: Entering event queue @ 0.  Starting simulation...']
[06:55:56] host.compute1 OUT: ['[    0.000000] x86/PAT: Configuration [0-7]: WB  WC  UC- UC  WB  WP  UC- WT  \r']
[06:55:56] host.controller ERR: ['src/arch/x86/kvm/x86_cpu.cc:1688: warn: kvm-x86: MSR (0x3a) unsupported by gem5. Skipping.']
[06:55:56] host.controller ERR: ['src/arch/x86/kvm/x86_cpu.cc:1688: warn: kvm-x86: MSR (0xd90) unsupported by gem5. Skipping.']
[06:55:56] host.controller ERR: ['src/arch/x86/kvm/x86_cpu.cc:1688: warn: kvm-x86: MSR (0x48) unsupported by gem5. Skipping.']
[06:55:56] host.controller ERR: ['src/arch/x86/kvm/x86_cpu.cc:1688: warn: kvm-x86: MSR (0x122) unsupported by gem5. Skipping.']
[06:55:56] host.controller ERR: ['src/arch/x86/kvm/x86_cpu.cc:1688: warn: kvm-x86: MSR (0x309) unsupported by gem5. Skipping.']
[06:55:56] host.controller ERR: ['src/arch/x86/kvm/x86_cpu.cc:1688: warn: kvm-x86: MSR (0x30a) unsupported by gem5. Skipping.']
[06:55:56] host.controller ERR: ['src/arch/x86/kvm/x86_cpu.cc:1688: warn: kvm-x86: MSR (0x30b) unsupported by gem5. Skipping.']
[06:55:56] host.controller ERR: ['src/arch/x86/kvm/x86_cpu.cc:1688: warn: kvm-x86: MSR (0x38d) unsupported by gem5. Skipping.']
[06:55:56] host.controller ERR: ['src/arch/x86/kvm/x86_cpu.cc:1688: warn: kvm-x86: MSR (0x38e) unsupported by gem5. Skipping.']
[06:55:56] host.controller ERR: ['src/arch/x86/kvm/x86_cpu.cc:1688: warn: kvm-x86: MSR (0x38f) unsupported by gem5. Skipping.']
[06:55:56] host.controller ERR: ['src/arch/x86/kvm/x86_cpu.cc:1688: warn: kvm-x86: MSR (0x390) unsupported by gem5. Skipping.']
[06:55:56] host.controller ERR: ['src/arch/x86/kvm/x86_cpu.cc:1688: warn: kvm-x86: MSR (0x3f1) unsupported by gem5. Skipping.']
[06:55:56] host.controller ERR: ['src/arch/x86/kvm/x86_cpu.cc:1688: warn: kvm-x86: MSR (0x600) unsupported by gem5. Skipping.']
[06:55:56] host.controller ERR: ['src/arch/x86/kvm/x86_cpu.cc:1688: warn: kvm-x86: MSR (0xc1) unsupported by gem5. Skipping.']
[06:55:56] host.controller ERR: ['src/arch/x86/kvm/x86_cpu.cc:1688: warn: kvm-x86: MSR (0xc2) unsupported by gem5. Skipping.']
[06:55:56] host.controller ERR: ['src/arch/x86/kvm/x86_cpu.cc:1688: warn: kvm-x86: MSR (0xc3) unsupported by gem5. Skipping.']
[06:55:56] host.controller ERR: ['src/arch/x86/kvm/x86_cpu.cc:1688: warn: kvm-x86: MSR (0xc4) unsupported by gem5. Skipping.']
[06:55:56] host.controller ERR: ['src/arch/x86/kvm/x86_cpu.cc:1688: warn: kvm-x86: MSR (0x186) unsupported by gem5. Skipping.']
[06:55:56] host.controller ERR: ['src/arch/x86/kvm/x86_cpu.cc:1688: warn: kvm-x86: MSR (0x187) unsupported by gem5. Skipping.']
[06:55:56] host.controller ERR: ['src/arch/x86/kvm/x86_cpu.cc:1688: warn: kvm-x86: MSR (0x188) unsupported by gem5. Skipping.']
[06:55:56] host.controller ERR: ['src/arch/x86/kvm/x86_cpu.cc:1688: warn: kvm-x86: MSR (0x189) unsupported by gem5. Skipping.']
[06:55:56] host.controller ERR: ['src/arch/x86/kvm/x86_cpu.cc:1688: warn: kvm-x86: MSR (0x12) unsupported by gem5. Skipping.']
[06:55:56] host.controller ERR: ['src/arch/x86/kvm/x86_cpu.cc:1688: warn: kvm-x86: MSR (0x11) unsupported by gem5. Skipping.']
[06:55:56] host.controller ERR: ['src/arch/x86/kvm/x86_cpu.cc:1688: warn: kvm-x86: MSR (0x4b564d01) unsupported by gem5. Skipping.']
[06:55:56] host.controller ERR: ['src/arch/x86/kvm/x86_cpu.cc:1688: warn: kvm-x86: MSR (0x4b564d00) unsupported by gem5. Skipping.']
[06:55:56] host.controller ERR: ['src/arch/x86/kvm/x86_cpu.cc:1688: warn: kvm-x86: MSR (0x40000000) unsupported by gem5. Skipping.']
[06:55:56] host.controller ERR: ['src/arch/x86/kvm/x86_cpu.cc:1688: warn: kvm-x86: MSR (0x40000001) unsupported by gem5. Skipping.']
[06:55:56] host.controller ERR: ['src/arch/x86/kvm/x86_cpu.cc:1688: warn: kvm-x86: MSR (0x40000020) unsupported by gem5. Skipping.']
[06:55:56] host.controller ERR: ['src/arch/x86/kvm/x86_cpu.cc:1688: warn: kvm-x86: MSR (0x40000021) unsupported by gem5. Skipping.']
[06:55:56] host.controller ERR: ['src/arch/x86/kvm/x86_cpu.cc:1688: warn: kvm-x86: MSR (0x40000022) unsupported by gem5. Skipping.']
[06:55:56] host.controller ERR: ['src/arch/x86/kvm/x86_cpu.cc:1688: warn: kvm-x86: MSR (0x40000023) unsupported by gem5. Skipping.']
[06:55:56] host.controller ERR: ['src/arch/x86/kvm/x86_cpu.cc:1688: warn: kvm-x86: MSR (0x40000100) unsupported by gem5. Skipping.']
[06:55:56] host.controller ERR: ['src/arch/x86/kvm/x86_cpu.cc:1688: warn: kvm-x86: MSR (0x40000101) unsupported by gem5. Skipping.']
[06:55:56] host.controller ERR: ['src/arch/x86/kvm/x86_cpu.cc:1688: warn: kvm-x86: MSR (0x40000102) unsupported by gem5. Skipping.']
[06:55:56] host.controller ERR: ['src/arch/x86/kvm/x86_cpu.cc:1688: warn: kvm-x86: MSR (0x40000103) unsupported by gem5. Skipping.']
[06:55:56] host.controller ERR: ['src/arch/x86/kvm/x86_cpu.cc:1688: warn: kvm-x86: MSR (0x40000104) unsupported by gem5. Skipping.']
[06:55:56] host.controller ERR: ['src/arch/x86/kvm/x86_cpu.cc:1688: warn: kvm-x86: MSR (0x40000105) unsupported by gem5. Skipping.']
[06:55:56] host.controller ERR: ['src/arch/x86/kvm/x86_cpu.cc:1688: warn: kvm-x86: MSR (0x40000003) unsupported by gem5. Skipping.']
[06:55:56] host.controller ERR: ['src/arch/x86/kvm/x86_cpu.cc:1688: warn: kvm-x86: MSR (0x40000002) unsupported by gem5. Skipping.']
[06:55:56] host.controller ERR: ['src/arch/x86/kvm/x86_cpu.cc:1688: warn: kvm-x86: MSR (0x40000010) unsupported by gem5. Skipping.']
[06:55:56] host.controller ERR: ['src/arch/x86/kvm/x86_cpu.cc:1688: warn: kvm-x86: MSR (0x40000080) unsupported by gem5. Skipping.']
[06:55:56] host.controller ERR: ['src/arch/x86/kvm/x86_cpu.cc:1688: warn: kvm-x86: MSR (0x400000b0) unsupported by gem5. Skipping.']
[06:55:56] host.controller ERR: ['src/arch/x86/kvm/x86_cpu.cc:1688: warn: kvm-x86: MSR (0x40000073) unsupported by gem5. Skipping.']
[06:55:56] host.controller ERR: ['src/arch/x86/kvm/x86_cpu.cc:1688: warn: kvm-x86: MSR (0x40000106) unsupported by gem5. Skipping.']
[06:55:56] host.controller ERR: ['src/arch/x86/kvm/x86_cpu.cc:1688: warn: kvm-x86: MSR (0x40000107) unsupported by gem5. Skipping.']
[06:55:56] host.controller ERR: ['src/arch/x86/kvm/x86_cpu.cc:1688: warn: kvm-x86: MSR (0x40000108) unsupported by gem5. Skipping.']
[06:55:56] host.controller ERR: ['src/arch/x86/kvm/x86_cpu.cc:1688: warn: kvm-x86: MSR (0x40000118) unsupported by gem5. Skipping.']
[06:55:56] host.controller ERR: ['src/arch/x86/kvm/x86_cpu.cc:1688: warn: kvm-x86: MSR (0x400000ff) unsupported by gem5. Skipping.']
[06:55:56] host.controller ERR: ['src/arch/x86/kvm/x86_cpu.cc:1688: warn: kvm-x86: MSR (0x400000f1) unsupported by gem5. Skipping.']
[06:55:56] host.controller ERR: ['src/arch/x86/kvm/x86_cpu.cc:1688: warn: kvm-x86: MSR (0x400000f2) unsupported by gem5. Skipping.']
[06:55:56] host.controller ERR: ['src/arch/x86/kvm/x86_cpu.cc:1688: warn: kvm-x86: MSR (0x400000f3) unsupported by gem5. Skipping.']
[06:55:56] host.controller ERR: ['src/arch/x86/kvm/x86_cpu.cc:1688: warn: kvm-x86: MSR (0x400000f4) unsupported by gem5. Skipping.']
[06:55:56] host.controller ERR: ['src/arch/x86/kvm/x86_cpu.cc:1688: warn: kvm-x86: MSR (0x400000f5) unsupported by gem5. Skipping.']
[06:55:56] host.controller ERR: ['src/arch/x86/kvm/x86_cpu.cc:1688: warn: kvm-x86: MSR (0x4b564d02) unsupported by gem5. Skipping.']
[06:55:56] host.controller ERR: ['src/arch/x86/kvm/x86_cpu.cc:1688: warn: kvm-x86: MSR (0x4b564d03) unsupported by gem5. Skipping.']
[06:55:56] host.controller ERR: ['src/arch/x86/kvm/x86_cpu.cc:1688: warn: kvm-x86: MSR (0x4b564d04) unsupported by gem5. Skipping.']
[06:55:56] host.controller ERR: ['src/arch/x86/kvm/x86_cpu.cc:1688: warn: kvm-x86: MSR (0x4b564d06) unsupported by gem5. Skipping.']
[06:55:56] host.controller ERR: ['src/arch/x86/kvm/x86_cpu.cc:1688: warn: kvm-x86: MSR (0x4b564d07) unsupported by gem5. Skipping.']
[06:55:56] host.controller ERR: ['src/arch/x86/kvm/x86_cpu.cc:1688: warn: kvm-x86: MSR (0x3b) unsupported by gem5. Skipping.']
[06:55:56] host.controller ERR: ['src/arch/x86/kvm/x86_cpu.cc:1688: warn: kvm-x86: MSR (0x6e0) unsupported by gem5. Skipping.']
[06:55:56] host.controller ERR: ['src/arch/x86/kvm/x86_cpu.cc:1688: warn: kvm-x86: MSR (0x10a) unsupported by gem5. Skipping.']
[06:55:56] host.controller ERR: ['src/arch/x86/kvm/x86_cpu.cc:1688: warn: kvm-x86: MSR (0x345) unsupported by gem5. Skipping.']
[06:55:56] host.controller ERR: ['src/arch/x86/kvm/x86_cpu.cc:1688: warn: kvm-x86: MSR (0x1a0) unsupported by gem5. Skipping.']
[06:55:56] host.controller ERR: ['src/arch/x86/kvm/x86_cpu.cc:1688: warn: kvm-x86: MSR (0x4d0) unsupported by gem5. Skipping.']
[06:55:56] host.controller ERR: ['src/arch/x86/kvm/x86_cpu.cc:1688: warn: kvm-x86: MSR (0x9e) unsupported by gem5. Skipping.']
[06:55:56] host.controller ERR: ['src/arch/x86/kvm/x86_cpu.cc:1688: warn: kvm-x86: MSR (0x34) unsupported by gem5. Skipping.']
[06:55:56] host.controller ERR: ['src/arch/x86/kvm/x86_cpu.cc:1688: warn: kvm-x86: MSR (0xce) unsupported by gem5. Skipping.']
[06:55:56] host.controller ERR: ['src/arch/x86/kvm/x86_cpu.cc:1688: warn: kvm-x86: MSR (0x140) unsupported by gem5. Skipping.']
[06:55:56] host.controller ERR: ['src/arch/x86/kvm/x86_cpu.cc:1688: warn: kvm-x86: MSR (0x1fc) unsupported by gem5. Skipping.']
[06:55:56] host.controller ERR: ['src/arch/x86/kvm/x86_cpu.cc:1688: warn: kvm-x86: MSR (0x8b) unsupported by gem5. Skipping.']
[06:55:56] host.controller ERR: ['src/arch/x86/kvm/x86_cpu.cc:1688: warn: kvm-x86: MSR (0x480) unsupported by gem5. Skipping.']
[06:55:56] host.controller ERR: ['src/arch/x86/kvm/x86_cpu.cc:1688: warn: kvm-x86: MSR (0x48d) unsupported by gem5. Skipping.']
[06:55:56] host.controller ERR: ['src/arch/x86/kvm/x86_cpu.cc:1688: warn: kvm-x86: MSR (0x48e) unsupported by gem5. Skipping.']
[06:55:56] host.controller ERR: ['src/arch/x86/kvm/x86_cpu.cc:1688: warn: kvm-x86: MSR (0x48f) unsupported by gem5. Skipping.']
[06:55:56] host.controller ERR: ['src/arch/x86/kvm/x86_cpu.cc:1688: warn: kvm-x86: MSR (0x490) unsupported by gem5. Skipping.']
[06:55:56] host.controller ERR: ['src/arch/x86/kvm/x86_cpu.cc:1688: warn: kvm-x86: MSR (0x485) unsupported by gem5. Skipping.']
[06:55:56] host.controller ERR: ['src/arch/x86/kvm/x86_cpu.cc:1688: warn: kvm-x86: MSR (0x486) unsupported by gem5. Skipping.']
[06:55:56] host.controller ERR: ['src/arch/x86/kvm/x86_cpu.cc:1688: warn: kvm-x86: MSR (0x488) unsupported by gem5. Skipping.']
[06:55:56] host.controller ERR: ['src/arch/x86/kvm/x86_cpu.cc:1688: warn: kvm-x86: MSR (0x48a) unsupported by gem5. Skipping.']
[06:55:56] host.controller ERR: ['src/arch/x86/kvm/x86_cpu.cc:1688: warn: kvm-x86: MSR (0x48b) unsupported by gem5. Skipping.']
[06:55:56] host.controller ERR: ['src/arch/x86/kvm/x86_cpu.cc:1688: warn: kvm-x86: MSR (0x48c) unsupported by gem5. Skipping.']
[06:55:56] host.controller ERR: ['src/arch/x86/kvm/x86_cpu.cc:1688: warn: kvm-x86: MSR (0x491) unsupported by gem5. Skipping.']
[06:55:56] host.controller ERR: ['src/arch/x86/kvm/x86_cpu.cc:1688: warn: kvm-x86: MSR (0xc0010015) unsupported by gem5. Skipping.']
[06:55:56] host.controller ERR: ['src/arch/x86/kvm/x86_cpu.cc:1688: warn: kvm-x86: MSR (0x4b564d05) unsupported by gem5. Skipping.']
[06:55:56] host.compute1 OUT: ['[    0.000000] found SMP MP-table at [mem 0x000f0050-0x000f005f]\r']
[06:55:56] host.compute1 OUT: ['[    0.000000] ACPI: Early table checksum verification disabled\r']
[06:55:56] host.compute1 OUT: ['[    0.000000] ACPI: RSDP 0x00000000000F01C0 000024 (v02       )\r']
[06:55:56] host.compute1 OUT: ['[    0.000000] ACPI: XSDT 0x00000000000F0208 000024 (v01                 00000000      00000000)\r']
[06:55:56] host.compute1 OUT: ['[    0.000000] ACPI BIOS Error (bug): Invalid table length 0x24 in RSDT/XSDT (20240322/tbutils-285)\r']
[06:55:56] host.compute1 OUT: ['[    0.000000] Intel MultiProcessor Specification v1.4\r']
[06:55:56] host.compute1 OUT: ['[    0.000000] MPTABLE: OEM ID: \r']
[06:55:56] host.compute1 OUT: ['[    0.000000] MPTABLE: Product ID: \r']
[06:55:56] host.compute1 OUT: ['[    0.000000] MPTABLE: APIC at: 0xFEE00000\r']
[06:55:56] host.compute1 OUT: ['[    0.000000] No NUMA configuration found\r']
[06:55:56] host.compute1 OUT: ['[    0.000000] Faking a node at [mem 0x0000000000000000-0x000000007fffffff]\r']
[06:55:56] host.compute1 OUT: ['[    0.000000] NODE_DATA(0) allocated [mem 0x7ffd5000-0x7fffffff]\r']
[06:55:56] host.compute1 OUT: ['[    0.000000] Zone ranges:\r']
[06:55:56] host.compute1 OUT: ['[    0.000000]   DMA      [mem 0x0000000000001000-0x0000000000ffffff]\r']
[06:55:56] host.compute1 OUT: ['[    0.000000]   DMA32    [mem 0x0000000001000000-0x000000007fffffff]\r']
[06:55:56] host.compute1 OUT: ['[    0.000000]   Normal   empty\r']
[06:55:56] host.compute1 OUT: ['[    0.000000]   Device   empty\r']
[06:55:56] host.compute1 OUT: ['[    0.000000] Movable zone start for each node\r']
[06:55:56] host.compute1 OUT: ['[    0.000000] Early memory node ranges\r']
[06:55:56] host.compute1 OUT: ['[    0.000000]   node   0: [mem 0x0000000000001000-0x000000000009efff]\r']
[06:55:56] host.compute1 OUT: ['[    0.000000]   node   0: [mem 0x0000000000100000-0x000000007fffffff]\r']
[06:55:56] host.controller OUT: ['[    0.000000] Linux version 6.10.0 (root@ubuntu) (gcc (Ubuntu 13.3.0-6ubuntu2~24.04) 13.3.0, GNU ld (GNU Binutils for Ubuntu) 2.42) #1 SMP PREEMPT_DYNAMIC Fri Jun 20 03:03:12 UTC 2025\r']
[06:55:56] host.compute1 OUT: ['[    0.000000] Initmem setup node 0 [mem 0x0000000000001000-0x000000007fffffff]\r']
[06:55:56] host.compute1 OUT: ['[    0.000000] On node 0, zone DMA: 1 pages in unavailable ranges\r']
[06:55:56] host.compute1 OUT: ['[    0.000000] On node 0, zone DMA: 97 pages in unavailable ranges\r']
[06:55:56] host.controller OUT: ['[    0.000000] Command line: earlyprintk=ttyS0 console=ttyS0 no_timer_check memory_corruption_check=0 random.trust_cpu=on net.ifnames=0 raid=noautodetect root=/dev/sda1 simbricks_guest_input=/dev/sdb rw\r']
[06:55:56] host.controller OUT: ['[    0.000000] KERNEL supported cpus:\r']
[06:55:56] host.controller OUT: ['[    0.000000]   Intel GenuineIntel\r']
[06:55:56] host.controller OUT: ['[    0.000000]   AMD AuthenticAMD\r']
[06:55:56] host.controller OUT: ['[    0.000000]   Hygon HygonGenuine\r']
[06:55:56] host.controller OUT: ['[    0.000000]   Centaur CentaurHauls\r']
[06:55:56] host.controller OUT: ['[    0.000000]   zhaoxin   Shanghai  \r']
[06:55:56] host.controller OUT: ['[    0.000000] BIOS-provided physical RAM map:\r']
[06:55:56] host.controller OUT: ['[    0.000000] BIOS-e820: [mem 0x0000000000000000-0x000000000009fbff] usable\r']
[06:55:56] host.controller OUT: ['[    0.000000] BIOS-e820: [mem 0x000000000009fc00-0x00000000000fffff] reserved\r']
[06:55:56] host.controller OUT: ['[    0.000000] BIOS-e820: [mem 0x0000000000100000-0x00000000bfffffff] usable\r']
[06:55:56] host.controller OUT: ['[    0.000000] BIOS-e820: [mem 0x00000000ffff0000-0x00000000ffffffff] reserved\r']
[06:55:56] host.controller OUT: ['[    0.000000] BIOS-e820: [mem 0x0000000100000000-0x000000023fffffff] usable\r']
[06:55:56] host.controller OUT: ['[    0.000000] printk: legacy bootconsole [earlyser0] enabled\r']
[06:55:56] host.controller OUT: ['[    0.000000] NX (Execute Disable) protection: active\r']
[06:55:56] host.controller OUT: ['[    0.000000] APIC: Static calls initialized\r']
[06:55:56] host.controller OUT: ['[    0.000000] SMBIOS 2.5 present.\r']
[06:55:56] host.compute1 OUT: ['[    0.000000] Intel MultiProcessor Specification v1.4\r']
[06:55:56] host.compute1 OUT: ['[    0.000000] MPTABLE: OEM ID: \r']
[06:55:56] host.controller OUT: ['[    0.000000] DMI:  , BIOS  06/08/2008\r']
[06:55:56] host.compute1 OUT: ['[    0.000000] MPTABLE: Product ID: \r']
[06:55:56] host.compute1 OUT: ['[    0.000000] MPTABLE: APIC at: 0xFEE00000\r']
[06:55:56] host.controller OUT: ['[    0.000000] DMI: Memory slots populated: 0/0\r']
[06:55:56] host.compute1 OUT: ['[    0.000000] CPU topo: Enumerated BSP APIC 0 is not marked in APICBASE MSR\r']
[06:55:56] host.controller OUT: ['[    0.000000] last_pfn = 0x240000 max_arch_pfn = 0x400000000\r']
[06:55:56] host.compute1 OUT: ['[    0.000000] CPU topo: Assuming crash kernel. Limiting to one CPU to prevent machine INIT\r']
[06:55:56] host.controller OUT: ['[    0.000000] MTRRs disabled by BIOS\r']
[06:55:56] host.compute1 OUT: ['[    0.000000] CPU topo: [Firmware Bug]: APIC enumeration order not specification compliant\r']
[06:55:56] host.compute1 OUT: ['[    0.000000] Processor #0 (Bootup-CPU)\r']
[06:55:56] host.controller OUT: ['[    0.000000] x86/PAT: Configuration [0-7]: WB  WC  UC- UC  WB  WP  UC- WT  \r']
[06:55:56] host.compute1 OUT: ['[    0.000000] IOAPIC[0]: apic_id 1, version 20, address 0xfec00000, GSI 0-23\r']
[06:55:56] host.controller OUT: ['[    0.000000] last_pfn = 0xc0000 max_arch_pfn = 0x400000000\r']
[06:55:56] host.compute1 OUT: ['[    0.000000] Processors: 1\r']
[06:55:56] host.compute1 OUT: ['[    0.000000] CPU topo: Max. logical packages:   1\r']
[06:55:56] host.controller OUT: ['[    0.000000] found SMP MP-table at [mem 0x000f0050-0x000f005f]\r']
[06:55:56] host.compute1 OUT: ['[    0.000000] CPU topo: Max. logical dies:       1\r']
[06:55:56] host.compute1 OUT: ['[    0.000000] CPU topo: Max. dies per package:   1\r']
[06:55:56] host.controller OUT: ['[    0.000000] ACPI: Early table checksum verification disabled\r']
[06:55:56] host.compute1 OUT: ['[    0.000000] CPU topo: Max. threads per core:   1\r']
[06:55:56] host.compute1 OUT: ['[    0.000000] CPU topo: Num. cores per package:     1\r']
[06:55:56] host.controller OUT: ['[    0.000000] ACPI: RSDP 0x00000000000F01C0 000024 (v02       )\r']
[06:55:56] host.compute1 OUT: ['[    0.000000] CPU topo: Num. threads per package:   1\r']
[06:55:56] host.compute1 OUT: ['[    0.000000] CPU topo: Allowing 1 present CPUs plus 0 hotplug CPUs\r']
[06:55:56] host.compute1 OUT: ['[    0.000000] PM: hibernation: Registered nosave memory: [mem 0x00000000-0x00000fff]\r']
[06:55:56] host.controller OUT: ['[    0.000000] ACPI: XSDT 0x00000000000F0208 000024 (v01                 00000000      00000000)\r']
[06:55:56] host.compute1 OUT: ['[    0.000000] PM: hibernation: Registered nosave memory: [mem 0x0009f000-0x0009ffff]\r']
[06:55:56] host.controller OUT: ['[    0.000000] ACPI BIOS Error (bug): Invalid table length 0x24 in RSDT/XSDT (20240322/tbutils-285)\r']
[06:55:56] host.compute1 OUT: ['[    0.000000] PM: hibernation: Registered nosave memory: [mem 0x000a0000-0x000fffff]\r']
[06:55:56] host.controller OUT: ['[    0.000000] Intel MultiProcessor Specification v1.4\r']
[06:55:56] host.compute1 OUT: ['[    0.000000] [mem 0xc0000000-0xfffeffff] available for PCI devices\r']
[06:55:56] host.controller OUT: ['[    0.000000] MPTABLE: OEM ID: \r']
[06:55:56] host.controller OUT: ['[    0.000000] MPTABLE: Product ID: \r']
[06:55:56] host.compute1 OUT: ['[    0.000000] Booting paravirtualized kernel on bare hardware\r']
[06:55:56] host.controller OUT: ['[    0.000000] MPTABLE: APIC at: 0xFEE00000\r']
[06:55:56] host.compute1 OUT: ['[    0.000000] clocksource: refined-jiffies: mask: 0xffffffff max_cycles: 0xffffffff, max_idle_ns: 1910969940391419 ns\r']
[06:55:56] host.controller OUT: ['[    0.000000] No NUMA configuration found\r']
[06:55:56] host.compute1 OUT: ['[    0.000000] setup_percpu: NR_CPUS:8192 nr_cpumask_bits:1 nr_cpu_ids:1 nr_node_ids:1\r']
[06:55:56] host.controller OUT: ['[    0.000000] Faking a node at [mem 0x0000000000000000-0x000000023fffffff]\r']
[06:55:56] host.controller OUT: ['[    0.000000] NODE_DATA(0) allocated [mem 0x23ffd3000-0x23fffdfff]\r']
[06:55:56] host.controller OUT: ['[    0.000000] Zone ranges:\r']
[06:55:56] host.compute1 OUT: ['[    0.000000] percpu: Embedded 86 pages/cpu s229376 r8192 d114688 u2097152\r']
[06:55:56] host.controller OUT: ['[    0.000000]   DMA      [mem 0x0000000000001000-0x0000000000ffffff]\r']
[06:55:56] host.controller OUT: ['[    0.000000]   DMA32    [mem 0x0000000001000000-0x00000000ffffffff]\r']
[06:55:56] host.compute1 OUT: ['[    0.000000] Kernel command line: earlyprintk=ttyS0 console=ttyS0 no_timer_check memory_corruption_check=0 random.trust_cpu=on net.ifnames=0 raid=noautodetect root=/dev/sda1 simbricks_guest_input=/dev/sdb rw\r']
[06:55:56] host.controller OUT: ['[    0.000000]   Normal   [mem 0x0000000100000000-0x000000023fffffff]\r']
[06:55:56] host.controller OUT: ['[    0.000000]   Device   empty\r']
[06:55:56] host.controller OUT: ['[    0.000000] Movable zone start for each node\r']
[06:55:56] host.compute1 OUT: ['[    0.000000] Unknown kernel command line parameters "simbricks_guest_input=/dev/sdb", will be passed to user space.\r']
[06:55:56] host.controller OUT: ['[    0.000000] Early memory node ranges\r']
[06:55:56] host.controller OUT: ['[    0.000000]   node   0: [mem 0x0000000000001000-0x000000000009efff]\r']
[06:55:56] host.compute1 OUT: ['[    0.000000] Dentry cache hash table entries: 262144 (order: 9, 2097152 bytes, linear)\r']
[06:55:56] host.controller OUT: ['[    0.000000]   node   0: [mem 0x0000000000100000-0x00000000bfffffff]\r']
[06:55:56] host.controller OUT: ['[    0.000000]   node   0: [mem 0x0000000100000000-0x000000023fffffff]\r']
[06:55:56] host.compute1 OUT: ['[    0.000000] Inode-cache hash table entries: 131072 (order: 8, 1048576 bytes, linear)\r']
[06:55:56] host.compute1 OUT: ['[    0.000000] Fallback order for Node 0: 0 \r']
[06:55:56] host.controller OUT: ['[    0.000000] Initmem setup node 0 [mem 0x0000000000001000-0x000000023fffffff]\r']
[06:55:56] host.compute1 OUT: ['[    0.000000] Built 1 zonelists, mobility grouping on.  Total pages: 524190\r']
[06:55:56] host.compute1 OUT: ['[    0.000000] Policy zone: DMA32\r']
[06:55:56] host.controller OUT: ['[    0.000000] On node 0, zone DMA: 1 pages in unavailable ranges\r']
[06:55:56] host.compute1 OUT: ['[    0.000000] mem auto-init: stack:all(zero), heap alloc:on, heap free:off\r']
[06:55:56] host.controller OUT: ['[    0.000000] On node 0, zone DMA: 97 pages in unavailable ranges\r']
[06:55:56] host.compute1 OUT: ['[    0.000000] Memory: 2010236K/2096760K available (20480K kernel code, 4364K rwdata, 12680K rodata, 4820K init, 4968K bss, 86268K reserved, 0K cma-reserved)\r']
[06:55:56] host.compute1 OUT: ['[    0.000000] SLUB: HWalign=64, Order=0-3, MinObjects=0, CPUs=1, Nodes=1\r']
[06:55:56] host.compute1 OUT: ['Poking KASLR using RDTSC...\r']
[06:55:56] host.compute1 OUT: ['[    0.000000] ftrace: allocating 52364 entries in 205 pages\r']
[06:55:56] host.compute1 OUT: ['[    0.000000] ftrace: allocated 205 pages with 5 groups\r']
[06:55:56] host.compute1 OUT: ['[    0.000000] Dynamic Preempt: voluntary\r']
[06:55:56] host.compute1 OUT: ['[    0.000000] rcu: Preemptible hierarchical RCU implementation.\r']
[06:55:56] host.compute1 OUT: ['[    0.000000] rcu: \tRCU restricting CPUs from NR_CPUS=8192 to nr_cpu_ids=1.\r']
[06:55:56] host.compute1 OUT: ['[    0.000000] \tTrampoline variant of Tasks RCU enabled.\r']
[06:55:56] host.compute1 OUT: ['[    0.000000] \tRude variant of Tasks RCU enabled.\r']
[06:55:56] host.compute1 OUT: ['[    0.000000] \tTracing variant of Tasks RCU enabled.\r']
[06:55:56] host.compute1 OUT: ['[    0.000000] rcu: RCU calculated value of scheduler-enlistment delay is 100 jiffies.\r']
[06:55:56] host.compute1 OUT: ['[    0.000000] rcu: Adjusting geometry for rcu_fanout_leaf=16, nr_cpu_ids=1\r']
[06:55:56] host.compute1 OUT: ['[    0.000000] RCU Tasks: Setting shift to 0 and lim to 1 rcu_task_cb_adjust=1.\r']
[06:55:56] host.compute1 OUT: ['[    0.000000] RCU Tasks Rude: Setting shift to 0 and lim to 1 rcu_task_cb_adjust=1.\r']
[06:55:56] host.compute1 OUT: ['[    0.000000] RCU Tasks Trace: Setting shift to 0 and lim to 1 rcu_task_cb_adjust=1.\r']
[06:55:56] host.compute1 OUT: ['[    0.000000] NR_IRQS: 524544, nr_irqs: 256, preallocated irqs: 16\r']
[06:55:56] host.compute1 OUT: ['[    0.000000] rcu: srcu_init: Setting srcu_struct sizes based on contention.\r']
[06:55:56] host.compute1 OUT: ['[    0.000000] Console: colour dummy device 80x25\r']
[06:55:56] host.compute1 OUT: ['[    0.000000] printk: legacy console [ttyS0] enabled\r']
[06:55:56] host.compute1 OUT: ['[    0.000000] printk: legacy console [ttyS0] enabled\r']
[06:55:56] host.compute1 OUT: ['[    0.000000] printk: legacy bootconsole [earlyser0] disabled\r']
[06:55:56] host.compute1 OUT: ['[    0.000000] printk: legacy bootconsole [earlyser0] disabled\r']
[06:55:56] host.compute1 OUT: ['[    0.000000] APIC: Switch to symmetric I/O mode setup\r']
[06:55:56] host.compute1 OUT: ['[    0.000000] ExtINT not setup in hardware but reported by MP table\r']
[06:55:56] host.compute1 OUT: ['[    0.000000] ..TIMER: vector=0x30 apic1=0 pin1=2 apic2=0 pin2=0\r']
[06:55:56] host.controller OUT: ['[    0.000000] Intel MultiProcessor Specification v1.4\r']
[06:55:56] host.controller OUT: ['[    0.000000] MPTABLE: OEM ID: \r']
[06:55:56] host.controller OUT: ['[    0.000000] MPTABLE: Product ID: \r']
[06:55:56] host.controller OUT: ['[    0.000000] MPTABLE: APIC at: 0xFEE00000\r']
[06:55:56] host.controller OUT: ['[    0.000000] CPU topo: Enumerated BSP APIC 0 is not marked in APICBASE MSR\r']
[06:55:56] host.controller OUT: ['[    0.000000] CPU topo: Assuming crash kernel. Limiting to one CPU to prevent machine INIT\r']
[06:55:56] host.controller OUT: ['[    0.000000] CPU topo: [Firmware Bug]: APIC enumeration order not specification compliant\r']
[06:55:56] host.controller OUT: ['[    0.000000] Processor #0 (Bootup-CPU)\r']
[06:55:56] host.controller OUT: ['[    0.000000] IOAPIC[0]: apic_id 1, version 20, address 0xfec00000, GSI 0-23\r']
[06:55:56] host.controller OUT: ['[    0.000000] Processors: 1\r']
[06:55:56] host.controller OUT: ['[    0.000000] CPU topo: Max. logical packages:   1\r']
[06:55:56] host.controller OUT: ['[    0.000000] CPU topo: Max. logical dies:       1\r']
[06:55:56] host.controller OUT: ['[    0.000000] CPU topo: Max. dies per package:   1\r']
[06:55:56] host.controller OUT: ['[    0.000000] CPU topo: Max. threads per core:   1\r']
[06:55:56] host.controller OUT: ['[    0.000000] CPU topo: Num. cores per package:     1\r']
[06:55:56] host.controller OUT: ['[    0.000000] CPU topo: Num. threads per package:   1\r']
[06:55:56] host.controller OUT: ['[    0.000000] CPU topo: Allowing 1 present CPUs plus 0 hotplug CPUs\r']
[06:55:56] host.controller OUT: ['[    0.000000] PM: hibernation: Registered nosave memory: [mem 0x00000000-0x00000fff]\r']
[06:55:56] host.controller OUT: ['[    0.000000] PM: hibernation: Registered nosave memory: [mem 0x0009f000-0x0009ffff]\r']
[06:55:56] host.compute1 OUT: ['[    0.003000] tsc: Using PIT calibration value\r']
[06:55:56] host.controller OUT: ['[    0.000000] PM: hibernation: Registered nosave memory: [mem 0x000a0000-0x000fffff]\r']
[06:55:56] host.compute1 OUT: ['[    0.004000] tsc: Detected 3098.786 MHz processor\r']
[06:55:56] host.controller OUT: ['[    0.000000] PM: hibernation: Registered nosave memory: [mem 0xc0000000-0xfffeffff]\r']
[06:55:56] host.controller OUT: ['[    0.000000] PM: hibernation: Registered nosave memory: [mem 0xffff0000-0xffffffff]\r']
[06:55:56] host.compute1 OUT: ['[    0.000003] clocksource: tsc-early: mask: 0xffffffffffffffff max_cycles: 0x2caacd41f01, max_idle_ns: 440795325745 ns\r']
[06:55:56] host.controller OUT: ['[    0.000000] [mem 0xc0000000-0xfffeffff] available for PCI devices\r']
[06:55:56] host.controller OUT: ['[    0.000000] Booting paravirtualized kernel on bare hardware\r']
[06:55:56] host.compute1 OUT: ['[    0.002250] Calibrating delay loop (skipped), value calculated using timer frequency.. 6197.57 BogoMIPS (lpj=3098786)\r']
[06:55:56] host.compute1 OUT: ['[    0.003325] Last level iTLB entries: 4KB 512, 2MB 8, 4MB 4\r']
[06:55:56] host.controller OUT: ['[    0.000000] clocksource: refined-jiffies: mask: 0xffffffff max_cycles: 0xffffffff, max_idle_ns: 1910969940391419 ns\r']
[06:55:56] host.compute1 OUT: ['[    0.004251] Last level dTLB entries: 4KB 512, 2MB 8, 4MB 4, 1GB 0\r']
[06:55:56] host.compute1 OUT: ['[    0.005254] process: using mwait in idle threads\r']
[06:55:56] host.controller OUT: ['[    0.000000] setup_percpu: NR_CPUS:8192 nr_cpumask_bits:1 nr_cpu_ids:1 nr_node_ids:1\r']
[06:55:56] host.compute1 OUT: ['[    0.006255] Spectre V1 : Mitigation: usercopy/swapgs barriers and __user pointer sanitization\r']
[06:55:56] host.compute1 OUT: ['[    0.007252] Spectre V2 : Mitigation: Retpolines\r']
[06:55:56] host.controller OUT: ['[    0.000000] percpu: Embedded 86 pages/cpu s229376 r8192 d114688 u2097152\r']
[06:55:56] host.compute1 OUT: ['[    0.008251] Spectre V2 : Spectre v2 / SpectreRSB mitigation: Filling RSB on context switch\r']
[06:55:56] host.compute1 OUT: ['[    0.009251] Spectre V2 : Spectre v2 / SpectreRSB : Filling RSB on VMEXIT\r']
[06:55:56] host.controller OUT: ['[    0.000000] Kernel command line: earlyprintk=ttyS0 console=ttyS0 no_timer_check memory_corruption_check=0 random.trust_cpu=on net.ifnames=0 raid=noautodetect root=/dev/sda1 simbricks_guest_input=/dev/sdb rw\r']
[06:55:56] host.compute1 OUT: ['[    0.010251] Speculative Store Bypass: Vulnerable\r']
[06:55:56] host.compute1 OUT: ['[    0.011252] x86/fpu: x87 FPU will use FXSAVE\r']
[06:55:56] host.controller OUT: ['[    0.000000] Unknown kernel command line parameters "simbricks_guest_input=/dev/sdb", will be passed to user space.\r']
[06:55:56] host.controller OUT: ['[    0.000000] Dentry cache hash table entries: 1048576 (order: 11, 8388608 bytes, linear)\r']
[06:55:56] host.controller OUT: ['[    0.000000] Inode-cache hash table entries: 524288 (order: 10, 4194304 bytes, linear)\r']
[06:55:56] host.controller OUT: ['[    0.000000] Fallback order for Node 0: 0 \r']
[06:55:56] host.controller OUT: ['[    0.000000] Built 1 zonelists, mobility grouping on.  Total pages: 2097054\r']
[06:55:56] host.controller OUT: ['[    0.000000] Policy zone: Normal\r']
[06:55:56] host.controller OUT: ['[    0.000000] mem auto-init: stack:all(zero), heap alloc:on, heap free:off\r']
[06:55:56] host.controller OUT: ['[    0.000000] software IO TLB: area num 1.\r']
[06:55:56] host.compute1 OUT: ['[    0.052626] Freeing SMP alternatives memory: 44K\r']
[06:55:56] host.compute1 OUT: ['[    0.053253] pid_max: default: 32768 minimum: 301\r']
[06:55:56] host.compute1 OUT: ['[    0.055279] LSM: initializing lsm=lockdown,capability,landlock,yama,apparmor,ima,evm\r']
[06:55:56] host.compute1 OUT: ['[    0.056452] landlock: Up and running.\r']
[06:55:56] host.compute1 OUT: ['[    0.057251] Yama: becoming mindful.\r']
[06:55:56] host.compute1 OUT: ['[    0.058350] AppArmor: AppArmor initialized\r']
[06:55:56] host.compute1 OUT: ['[    0.059499] Mount-cache hash table entries: 4096 (order: 3, 32768 bytes, linear)\r']
[06:55:56] host.compute1 OUT: ['[    0.060275] Mountpoint-cache hash table entries: 4096 (order: 3, 32768 bytes, linear)\r']
[06:55:56] host.compute2 ERR: ['src/cpu/kvm/base.cc:170: info: KVM: Coalesced MMIO disabled by config.']
[06:55:56] host.compute2 OUT: ['gem5 Simulator System.  https://www.gem5.org']
[06:55:56] host.compute2 OUT: ['gem5 is copyrighted software; use the --copyright option for details.']
[06:55:56] host.compute2 OUT: ['']
[06:55:56] host.compute2 OUT: ['gem5 version 24.0.0.1']
[06:55:56] host.compute2 OUT: ['gem5 compiled Jun  9 2025 08:14:19']
[06:55:56] host.compute2 OUT: ['gem5 started Jun 20 2025 06:55:54']
[06:55:56] host.compute2 OUT: ['gem5 executing on nsl-node3, pid 2860973']
[06:55:56] host.compute2 OUT: ["command line: /local/yiliangw/cxlsim/sim/simbricks/sims/external/gem5/build/X86/gem5.fast --outdir=/local/yiliangw/cxlsim/out/sim/mysql_swap/1/gem5-out.compute2 --listener-mode=on /local/yiliangw/cxlsim/sim/simbricks/sims/external/gem5/configs/simbricks/simbricks_cxl.py --cpu-clock=4GHz --sys-clock=1GHz --checkpoint-dir=/local/yiliangw/cxlsim/out/sim/mysql_swap/0/gem5-cp.compute2 --kernel=/local/yiliangw/cxlsim/out/images/ubuntu/vmlinux --command-line 'earlyprintk=ttyS0 console=ttyS0 no_timer_check memory_corruption_check=0 random.trust_cpu=on net.ifnames=0 raid=noautodetect root=/dev/sda1 simbricks_guest_input=/dev/sdb rw' --disk-image=/local/yiliangw/cxlsim/out/images/ubuntu/disks/mysql/basic/compute2/disk.raw --disk-image=/local/yiliangw/cxlsim/out/sim/mysql_swap/1/cfg.compute2.tar --cpu-type=X86KvmCPU --mem-size=8192MB --cxl-mem-sz=0 --num-cpus=1 --mem-type=DDR4_2400_16x4 --termport 10212 --simbricks-pci=connect:/local/yiliangw/cxlsim/out/sim/mysql_swap/1/dev.pci.compute2.management:latency=1000ns:sync_interval=1000ns --simbricks-pci=connect:/local/yiliangw/cxlsim/out/sim/mysql_swap/1/dev.pci.compute2.provider:latency=1000ns:sync_interval=1000ns"]
[06:55:56] host.compute2 OUT: ['']
[06:55:56] host.compute2 OUT: ['adding simbricks pci: connect:/local/yiliangw/cxlsim/out/sim/mysql_swap/1/dev.pci.compute2.management:latency=1000ns:sync_interval=1000ns']
[06:55:56] host.compute2 OUT: ['adding simbricks pci: connect:/local/yiliangw/cxlsim/out/sim/mysql_swap/1/dev.pci.compute2.provider:latency=1000ns:sync_interval=1000ns']
[06:55:56] host.compute2 OUT: ['connecting 2 pci & eth simbricks adapters']
[06:55:56] host.compute2 OUT: ['connecting 0 mem simbricks adapters']
[06:55:56] host.compute2 OUT: ['**** REAL SIMULATION ****']
[06:55:56] host.compute2 ERR: ['src/sim/simulate.cc:199: info: Entering event queue @ 0.  Starting simulation...']
[06:55:56] host.compute2 ERR: ['src/arch/x86/kvm/x86_cpu.cc:1688: warn: kvm-x86: MSR (0x3a) unsupported by gem5. Skipping.']
[06:55:56] host.compute2 ERR: ['src/arch/x86/kvm/x86_cpu.cc:1688: warn: kvm-x86: MSR (0xd90) unsupported by gem5. Skipping.']
[06:55:56] host.compute2 ERR: ['src/arch/x86/kvm/x86_cpu.cc:1688: warn: kvm-x86: MSR (0x48) unsupported by gem5. Skipping.']
[06:55:56] host.compute2 ERR: ['src/arch/x86/kvm/x86_cpu.cc:1688: warn: kvm-x86: MSR (0x122) unsupported by gem5. Skipping.']
[06:55:56] host.compute2 ERR: ['src/arch/x86/kvm/x86_cpu.cc:1688: warn: kvm-x86: MSR (0x309) unsupported by gem5. Skipping.']
[06:55:56] host.compute2 ERR: ['src/arch/x86/kvm/x86_cpu.cc:1688: warn: kvm-x86: MSR (0x30a) unsupported by gem5. Skipping.']
[06:55:56] host.compute2 ERR: ['src/arch/x86/kvm/x86_cpu.cc:1688: warn: kvm-x86: MSR (0x30b) unsupported by gem5. Skipping.']
[06:55:56] host.compute2 ERR: ['src/arch/x86/kvm/x86_cpu.cc:1688: warn: kvm-x86: MSR (0x38d) unsupported by gem5. Skipping.']
[06:55:56] host.compute2 ERR: ['src/arch/x86/kvm/x86_cpu.cc:1688: warn: kvm-x86: MSR (0x38e) unsupported by gem5. Skipping.']
[06:55:56] host.compute2 ERR: ['src/arch/x86/kvm/x86_cpu.cc:1688: warn: kvm-x86: MSR (0x38f) unsupported by gem5. Skipping.']
[06:55:56] host.compute2 ERR: ['src/arch/x86/kvm/x86_cpu.cc:1688: warn: kvm-x86: MSR (0x390) unsupported by gem5. Skipping.']
[06:55:56] host.compute2 ERR: ['src/arch/x86/kvm/x86_cpu.cc:1688: warn: kvm-x86: MSR (0x3f1) unsupported by gem5. Skipping.']
[06:55:56] host.compute2 ERR: ['src/arch/x86/kvm/x86_cpu.cc:1688: warn: kvm-x86: MSR (0x600) unsupported by gem5. Skipping.']
[06:55:56] host.compute2 ERR: ['src/arch/x86/kvm/x86_cpu.cc:1688: warn: kvm-x86: MSR (0xc1) unsupported by gem5. Skipping.']
[06:55:56] host.compute2 ERR: ['src/arch/x86/kvm/x86_cpu.cc:1688: warn: kvm-x86: MSR (0xc2) unsupported by gem5. Skipping.']
[06:55:56] host.compute2 ERR: ['src/arch/x86/kvm/x86_cpu.cc:1688: warn: kvm-x86: MSR (0xc3) unsupported by gem5. Skipping.']
[06:55:56] host.compute2 ERR: ['src/arch/x86/kvm/x86_cpu.cc:1688: warn: kvm-x86: MSR (0xc4) unsupported by gem5. Skipping.']
[06:55:56] host.compute2 ERR: ['src/arch/x86/kvm/x86_cpu.cc:1688: warn: kvm-x86: MSR (0x186) unsupported by gem5. Skipping.']
[06:55:56] host.compute2 ERR: ['src/arch/x86/kvm/x86_cpu.cc:1688: warn: kvm-x86: MSR (0x187) unsupported by gem5. Skipping.']
[06:55:56] host.compute2 ERR: ['src/arch/x86/kvm/x86_cpu.cc:1688: warn: kvm-x86: MSR (0x188) unsupported by gem5. Skipping.']
[06:55:56] host.compute2 ERR: ['src/arch/x86/kvm/x86_cpu.cc:1688: warn: kvm-x86: MSR (0x189) unsupported by gem5. Skipping.']
[06:55:56] host.compute2 ERR: ['src/arch/x86/kvm/x86_cpu.cc:1688: warn: kvm-x86: MSR (0x12) unsupported by gem5. Skipping.']
[06:55:56] host.compute2 ERR: ['src/arch/x86/kvm/x86_cpu.cc:1688: warn: kvm-x86: MSR (0x11) unsupported by gem5. Skipping.']
[06:55:56] host.compute2 ERR: ['src/arch/x86/kvm/x86_cpu.cc:1688: warn: kvm-x86: MSR (0x4b564d01) unsupported by gem5. Skipping.']
[06:55:56] host.compute2 ERR: ['src/arch/x86/kvm/x86_cpu.cc:1688: warn: kvm-x86: MSR (0x4b564d00) unsupported by gem5. Skipping.']
[06:55:56] host.compute2 ERR: ['src/arch/x86/kvm/x86_cpu.cc:1688: warn: kvm-x86: MSR (0x40000000) unsupported by gem5. Skipping.']
[06:55:56] host.compute2 ERR: ['src/arch/x86/kvm/x86_cpu.cc:1688: warn: kvm-x86: MSR (0x40000001) unsupported by gem5. Skipping.']
[06:55:56] host.compute2 ERR: ['src/arch/x86/kvm/x86_cpu.cc:1688: warn: kvm-x86: MSR (0x40000020) unsupported by gem5. Skipping.']
[06:55:56] host.compute2 ERR: ['src/arch/x86/kvm/x86_cpu.cc:1688: warn: kvm-x86: MSR (0x40000021) unsupported by gem5. Skipping.']
[06:55:56] host.compute2 ERR: ['src/arch/x86/kvm/x86_cpu.cc:1688: warn: kvm-x86: MSR (0x40000022) unsupported by gem5. Skipping.']
[06:55:56] host.compute2 ERR: ['src/arch/x86/kvm/x86_cpu.cc:1688: warn: kvm-x86: MSR (0x40000023) unsupported by gem5. Skipping.']
[06:55:56] host.compute2 ERR: ['src/arch/x86/kvm/x86_cpu.cc:1688: warn: kvm-x86: MSR (0x40000100) unsupported by gem5. Skipping.']
[06:55:56] host.compute2 ERR: ['src/arch/x86/kvm/x86_cpu.cc:1688: warn: kvm-x86: MSR (0x40000101) unsupported by gem5. Skipping.']
[06:55:56] host.compute2 ERR: ['src/arch/x86/kvm/x86_cpu.cc:1688: warn: kvm-x86: MSR (0x40000102) unsupported by gem5. Skipping.']
[06:55:56] host.compute2 ERR: ['src/arch/x86/kvm/x86_cpu.cc:1688: warn: kvm-x86: MSR (0x40000103) unsupported by gem5. Skipping.']
[06:55:56] host.compute2 ERR: ['src/arch/x86/kvm/x86_cpu.cc:1688: warn: kvm-x86: MSR (0x40000104) unsupported by gem5. Skipping.']
[06:55:56] host.compute2 ERR: ['src/arch/x86/kvm/x86_cpu.cc:1688: warn: kvm-x86: MSR (0x40000105) unsupported by gem5. Skipping.']
[06:55:56] host.compute2 ERR: ['src/arch/x86/kvm/x86_cpu.cc:1688: warn: kvm-x86: MSR (0x40000003) unsupported by gem5. Skipping.']
[06:55:56] host.compute2 ERR: ['src/arch/x86/kvm/x86_cpu.cc:1688: warn: kvm-x86: MSR (0x40000002) unsupported by gem5. Skipping.']
[06:55:56] host.compute2 ERR: ['src/arch/x86/kvm/x86_cpu.cc:1688: warn: kvm-x86: MSR (0x40000010) unsupported by gem5. Skipping.']
[06:55:56] host.compute2 ERR: ['src/arch/x86/kvm/x86_cpu.cc:1688: warn: kvm-x86: MSR (0x40000080) unsupported by gem5. Skipping.']
[06:55:56] host.compute2 ERR: ['src/arch/x86/kvm/x86_cpu.cc:1688: warn: kvm-x86: MSR (0x400000b0) unsupported by gem5. Skipping.']
[06:55:56] host.compute2 ERR: ['src/arch/x86/kvm/x86_cpu.cc:1688: warn: kvm-x86: MSR (0x40000073) unsupported by gem5. Skipping.']
[06:55:56] host.compute2 ERR: ['src/arch/x86/kvm/x86_cpu.cc:1688: warn: kvm-x86: MSR (0x40000106) unsupported by gem5. Skipping.']
[06:55:56] host.compute2 ERR: ['src/arch/x86/kvm/x86_cpu.cc:1688: warn: kvm-x86: MSR (0x40000107) unsupported by gem5. Skipping.']
[06:55:56] host.compute2 ERR: ['src/arch/x86/kvm/x86_cpu.cc:1688: warn: kvm-x86: MSR (0x40000108) unsupported by gem5. Skipping.']
[06:55:56] host.compute2 ERR: ['src/arch/x86/kvm/x86_cpu.cc:1688: warn: kvm-x86: MSR (0x40000118) unsupported by gem5. Skipping.']
[06:55:56] host.compute2 ERR: ['src/arch/x86/kvm/x86_cpu.cc:1688: warn: kvm-x86: MSR (0x400000ff) unsupported by gem5. Skipping.']
[06:55:56] host.compute2 ERR: ['src/arch/x86/kvm/x86_cpu.cc:1688: warn: kvm-x86: MSR (0x400000f1) unsupported by gem5. Skipping.']
[06:55:56] host.compute2 ERR: ['src/arch/x86/kvm/x86_cpu.cc:1688: warn: kvm-x86: MSR (0x400000f2) unsupported by gem5. Skipping.']
[06:55:56] host.compute2 ERR: ['src/arch/x86/kvm/x86_cpu.cc:1688: warn: kvm-x86: MSR (0x400000f3) unsupported by gem5. Skipping.']
[06:55:56] host.compute2 ERR: ['src/arch/x86/kvm/x86_cpu.cc:1688: warn: kvm-x86: MSR (0x400000f4) unsupported by gem5. Skipping.']
[06:55:56] host.compute2 ERR: ['src/arch/x86/kvm/x86_cpu.cc:1688: warn: kvm-x86: MSR (0x400000f5) unsupported by gem5. Skipping.']
[06:55:56] host.compute2 ERR: ['src/arch/x86/kvm/x86_cpu.cc:1688: warn: kvm-x86: MSR (0x4b564d02) unsupported by gem5. Skipping.']
[06:55:56] host.compute2 ERR: ['src/arch/x86/kvm/x86_cpu.cc:1688: warn: kvm-x86: MSR (0x4b564d03) unsupported by gem5. Skipping.']
[06:55:56] host.compute2 ERR: ['src/arch/x86/kvm/x86_cpu.cc:1688: warn: kvm-x86: MSR (0x4b564d04) unsupported by gem5. Skipping.']
[06:55:56] host.compute2 ERR: ['src/arch/x86/kvm/x86_cpu.cc:1688: warn: kvm-x86: MSR (0x4b564d06) unsupported by gem5. Skipping.']
[06:55:56] host.compute2 ERR: ['src/arch/x86/kvm/x86_cpu.cc:1688: warn: kvm-x86: MSR (0x4b564d07) unsupported by gem5. Skipping.']
[06:55:56] host.compute2 ERR: ['src/arch/x86/kvm/x86_cpu.cc:1688: warn: kvm-x86: MSR (0x3b) unsupported by gem5. Skipping.']
[06:55:56] host.compute2 ERR: ['src/arch/x86/kvm/x86_cpu.cc:1688: warn: kvm-x86: MSR (0x6e0) unsupported by gem5. Skipping.']
[06:55:56] host.compute2 ERR: ['src/arch/x86/kvm/x86_cpu.cc:1688: warn: kvm-x86: MSR (0x10a) unsupported by gem5. Skipping.']
[06:55:56] host.compute2 ERR: ['src/arch/x86/kvm/x86_cpu.cc:1688: warn: kvm-x86: MSR (0x345) unsupported by gem5. Skipping.']
[06:55:56] host.compute2 ERR: ['src/arch/x86/kvm/x86_cpu.cc:1688: warn: kvm-x86: MSR (0x1a0) unsupported by gem5. Skipping.']
[06:55:56] host.compute2 ERR: ['src/arch/x86/kvm/x86_cpu.cc:1688: warn: kvm-x86: MSR (0x4d0) unsupported by gem5. Skipping.']
[06:55:56] host.compute2 ERR: ['src/arch/x86/kvm/x86_cpu.cc:1688: warn: kvm-x86: MSR (0x9e) unsupported by gem5. Skipping.']
[06:55:56] host.compute2 ERR: ['src/arch/x86/kvm/x86_cpu.cc:1688: warn: kvm-x86: MSR (0x34) unsupported by gem5. Skipping.']
[06:55:56] host.compute2 ERR: ['src/arch/x86/kvm/x86_cpu.cc:1688: warn: kvm-x86: MSR (0xce) unsupported by gem5. Skipping.']
[06:55:56] host.compute2 ERR: ['src/arch/x86/kvm/x86_cpu.cc:1688: warn: kvm-x86: MSR (0x140) unsupported by gem5. Skipping.']
[06:55:56] host.compute2 ERR: ['src/arch/x86/kvm/x86_cpu.cc:1688: warn: kvm-x86: MSR (0x1fc) unsupported by gem5. Skipping.']
[06:55:56] host.compute2 ERR: ['src/arch/x86/kvm/x86_cpu.cc:1688: warn: kvm-x86: MSR (0x8b) unsupported by gem5. Skipping.']
[06:55:56] host.compute2 ERR: ['src/arch/x86/kvm/x86_cpu.cc:1688: warn: kvm-x86: MSR (0x480) unsupported by gem5. Skipping.']
[06:55:56] host.compute2 ERR: ['src/arch/x86/kvm/x86_cpu.cc:1688: warn: kvm-x86: MSR (0x48d) unsupported by gem5. Skipping.']
[06:55:56] host.compute2 ERR: ['src/arch/x86/kvm/x86_cpu.cc:1688: warn: kvm-x86: MSR (0x48e) unsupported by gem5. Skipping.']
[06:55:56] host.compute2 ERR: ['src/arch/x86/kvm/x86_cpu.cc:1688: warn: kvm-x86: MSR (0x48f) unsupported by gem5. Skipping.']
[06:55:56] host.compute2 ERR: ['src/arch/x86/kvm/x86_cpu.cc:1688: warn: kvm-x86: MSR (0x490) unsupported by gem5. Skipping.']
[06:55:56] host.compute2 ERR: ['src/arch/x86/kvm/x86_cpu.cc:1688: warn: kvm-x86: MSR (0x485) unsupported by gem5. Skipping.']
[06:55:56] host.compute2 ERR: ['src/arch/x86/kvm/x86_cpu.cc:1688: warn: kvm-x86: MSR (0x486) unsupported by gem5. Skipping.']
[06:55:56] host.compute2 ERR: ['src/arch/x86/kvm/x86_cpu.cc:1688: warn: kvm-x86: MSR (0x488) unsupported by gem5. Skipping.']
[06:55:56] host.compute2 ERR: ['src/arch/x86/kvm/x86_cpu.cc:1688: warn: kvm-x86: MSR (0x48a) unsupported by gem5. Skipping.']
[06:55:56] host.compute2 ERR: ['src/arch/x86/kvm/x86_cpu.cc:1688: warn: kvm-x86: MSR (0x48b) unsupported by gem5. Skipping.']
[06:55:56] host.compute2 ERR: ['src/arch/x86/kvm/x86_cpu.cc:1688: warn: kvm-x86: MSR (0x48c) unsupported by gem5. Skipping.']
[06:55:56] host.compute2 ERR: ['src/arch/x86/kvm/x86_cpu.cc:1688: warn: kvm-x86: MSR (0x491) unsupported by gem5. Skipping.']
[06:55:56] host.compute2 ERR: ['src/arch/x86/kvm/x86_cpu.cc:1688: warn: kvm-x86: MSR (0xc0010015) unsupported by gem5. Skipping.']
[06:55:56] host.compute2 ERR: ['src/arch/x86/kvm/x86_cpu.cc:1688: warn: kvm-x86: MSR (0x4b564d05) unsupported by gem5. Skipping.']
[06:55:56] host.compute2 OUT: ['[    0.000000] Linux version 6.10.0 (root@ubuntu) (gcc (Ubuntu 13.3.0-6ubuntu2~24.04) 13.3.0, GNU ld (GNU Binutils for Ubuntu) 2.42) #1 SMP PREEMPT_DYNAMIC Fri Jun 20 03:03:12 UTC 2025\r']
[06:55:56] host.compute2 OUT: ['[    0.000000] Command line: earlyprintk=ttyS0 console=ttyS0 no_timer_check memory_corruption_check=0 random.trust_cpu=on net.ifnames=0 raid=noautodetect root=/dev/sda1 simbricks_guest_input=/dev/sdb rw\r']
[06:55:56] host.compute2 OUT: ['[    0.000000] KERNEL supported cpus:\r']
[06:55:56] host.compute2 OUT: ['[    0.000000]   Intel GenuineIntel\r']
[06:55:56] host.compute2 OUT: ['[    0.000000]   AMD AuthenticAMD\r']
[06:55:56] host.compute2 OUT: ['[    0.000000]   Hygon HygonGenuine\r']
[06:55:56] host.compute2 OUT: ['[    0.000000]   Centaur CentaurHauls\r']
[06:55:56] host.compute2 OUT: ['[    0.000000]   zhaoxin   Shanghai  \r']
[06:55:56] host.compute2 OUT: ['[    0.000000] BIOS-provided physical RAM map:\r']
[06:55:56] host.compute2 OUT: ['[    0.000000] BIOS-e820: [mem 0x0000000000000000-0x000000000009fbff] usable\r']
[06:55:56] host.compute2 OUT: ['[    0.000000] BIOS-e820: [mem 0x000000000009fc00-0x00000000000fffff] reserved\r']
[06:55:56] host.compute2 OUT: ['[    0.000000] BIOS-e820: [mem 0x0000000000100000-0x00000000bfffffff] usable\r']
[06:55:56] host.compute2 OUT: ['[    0.000000] BIOS-e820: [mem 0x00000000ffff0000-0x00000000ffffffff] reserved\r']
[06:55:56] host.controller OUT: ['[    0.000000] Memory: 8127864K/8388216K available (20480K kernel code, 4364K rwdata, 12680K rodata, 4820K init, 4968K bss, 260096K reserved, 0K cma-reserved)\r']
[06:55:56] host.compute2 OUT: ['[    0.000000] BIOS-e820: [mem 0x0000000100000000-0x000000023fffffff] usable\r']
[06:55:56] host.compute2 OUT: ['[    0.000000] printk: legacy bootconsole [earlyser0] enabled\r']
[06:55:56] host.compute2 OUT: ['[    0.000000] NX (Execute Disable) protection: active\r']
[06:55:56] host.compute2 OUT: ['[    0.000000] APIC: Static calls initialized\r']
[06:55:56] host.compute2 OUT: ['[    0.000000] SMBIOS 2.5 present.\r']
[06:55:56] host.compute2 OUT: ['[    0.000000] DMI:  , BIOS  06/08/2008\r']
[06:55:56] host.compute2 OUT: ['[    0.000000] DMI: Memory slots populated: 0/0\r']
[06:55:56] host.compute2 OUT: ['[    0.000000] last_pfn = 0x240000 max_arch_pfn = 0x400000000\r']
[06:55:56] host.compute2 OUT: ['[    0.000000] MTRRs disabled by BIOS\r']
[06:55:56] host.compute2 OUT: ['[    0.000000] x86/PAT: Configuration [0-7]: WB  WC  UC- UC  WB  WP  UC- WT  \r']
[06:55:56] host.compute2 OUT: ['[    0.000000] last_pfn = 0xc0000 max_arch_pfn = 0x400000000\r']
[06:55:56] host.compute2 OUT: ['[    0.000000] found SMP MP-table at [mem 0x000f0050-0x000f005f]\r']
[06:55:56] host.compute2 OUT: ['[    0.000000] ACPI: Early table checksum verification disabled\r']
[06:55:56] host.compute2 OUT: ['[    0.000000] ACPI: RSDP 0x00000000000F01C0 000024 (v02       )\r']
[06:55:56] host.compute2 OUT: ['[    0.000000] ACPI: XSDT 0x00000000000F0208 000024 (v01                 00000000      00000000)\r']
[06:55:56] host.compute2 OUT: ['[    0.000000] ACPI BIOS Error (bug): Invalid table length 0x24 in RSDT/XSDT (20240322/tbutils-285)\r']
[06:55:57] host.compute2 OUT: ['[    0.000000] Intel MultiProcessor Specification v1.4\r']
[06:55:57] host.compute2 OUT: ['[    0.000000] MPTABLE: OEM ID: \r']
[06:55:57] host.compute2 OUT: ['[    0.000000] MPTABLE: Product ID: \r']
[06:55:57] host.compute2 OUT: ['[    0.000000] MPTABLE: APIC at: 0xFEE00000\r']
[06:55:57] host.compute2 OUT: ['[    0.000000] No NUMA configuration found\r']
[06:55:57] host.compute2 OUT: ['[    0.000000] Faking a node at [mem 0x0000000000000000-0x000000023fffffff]\r']
[06:55:57] host.compute2 OUT: ['[    0.000000] NODE_DATA(0) allocated [mem 0x23ffd3000-0x23fffdfff]\r']
[06:55:57] host.compute2 OUT: ['[    0.000000] Zone ranges:\r']
[06:55:57] host.controller OUT: ['[    0.000000] SLUB: HWalign=64, Order=0-3, MinObjects=0, CPUs=1, Nodes=1\r']
[06:55:57] host.compute2 OUT: ['[    0.000000]   DMA      [mem 0x0000000000001000-0x0000000000ffffff]\r']
[06:55:57] host.controller OUT: ['Poking KASLR using RDTSC...\r']
[06:55:57] host.controller OUT: ['[    0.000000] ftrace: allocating 52364 entries in 205 pages\r']
[06:55:57] host.compute2 OUT: ['[    0.000000]   DMA32    [mem 0x0000000001000000-0x00000000ffffffff]\r']
[06:55:57] host.compute2 OUT: ['[    0.000000]   Normal   [mem 0x0000000100000000-0x000000023fffffff]\r']
[06:55:57] host.compute2 OUT: ['[    0.000000]   Device   empty\r']
[06:55:57] host.compute2 OUT: ['[    0.000000] Movable zone start for each node\r']
[06:55:57] host.compute2 OUT: ['[    0.000000] Early memory node ranges\r']
[06:55:57] host.compute2 OUT: ['[    0.000000]   node   0: [mem 0x0000000000001000-0x000000000009efff]\r']
[06:55:57] host.compute2 OUT: ['[    0.000000]   node   0: [mem 0x0000000000100000-0x00000000bfffffff]\r']
[06:55:57] host.compute2 OUT: ['[    0.000000]   node   0: [mem 0x0000000100000000-0x000000023fffffff]\r']
[06:55:57] host.compute2 OUT: ['[    0.000000] Initmem setup node 0 [mem 0x0000000000001000-0x000000023fffffff]\r']
[06:55:57] host.compute2 OUT: ['[    0.000000] On node 0, zone DMA: 1 pages in unavailable ranges\r']
[06:55:57] host.compute2 OUT: ['[    0.000000] On node 0, zone DMA: 97 pages in unavailable ranges\r']
[06:55:57] host.controller OUT: ['[    0.000000] ftrace: allocated 205 pages with 5 groups\r']
[06:55:57] host.controller OUT: ['[    0.000000] Dynamic Preempt: voluntary\r']
[06:55:57] host.controller OUT: ['[    0.000000] rcu: Preemptible hierarchical RCU implementation.\r']
[06:55:57] host.controller OUT: ['[    0.000000] rcu: \tRCU restricting CPUs from NR_CPUS=8192 to nr_cpu_ids=1.\r']
[06:55:57] host.controller OUT: ['[    0.000000] \tTrampoline variant of Tasks RCU enabled.\r']
[06:55:57] host.controller OUT: ['[    0.000000] \tRude variant of Tasks RCU enabled.\r']
[06:55:57] host.controller OUT: ['[    0.000000] \tTracing variant of Tasks RCU enabled.\r']
[06:55:57] host.controller OUT: ['[    0.000000] rcu: RCU calculated value of scheduler-enlistment delay is 100 jiffies.\r']
[06:55:57] host.controller OUT: ['[    0.000000] rcu: Adjusting geometry for rcu_fanout_leaf=16, nr_cpu_ids=1\r']
[06:55:57] host.controller OUT: ['[    0.000000] RCU Tasks: Setting shift to 0 and lim to 1 rcu_task_cb_adjust=1.\r']
[06:55:57] host.controller OUT: ['[    0.000000] RCU Tasks Rude: Setting shift to 0 and lim to 1 rcu_task_cb_adjust=1.\r']
[06:55:57] host.controller OUT: ['[    0.000000] RCU Tasks Trace: Setting shift to 0 and lim to 1 rcu_task_cb_adjust=1.\r']
[06:55:57] host.controller OUT: ['[    0.000000] NR_IRQS: 524544, nr_irqs: 256, preallocated irqs: 16\r']
[06:55:57] host.controller OUT: ['[    0.000000] rcu: srcu_init: Setting srcu_struct sizes based on contention.\r']
[06:55:57] host.controller OUT: ['[    0.000000] Console: colour dummy device 80x25\r']
[06:55:57] host.controller OUT: ['[    0.000000] printk: legacy console [ttyS0] enabled\r']
[06:55:57] host.controller OUT: ['[    0.000000] printk: legacy console [ttyS0] enabled\r']
[06:55:57] host.controller OUT: ['[    0.000000] printk: legacy bootconsole [earlyser0] disabled\r']
[06:55:57] host.controller OUT: ['[    0.000000] printk: legacy bootconsole [earlyser0] disabled\r']
[06:55:57] host.controller OUT: ['[    0.000000] APIC: Switch to symmetric I/O mode setup\r']
[06:55:57] host.controller OUT: ['[    0.000000] ExtINT not setup in hardware but reported by MP table\r']
[06:55:57] host.controller OUT: ['[    0.000000] ..TIMER: vector=0x30 apic1=0 pin1=2 apic2=0 pin2=0\r']
[06:55:57] host.controller OUT: ['[    0.003000] tsc: Using PIT calibration value\r']
[06:55:57] host.controller OUT: ['[    0.004000] tsc: Detected 3027.363 MHz processor\r']
[06:55:57] host.controller OUT: ['[    0.000005] clocksource: tsc-early: mask: 0xffffffffffffffff max_cycles: 0x2ba33e347d1, max_idle_ns: 440795263316 ns\r']
[06:55:57] host.controller OUT: ['[    0.002315] Calibrating delay loop (skipped), value calculated using timer frequency.. 6054.72 BogoMIPS (lpj=3027363)\r']
[06:55:57] host.controller OUT: ['[    0.003396] Last level iTLB entries: 4KB 512, 2MB 8, 4MB 4\r']
[06:55:57] host.controller OUT: ['[    0.004315] Last level dTLB entries: 4KB 512, 2MB 8, 4MB 4, 1GB 0\r']
[06:55:57] host.controller OUT: ['[    0.005318] process: using mwait in idle threads\r']
[06:55:57] host.controller OUT: ['[    0.006319] Spectre V1 : Mitigation: usercopy/swapgs barriers and __user pointer sanitization\r']
[06:55:57] host.controller OUT: ['[    0.007316] Spectre V2 : Mitigation: Retpolines\r']
[06:55:57] host.controller OUT: ['[    0.008315] Spectre V2 : Spectre v2 / SpectreRSB mitigation: Filling RSB on context switch\r']
[06:55:57] host.controller OUT: ['[    0.009315] Spectre V2 : Spectre v2 / SpectreRSB : Filling RSB on VMEXIT\r']
[06:55:57] host.controller OUT: ['[    0.010315] Speculative Store Bypass: Vulnerable\r']
[06:55:57] host.controller OUT: ['[    0.011318] x86/fpu: x87 FPU will use FXSAVE\r']
[06:55:57] host.compute2 OUT: ['[    0.000000] Intel MultiProcessor Specification v1.4\r']
[06:55:57] host.compute2 OUT: ['[    0.000000] MPTABLE: OEM ID: \r']
[06:55:57] host.compute2 OUT: ['[    0.000000] MPTABLE: Product ID: \r']
[06:55:57] host.compute2 OUT: ['[    0.000000] MPTABLE: APIC at: 0xFEE00000\r']
[06:55:57] host.compute2 OUT: ['[    0.000000] CPU topo: Enumerated BSP APIC 0 is not marked in APICBASE MSR\r']
[06:55:57] host.compute2 OUT: ['[    0.000000] CPU topo: Assuming crash kernel. Limiting to one CPU to prevent machine INIT\r']
[06:55:57] host.compute2 OUT: ['[    0.000000] CPU topo: [Firmware Bug]: APIC enumeration order not specification compliant\r']
[06:55:57] host.compute2 OUT: ['[    0.000000] Processor #0 (Bootup-CPU)\r']
[06:55:57] host.compute2 OUT: ['[    0.000000] IOAPIC[0]: apic_id 1, version 20, address 0xfec00000, GSI 0-23\r']
[06:55:57] host.compute1 OUT: ['[    0.342804] APIC timer disabled due to verification failure\r']
[06:55:57] host.compute2 OUT: ['[    0.000000] Processors: 1\r']
[06:55:57] host.compute2 OUT: ['[    0.000000] CPU topo: Max. logical packages:   1\r']
[06:55:57] host.compute1 OUT: ['[    0.343251] smpboot: CPU0: Hygon Fake gem5 x86_64 CPU (family: 0xf, model: 0x25, stepping: 0x1)\r']
[06:55:57] host.compute2 OUT: ['[    0.000000] CPU topo: Max. logical dies:       1\r']
[06:55:57] host.compute2 OUT: ['[    0.000000] CPU topo: Max. dies per package:   1\r']
[06:55:57] host.compute2 OUT: ['[    0.000000] CPU topo: Max. threads per core:   1\r']
[06:55:57] host.compute1 OUT: ['[    0.345454] Performance Events: Broken PMU hardware detected, using software events only.\r']
[06:55:57] host.compute2 OUT: ['[    0.000000] CPU topo: Num. cores per package:     1\r']
[06:55:57] host.compute1 OUT: ['[    0.346252] Failed to access perfctr msr (MSR c0010007 is 0)\r']
[06:55:57] host.compute2 OUT: ['[    0.000000] CPU topo: Num. threads per package:   1\r']
[06:55:57] host.compute2 OUT: ['[    0.000000] CPU topo: Allowing 1 present CPUs plus 0 hotplug CPUs\r']
[06:55:57] host.compute1 OUT: ['[    0.347324] signal: max sigframe size: 1440\r']
[06:55:57] host.compute2 OUT: ['[    0.000000] PM: hibernation: Registered nosave memory: [mem 0x00000000-0x00000fff]\r']
[06:55:57] host.compute2 OUT: ['[    0.000000] PM: hibernation: Registered nosave memory: [mem 0x0009f000-0x0009ffff]\r']
[06:55:57] host.compute1 OUT: ['[    0.348553] rcu: Hierarchical SRCU implementation.\r']
[06:55:57] host.compute2 OUT: ['[    0.000000] PM: hibernation: Registered nosave memory: [mem 0x000a0000-0x000fffff]\r']
[06:55:57] host.compute1 OUT: ['[    0.349251] rcu: \tMax phase no-delay instances is 400.\r']
[06:55:57] host.compute2 OUT: ['[    0.000000] PM: hibernation: Registered nosave memory: [mem 0xc0000000-0xfffeffff]\r']
[06:55:57] host.controller OUT: ['[    0.051532] Freeing SMP alternatives memory: 44K\r']
[06:55:57] host.compute1 OUT: ['[    0.350830] NMI watchdog: Perf NMI watchdog permanently disabled\r']
[06:55:57] host.compute2 OUT: ['[    0.000000] PM: hibernation: Registered nosave memory: [mem 0xffff0000-0xffffffff]\r']
[06:55:57] host.controller OUT: ['[    0.052318] pid_max: default: 32768 minimum: 301\r']
[06:55:57] host.compute1 OUT: ['[    0.351335] smp: Bringing up secondary CPUs ...\r']
[06:55:57] host.compute2 OUT: ['[    0.000000] [mem 0xc0000000-0xfffeffff] available for PCI devices\r']
[06:55:57] host.compute1 OUT: ['[    0.352260] smp: Brought up 1 node, 1 CPU\r']
[06:55:57] host.compute2 OUT: ['[    0.000000] Booting paravirtualized kernel on bare hardware\r']
[06:55:57] host.controller OUT: ['[    0.053885] LSM: initializing lsm=lockdown,capability,landlock,yama,apparmor,ima,evm\r']
[06:55:57] host.compute1 OUT: ['[    0.353253] smpboot: Total of 1 processors activated (6197.57 BogoMIPS)\r']
[06:55:57] host.controller OUT: ['[    0.054514] landlock: Up and running.\r']
[06:55:57] host.compute1 OUT: ['[    0.355435] devtmpfs: initialized\r']
[06:55:57] host.controller OUT: ['[    0.055315] Yama: becoming mindful.\r']
[06:55:57] host.compute2 OUT: ['[    0.000000] clocksource: refined-jiffies: mask: 0xffffffff max_cycles: 0xffffffff, max_idle_ns: 1910969940391419 ns\r']
[06:55:57] host.compute1 OUT: ['[    0.356248] x86/mm: Memory block size: 128MB\r']
[06:55:57] host.controller OUT: ['[    0.056409] AppArmor: AppArmor initialized\r']
[06:55:57] host.compute2 OUT: ['[    0.000000] setup_percpu: NR_CPUS:8192 nr_cpumask_bits:1 nr_cpu_ids:1 nr_node_ids:1\r']
[06:55:57] host.controller OUT: ['[    0.057560] Mount-cache hash table entries: 16384 (order: 5, 131072 bytes, linear)\r']
[06:55:57] host.compute1 OUT: ['[    0.357758] clocksource: jiffies: mask: 0xffffffff max_cycles: 0xffffffff, max_idle_ns: 1911260446275000 ns\r']
[06:55:57] host.compute2 OUT: ['[    0.000000] percpu: Embedded 86 pages/cpu s229376 r8192 d114688 u2097152\r']
[06:55:57] host.controller OUT: ['[    0.058412] Mountpoint-cache hash table entries: 16384 (order: 5, 131072 bytes, linear)\r']
[06:55:57] host.compute1 OUT: ['[    0.358269] futex hash table entries: 256 (order: 2, 16384 bytes, linear)\r']
[06:55:57] host.compute1 OUT: ['[    0.360467] pinctrl core: initialized pinctrl subsystem\r']
[06:55:57] host.compute2 OUT: ['[    0.000000] Kernel command line: earlyprintk=ttyS0 console=ttyS0 no_timer_check memory_corruption_check=0 random.trust_cpu=on net.ifnames=0 raid=noautodetect root=/dev/sda1 simbricks_guest_input=/dev/sdb rw\r']
[06:55:57] host.compute1 OUT: ['[    0.361699] PM: RTC time: 06:55:54, date: 2025-06-20\r']
[06:55:57] host.compute2 OUT: ['[    0.000000] Unknown kernel command line parameters "simbricks_guest_input=/dev/sdb", will be passed to user space.\r']
[06:55:57] host.compute1 OUT: ['[    0.364248] NET: Registered PF_NETLINK/PF_ROUTE protocol family\r']
[06:55:57] host.compute1 OUT: ['[    0.365528] DMA: preallocated 256 KiB GFP_KERNEL pool for atomic allocations\r']
[06:55:57] host.compute1 OUT: ['[    0.366462] DMA: preallocated 256 KiB GFP_KERNEL|GFP_DMA pool for atomic allocations\r']
[06:55:57] host.compute1 OUT: ['[    0.367446] DMA: preallocated 256 KiB GFP_KERNEL|GFP_DMA32 pool for atomic allocations\r']
[06:55:57] host.compute2 OUT: ['[    0.000000] Dentry cache hash table entries: 1048576 (order: 11, 8388608 bytes, linear)\r']
[06:55:57] host.compute1 OUT: ['[    0.368276] audit: initializing netlink subsys (disabled)\r']
[06:55:57] host.compute1 OUT: ['[    0.369339] audit: type=2000 audit(1750402554.373:1): state=initialized audit_enabled=0 res=1\r']
[06:55:57] host.compute1 OUT: ["[    0.371366] thermal_sys: Registered thermal governor 'fair_share'\r"]
[06:55:57] host.compute2 OUT: ['[    0.000000] Inode-cache hash table entries: 524288 (order: 10, 4194304 bytes, linear)\r']
[06:55:57] host.compute1 OUT: ["[    0.371370] thermal_sys: Registered thermal governor 'bang_bang'\r"]
[06:55:57] host.compute2 OUT: ['[    0.000000] Fallback order for Node 0: 0 \r']
[06:55:57] host.compute1 OUT: ["[    0.372252] thermal_sys: Registered thermal governor 'step_wise'\r"]
[06:55:57] host.compute2 OUT: ['[    0.000000] Built 1 zonelists, mobility grouping on.  Total pages: 2097054\r']
[06:55:57] host.compute2 OUT: ['[    0.000000] Policy zone: Normal\r']
[06:55:57] host.compute1 OUT: ["[    0.373251] thermal_sys: Registered thermal governor 'user_space'\r"]
[06:55:57] host.compute2 OUT: ['[    0.000000] mem auto-init: stack:all(zero), heap alloc:on, heap free:off\r']
[06:55:57] host.compute1 OUT: ["[    0.374251] thermal_sys: Registered thermal governor 'power_allocator'\r"]
[06:55:57] host.compute2 OUT: ['[    0.000000] software IO TLB: area num 1.\r']
[06:55:57] host.compute1 OUT: ['[    0.375262] EISA bus registered\r']
[06:55:57] host.compute1 OUT: ['[    0.376913] cpuidle: using governor ladder\r']
[06:55:57] host.compute1 OUT: ['[    0.377253] cpuidle: using governor menu\r']
[06:55:57] host.compute1 OUT: ['[    0.378813] PCI: Using configuration type 1 for base access\r']
[06:55:57] host.compute1 OUT: ['[    0.380464] kprobes: kprobe jump-optimization is enabled. All kprobes are optimized if possible.\r']
[06:55:57] host.compute1 OUT: ['[    0.382447] HugeTLB: registered 2.00 MiB page size, pre-allocated 0 pages\r']
[06:55:57] host.compute1 OUT: ['[    0.383252] HugeTLB: 28 KiB vmemmap can be freed for a 2.00 MiB page\r']
[06:55:57] host.compute1 OUT: ['[    0.432264] Demotion targets for Node 0: null\r']
[06:55:57] host.compute1 OUT: ['[    0.440539] ACPI: Interpreter disabled.\r']
[06:55:57] host.compute1 OUT: ['[    0.441370] iommu: Default domain type: Translated\r']
[06:55:57] host.compute1 OUT: ['[    0.442251] iommu: DMA domain TLB invalidation policy: lazy mode\r']
[06:55:57] host.compute1 OUT: ['[    0.445415] SCSI subsystem initialized\r']
[06:55:57] host.compute1 OUT: ['[    0.446675] usbcore: registered new interface driver usbfs\r']
[06:55:57] host.compute1 OUT: ['[    0.447259] usbcore: registered new interface driver hub\r']
[06:55:57] host.compute1 OUT: ['[    0.448264] usbcore: registered new device driver usb\r']
[06:55:57] host.compute1 OUT: ['[    0.449272] pps_core: LinuxPPS API ver. 1 registered\r']
[06:55:57] host.compute1 OUT: ['[    0.450250] pps_core: Software ver. 5.3.6 - Copyright 2005-2007 Rodolfo Giometti <giometti@linux.it>\r']
[06:55:57] host.compute1 OUT: ['[    0.451257] PTP clock support registered\r']
[06:55:57] host.compute1 OUT: ['[    0.452384] EDAC MC: Ver: 3.0.0\r']
[06:55:57] host.compute1 OUT: ['[    0.453480] NetLabel: Initializing\r']
[06:55:57] host.compute1 OUT: ['[    0.454215] NetLabel:  domain hash size = 128\r']
[06:55:57] host.compute1 OUT: ['[    0.454251] NetLabel:  protocols = UNLABELED CIPSOv4 CALIPSO\r']
[06:55:57] host.compute1 OUT: ['[    0.455268] NetLabel:  unlabeled traffic allowed by default\r']
[06:55:57] host.compute1 OUT: ['[    0.457254] mctp: management component transport protocol core\r']
[06:55:57] host.compute1 OUT: ['[    0.458266] NET: Registered PF_MCTP protocol family\r']
[06:55:57] host.compute1 OUT: ['[    0.459255] PCI: Probing PCI hardware\r']
[06:55:57] host.compute1 OUT: ['[    0.460086] PCI host bridge to bus 0000:00\r']
[06:55:57] host.compute1 OUT: ['[    0.460252] pci_bus 0000:00: root bus resource [io  0x0000-0xffff]\r']
[06:55:57] host.compute1 OUT: ['[    0.461251] pci_bus 0000:00: root bus resource [mem 0x00000000-0xffffffffffff]\r']
[06:55:57] host.compute1 OUT: ['[    0.462265] pci_bus 0000:00: No busn resource found for root bus, will use [bus 00-ff]\r']
[06:55:57] host.compute2 OUT: ['[    0.000000] Memory: 8127864K/8388216K available (20480K kernel code, 4364K rwdata, 12680K rodata, 4820K init, 4968K bss, 260096K reserved, 0K cma-reserved)\r']
[06:55:57] host.compute1 OUT: ['[    0.463423] pci 0000:00:00.0: [8086:1583] type 00 class 0x020000 conventional PCI endpoint\r']
[06:55:57] host.compute1 OUT: ['[    0.464436] pci 0000:00:00.0: BAR 0 [mem 0x00000000-0x003fffff]\r']
[06:55:57] host.compute1 OUT: ['[    0.465407] pci 0000:00:00.0: BAR 2 [mem 0x00000000-0x0000001f]\r']
[06:55:57] host.compute1 OUT: ['[    0.466320] pci 0000:00:00.0: BAR 3 [mem 0x00000000-0x00007fff]\r']
[06:55:57] host.compute1 OUT: ['[    0.467461] pci 0000:00:00.0: ROM [mem 0x00000000-0x000007ff pref]\r']
[06:55:57] host.compute1 OUT: ['[    0.469448] pci 0000:00:01.0: [8086:1583] type 00 class 0x020000 conventional PCI endpoint\r']
[06:55:57] host.compute1 OUT: ['[    0.470431] pci 0000:00:01.0: BAR 0 [mem 0x00000000-0x003fffff]\r']
[06:55:57] host.compute1 OUT: ['[    0.471397] pci 0000:00:01.0: BAR 2 [mem 0x00000000-0x0000001f]\r']
[06:55:57] host.compute1 OUT: ['[    0.472330] pci 0000:00:01.0: BAR 3 [mem 0x00000000-0x00007fff]\r']
[06:55:57] host.compute1 OUT: ['[    0.473482] pci 0000:00:01.0: ROM [mem 0x00000000-0x000007ff pref]\r']
[06:55:57] host.compute1 OUT: ['[    0.475856] pci 0000:00:04.0: [8086:7111] type 00 class 0x010180 conventional PCI endpoint\r']
[06:55:57] host.compute1 OUT: ['[    0.476684] pci 0000:00:04.0: BAR 4 [io  0x0000-0x000f]\r']
[06:55:57] host.compute1 OUT: ['[    0.477385] pci 0000:00:04.0: ROM [mem 0x00000000-0x000007ff pref]\r']
[06:55:57] host.compute1 OUT: ['[    0.478295] pci 0000:00:04.0: BAR 0 [io  0x01f0-0x01f7]: legacy IDE quirk\r']
[06:55:57] host.compute1 OUT: ['[    0.479251] pci 0000:00:04.0: BAR 1 [io  0x03f6]: legacy IDE quirk\r']
[06:55:57] host.compute1 OUT: ['[    0.480251] pci 0000:00:04.0: BAR 2 [io  0x0170-0x0177]: legacy IDE quirk\r']
[06:55:57] host.compute1 OUT: ['[    0.481251] pci 0000:00:04.0: BAR 3 [io  0x0376]: legacy IDE quirk\r']
[06:55:57] host.compute2 OUT: ['[    0.000000] SLUB: HWalign=64, Order=0-3, MinObjects=0, CPUs=1, Nodes=1\r']
[06:55:57] host.compute1 OUT: ['[    0.482796] pci_bus 0000:00: busn_res: [bus 00-ff] end is updated to 00\r']
[06:55:57] host.compute2 OUT: ['Poking KASLR using RDTSC...\r']
[06:55:57] host.compute1 OUT: ['[    0.483468] vgaarb: loaded\r']
[06:55:57] host.compute2 OUT: ['[    0.000000] ftrace: allocating 52364 entries in 205 pages\r']
[06:55:57] host.compute1 OUT: ['[    0.484248] clocksource: Switched to clocksource tsc-early\r']
[06:55:57] host.compute1 OUT: ['[    0.485988] VFS: Disk quotas dquot_6.6.0\r']
[06:55:57] host.compute1 OUT: ['[    0.487037] VFS: Dquot-cache hash table entries: 512 (order 0, 4096 bytes)\r']
[06:55:57] host.compute1 OUT: ['[    0.488774] AppArmor: AppArmor Filesystem Enabled\r']
[06:55:57] host.compute1 OUT: ['[    0.489836] pnp: PnP ACPI: disabled\r']
[06:55:57] host.compute1 OUT: ['[    0.492432] NET: Registered PF_INET protocol family\r']
[06:55:57] host.compute1 OUT: ['[    0.493805] IP idents hash table entries: 32768 (order: 6, 262144 bytes, linear)\r']
[06:55:57] host.compute2 OUT: ['[    0.000000] ftrace: allocated 205 pages with 5 groups\r']
[06:55:57] host.compute2 OUT: ['[    0.000000] Dynamic Preempt: voluntary\r']
[06:55:57] host.compute2 OUT: ['[    0.000000] rcu: Preemptible hierarchical RCU implementation.\r']
[06:55:57] host.compute2 OUT: ['[    0.000000] rcu: \tRCU restricting CPUs from NR_CPUS=8192 to nr_cpu_ids=1.\r']
[06:55:57] host.compute2 OUT: ['[    0.000000] \tTrampoline variant of Tasks RCU enabled.\r']
[06:55:57] host.compute2 OUT: ['[    0.000000] \tRude variant of Tasks RCU enabled.\r']
[06:55:57] host.compute2 OUT: ['[    0.000000] \tTracing variant of Tasks RCU enabled.\r']
[06:55:57] host.compute2 OUT: ['[    0.000000] rcu: RCU calculated value of scheduler-enlistment delay is 100 jiffies.\r']
[06:55:57] host.compute2 OUT: ['[    0.000000] rcu: Adjusting geometry for rcu_fanout_leaf=16, nr_cpu_ids=1\r']
[06:55:57] host.compute2 OUT: ['[    0.000000] RCU Tasks: Setting shift to 0 and lim to 1 rcu_task_cb_adjust=1.\r']
[06:55:57] host.compute2 OUT: ['[    0.000000] RCU Tasks Rude: Setting shift to 0 and lim to 1 rcu_task_cb_adjust=1.\r']
[06:55:57] host.compute2 OUT: ['[    0.000000] RCU Tasks Trace: Setting shift to 0 and lim to 1 rcu_task_cb_adjust=1.\r']
[06:55:57] host.compute1 OUT: ['[    0.515642] tcp_listen_portaddr_hash hash table entries: 1024 (order: 2, 16384 bytes, linear)\r']
[06:55:57] host.compute1 OUT: ['[    0.517537] Table-perturb hash table entries: 65536 (order: 6, 262144 bytes, linear)\r']
[06:55:57] host.compute2 OUT: ['[    0.000000] NR_IRQS: 524544, nr_irqs: 256, preallocated irqs: 16\r']
[06:55:57] host.compute1 OUT: ['[    0.519279] TCP established hash table entries: 16384 (order: 5, 131072 bytes, linear)\r']
[06:55:57] host.compute2 OUT: ['[    0.000000] rcu: srcu_init: Setting srcu_struct sizes based on contention.\r']
[06:55:57] host.compute1 OUT: ['[    0.521045] TCP bind hash table entries: 16384 (order: 7, 524288 bytes, linear)\r']
[06:55:57] host.compute2 OUT: ['[    0.000000] Console: colour dummy device 80x25\r']
[06:55:57] host.compute2 OUT: ['[    0.000000] printk: legacy console [ttyS0] enabled\r']
[06:55:57] host.compute1 OUT: ['[    0.522679] TCP: Hash tables configured (established 16384 bind 16384)\r']
[06:55:57] host.compute2 OUT: ['[    0.000000] printk: legacy console [ttyS0] enabled\r']
[06:55:57] host.compute1 OUT: ['[    0.524178] MPTCP token hash table entries: 2048 (order: 3, 49152 bytes, linear)\r']
[06:55:57] host.compute2 OUT: ['[    0.000000] printk: legacy bootconsole [earlyser0] disabled\r']
[06:55:57] host.compute1 OUT: ['[    0.525810] UDP hash table entries: 1024 (order: 3, 32768 bytes, linear)\r']
[06:55:57] host.compute2 OUT: ['[    0.000000] printk: legacy bootconsole [earlyser0] disabled\r']
[06:55:57] host.compute2 OUT: ['[    0.000000] APIC: Switch to symmetric I/O mode setup\r']
[06:55:57] host.compute1 OUT: ['[    0.527284] UDP-Lite hash table entries: 1024 (order: 3, 32768 bytes, linear)\r']
[06:55:57] host.compute1 OUT: ['[    0.528893] NET: Registered PF_UNIX/PF_LOCAL protocol family\r']
[06:55:57] host.compute1 OUT: ['[    0.530119] NET: Registered PF_XDP protocol family\r']
[06:55:57] host.compute2 OUT: ['[    0.000000] ExtINT not setup in hardware but reported by MP table\r']
[06:55:57] host.compute1 OUT: ['[    0.531185] pci 0000:00:00.0: BAR 0 [mem 0xc0000000-0xc03fffff]: assigned\r']
[06:55:57] host.compute1 OUT: ['[    0.532675] pci 0000:00:01.0: BAR 0 [mem 0xc0400000-0xc07fffff]: assigned\r']
[06:55:57] host.compute1 OUT: ['[    0.534163] pci 0000:00:00.0: BAR 3 [mem 0xc0800000-0xc0807fff]: assigned\r']
[06:55:57] host.compute1 OUT: ['[    0.535659] pci 0000:00:01.0: BAR 3 [mem 0xc0808000-0xc080ffff]: assigned\r']
[06:55:57] host.compute2 OUT: ['[    0.000000] ..TIMER: vector=0x30 apic1=0 pin1=2 apic2=0 pin2=0\r']
[06:55:57] host.compute1 OUT: ['[    0.537155] pci 0000:00:00.0: ROM [mem 0xc0810000-0xc08107ff pref]: assigned\r']
[06:55:57] host.compute1 OUT: ['[    0.538671] pci 0000:00:01.0: ROM [mem 0xc0810800-0xc0810fff pref]: assigned\r']
[06:55:57] host.compute1 OUT: ['[    0.540182] pci 0000:00:04.0: ROM [mem 0xc0811000-0xc08117ff pref]: assigned\r']
[06:55:57] host.compute1 OUT: ['[    0.541686] pci 0000:00:00.0: BAR 2 [mem 0xc0811800-0xc081181f]: assigned\r']
[06:55:57] host.compute1 OUT: ['[    0.543214] pci 0000:00:01.0: BAR 2 [mem 0xc0811820-0xc081183f]: assigned\r']
[06:55:57] host.compute1 OUT: ['[    0.544669] pci 0000:00:04.0: BAR 4 [io  0x1000-0x100f]: assigned\r']
[06:55:57] host.compute1 OUT: ['[    0.545999] pci_bus 0000:00: resource 4 [io  0x0000-0xffff]\r']
[06:55:57] host.compute1 OUT: ['[    0.547202] pci_bus 0000:00: resource 5 [mem 0x00000000-0xffffffffffff]\r']
[06:55:57] host.compute1 OUT: ['[    0.548687] PCI: CLS 0 bytes, default 64\r']
[06:55:57] host.compute1 OUT: ['[    0.549803] platform rtc_cmos: registered platform RTC device (no PNP device found)\r']
[06:55:57] host.controller OUT: ['[    0.337361] APIC timer disabled due to verification failure\r']
[06:55:57] host.compute1 OUT: ['[    0.551856] Initialise system trusted keyrings\r']
[06:55:57] host.compute1 OUT: ['[    0.552927] Key type blacklist registered\r']
[06:55:57] host.controller OUT: ['[    0.338316] smpboot: CPU0: Hygon Fake gem5 x86_64 CPU (family: 0xf, model: 0x25, stepping: 0x1)\r']
[06:55:57] host.compute1 OUT: ['[    0.553905] workingset: timestamp_bits=36 max_order=19 bucket_order=0\r']
[06:55:57] host.compute1 OUT: ['[    0.555381] zbud: loaded\r']
[06:55:57] host.controller OUT: ['[    0.340563] Performance Events: Broken PMU hardware detected, using software events only.\r']
[06:55:57] host.compute1 OUT: ['[    0.557303] squashfs: version 4.0 (2009/01/31) Phillip Lougher\r']
[06:55:57] host.controller OUT: ['[    0.341342] Failed to access perfctr msr (MSR c0010007 is 0)\r']
[06:55:57] host.compute1 OUT: ['[    0.559111] fuse: init (API version 7.40)\r']
[06:55:57] host.controller OUT: ['[    0.342430] signal: max sigframe size: 1440\r']
[06:55:57] host.compute1 OUT: ['[    0.560205] integrity: Platform Keyring initialized\r']
[06:55:57] host.compute1 OUT: ['[    0.561287] integrity: Machine keyring initialized\r']
[06:55:57] host.controller OUT: ['[    0.344338] rcu: Hierarchical SRCU implementation.\r']
[06:55:57] host.controller OUT: ['[    0.345316] rcu: \tMax phase no-delay instances is 400.\r']
[06:55:57] host.controller OUT: ['[    0.347117] NMI watchdog: Perf NMI watchdog permanently disabled\r']
[06:55:57] host.controller OUT: ['[    0.347450] smp: Bringing up secondary CPUs ...\r']
[06:55:57] host.compute2 OUT: ['[    0.003000] tsc: Using PIT calibration value\r']
