[07:59:54] preparing config tar: /local/yiliangw/cxlsim/out/sim/mysql_basic/1/cfg.controller.tar
[07:59:54] preparing config tar: /local/yiliangw/cxlsim/out/sim/mysql_basic/1/cfg.compute1.tar
[07:59:54] preparing config tar: /local/yiliangw/cxlsim/out/sim/mysql_basic/1/cfg.compute2.tar
[07:59:54] prepare_mysql_basic.0 TERMINATED: 0
[07:59:54] prepare_mysql_basic.0 TERMINATED: 0
[07:59:54] prepare_mysql_basic.0 TERMINATED: 0
[07:59:59] starting run  mysql_basic.1
[07:59:59] mysql_basic: starting nic.controller.management
[07:59:59] mysql_basic: starting nic.controller.provider
[07:59:59] mysql_basic: starting nic.compute1.provider
[07:59:59] mysql_basic: starting nic.compute1.management
[07:59:59] mysql_basic: starting nic.compute2.provider
[07:59:59] mysql_basic: starting nic.compute2.management
[07:59:59] mysql_basic: waiting for sockets nic.controller.management
[07:59:59] mysql_basic: waiting for sockets nic.controller.provider
[07:59:59] mysql_basic: waiting for sockets nic.compute1.provider
[07:59:59] mysql_basic: waiting for sockets nic.compute1.management
[07:59:59] mysql_basic: waiting for sockets nic.compute2.provider
[07:59:59] mysql_basic: waiting for sockets nic.compute2.management
[07:59:59] await_file(/local/yiliangw/cxlsim/out/sim/mysql_basic/1/dev.pci.controller.management)
[07:59:59] await_file(/local/yiliangw/cxlsim/out/sim/mysql_basic/1/nic.eth.controller.management)
[07:59:59] await_file(/local/yiliangw/cxlsim/out/sim/mysql_basic/1/dev.pci.controller.provider)
[07:59:59] await_file(/local/yiliangw/cxlsim/out/sim/mysql_basic/1/nic.eth.controller.provider)
[07:59:59] await_file(/local/yiliangw/cxlsim/out/sim/mysql_basic/1/dev.pci.compute1.provider)
[07:59:59] await_file(/local/yiliangw/cxlsim/out/sim/mysql_basic/1/nic.eth.compute1.provider)
[07:59:59] await_file(/local/yiliangw/cxlsim/out/sim/mysql_basic/1/dev.pci.compute1.management)
[07:59:59] await_file(/local/yiliangw/cxlsim/out/sim/mysql_basic/1/nic.eth.compute1.management)
[07:59:59] await_file(/local/yiliangw/cxlsim/out/sim/mysql_basic/1/dev.pci.compute2.provider)
[07:59:59] await_file(/local/yiliangw/cxlsim/out/sim/mysql_basic/1/nic.eth.compute2.provider)
[07:59:59] await_file(/local/yiliangw/cxlsim/out/sim/mysql_basic/1/dev.pci.compute2.management)
[07:59:59] await_file(/local/yiliangw/cxlsim/out/sim/mysql_basic/1/nic.eth.compute2.management)
[07:59:59] mysql_basic: started nic.compute2.provider
[07:59:59] mysql_basic: started nic.controller.management
[07:59:59] mysql_basic: started nic.controller.provider
[07:59:59] mysql_basic: started nic.compute1.provider
[07:59:59] mysql_basic: started nic.compute1.management
[07:59:59] mysql_basic: started nic.compute2.management
[07:59:59] mysql_basic: starting net.provider
[07:59:59] mysql_basic: starting net.management
[07:59:59] net.provider ERR: ['Switch connecting to: /local/yiliangw/cxlsim/out/sim/mysql_basic/1/nic.eth.controller.provider']
[07:59:59] net.provider ERR: ['Switch connecting to: /local/yiliangw/cxlsim/out/sim/mysql_basic/1/nic.eth.compute1.provider']
[07:59:59] net.provider ERR: ['Switch connecting to: /local/yiliangw/cxlsim/out/sim/mysql_basic/1/nic.eth.compute2.provider']
[07:59:59] net.management ERR: ['Switch connecting to: /local/yiliangw/cxlsim/out/sim/mysql_basic/1/nic.eth.controller.management']
[07:59:59] net.management ERR: ['Switch connecting to: /local/yiliangw/cxlsim/out/sim/mysql_basic/1/nic.eth.compute1.management']
[07:59:59] net.management ERR: ['Switch connecting to: /local/yiliangw/cxlsim/out/sim/mysql_basic/1/nic.eth.compute2.management']
[08:00:05] mysql_basic: started net.provider
[08:00:05] mysql_basic: started net.management
[08:00:05] mysql_basic: starting host.controller
[08:00:05] mysql_basic: starting host.compute1
[08:00:05] mysql_basic: starting host.compute2
[08:00:05] host.compute1 ERR: ['warn: Physical memory size specified is 8292MB which is greater than 3GB.  Twice the number of memory controllers would be created.']
[08:00:05] host.compute2 ERR: ['warn: Physical memory size specified is 8192MB which is greater than 3GB.  Twice the number of memory controllers would be created.']
[08:00:05] host.compute1 OUT: ['Global frequency set at 1000000000000 ticks per second']
[08:00:05] host.controller ERR: ['warn: Physical memory size specified is 8192MB which is greater than 3GB.  Twice the number of memory controllers would be created.']
[08:00:05] host.compute2 OUT: ['Global frequency set at 1000000000000 ticks per second']
[08:00:05] host.controller OUT: ['Global frequency set at 1000000000000 ticks per second']
[08:00:05] host.compute1 ERR: ['warn: No dot file generated. Please install pydot to generate the dot file and pdf.']
[08:00:05] host.compute1 ERR: ['src/mem/dram_interface.cc:690: warn: DRAM device capacity (32768 Mbytes) does not match the address range assigned (4096 Mbytes)']
[08:00:05] host.compute1 ERR: ['src/mem/dram_interface.cc:690: warn: DRAM device capacity (32768 Mbytes) does not match the address range assigned (8192 Mbytes)']
[08:00:05] host.compute2 ERR: ['warn: No dot file generated. Please install pydot to generate the dot file and pdf.']
[08:00:05] host.compute2 ERR: ['src/mem/dram_interface.cc:690: warn: DRAM device capacity (32768 Mbytes) does not match the address range assigned (4096 Mbytes)']
[08:00:05] host.compute2 ERR: ['src/mem/dram_interface.cc:690: warn: DRAM device capacity (32768 Mbytes) does not match the address range assigned (8192 Mbytes)']
[08:00:05] host.controller ERR: ['warn: No dot file generated. Please install pydot to generate the dot file and pdf.']
[08:00:05] host.controller ERR: ['src/mem/dram_interface.cc:690: warn: DRAM device capacity (32768 Mbytes) does not match the address range assigned (4096 Mbytes)']
[08:00:05] host.controller ERR: ['src/mem/dram_interface.cc:690: warn: DRAM device capacity (32768 Mbytes) does not match the address range assigned (8192 Mbytes)']
[08:00:05] host.compute1 ERR: ['src/sim/kernel_workload.cc:46: info: kernel located at: /local/yiliangw/cxlsim/out/images/ubuntu/vmlinux']
[08:00:05] host.compute2 ERR: ['src/sim/kernel_workload.cc:46: info: kernel located at: /local/yiliangw/cxlsim/out/images/ubuntu/vmlinux']
[08:00:05] host.controller ERR: ['src/sim/kernel_workload.cc:46: info: kernel located at: /local/yiliangw/cxlsim/out/images/ubuntu/vmlinux']
[08:00:06] host.compute1 ERR: ['src/base/statistics.hh:279: warn: One of the stats is a legacy stat. Legacy stat is a stat that does not belong to any statistics::Group. Legacy stat is deprecated.']
[08:00:06] host.compute1 ERR: ['system.pc.com_1.device: Listening for connections on port 10221']
[08:00:06] host.compute1 ERR: ['system.remote_gdb: Listening for connections on port 7003']
[08:00:06] host.compute1 ERR: ['src/mem/coherent_xbar.cc:140: warn: CoherentXBar system.membus has no snooping ports attached!']
[08:00:06] host.compute1 ERR: ['src/dev/intel_8254_timer.cc:128: warn: Reading current count from inactive timer.']
[08:00:06] nic.compute1.management ERR: ['mac_addr=11011005452']
[08:00:06] nic.compute1.management ERR: ['sync_pci=0 sync_eth=0']
[08:00:06] nic.compute1.provider ERR: ['mac_addr=11111005452']
[08:00:06] nic.compute1.provider ERR: ['sync_pci=0 sync_eth=0']
[08:00:06] host.controller ERR: ['src/base/statistics.hh:279: warn: One of the stats is a legacy stat. Legacy stat is a stat that does not belong to any statistics::Group. Legacy stat is deprecated.']
[08:00:06] host.controller ERR: ['system.pc.com_1.device: Listening for connections on port 10220']
[08:00:06] host.controller ERR: ['system.remote_gdb: Listening for connections on port 7004']
[08:00:06] host.controller ERR: ['src/mem/coherent_xbar.cc:140: warn: CoherentXBar system.membus has no snooping ports attached!']
[08:00:06] host.controller ERR: ['src/dev/intel_8254_timer.cc:128: warn: Reading current count from inactive timer.']
[08:00:06] nic.controller.management ERR: ['mac_addr=1011005452']
[08:00:06] nic.controller.management ERR: ['sync_pci=0 sync_eth=0']
[08:00:06] nic.controller.provider ERR: ['mac_addr=1111005452']
[08:00:06] nic.controller.provider ERR: ['sync_pci=0 sync_eth=0']
[08:00:06] host.compute2 ERR: ['src/base/statistics.hh:279: warn: One of the stats is a legacy stat. Legacy stat is a stat that does not belong to any statistics::Group. Legacy stat is deprecated.']
[08:00:06] host.compute2 ERR: ['system.pc.com_1.device: Listening for connections on port 10222']
[08:00:06] host.compute2 ERR: ['system.remote_gdb: Listening for connections on port 7005']
[08:00:06] host.compute2 ERR: ['src/mem/coherent_xbar.cc:140: warn: CoherentXBar system.membus has no snooping ports attached!']
[08:00:06] host.compute2 ERR: ['src/dev/intel_8254_timer.cc:128: warn: Reading current count from inactive timer.']
[08:00:06] nic.compute2.management ERR: ['mac_addr=21011005452']
[08:00:06] nic.compute2.management ERR: ['sync_pci=0 sync_eth=0']
[08:00:06] nic.compute2.provider ERR: ['mac_addr=21111005452']
[08:00:06] nic.compute2.provider ERR: ['sync_pci=0 sync_eth=0']
[08:00:07] host.compute1 ERR: ['src/cpu/kvm/base.cc:170: info: KVM: Coalesced MMIO disabled by config.']
[08:00:07] host.compute1 OUT: ['gem5 Simulator System.  https://www.gem5.org']
[08:00:07] host.compute1 OUT: ['gem5 is copyrighted software; use the --copyright option for details.']
[08:00:07] host.compute1 OUT: ['']
[08:00:07] host.compute1 OUT: ['gem5 version 24.0.0.1']
[08:00:07] host.compute1 OUT: ['gem5 compiled Jun  9 2025 08:14:19']
[08:00:07] host.compute1 OUT: ['gem5 started Jun 20 2025 08:00:05']
[08:00:07] host.compute1 OUT: ['gem5 executing on nsl-node3, pid 2923728']
[08:00:07] host.compute1 OUT: ["command line: /local/yiliangw/cxlsim/sim/simbricks/sims/external/gem5/build/X86/gem5.fast --outdir=/local/yiliangw/cxlsim/out/sim/mysql_basic/1/gem5-out.compute1 --listener-mode=on /local/yiliangw/cxlsim/sim/simbricks/sims/external/gem5/configs/simbricks/simbricks_cxl.py --cpu-clock=4GHz --sys-clock=1GHz --checkpoint-dir=/local/yiliangw/cxlsim/out/sim/mysql_basic/0/gem5-cp.compute1 --kernel=/local/yiliangw/cxlsim/out/images/ubuntu/vmlinux --command-line 'earlyprintk=ttyS0 console=ttyS0 no_timer_check memory_corruption_check=0 random.trust_cpu=on net.ifnames=0 raid=noautodetect root=/dev/sda1 simbricks_guest_input=/dev/sdb rw' --disk-image=/local/yiliangw/cxlsim/out/images/ubuntu/disks/mysql/basic/compute1/disk.raw --disk-image=/local/yiliangw/cxlsim/out/sim/mysql_basic/1/cfg.compute1.tar --cpu-type=X86KvmCPU --mem-size=8292MB --cxl-mem-sz=0 --num-cpus=1 --mem-type=DDR4_2400_16x4 --termport 10221 --simbricks-pci=connect:/local/yiliangw/cxlsim/out/sim/mysql_basic/1/dev.pci.compute1.management:latency=1000ns:sync_interval=1000ns --simbricks-pci=connect:/local/yiliangw/cxlsim/out/sim/mysql_basic/1/dev.pci.compute1.provider:latency=1000ns:sync_interval=1000ns"]
[08:00:07] host.compute1 OUT: ['']
[08:00:07] host.compute1 OUT: ['adding simbricks pci: connect:/local/yiliangw/cxlsim/out/sim/mysql_basic/1/dev.pci.compute1.management:latency=1000ns:sync_interval=1000ns']
[08:00:07] host.compute1 OUT: ['adding simbricks pci: connect:/local/yiliangw/cxlsim/out/sim/mysql_basic/1/dev.pci.compute1.provider:latency=1000ns:sync_interval=1000ns']
[08:00:07] host.compute1 OUT: ['connecting 2 pci & eth simbricks adapters']
[08:00:07] host.compute1 OUT: ['connecting 0 mem simbricks adapters']
[08:00:07] host.compute1 OUT: ['**** REAL SIMULATION ****']
[08:00:07] host.compute1 ERR: ['src/sim/simulate.cc:199: info: Entering event queue @ 0.  Starting simulation...']
[08:00:07] host.compute1 ERR: ['src/arch/x86/kvm/x86_cpu.cc:1688: warn: kvm-x86: MSR (0x3a) unsupported by gem5. Skipping.']
[08:00:07] host.compute1 ERR: ['src/arch/x86/kvm/x86_cpu.cc:1688: warn: kvm-x86: MSR (0xd90) unsupported by gem5. Skipping.']
[08:00:07] host.compute1 ERR: ['src/arch/x86/kvm/x86_cpu.cc:1688: warn: kvm-x86: MSR (0x48) unsupported by gem5. Skipping.']
[08:00:07] host.compute1 ERR: ['src/arch/x86/kvm/x86_cpu.cc:1688: warn: kvm-x86: MSR (0x122) unsupported by gem5. Skipping.']
[08:00:07] host.compute1 ERR: ['src/arch/x86/kvm/x86_cpu.cc:1688: warn: kvm-x86: MSR (0x309) unsupported by gem5. Skipping.']
[08:00:07] host.compute1 ERR: ['src/arch/x86/kvm/x86_cpu.cc:1688: warn: kvm-x86: MSR (0x30a) unsupported by gem5. Skipping.']
[08:00:07] host.compute1 ERR: ['src/arch/x86/kvm/x86_cpu.cc:1688: warn: kvm-x86: MSR (0x30b) unsupported by gem5. Skipping.']
[08:00:07] host.compute1 ERR: ['src/arch/x86/kvm/x86_cpu.cc:1688: warn: kvm-x86: MSR (0x38d) unsupported by gem5. Skipping.']
[08:00:07] host.compute1 ERR: ['src/arch/x86/kvm/x86_cpu.cc:1688: warn: kvm-x86: MSR (0x38e) unsupported by gem5. Skipping.']
[08:00:07] host.compute1 ERR: ['src/arch/x86/kvm/x86_cpu.cc:1688: warn: kvm-x86: MSR (0x38f) unsupported by gem5. Skipping.']
[08:00:07] host.compute1 ERR: ['src/arch/x86/kvm/x86_cpu.cc:1688: warn: kvm-x86: MSR (0x390) unsupported by gem5. Skipping.']
[08:00:07] host.compute1 ERR: ['src/arch/x86/kvm/x86_cpu.cc:1688: warn: kvm-x86: MSR (0x3f1) unsupported by gem5. Skipping.']
[08:00:07] host.compute1 ERR: ['src/arch/x86/kvm/x86_cpu.cc:1688: warn: kvm-x86: MSR (0x600) unsupported by gem5. Skipping.']
[08:00:07] host.compute1 ERR: ['src/arch/x86/kvm/x86_cpu.cc:1688: warn: kvm-x86: MSR (0xc1) unsupported by gem5. Skipping.']
[08:00:07] host.compute1 ERR: ['src/arch/x86/kvm/x86_cpu.cc:1688: warn: kvm-x86: MSR (0xc2) unsupported by gem5. Skipping.']
[08:00:07] host.compute1 ERR: ['src/arch/x86/kvm/x86_cpu.cc:1688: warn: kvm-x86: MSR (0xc3) unsupported by gem5. Skipping.']
[08:00:07] host.compute1 ERR: ['src/arch/x86/kvm/x86_cpu.cc:1688: warn: kvm-x86: MSR (0xc4) unsupported by gem5. Skipping.']
[08:00:07] host.compute1 ERR: ['src/arch/x86/kvm/x86_cpu.cc:1688: warn: kvm-x86: MSR (0x186) unsupported by gem5. Skipping.']
[08:00:07] host.compute1 ERR: ['src/arch/x86/kvm/x86_cpu.cc:1688: warn: kvm-x86: MSR (0x187) unsupported by gem5. Skipping.']
[08:00:07] host.compute1 ERR: ['src/arch/x86/kvm/x86_cpu.cc:1688: warn: kvm-x86: MSR (0x188) unsupported by gem5. Skipping.']
[08:00:07] host.compute1 ERR: ['src/arch/x86/kvm/x86_cpu.cc:1688: warn: kvm-x86: MSR (0x189) unsupported by gem5. Skipping.']
[08:00:07] host.compute1 ERR: ['src/arch/x86/kvm/x86_cpu.cc:1688: warn: kvm-x86: MSR (0x12) unsupported by gem5. Skipping.']
[08:00:07] host.compute1 ERR: ['src/arch/x86/kvm/x86_cpu.cc:1688: warn: kvm-x86: MSR (0x11) unsupported by gem5. Skipping.']
[08:00:07] host.compute1 ERR: ['src/arch/x86/kvm/x86_cpu.cc:1688: warn: kvm-x86: MSR (0x4b564d01) unsupported by gem5. Skipping.']
[08:00:07] host.compute1 ERR: ['src/arch/x86/kvm/x86_cpu.cc:1688: warn: kvm-x86: MSR (0x4b564d00) unsupported by gem5. Skipping.']
[08:00:07] host.compute1 ERR: ['src/arch/x86/kvm/x86_cpu.cc:1688: warn: kvm-x86: MSR (0x40000000) unsupported by gem5. Skipping.']
[08:00:07] host.compute1 ERR: ['src/arch/x86/kvm/x86_cpu.cc:1688: warn: kvm-x86: MSR (0x40000001) unsupported by gem5. Skipping.']
[08:00:07] host.compute1 ERR: ['src/arch/x86/kvm/x86_cpu.cc:1688: warn: kvm-x86: MSR (0x40000020) unsupported by gem5. Skipping.']
[08:00:07] host.compute1 ERR: ['src/arch/x86/kvm/x86_cpu.cc:1688: warn: kvm-x86: MSR (0x40000021) unsupported by gem5. Skipping.']
[08:00:07] host.compute1 ERR: ['src/arch/x86/kvm/x86_cpu.cc:1688: warn: kvm-x86: MSR (0x40000022) unsupported by gem5. Skipping.']
[08:00:07] host.compute1 ERR: ['src/arch/x86/kvm/x86_cpu.cc:1688: warn: kvm-x86: MSR (0x40000023) unsupported by gem5. Skipping.']
[08:00:07] host.compute1 ERR: ['src/arch/x86/kvm/x86_cpu.cc:1688: warn: kvm-x86: MSR (0x40000100) unsupported by gem5. Skipping.']
[08:00:07] host.compute1 ERR: ['src/arch/x86/kvm/x86_cpu.cc:1688: warn: kvm-x86: MSR (0x40000101) unsupported by gem5. Skipping.']
[08:00:07] host.compute1 ERR: ['src/arch/x86/kvm/x86_cpu.cc:1688: warn: kvm-x86: MSR (0x40000102) unsupported by gem5. Skipping.']
[08:00:07] host.compute1 ERR: ['src/arch/x86/kvm/x86_cpu.cc:1688: warn: kvm-x86: MSR (0x40000103) unsupported by gem5. Skipping.']
[08:00:07] host.compute1 ERR: ['src/arch/x86/kvm/x86_cpu.cc:1688: warn: kvm-x86: MSR (0x40000104) unsupported by gem5. Skipping.']
[08:00:07] host.compute1 ERR: ['src/arch/x86/kvm/x86_cpu.cc:1688: warn: kvm-x86: MSR (0x40000105) unsupported by gem5. Skipping.']
[08:00:07] host.compute1 ERR: ['src/arch/x86/kvm/x86_cpu.cc:1688: warn: kvm-x86: MSR (0x40000003) unsupported by gem5. Skipping.']
[08:00:07] host.compute1 ERR: ['src/arch/x86/kvm/x86_cpu.cc:1688: warn: kvm-x86: MSR (0x40000002) unsupported by gem5. Skipping.']
[08:00:07] host.compute1 ERR: ['src/arch/x86/kvm/x86_cpu.cc:1688: warn: kvm-x86: MSR (0x40000010) unsupported by gem5. Skipping.']
[08:00:07] host.compute1 ERR: ['src/arch/x86/kvm/x86_cpu.cc:1688: warn: kvm-x86: MSR (0x40000080) unsupported by gem5. Skipping.']
[08:00:07] host.compute1 ERR: ['src/arch/x86/kvm/x86_cpu.cc:1688: warn: kvm-x86: MSR (0x400000b0) unsupported by gem5. Skipping.']
[08:00:07] host.compute1 ERR: ['src/arch/x86/kvm/x86_cpu.cc:1688: warn: kvm-x86: MSR (0x40000073) unsupported by gem5. Skipping.']
[08:00:07] host.compute1 ERR: ['src/arch/x86/kvm/x86_cpu.cc:1688: warn: kvm-x86: MSR (0x40000106) unsupported by gem5. Skipping.']
[08:00:07] host.compute1 ERR: ['src/arch/x86/kvm/x86_cpu.cc:1688: warn: kvm-x86: MSR (0x40000107) unsupported by gem5. Skipping.']
[08:00:07] host.compute1 ERR: ['src/arch/x86/kvm/x86_cpu.cc:1688: warn: kvm-x86: MSR (0x40000108) unsupported by gem5. Skipping.']
[08:00:07] host.compute1 ERR: ['src/arch/x86/kvm/x86_cpu.cc:1688: warn: kvm-x86: MSR (0x40000118) unsupported by gem5. Skipping.']
[08:00:07] host.compute1 ERR: ['src/arch/x86/kvm/x86_cpu.cc:1688: warn: kvm-x86: MSR (0x400000ff) unsupported by gem5. Skipping.']
[08:00:07] host.compute1 ERR: ['src/arch/x86/kvm/x86_cpu.cc:1688: warn: kvm-x86: MSR (0x400000f1) unsupported by gem5. Skipping.']
[08:00:07] host.compute1 ERR: ['src/arch/x86/kvm/x86_cpu.cc:1688: warn: kvm-x86: MSR (0x400000f2) unsupported by gem5. Skipping.']
[08:00:07] host.compute1 ERR: ['src/arch/x86/kvm/x86_cpu.cc:1688: warn: kvm-x86: MSR (0x400000f3) unsupported by gem5. Skipping.']
[08:00:07] host.compute1 ERR: ['src/arch/x86/kvm/x86_cpu.cc:1688: warn: kvm-x86: MSR (0x400000f4) unsupported by gem5. Skipping.']
[08:00:07] host.compute1 ERR: ['src/arch/x86/kvm/x86_cpu.cc:1688: warn: kvm-x86: MSR (0x400000f5) unsupported by gem5. Skipping.']
[08:00:07] host.compute1 ERR: ['src/arch/x86/kvm/x86_cpu.cc:1688: warn: kvm-x86: MSR (0x4b564d02) unsupported by gem5. Skipping.']
[08:00:07] host.compute1 ERR: ['src/arch/x86/kvm/x86_cpu.cc:1688: warn: kvm-x86: MSR (0x4b564d03) unsupported by gem5. Skipping.']
[08:00:07] host.compute1 ERR: ['src/arch/x86/kvm/x86_cpu.cc:1688: warn: kvm-x86: MSR (0x4b564d04) unsupported by gem5. Skipping.']
[08:00:07] host.compute1 ERR: ['src/arch/x86/kvm/x86_cpu.cc:1688: warn: kvm-x86: MSR (0x4b564d06) unsupported by gem5. Skipping.']
[08:00:07] host.compute1 ERR: ['src/arch/x86/kvm/x86_cpu.cc:1688: warn: kvm-x86: MSR (0x4b564d07) unsupported by gem5. Skipping.']
[08:00:07] host.compute1 ERR: ['src/arch/x86/kvm/x86_cpu.cc:1688: warn: kvm-x86: MSR (0x3b) unsupported by gem5. Skipping.']
[08:00:07] host.compute1 ERR: ['src/arch/x86/kvm/x86_cpu.cc:1688: warn: kvm-x86: MSR (0x6e0) unsupported by gem5. Skipping.']
[08:00:07] host.compute1 ERR: ['src/arch/x86/kvm/x86_cpu.cc:1688: warn: kvm-x86: MSR (0x10a) unsupported by gem5. Skipping.']
[08:00:07] host.compute1 ERR: ['src/arch/x86/kvm/x86_cpu.cc:1688: warn: kvm-x86: MSR (0x345) unsupported by gem5. Skipping.']
[08:00:07] host.compute1 ERR: ['src/arch/x86/kvm/x86_cpu.cc:1688: warn: kvm-x86: MSR (0x1a0) unsupported by gem5. Skipping.']
[08:00:07] host.compute1 ERR: ['src/arch/x86/kvm/x86_cpu.cc:1688: warn: kvm-x86: MSR (0x4d0) unsupported by gem5. Skipping.']
[08:00:07] host.compute1 ERR: ['src/arch/x86/kvm/x86_cpu.cc:1688: warn: kvm-x86: MSR (0x9e) unsupported by gem5. Skipping.']
[08:00:07] host.compute1 ERR: ['src/arch/x86/kvm/x86_cpu.cc:1688: warn: kvm-x86: MSR (0x34) unsupported by gem5. Skipping.']
[08:00:07] host.compute1 ERR: ['src/arch/x86/kvm/x86_cpu.cc:1688: warn: kvm-x86: MSR (0xce) unsupported by gem5. Skipping.']
[08:00:07] host.compute1 ERR: ['src/arch/x86/kvm/x86_cpu.cc:1688: warn: kvm-x86: MSR (0x140) unsupported by gem5. Skipping.']
[08:00:07] host.compute1 ERR: ['src/arch/x86/kvm/x86_cpu.cc:1688: warn: kvm-x86: MSR (0x1fc) unsupported by gem5. Skipping.']
[08:00:07] host.compute1 ERR: ['src/arch/x86/kvm/x86_cpu.cc:1688: warn: kvm-x86: MSR (0x8b) unsupported by gem5. Skipping.']
[08:00:07] host.compute1 ERR: ['src/arch/x86/kvm/x86_cpu.cc:1688: warn: kvm-x86: MSR (0x480) unsupported by gem5. Skipping.']
[08:00:07] host.compute1 ERR: ['src/arch/x86/kvm/x86_cpu.cc:1688: warn: kvm-x86: MSR (0x48d) unsupported by gem5. Skipping.']
[08:00:07] host.compute1 ERR: ['src/arch/x86/kvm/x86_cpu.cc:1688: warn: kvm-x86: MSR (0x48e) unsupported by gem5. Skipping.']
[08:00:07] host.compute1 ERR: ['src/arch/x86/kvm/x86_cpu.cc:1688: warn: kvm-x86: MSR (0x48f) unsupported by gem5. Skipping.']
[08:00:07] host.compute1 ERR: ['src/arch/x86/kvm/x86_cpu.cc:1688: warn: kvm-x86: MSR (0x490) unsupported by gem5. Skipping.']
[08:00:07] host.compute1 ERR: ['src/arch/x86/kvm/x86_cpu.cc:1688: warn: kvm-x86: MSR (0x485) unsupported by gem5. Skipping.']
[08:00:07] host.compute1 ERR: ['src/arch/x86/kvm/x86_cpu.cc:1688: warn: kvm-x86: MSR (0x486) unsupported by gem5. Skipping.']
[08:00:07] host.compute1 ERR: ['src/arch/x86/kvm/x86_cpu.cc:1688: warn: kvm-x86: MSR (0x488) unsupported by gem5. Skipping.']
[08:00:07] host.compute1 ERR: ['src/arch/x86/kvm/x86_cpu.cc:1688: warn: kvm-x86: MSR (0x48a) unsupported by gem5. Skipping.']
[08:00:07] host.compute1 ERR: ['src/arch/x86/kvm/x86_cpu.cc:1688: warn: kvm-x86: MSR (0x48b) unsupported by gem5. Skipping.']
[08:00:07] host.compute1 ERR: ['src/arch/x86/kvm/x86_cpu.cc:1688: warn: kvm-x86: MSR (0x48c) unsupported by gem5. Skipping.']
[08:00:07] host.compute1 ERR: ['src/arch/x86/kvm/x86_cpu.cc:1688: warn: kvm-x86: MSR (0x491) unsupported by gem5. Skipping.']
[08:00:07] host.compute1 ERR: ['src/arch/x86/kvm/x86_cpu.cc:1688: warn: kvm-x86: MSR (0xc0010015) unsupported by gem5. Skipping.']
[08:00:07] host.compute1 ERR: ['src/arch/x86/kvm/x86_cpu.cc:1688: warn: kvm-x86: MSR (0x4b564d05) unsupported by gem5. Skipping.']
[08:00:07] host.compute1 OUT: ['[    0.000000] Linux version 6.10.0 (root@ubuntu) (gcc (Ubuntu 13.3.0-6ubuntu2~24.04) 13.3.0, GNU ld (GNU Binutils for Ubuntu) 2.42) #1 SMP PREEMPT_DYNAMIC Fri Jun 20 03:03:12 UTC 2025\r']
[08:00:07] host.compute1 OUT: ['[    0.000000] Command line: earlyprintk=ttyS0 console=ttyS0 no_timer_check memory_corruption_check=0 random.trust_cpu=on net.ifnames=0 raid=noautodetect root=/dev/sda1 simbricks_guest_input=/dev/sdb rw\r']
[08:00:07] host.compute1 OUT: ['[    0.000000] KERNEL supported cpus:\r']
[08:00:07] host.compute1 OUT: ['[    0.000000]   Intel GenuineIntel\r']
[08:00:07] host.compute1 OUT: ['[    0.000000]   AMD AuthenticAMD\r']
[08:00:07] host.compute1 OUT: ['[    0.000000]   Hygon HygonGenuine\r']
[08:00:07] host.compute1 OUT: ['[    0.000000]   Centaur CentaurHauls\r']
[08:00:07] host.compute1 OUT: ['[    0.000000]   zhaoxin   Shanghai  \r']
[08:00:07] host.compute1 OUT: ['[    0.000000] BIOS-provided physical RAM map:\r']
[08:00:07] host.compute1 OUT: ['[    0.000000] BIOS-e820: [mem 0x0000000000000000-0x000000000009fbff] usable\r']
[08:00:07] host.compute1 OUT: ['[    0.000000] BIOS-e820: [mem 0x000000000009fc00-0x00000000000fffff] reserved\r']
[08:00:07] host.compute1 OUT: ['[    0.000000] BIOS-e820: [mem 0x0000000000100000-0x00000000bfffffff] usable\r']
[08:00:07] host.compute1 OUT: ['[    0.000000] BIOS-e820: [mem 0x00000000ffff0000-0x00000000ffffffff] reserved\r']
[08:00:07] host.compute1 OUT: ['[    0.000000] BIOS-e820: [mem 0x0000000100000000-0x00000002463fffff] usable\r']
[08:00:07] host.compute1 OUT: ['[    0.000000] printk: legacy bootconsole [earlyser0] enabled\r']
[08:00:07] host.compute1 OUT: ['[    0.000000] NX (Execute Disable) protection: active\r']
[08:00:07] host.compute1 OUT: ['[    0.000000] APIC: Static calls initialized\r']
[08:00:07] host.compute1 OUT: ['[    0.000000] SMBIOS 2.5 present.\r']
[08:00:07] host.compute1 OUT: ['[    0.000000] DMI:  , BIOS  06/08/2008\r']
[08:00:07] host.compute1 OUT: ['[    0.000000] DMI: Memory slots populated: 0/0\r']
[08:00:07] host.compute1 OUT: ['[    0.000000] last_pfn = 0x246400 max_arch_pfn = 0x400000000\r']
[08:00:07] host.compute1 OUT: ['[    0.000000] MTRRs disabled by BIOS\r']
[08:00:07] host.compute1 OUT: ['[    0.000000] x86/PAT: Configuration [0-7]: WB  WC  UC- UC  WB  WP  UC- WT  \r']
[08:00:07] host.compute1 OUT: ['[    0.000000] last_pfn = 0xc0000 max_arch_pfn = 0x400000000\r']
[08:00:07] host.compute1 OUT: ['[    0.000000] found SMP MP-table at [mem 0x000f0050-0x000f005f]\r']
[08:00:07] host.compute1 OUT: ['[    0.000000] ACPI: Early table checksum verification disabled\r']
[08:00:07] host.compute1 OUT: ['[    0.000000] ACPI: RSDP 0x00000000000F01C0 000024 (v02       )\r']
[08:00:07] host.compute1 OUT: ['[    0.000000] ACPI: XSDT 0x00000000000F0208 000024 (v01                 00000000      00000000)\r']
[08:00:07] host.compute1 OUT: ['[    0.000000] ACPI BIOS Error (bug): Invalid table length 0x24 in RSDT/XSDT (20240322/tbutils-285)\r']
[08:00:07] host.compute1 OUT: ['[    0.000000] Intel MultiProcessor Specification v1.4\r']
[08:00:07] host.compute1 OUT: ['[    0.000000] MPTABLE: OEM ID: \r']
[08:00:07] host.compute1 OUT: ['[    0.000000] MPTABLE: Product ID: \r']
[08:00:07] host.compute1 OUT: ['[    0.000000] MPTABLE: APIC at: 0xFEE00000\r']
[08:00:07] host.compute1 OUT: ['[    0.000000] No NUMA configuration found\r']
[08:00:07] host.compute1 OUT: ['[    0.000000] Faking a node at [mem 0x0000000000000000-0x00000002463fffff]\r']
[08:00:07] host.compute1 OUT: ['[    0.000000] NODE_DATA(0) allocated [mem 0x2463d3000-0x2463fdfff]\r']
[08:00:07] host.compute1 OUT: ['[    0.000000] Zone ranges:\r']
[08:00:07] host.compute1 OUT: ['[    0.000000]   DMA      [mem 0x0000000000001000-0x0000000000ffffff]\r']
[08:00:07] host.compute1 OUT: ['[    0.000000]   DMA32    [mem 0x0000000001000000-0x00000000ffffffff]\r']
[08:00:07] host.compute1 OUT: ['[    0.000000]   Normal   [mem 0x0000000100000000-0x00000002463fffff]\r']
[08:00:07] host.compute1 OUT: ['[    0.000000]   Device   empty\r']
[08:00:07] host.compute1 OUT: ['[    0.000000] Movable zone start for each node\r']
[08:00:07] host.compute1 OUT: ['[    0.000000] Early memory node ranges\r']
[08:00:07] host.compute1 OUT: ['[    0.000000]   node   0: [mem 0x0000000000001000-0x000000000009efff]\r']
[08:00:07] host.compute1 OUT: ['[    0.000000]   node   0: [mem 0x0000000000100000-0x00000000bfffffff]\r']
[08:00:07] host.compute1 OUT: ['[    0.000000]   node   0: [mem 0x0000000100000000-0x00000002463fffff]\r']
[08:00:07] host.compute1 OUT: ['[    0.000000] Initmem setup node 0 [mem 0x0000000000001000-0x00000002463fffff]\r']
[08:00:07] host.compute1 OUT: ['[    0.000000] On node 0, zone DMA: 1 pages in unavailable ranges\r']
[08:00:07] host.compute1 OUT: ['[    0.000000] On node 0, zone DMA: 97 pages in unavailable ranges\r']
[08:00:07] host.controller ERR: ['src/cpu/kvm/base.cc:170: info: KVM: Coalesced MMIO disabled by config.']
[08:00:07] host.controller OUT: ['gem5 Simulator System.  https://www.gem5.org']
[08:00:07] host.controller OUT: ['gem5 is copyrighted software; use the --copyright option for details.']
[08:00:07] host.controller OUT: ['']
[08:00:07] host.controller OUT: ['gem5 version 24.0.0.1']
[08:00:07] host.controller OUT: ['gem5 compiled Jun  9 2025 08:14:19']
[08:00:07] host.controller OUT: ['gem5 started Jun 20 2025 08:00:05']
[08:00:07] host.controller OUT: ['gem5 executing on nsl-node3, pid 2923726']
[08:00:07] host.controller OUT: ["command line: /local/yiliangw/cxlsim/sim/simbricks/sims/external/gem5/build/X86/gem5.fast --outdir=/local/yiliangw/cxlsim/out/sim/mysql_basic/1/gem5-out.controller --listener-mode=on /local/yiliangw/cxlsim/sim/simbricks/sims/external/gem5/configs/simbricks/simbricks_cxl.py --cpu-clock=4GHz --sys-clock=1GHz --checkpoint-dir=/local/yiliangw/cxlsim/out/sim/mysql_basic/0/gem5-cp.controller --kernel=/local/yiliangw/cxlsim/out/images/ubuntu/vmlinux --command-line 'earlyprintk=ttyS0 console=ttyS0 no_timer_check memory_corruption_check=0 random.trust_cpu=on net.ifnames=0 raid=noautodetect root=/dev/sda1 simbricks_guest_input=/dev/sdb rw' --disk-image=/local/yiliangw/cxlsim/out/images/ubuntu/disks/mysql/basic/controller/disk.raw --disk-image=/local/yiliangw/cxlsim/out/sim/mysql_basic/1/cfg.controller.tar --cpu-type=X86KvmCPU --mem-size=8192MB --cxl-mem-sz=0 --num-cpus=1 --mem-type=DDR4_2400_16x4 --termport 10220 --simbricks-pci=connect:/local/yiliangw/cxlsim/out/sim/mysql_basic/1/dev.pci.controller.management:latency=1000ns:sync_interval=1000ns --simbricks-pci=connect:/local/yiliangw/cxlsim/out/sim/mysql_basic/1/dev.pci.controller.provider:latency=1000ns:sync_interval=1000ns"]
[08:00:07] host.controller OUT: ['']
[08:00:07] host.controller OUT: ['adding simbricks pci: connect:/local/yiliangw/cxlsim/out/sim/mysql_basic/1/dev.pci.controller.management:latency=1000ns:sync_interval=1000ns']
[08:00:07] host.controller OUT: ['adding simbricks pci: connect:/local/yiliangw/cxlsim/out/sim/mysql_basic/1/dev.pci.controller.provider:latency=1000ns:sync_interval=1000ns']
[08:00:07] host.controller OUT: ['connecting 2 pci & eth simbricks adapters']
[08:00:07] host.controller OUT: ['connecting 0 mem simbricks adapters']
[08:00:07] host.controller OUT: ['**** REAL SIMULATION ****']
[08:00:07] host.controller ERR: ['src/sim/simulate.cc:199: info: Entering event queue @ 0.  Starting simulation...']
[08:00:07] host.controller ERR: ['src/arch/x86/kvm/x86_cpu.cc:1688: warn: kvm-x86: MSR (0x3a) unsupported by gem5. Skipping.']
[08:00:07] host.controller ERR: ['src/arch/x86/kvm/x86_cpu.cc:1688: warn: kvm-x86: MSR (0xd90) unsupported by gem5. Skipping.']
[08:00:07] host.controller ERR: ['src/arch/x86/kvm/x86_cpu.cc:1688: warn: kvm-x86: MSR (0x48) unsupported by gem5. Skipping.']
[08:00:07] host.controller ERR: ['src/arch/x86/kvm/x86_cpu.cc:1688: warn: kvm-x86: MSR (0x122) unsupported by gem5. Skipping.']
[08:00:07] host.controller ERR: ['src/arch/x86/kvm/x86_cpu.cc:1688: warn: kvm-x86: MSR (0x309) unsupported by gem5. Skipping.']
[08:00:07] host.controller ERR: ['src/arch/x86/kvm/x86_cpu.cc:1688: warn: kvm-x86: MSR (0x30a) unsupported by gem5. Skipping.']
[08:00:07] host.controller ERR: ['src/arch/x86/kvm/x86_cpu.cc:1688: warn: kvm-x86: MSR (0x30b) unsupported by gem5. Skipping.']
[08:00:07] host.controller ERR: ['src/arch/x86/kvm/x86_cpu.cc:1688: warn: kvm-x86: MSR (0x38d) unsupported by gem5. Skipping.']
[08:00:07] host.controller ERR: ['src/arch/x86/kvm/x86_cpu.cc:1688: warn: kvm-x86: MSR (0x38e) unsupported by gem5. Skipping.']
[08:00:07] host.controller ERR: ['src/arch/x86/kvm/x86_cpu.cc:1688: warn: kvm-x86: MSR (0x38f) unsupported by gem5. Skipping.']
[08:00:07] host.controller ERR: ['src/arch/x86/kvm/x86_cpu.cc:1688: warn: kvm-x86: MSR (0x390) unsupported by gem5. Skipping.']
[08:00:07] host.controller ERR: ['src/arch/x86/kvm/x86_cpu.cc:1688: warn: kvm-x86: MSR (0x3f1) unsupported by gem5. Skipping.']
[08:00:07] host.controller ERR: ['src/arch/x86/kvm/x86_cpu.cc:1688: warn: kvm-x86: MSR (0x600) unsupported by gem5. Skipping.']
[08:00:07] host.controller ERR: ['src/arch/x86/kvm/x86_cpu.cc:1688: warn: kvm-x86: MSR (0xc1) unsupported by gem5. Skipping.']
[08:00:07] host.controller ERR: ['src/arch/x86/kvm/x86_cpu.cc:1688: warn: kvm-x86: MSR (0xc2) unsupported by gem5. Skipping.']
[08:00:07] host.controller ERR: ['src/arch/x86/kvm/x86_cpu.cc:1688: warn: kvm-x86: MSR (0xc3) unsupported by gem5. Skipping.']
[08:00:07] host.controller ERR: ['src/arch/x86/kvm/x86_cpu.cc:1688: warn: kvm-x86: MSR (0xc4) unsupported by gem5. Skipping.']
[08:00:07] host.controller ERR: ['src/arch/x86/kvm/x86_cpu.cc:1688: warn: kvm-x86: MSR (0x186) unsupported by gem5. Skipping.']
[08:00:07] host.controller ERR: ['src/arch/x86/kvm/x86_cpu.cc:1688: warn: kvm-x86: MSR (0x187) unsupported by gem5. Skipping.']
[08:00:07] host.controller ERR: ['src/arch/x86/kvm/x86_cpu.cc:1688: warn: kvm-x86: MSR (0x188) unsupported by gem5. Skipping.']
[08:00:07] host.controller ERR: ['src/arch/x86/kvm/x86_cpu.cc:1688: warn: kvm-x86: MSR (0x189) unsupported by gem5. Skipping.']
[08:00:07] host.controller ERR: ['src/arch/x86/kvm/x86_cpu.cc:1688: warn: kvm-x86: MSR (0x12) unsupported by gem5. Skipping.']
[08:00:07] host.controller ERR: ['src/arch/x86/kvm/x86_cpu.cc:1688: warn: kvm-x86: MSR (0x11) unsupported by gem5. Skipping.']
[08:00:07] host.controller ERR: ['src/arch/x86/kvm/x86_cpu.cc:1688: warn: kvm-x86: MSR (0x4b564d01) unsupported by gem5. Skipping.']
[08:00:07] host.controller ERR: ['src/arch/x86/kvm/x86_cpu.cc:1688: warn: kvm-x86: MSR (0x4b564d00) unsupported by gem5. Skipping.']
[08:00:07] host.controller ERR: ['src/arch/x86/kvm/x86_cpu.cc:1688: warn: kvm-x86: MSR (0x40000000) unsupported by gem5. Skipping.']
[08:00:07] host.controller ERR: ['src/arch/x86/kvm/x86_cpu.cc:1688: warn: kvm-x86: MSR (0x40000001) unsupported by gem5. Skipping.']
[08:00:07] host.controller ERR: ['src/arch/x86/kvm/x86_cpu.cc:1688: warn: kvm-x86: MSR (0x40000020) unsupported by gem5. Skipping.']
[08:00:07] host.controller ERR: ['src/arch/x86/kvm/x86_cpu.cc:1688: warn: kvm-x86: MSR (0x40000021) unsupported by gem5. Skipping.']
[08:00:07] host.controller ERR: ['src/arch/x86/kvm/x86_cpu.cc:1688: warn: kvm-x86: MSR (0x40000022) unsupported by gem5. Skipping.']
[08:00:07] host.controller ERR: ['src/arch/x86/kvm/x86_cpu.cc:1688: warn: kvm-x86: MSR (0x40000023) unsupported by gem5. Skipping.']
[08:00:07] host.controller ERR: ['src/arch/x86/kvm/x86_cpu.cc:1688: warn: kvm-x86: MSR (0x40000100) unsupported by gem5. Skipping.']
[08:00:07] host.controller ERR: ['src/arch/x86/kvm/x86_cpu.cc:1688: warn: kvm-x86: MSR (0x40000101) unsupported by gem5. Skipping.']
[08:00:07] host.controller ERR: ['src/arch/x86/kvm/x86_cpu.cc:1688: warn: kvm-x86: MSR (0x40000102) unsupported by gem5. Skipping.']
[08:00:07] host.controller ERR: ['src/arch/x86/kvm/x86_cpu.cc:1688: warn: kvm-x86: MSR (0x40000103) unsupported by gem5. Skipping.']
[08:00:07] host.controller ERR: ['src/arch/x86/kvm/x86_cpu.cc:1688: warn: kvm-x86: MSR (0x40000104) unsupported by gem5. Skipping.']
[08:00:07] host.controller ERR: ['src/arch/x86/kvm/x86_cpu.cc:1688: warn: kvm-x86: MSR (0x40000105) unsupported by gem5. Skipping.']
[08:00:07] host.controller ERR: ['src/arch/x86/kvm/x86_cpu.cc:1688: warn: kvm-x86: MSR (0x40000003) unsupported by gem5. Skipping.']
[08:00:07] host.controller ERR: ['src/arch/x86/kvm/x86_cpu.cc:1688: warn: kvm-x86: MSR (0x40000002) unsupported by gem5. Skipping.']
[08:00:07] host.controller ERR: ['src/arch/x86/kvm/x86_cpu.cc:1688: warn: kvm-x86: MSR (0x40000010) unsupported by gem5. Skipping.']
[08:00:07] host.controller ERR: ['src/arch/x86/kvm/x86_cpu.cc:1688: warn: kvm-x86: MSR (0x40000080) unsupported by gem5. Skipping.']
[08:00:07] host.controller ERR: ['src/arch/x86/kvm/x86_cpu.cc:1688: warn: kvm-x86: MSR (0x400000b0) unsupported by gem5. Skipping.']
[08:00:07] host.controller ERR: ['src/arch/x86/kvm/x86_cpu.cc:1688: warn: kvm-x86: MSR (0x40000073) unsupported by gem5. Skipping.']
[08:00:07] host.controller ERR: ['src/arch/x86/kvm/x86_cpu.cc:1688: warn: kvm-x86: MSR (0x40000106) unsupported by gem5. Skipping.']
[08:00:07] host.controller ERR: ['src/arch/x86/kvm/x86_cpu.cc:1688: warn: kvm-x86: MSR (0x40000107) unsupported by gem5. Skipping.']
[08:00:07] host.controller ERR: ['src/arch/x86/kvm/x86_cpu.cc:1688: warn: kvm-x86: MSR (0x40000108) unsupported by gem5. Skipping.']
[08:00:07] host.controller ERR: ['src/arch/x86/kvm/x86_cpu.cc:1688: warn: kvm-x86: MSR (0x40000118) unsupported by gem5. Skipping.']
[08:00:07] host.controller ERR: ['src/arch/x86/kvm/x86_cpu.cc:1688: warn: kvm-x86: MSR (0x400000ff) unsupported by gem5. Skipping.']
[08:00:07] host.controller ERR: ['src/arch/x86/kvm/x86_cpu.cc:1688: warn: kvm-x86: MSR (0x400000f1) unsupported by gem5. Skipping.']
[08:00:07] host.controller ERR: ['src/arch/x86/kvm/x86_cpu.cc:1688: warn: kvm-x86: MSR (0x400000f2) unsupported by gem5. Skipping.']
[08:00:07] host.controller ERR: ['src/arch/x86/kvm/x86_cpu.cc:1688: warn: kvm-x86: MSR (0x400000f3) unsupported by gem5. Skipping.']
[08:00:07] host.controller ERR: ['src/arch/x86/kvm/x86_cpu.cc:1688: warn: kvm-x86: MSR (0x400000f4) unsupported by gem5. Skipping.']
[08:00:07] host.controller ERR: ['src/arch/x86/kvm/x86_cpu.cc:1688: warn: kvm-x86: MSR (0x400000f5) unsupported by gem5. Skipping.']
[08:00:07] host.controller ERR: ['src/arch/x86/kvm/x86_cpu.cc:1688: warn: kvm-x86: MSR (0x4b564d02) unsupported by gem5. Skipping.']
[08:00:07] host.controller ERR: ['src/arch/x86/kvm/x86_cpu.cc:1688: warn: kvm-x86: MSR (0x4b564d03) unsupported by gem5. Skipping.']
[08:00:07] host.controller ERR: ['src/arch/x86/kvm/x86_cpu.cc:1688: warn: kvm-x86: MSR (0x4b564d04) unsupported by gem5. Skipping.']
[08:00:07] host.controller ERR: ['src/arch/x86/kvm/x86_cpu.cc:1688: warn: kvm-x86: MSR (0x4b564d06) unsupported by gem5. Skipping.']
[08:00:07] host.controller ERR: ['src/arch/x86/kvm/x86_cpu.cc:1688: warn: kvm-x86: MSR (0x4b564d07) unsupported by gem5. Skipping.']
[08:00:07] host.controller ERR: ['src/arch/x86/kvm/x86_cpu.cc:1688: warn: kvm-x86: MSR (0x3b) unsupported by gem5. Skipping.']
[08:00:07] host.controller ERR: ['src/arch/x86/kvm/x86_cpu.cc:1688: warn: kvm-x86: MSR (0x6e0) unsupported by gem5. Skipping.']
[08:00:07] host.controller ERR: ['src/arch/x86/kvm/x86_cpu.cc:1688: warn: kvm-x86: MSR (0x10a) unsupported by gem5. Skipping.']
[08:00:07] host.controller ERR: ['src/arch/x86/kvm/x86_cpu.cc:1688: warn: kvm-x86: MSR (0x345) unsupported by gem5. Skipping.']
[08:00:07] host.controller ERR: ['src/arch/x86/kvm/x86_cpu.cc:1688: warn: kvm-x86: MSR (0x1a0) unsupported by gem5. Skipping.']
[08:00:07] host.controller ERR: ['src/arch/x86/kvm/x86_cpu.cc:1688: warn: kvm-x86: MSR (0x4d0) unsupported by gem5. Skipping.']
[08:00:07] host.controller ERR: ['src/arch/x86/kvm/x86_cpu.cc:1688: warn: kvm-x86: MSR (0x9e) unsupported by gem5. Skipping.']
[08:00:07] host.controller ERR: ['src/arch/x86/kvm/x86_cpu.cc:1688: warn: kvm-x86: MSR (0x34) unsupported by gem5. Skipping.']
[08:00:07] host.controller ERR: ['src/arch/x86/kvm/x86_cpu.cc:1688: warn: kvm-x86: MSR (0xce) unsupported by gem5. Skipping.']
[08:00:07] host.controller ERR: ['src/arch/x86/kvm/x86_cpu.cc:1688: warn: kvm-x86: MSR (0x140) unsupported by gem5. Skipping.']
[08:00:07] host.controller ERR: ['src/arch/x86/kvm/x86_cpu.cc:1688: warn: kvm-x86: MSR (0x1fc) unsupported by gem5. Skipping.']
[08:00:07] host.controller ERR: ['src/arch/x86/kvm/x86_cpu.cc:1688: warn: kvm-x86: MSR (0x8b) unsupported by gem5. Skipping.']
[08:00:07] host.controller ERR: ['src/arch/x86/kvm/x86_cpu.cc:1688: warn: kvm-x86: MSR (0x480) unsupported by gem5. Skipping.']
[08:00:07] host.controller ERR: ['src/arch/x86/kvm/x86_cpu.cc:1688: warn: kvm-x86: MSR (0x48d) unsupported by gem5. Skipping.']
[08:00:07] host.controller ERR: ['src/arch/x86/kvm/x86_cpu.cc:1688: warn: kvm-x86: MSR (0x48e) unsupported by gem5. Skipping.']
[08:00:07] host.controller ERR: ['src/arch/x86/kvm/x86_cpu.cc:1688: warn: kvm-x86: MSR (0x48f) unsupported by gem5. Skipping.']
[08:00:07] host.controller ERR: ['src/arch/x86/kvm/x86_cpu.cc:1688: warn: kvm-x86: MSR (0x490) unsupported by gem5. Skipping.']
[08:00:07] host.controller ERR: ['src/arch/x86/kvm/x86_cpu.cc:1688: warn: kvm-x86: MSR (0x485) unsupported by gem5. Skipping.']
[08:00:07] host.controller ERR: ['src/arch/x86/kvm/x86_cpu.cc:1688: warn: kvm-x86: MSR (0x486) unsupported by gem5. Skipping.']
[08:00:07] host.controller ERR: ['src/arch/x86/kvm/x86_cpu.cc:1688: warn: kvm-x86: MSR (0x488) unsupported by gem5. Skipping.']
[08:00:07] host.controller ERR: ['src/arch/x86/kvm/x86_cpu.cc:1688: warn: kvm-x86: MSR (0x48a) unsupported by gem5. Skipping.']
[08:00:07] host.controller ERR: ['src/arch/x86/kvm/x86_cpu.cc:1688: warn: kvm-x86: MSR (0x48b) unsupported by gem5. Skipping.']
[08:00:07] host.controller ERR: ['src/arch/x86/kvm/x86_cpu.cc:1688: warn: kvm-x86: MSR (0x48c) unsupported by gem5. Skipping.']
[08:00:07] host.controller ERR: ['src/arch/x86/kvm/x86_cpu.cc:1688: warn: kvm-x86: MSR (0x491) unsupported by gem5. Skipping.']
[08:00:07] host.controller ERR: ['src/arch/x86/kvm/x86_cpu.cc:1688: warn: kvm-x86: MSR (0xc0010015) unsupported by gem5. Skipping.']
[08:00:07] host.controller ERR: ['src/arch/x86/kvm/x86_cpu.cc:1688: warn: kvm-x86: MSR (0x4b564d05) unsupported by gem5. Skipping.']
[08:00:07] host.controller OUT: ['[    0.000000] Linux version 6.10.0 (root@ubuntu) (gcc (Ubuntu 13.3.0-6ubuntu2~24.04) 13.3.0, GNU ld (GNU Binutils for Ubuntu) 2.42) #1 SMP PREEMPT_DYNAMIC Fri Jun 20 03:03:12 UTC 2025\r']
[08:00:07] host.controller OUT: ['[    0.000000] Command line: earlyprintk=ttyS0 console=ttyS0 no_timer_check memory_corruption_check=0 random.trust_cpu=on net.ifnames=0 raid=noautodetect root=/dev/sda1 simbricks_guest_input=/dev/sdb rw\r']
[08:00:07] host.controller OUT: ['[    0.000000] KERNEL supported cpus:\r']
[08:00:07] host.controller OUT: ['[    0.000000]   Intel GenuineIntel\r']
[08:00:07] host.controller OUT: ['[    0.000000]   AMD AuthenticAMD\r']
[08:00:07] host.controller OUT: ['[    0.000000]   Hygon HygonGenuine\r']
[08:00:07] host.controller OUT: ['[    0.000000]   Centaur CentaurHauls\r']
[08:00:07] host.controller OUT: ['[    0.000000]   zhaoxin   Shanghai  \r']
[08:00:07] host.controller OUT: ['[    0.000000] BIOS-provided physical RAM map:\r']
[08:00:07] host.controller OUT: ['[    0.000000] BIOS-e820: [mem 0x0000000000000000-0x000000000009fbff] usable\r']
[08:00:07] host.controller OUT: ['[    0.000000] BIOS-e820: [mem 0x000000000009fc00-0x00000000000fffff] reserved\r']
[08:00:07] host.controller OUT: ['[    0.000000] BIOS-e820: [mem 0x0000000000100000-0x00000000bfffffff] usable\r']
[08:00:07] host.controller OUT: ['[    0.000000] BIOS-e820: [mem 0x00000000ffff0000-0x00000000ffffffff] reserved\r']
[08:00:07] host.controller OUT: ['[    0.000000] BIOS-e820: [mem 0x0000000100000000-0x000000023fffffff] usable\r']
[08:00:07] host.controller OUT: ['[    0.000000] printk: legacy bootconsole [earlyser0] enabled\r']
[08:00:07] host.controller OUT: ['[    0.000000] NX (Execute Disable) protection: active\r']
[08:00:07] host.controller OUT: ['[    0.000000] APIC: Static calls initialized\r']
[08:00:07] host.controller OUT: ['[    0.000000] SMBIOS 2.5 present.\r']
[08:00:07] host.controller OUT: ['[    0.000000] DMI:  , BIOS  06/08/2008\r']
[08:00:07] host.controller OUT: ['[    0.000000] DMI: Memory slots populated: 0/0\r']
[08:00:07] host.controller OUT: ['[    0.000000] last_pfn = 0x240000 max_arch_pfn = 0x400000000\r']
[08:00:07] host.controller OUT: ['[    0.000000] MTRRs disabled by BIOS\r']
[08:00:07] host.controller OUT: ['[    0.000000] x86/PAT: Configuration [0-7]: WB  WC  UC- UC  WB  WP  UC- WT  \r']
[08:00:07] host.controller OUT: ['[    0.000000] last_pfn = 0xc0000 max_arch_pfn = 0x400000000\r']
[08:00:07] host.controller OUT: ['[    0.000000] found SMP MP-table at [mem 0x000f0050-0x000f005f]\r']
[08:00:07] host.controller OUT: ['[    0.000000] ACPI: Early table checksum verification disabled\r']
[08:00:07] host.controller OUT: ['[    0.000000] ACPI: RSDP 0x00000000000F01C0 000024 (v02       )\r']
[08:00:07] host.controller OUT: ['[    0.000000] ACPI: XSDT 0x00000000000F0208 000024 (v01                 00000000      00000000)\r']
[08:00:07] host.controller OUT: ['[    0.000000] ACPI BIOS Error (bug): Invalid table length 0x24 in RSDT/XSDT (20240322/tbutils-285)\r']
[08:00:07] host.controller OUT: ['[    0.000000] Intel MultiProcessor Specification v1.4\r']
[08:00:07] host.controller OUT: ['[    0.000000] MPTABLE: OEM ID: \r']
[08:00:07] host.controller OUT: ['[    0.000000] MPTABLE: Product ID: \r']
[08:00:07] host.controller OUT: ['[    0.000000] MPTABLE: APIC at: 0xFEE00000\r']
[08:00:07] host.controller OUT: ['[    0.000000] No NUMA configuration found\r']
[08:00:07] host.controller OUT: ['[    0.000000] Faking a node at [mem 0x0000000000000000-0x000000023fffffff]\r']
[08:00:07] host.controller OUT: ['[    0.000000] NODE_DATA(0) allocated [mem 0x23ffd3000-0x23fffdfff]\r']
[08:00:07] host.controller OUT: ['[    0.000000] Zone ranges:\r']
[08:00:07] host.controller OUT: ['[    0.000000]   DMA      [mem 0x0000000000001000-0x0000000000ffffff]\r']
[08:00:07] host.controller OUT: ['[    0.000000]   DMA32    [mem 0x0000000001000000-0x00000000ffffffff]\r']
[08:00:07] host.controller OUT: ['[    0.000000]   Normal   [mem 0x0000000100000000-0x000000023fffffff]\r']
[08:00:07] host.controller OUT: ['[    0.000000]   Device   empty\r']
[08:00:07] host.compute2 ERR: ['src/cpu/kvm/base.cc:170: info: KVM: Coalesced MMIO disabled by config.']
[08:00:07] host.controller OUT: ['[    0.000000] Movable zone start for each node\r']
[08:00:07] host.controller OUT: ['[    0.000000] Early memory node ranges\r']
[08:00:07] host.controller OUT: ['[    0.000000]   node   0: [mem 0x0000000000001000-0x000000000009efff]\r']
[08:00:07] host.controller OUT: ['[    0.000000]   node   0: [mem 0x0000000000100000-0x00000000bfffffff]\r']
[08:00:07] host.controller OUT: ['[    0.000000]   node   0: [mem 0x0000000100000000-0x000000023fffffff]\r']
[08:00:07] host.controller OUT: ['[    0.000000] Initmem setup node 0 [mem 0x0000000000001000-0x000000023fffffff]\r']
[08:00:07] host.controller OUT: ['[    0.000000] On node 0, zone DMA: 1 pages in unavailable ranges\r']
[08:00:07] host.controller OUT: ['[    0.000000] On node 0, zone DMA: 97 pages in unavailable ranges\r']
[08:00:07] host.compute2 OUT: ['gem5 Simulator System.  https://www.gem5.org']
[08:00:07] host.compute2 OUT: ['gem5 is copyrighted software; use the --copyright option for details.']
[08:00:07] host.compute2 OUT: ['']
[08:00:07] host.compute2 OUT: ['gem5 version 24.0.0.1']
[08:00:07] host.compute2 OUT: ['gem5 compiled Jun  9 2025 08:14:19']
[08:00:07] host.compute2 OUT: ['gem5 started Jun 20 2025 08:00:05']
[08:00:07] host.compute2 OUT: ['gem5 executing on nsl-node3, pid 2923730']
[08:00:07] host.compute2 OUT: ["command line: /local/yiliangw/cxlsim/sim/simbricks/sims/external/gem5/build/X86/gem5.fast --outdir=/local/yiliangw/cxlsim/out/sim/mysql_basic/1/gem5-out.compute2 --listener-mode=on /local/yiliangw/cxlsim/sim/simbricks/sims/external/gem5/configs/simbricks/simbricks_cxl.py --cpu-clock=4GHz --sys-clock=1GHz --checkpoint-dir=/local/yiliangw/cxlsim/out/sim/mysql_basic/0/gem5-cp.compute2 --kernel=/local/yiliangw/cxlsim/out/images/ubuntu/vmlinux --command-line 'earlyprintk=ttyS0 console=ttyS0 no_timer_check memory_corruption_check=0 random.trust_cpu=on net.ifnames=0 raid=noautodetect root=/dev/sda1 simbricks_guest_input=/dev/sdb rw' --disk-image=/local/yiliangw/cxlsim/out/images/ubuntu/disks/mysql/basic/compute2/disk.raw --disk-image=/local/yiliangw/cxlsim/out/sim/mysql_basic/1/cfg.compute2.tar --cpu-type=X86KvmCPU --mem-size=8192MB --cxl-mem-sz=0 --num-cpus=1 --mem-type=DDR4_2400_16x4 --termport 10222 --simbricks-pci=connect:/local/yiliangw/cxlsim/out/sim/mysql_basic/1/dev.pci.compute2.management:latency=1000ns:sync_interval=1000ns --simbricks-pci=connect:/local/yiliangw/cxlsim/out/sim/mysql_basic/1/dev.pci.compute2.provider:latency=1000ns:sync_interval=1000ns"]
[08:00:07] host.compute2 OUT: ['']
[08:00:07] host.compute2 OUT: ['adding simbricks pci: connect:/local/yiliangw/cxlsim/out/sim/mysql_basic/1/dev.pci.compute2.management:latency=1000ns:sync_interval=1000ns']
[08:00:07] host.compute2 OUT: ['adding simbricks pci: connect:/local/yiliangw/cxlsim/out/sim/mysql_basic/1/dev.pci.compute2.provider:latency=1000ns:sync_interval=1000ns']
[08:00:07] host.compute2 OUT: ['connecting 2 pci & eth simbricks adapters']
[08:00:07] host.compute2 OUT: ['connecting 0 mem simbricks adapters']
[08:00:07] host.compute2 OUT: ['**** REAL SIMULATION ****']
[08:00:07] host.compute2 ERR: ['src/sim/simulate.cc:199: info: Entering event queue @ 0.  Starting simulation...']
[08:00:07] host.compute2 ERR: ['src/arch/x86/kvm/x86_cpu.cc:1688: warn: kvm-x86: MSR (0x3a) unsupported by gem5. Skipping.']
[08:00:07] host.compute2 ERR: ['src/arch/x86/kvm/x86_cpu.cc:1688: warn: kvm-x86: MSR (0xd90) unsupported by gem5. Skipping.']
[08:00:07] host.compute2 ERR: ['src/arch/x86/kvm/x86_cpu.cc:1688: warn: kvm-x86: MSR (0x48) unsupported by gem5. Skipping.']
[08:00:07] host.compute2 ERR: ['src/arch/x86/kvm/x86_cpu.cc:1688: warn: kvm-x86: MSR (0x122) unsupported by gem5. Skipping.']
[08:00:07] host.compute2 ERR: ['src/arch/x86/kvm/x86_cpu.cc:1688: warn: kvm-x86: MSR (0x309) unsupported by gem5. Skipping.']
[08:00:07] host.compute2 ERR: ['src/arch/x86/kvm/x86_cpu.cc:1688: warn: kvm-x86: MSR (0x30a) unsupported by gem5. Skipping.']
[08:00:07] host.compute2 ERR: ['src/arch/x86/kvm/x86_cpu.cc:1688: warn: kvm-x86: MSR (0x30b) unsupported by gem5. Skipping.']
[08:00:07] host.compute2 ERR: ['src/arch/x86/kvm/x86_cpu.cc:1688: warn: kvm-x86: MSR (0x38d) unsupported by gem5. Skipping.']
[08:00:07] host.compute2 ERR: ['src/arch/x86/kvm/x86_cpu.cc:1688: warn: kvm-x86: MSR (0x38e) unsupported by gem5. Skipping.']
[08:00:07] host.compute2 ERR: ['src/arch/x86/kvm/x86_cpu.cc:1688: warn: kvm-x86: MSR (0x38f) unsupported by gem5. Skipping.']
[08:00:07] host.compute2 ERR: ['src/arch/x86/kvm/x86_cpu.cc:1688: warn: kvm-x86: MSR (0x390) unsupported by gem5. Skipping.']
[08:00:07] host.compute2 ERR: ['src/arch/x86/kvm/x86_cpu.cc:1688: warn: kvm-x86: MSR (0x3f1) unsupported by gem5. Skipping.']
[08:00:07] host.compute2 ERR: ['src/arch/x86/kvm/x86_cpu.cc:1688: warn: kvm-x86: MSR (0x600) unsupported by gem5. Skipping.']
[08:00:07] host.compute2 ERR: ['src/arch/x86/kvm/x86_cpu.cc:1688: warn: kvm-x86: MSR (0xc1) unsupported by gem5. Skipping.']
[08:00:07] host.compute2 ERR: ['src/arch/x86/kvm/x86_cpu.cc:1688: warn: kvm-x86: MSR (0xc2) unsupported by gem5. Skipping.']
[08:00:07] host.compute2 ERR: ['src/arch/x86/kvm/x86_cpu.cc:1688: warn: kvm-x86: MSR (0xc3) unsupported by gem5. Skipping.']
[08:00:07] host.compute2 ERR: ['src/arch/x86/kvm/x86_cpu.cc:1688: warn: kvm-x86: MSR (0xc4) unsupported by gem5. Skipping.']
[08:00:07] host.compute2 ERR: ['src/arch/x86/kvm/x86_cpu.cc:1688: warn: kvm-x86: MSR (0x186) unsupported by gem5. Skipping.']
[08:00:07] host.compute2 ERR: ['src/arch/x86/kvm/x86_cpu.cc:1688: warn: kvm-x86: MSR (0x187) unsupported by gem5. Skipping.']
[08:00:07] host.compute2 ERR: ['src/arch/x86/kvm/x86_cpu.cc:1688: warn: kvm-x86: MSR (0x188) unsupported by gem5. Skipping.']
[08:00:07] host.compute2 ERR: ['src/arch/x86/kvm/x86_cpu.cc:1688: warn: kvm-x86: MSR (0x189) unsupported by gem5. Skipping.']
[08:00:07] host.compute2 ERR: ['src/arch/x86/kvm/x86_cpu.cc:1688: warn: kvm-x86: MSR (0x12) unsupported by gem5. Skipping.']
[08:00:07] host.compute2 ERR: ['src/arch/x86/kvm/x86_cpu.cc:1688: warn: kvm-x86: MSR (0x11) unsupported by gem5. Skipping.']
[08:00:07] host.compute2 ERR: ['src/arch/x86/kvm/x86_cpu.cc:1688: warn: kvm-x86: MSR (0x4b564d01) unsupported by gem5. Skipping.']
[08:00:07] host.compute2 ERR: ['src/arch/x86/kvm/x86_cpu.cc:1688: warn: kvm-x86: MSR (0x4b564d00) unsupported by gem5. Skipping.']
[08:00:07] host.compute2 ERR: ['src/arch/x86/kvm/x86_cpu.cc:1688: warn: kvm-x86: MSR (0x40000000) unsupported by gem5. Skipping.']
[08:00:07] host.compute2 ERR: ['src/arch/x86/kvm/x86_cpu.cc:1688: warn: kvm-x86: MSR (0x40000001) unsupported by gem5. Skipping.']
[08:00:07] host.compute2 ERR: ['src/arch/x86/kvm/x86_cpu.cc:1688: warn: kvm-x86: MSR (0x40000020) unsupported by gem5. Skipping.']
[08:00:07] host.compute2 ERR: ['src/arch/x86/kvm/x86_cpu.cc:1688: warn: kvm-x86: MSR (0x40000021) unsupported by gem5. Skipping.']
[08:00:07] host.compute2 ERR: ['src/arch/x86/kvm/x86_cpu.cc:1688: warn: kvm-x86: MSR (0x40000022) unsupported by gem5. Skipping.']
[08:00:07] host.compute2 ERR: ['src/arch/x86/kvm/x86_cpu.cc:1688: warn: kvm-x86: MSR (0x40000023) unsupported by gem5. Skipping.']
[08:00:07] host.compute2 ERR: ['src/arch/x86/kvm/x86_cpu.cc:1688: warn: kvm-x86: MSR (0x40000100) unsupported by gem5. Skipping.']
[08:00:07] host.compute2 ERR: ['src/arch/x86/kvm/x86_cpu.cc:1688: warn: kvm-x86: MSR (0x40000101) unsupported by gem5. Skipping.']
[08:00:07] host.compute2 ERR: ['src/arch/x86/kvm/x86_cpu.cc:1688: warn: kvm-x86: MSR (0x40000102) unsupported by gem5. Skipping.']
[08:00:07] host.compute2 ERR: ['src/arch/x86/kvm/x86_cpu.cc:1688: warn: kvm-x86: MSR (0x40000103) unsupported by gem5. Skipping.']
[08:00:07] host.compute2 ERR: ['src/arch/x86/kvm/x86_cpu.cc:1688: warn: kvm-x86: MSR (0x40000104) unsupported by gem5. Skipping.']
[08:00:07] host.compute2 ERR: ['src/arch/x86/kvm/x86_cpu.cc:1688: warn: kvm-x86: MSR (0x40000105) unsupported by gem5. Skipping.']
[08:00:07] host.compute2 ERR: ['src/arch/x86/kvm/x86_cpu.cc:1688: warn: kvm-x86: MSR (0x40000003) unsupported by gem5. Skipping.']
[08:00:07] host.compute2 ERR: ['src/arch/x86/kvm/x86_cpu.cc:1688: warn: kvm-x86: MSR (0x40000002) unsupported by gem5. Skipping.']
[08:00:07] host.compute2 ERR: ['src/arch/x86/kvm/x86_cpu.cc:1688: warn: kvm-x86: MSR (0x40000010) unsupported by gem5. Skipping.']
[08:00:07] host.compute2 ERR: ['src/arch/x86/kvm/x86_cpu.cc:1688: warn: kvm-x86: MSR (0x40000080) unsupported by gem5. Skipping.']
[08:00:07] host.compute2 ERR: ['src/arch/x86/kvm/x86_cpu.cc:1688: warn: kvm-x86: MSR (0x400000b0) unsupported by gem5. Skipping.']
[08:00:07] host.compute2 ERR: ['src/arch/x86/kvm/x86_cpu.cc:1688: warn: kvm-x86: MSR (0x40000073) unsupported by gem5. Skipping.']
[08:00:07] host.compute2 ERR: ['src/arch/x86/kvm/x86_cpu.cc:1688: warn: kvm-x86: MSR (0x40000106) unsupported by gem5. Skipping.']
[08:00:07] host.compute2 ERR: ['src/arch/x86/kvm/x86_cpu.cc:1688: warn: kvm-x86: MSR (0x40000107) unsupported by gem5. Skipping.']
[08:00:07] host.compute2 ERR: ['src/arch/x86/kvm/x86_cpu.cc:1688: warn: kvm-x86: MSR (0x40000108) unsupported by gem5. Skipping.']
[08:00:07] host.compute2 ERR: ['src/arch/x86/kvm/x86_cpu.cc:1688: warn: kvm-x86: MSR (0x40000118) unsupported by gem5. Skipping.']
[08:00:07] host.compute2 ERR: ['src/arch/x86/kvm/x86_cpu.cc:1688: warn: kvm-x86: MSR (0x400000ff) unsupported by gem5. Skipping.']
[08:00:07] host.compute2 ERR: ['src/arch/x86/kvm/x86_cpu.cc:1688: warn: kvm-x86: MSR (0x400000f1) unsupported by gem5. Skipping.']
[08:00:07] host.compute2 ERR: ['src/arch/x86/kvm/x86_cpu.cc:1688: warn: kvm-x86: MSR (0x400000f2) unsupported by gem5. Skipping.']
[08:00:07] host.compute2 ERR: ['src/arch/x86/kvm/x86_cpu.cc:1688: warn: kvm-x86: MSR (0x400000f3) unsupported by gem5. Skipping.']
[08:00:07] host.compute2 ERR: ['src/arch/x86/kvm/x86_cpu.cc:1688: warn: kvm-x86: MSR (0x400000f4) unsupported by gem5. Skipping.']
[08:00:07] host.compute2 ERR: ['src/arch/x86/kvm/x86_cpu.cc:1688: warn: kvm-x86: MSR (0x400000f5) unsupported by gem5. Skipping.']
[08:00:07] host.compute2 ERR: ['src/arch/x86/kvm/x86_cpu.cc:1688: warn: kvm-x86: MSR (0x4b564d02) unsupported by gem5. Skipping.']
[08:00:07] host.compute2 ERR: ['src/arch/x86/kvm/x86_cpu.cc:1688: warn: kvm-x86: MSR (0x4b564d03) unsupported by gem5. Skipping.']
[08:00:07] host.compute2 ERR: ['src/arch/x86/kvm/x86_cpu.cc:1688: warn: kvm-x86: MSR (0x4b564d04) unsupported by gem5. Skipping.']
[08:00:07] host.compute2 ERR: ['src/arch/x86/kvm/x86_cpu.cc:1688: warn: kvm-x86: MSR (0x4b564d06) unsupported by gem5. Skipping.']
[08:00:07] host.compute2 ERR: ['src/arch/x86/kvm/x86_cpu.cc:1688: warn: kvm-x86: MSR (0x4b564d07) unsupported by gem5. Skipping.']
[08:00:07] host.compute2 ERR: ['src/arch/x86/kvm/x86_cpu.cc:1688: warn: kvm-x86: MSR (0x3b) unsupported by gem5. Skipping.']
[08:00:07] host.compute2 ERR: ['src/arch/x86/kvm/x86_cpu.cc:1688: warn: kvm-x86: MSR (0x6e0) unsupported by gem5. Skipping.']
[08:00:07] host.compute2 ERR: ['src/arch/x86/kvm/x86_cpu.cc:1688: warn: kvm-x86: MSR (0x10a) unsupported by gem5. Skipping.']
[08:00:07] host.compute2 ERR: ['src/arch/x86/kvm/x86_cpu.cc:1688: warn: kvm-x86: MSR (0x345) unsupported by gem5. Skipping.']
[08:00:07] host.compute2 ERR: ['src/arch/x86/kvm/x86_cpu.cc:1688: warn: kvm-x86: MSR (0x1a0) unsupported by gem5. Skipping.']
[08:00:07] host.compute2 ERR: ['src/arch/x86/kvm/x86_cpu.cc:1688: warn: kvm-x86: MSR (0x4d0) unsupported by gem5. Skipping.']
[08:00:07] host.compute2 ERR: ['src/arch/x86/kvm/x86_cpu.cc:1688: warn: kvm-x86: MSR (0x9e) unsupported by gem5. Skipping.']
[08:00:07] host.compute2 ERR: ['src/arch/x86/kvm/x86_cpu.cc:1688: warn: kvm-x86: MSR (0x34) unsupported by gem5. Skipping.']
[08:00:07] host.compute2 ERR: ['src/arch/x86/kvm/x86_cpu.cc:1688: warn: kvm-x86: MSR (0xce) unsupported by gem5. Skipping.']
[08:00:07] host.compute2 ERR: ['src/arch/x86/kvm/x86_cpu.cc:1688: warn: kvm-x86: MSR (0x140) unsupported by gem5. Skipping.']
[08:00:07] host.compute2 ERR: ['src/arch/x86/kvm/x86_cpu.cc:1688: warn: kvm-x86: MSR (0x1fc) unsupported by gem5. Skipping.']
[08:00:07] host.compute2 ERR: ['src/arch/x86/kvm/x86_cpu.cc:1688: warn: kvm-x86: MSR (0x8b) unsupported by gem5. Skipping.']
[08:00:07] host.compute2 ERR: ['src/arch/x86/kvm/x86_cpu.cc:1688: warn: kvm-x86: MSR (0x480) unsupported by gem5. Skipping.']
[08:00:07] host.compute2 ERR: ['src/arch/x86/kvm/x86_cpu.cc:1688: warn: kvm-x86: MSR (0x48d) unsupported by gem5. Skipping.']
[08:00:07] host.compute2 ERR: ['src/arch/x86/kvm/x86_cpu.cc:1688: warn: kvm-x86: MSR (0x48e) unsupported by gem5. Skipping.']
[08:00:07] host.compute2 ERR: ['src/arch/x86/kvm/x86_cpu.cc:1688: warn: kvm-x86: MSR (0x48f) unsupported by gem5. Skipping.']
[08:00:07] host.compute2 ERR: ['src/arch/x86/kvm/x86_cpu.cc:1688: warn: kvm-x86: MSR (0x490) unsupported by gem5. Skipping.']
[08:00:07] host.compute2 ERR: ['src/arch/x86/kvm/x86_cpu.cc:1688: warn: kvm-x86: MSR (0x485) unsupported by gem5. Skipping.']
[08:00:07] host.compute2 ERR: ['src/arch/x86/kvm/x86_cpu.cc:1688: warn: kvm-x86: MSR (0x486) unsupported by gem5. Skipping.']
[08:00:07] host.compute2 ERR: ['src/arch/x86/kvm/x86_cpu.cc:1688: warn: kvm-x86: MSR (0x488) unsupported by gem5. Skipping.']
[08:00:07] host.compute2 ERR: ['src/arch/x86/kvm/x86_cpu.cc:1688: warn: kvm-x86: MSR (0x48a) unsupported by gem5. Skipping.']
[08:00:07] host.compute2 ERR: ['src/arch/x86/kvm/x86_cpu.cc:1688: warn: kvm-x86: MSR (0x48b) unsupported by gem5. Skipping.']
[08:00:07] host.compute2 ERR: ['src/arch/x86/kvm/x86_cpu.cc:1688: warn: kvm-x86: MSR (0x48c) unsupported by gem5. Skipping.']
[08:00:07] host.compute2 ERR: ['src/arch/x86/kvm/x86_cpu.cc:1688: warn: kvm-x86: MSR (0x491) unsupported by gem5. Skipping.']
[08:00:07] host.compute2 ERR: ['src/arch/x86/kvm/x86_cpu.cc:1688: warn: kvm-x86: MSR (0xc0010015) unsupported by gem5. Skipping.']
[08:00:07] host.compute2 ERR: ['src/arch/x86/kvm/x86_cpu.cc:1688: warn: kvm-x86: MSR (0x4b564d05) unsupported by gem5. Skipping.']
[08:00:07] host.compute1 OUT: ['[    0.000000] On node 0, zone Normal: 7168 pages in unavailable ranges\r']
[08:00:07] host.compute1 OUT: ['[    0.000000] Intel MultiProcessor Specification v1.4\r']
[08:00:07] host.compute1 OUT: ['[    0.000000] MPTABLE: OEM ID: \r']
[08:00:07] host.compute1 OUT: ['[    0.000000] MPTABLE: Product ID: \r']
[08:00:07] host.compute2 OUT: ['[    0.000000] Linux version 6.10.0 (root@ubuntu) (gcc (Ubuntu 13.3.0-6ubuntu2~24.04) 13.3.0, GNU ld (GNU Binutils for Ubuntu) 2.42) #1 SMP PREEMPT_DYNAMIC Fri Jun 20 03:03:12 UTC 2025\r']
[08:00:07] host.compute1 OUT: ['[    0.000000] MPTABLE: APIC at: 0xFEE00000\r']
[08:00:07] host.compute1 OUT: ['[    0.000000] CPU topo: Enumerated BSP APIC 0 is not marked in APICBASE MSR\r']
[08:00:07] host.compute1 OUT: ['[    0.000000] CPU topo: Assuming crash kernel. Limiting to one CPU to prevent machine INIT\r']
[08:00:07] host.compute2 OUT: ['[    0.000000] Command line: earlyprintk=ttyS0 console=ttyS0 no_timer_check memory_corruption_check=0 random.trust_cpu=on net.ifnames=0 raid=noautodetect root=/dev/sda1 simbricks_guest_input=/dev/sdb rw\r']
[08:00:07] host.compute2 OUT: ['[    0.000000] KERNEL supported cpus:\r']
[08:00:07] host.compute1 OUT: ['[    0.000000] CPU topo: [Firmware Bug]: APIC enumeration order not specification compliant\r']
[08:00:07] host.compute2 OUT: ['[    0.000000]   Intel GenuineIntel\r']
[08:00:07] host.compute2 OUT: ['[    0.000000]   AMD AuthenticAMD\r']
[08:00:07] host.compute1 OUT: ['[    0.000000] Processor #0 (Bootup-CPU)\r']
[08:00:07] host.compute2 OUT: ['[    0.000000]   Hygon HygonGenuine\r']
[08:00:07] host.compute2 OUT: ['[    0.000000]   Centaur CentaurHauls\r']
[08:00:07] host.compute1 OUT: ['[    0.000000] IOAPIC[0]: apic_id 1, version 20, address 0xfec00000, GSI 0-23\r']
[08:00:07] host.compute2 OUT: ['[    0.000000]   zhaoxin   Shanghai  \r']
[08:00:07] host.compute1 OUT: ['[    0.000000] Processors: 1\r']
[08:00:07] host.compute2 OUT: ['[    0.000000] BIOS-provided physical RAM map:\r']
[08:00:07] host.compute1 OUT: ['[    0.000000] CPU topo: Max. logical packages:   1\r']
[08:00:07] host.compute1 OUT: ['[    0.000000] CPU topo: Max. logical dies:       1\r']
[08:00:07] host.compute2 OUT: ['[    0.000000] BIOS-e820: [mem 0x0000000000000000-0x000000000009fbff] usable\r']
[08:00:07] host.compute1 OUT: ['[    0.000000] CPU topo: Max. dies per package:   1\r']
[08:00:07] host.compute2 OUT: ['[    0.000000] BIOS-e820: [mem 0x000000000009fc00-0x00000000000fffff] reserved\r']
[08:00:07] host.compute1 OUT: ['[    0.000000] CPU topo: Max. threads per core:   1\r']
[08:00:07] host.compute1 OUT: ['[    0.000000] CPU topo: Num. cores per package:     1\r']
[08:00:07] host.compute2 OUT: ['[    0.000000] BIOS-e820: [mem 0x0000000000100000-0x00000000bfffffff] usable\r']
[08:00:07] host.compute1 OUT: ['[    0.000000] CPU topo: Num. threads per package:   1\r']
[08:00:07] host.compute2 OUT: ['[    0.000000] BIOS-e820: [mem 0x00000000ffff0000-0x00000000ffffffff] reserved\r']
[08:00:07] host.compute1 OUT: ['[    0.000000] CPU topo: Allowing 1 present CPUs plus 0 hotplug CPUs\r']
[08:00:07] host.compute2 OUT: ['[    0.000000] BIOS-e820: [mem 0x0000000100000000-0x000000023fffffff] usable\r']
[08:00:07] host.compute1 OUT: ['[    0.000000] PM: hibernation: Registered nosave memory: [mem 0x00000000-0x00000fff]\r']
[08:00:07] host.compute2 OUT: ['[    0.000000] printk: legacy bootconsole [earlyser0] enabled\r']
[08:00:07] host.compute1 OUT: ['[    0.000000] PM: hibernation: Registered nosave memory: [mem 0x0009f000-0x0009ffff]\r']
[08:00:07] host.compute2 OUT: ['[    0.000000] NX (Execute Disable) protection: active\r']
[08:00:07] host.compute2 OUT: ['[    0.000000] APIC: Static calls initialized\r']
[08:00:07] host.compute1 OUT: ['[    0.000000] PM: hibernation: Registered nosave memory: [mem 0x000a0000-0x000fffff]\r']
[08:00:07] host.compute2 OUT: ['[    0.000000] SMBIOS 2.5 present.\r']
[08:00:07] host.compute2 OUT: ['[    0.000000] DMI:  , BIOS  06/08/2008\r']
[08:00:07] host.compute1 OUT: ['[    0.000000] PM: hibernation: Registered nosave memory: [mem 0xc0000000-0xfffeffff]\r']
[08:00:07] host.compute2 OUT: ['[    0.000000] DMI: Memory slots populated: 0/0\r']
[08:00:07] host.compute1 OUT: ['[    0.000000] PM: hibernation: Registered nosave memory: [mem 0xffff0000-0xffffffff]\r']
[08:00:07] host.compute2 OUT: ['[    0.000000] last_pfn = 0x240000 max_arch_pfn = 0x400000000\r']
[08:00:07] host.compute1 OUT: ['[    0.000000] [mem 0xc0000000-0xfffeffff] available for PCI devices\r']
[08:00:07] host.compute2 OUT: ['[    0.000000] MTRRs disabled by BIOS\r']
[08:00:07] host.compute1 OUT: ['[    0.000000] Booting paravirtualized kernel on bare hardware\r']
[08:00:07] host.compute2 OUT: ['[    0.000000] x86/PAT: Configuration [0-7]: WB  WC  UC- UC  WB  WP  UC- WT  \r']
[08:00:07] host.compute1 OUT: ['[    0.000000] clocksource: refined-jiffies: mask: 0xffffffff max_cycles: 0xffffffff, max_idle_ns: 1910969940391419 ns\r']
[08:00:07] host.compute2 OUT: ['[    0.000000] last_pfn = 0xc0000 max_arch_pfn = 0x400000000\r']
[08:00:07] host.compute2 OUT: ['[    0.000000] found SMP MP-table at [mem 0x000f0050-0x000f005f]\r']
[08:00:07] host.compute1 OUT: ['[    0.000000] setup_percpu: NR_CPUS:8192 nr_cpumask_bits:1 nr_cpu_ids:1 nr_node_ids:1\r']
[08:00:07] host.compute2 OUT: ['[    0.000000] ACPI: Early table checksum verification disabled\r']
[08:00:07] host.compute2 OUT: ['[    0.000000] ACPI: RSDP 0x00000000000F01C0 000024 (v02       )\r']
[08:00:07] host.compute1 OUT: ['[    0.000000] percpu: Embedded 86 pages/cpu s229376 r8192 d114688 u2097152\r']
[08:00:07] host.compute2 OUT: ['[    0.000000] ACPI: XSDT 0x00000000000F0208 000024 (v01                 00000000      00000000)\r']
[08:00:07] host.compute2 OUT: ['[    0.000000] ACPI BIOS Error (bug): Invalid table length 0x24 in RSDT/XSDT (20240322/tbutils-285)\r']
[08:00:07] host.compute1 OUT: ['[    0.000000] Kernel command line: earlyprintk=ttyS0 console=ttyS0 no_timer_check memory_corruption_check=0 random.trust_cpu=on net.ifnames=0 raid=noautodetect root=/dev/sda1 simbricks_guest_input=/dev/sdb rw\r']
[08:00:07] host.compute2 OUT: ['[    0.000000] Intel MultiProcessor Specification v1.4\r']
[08:00:07] host.compute2 OUT: ['[    0.000000] MPTABLE: OEM ID: \r']
[08:00:07] host.compute2 OUT: ['[    0.000000] MPTABLE: Product ID: \r']
[08:00:07] host.compute2 OUT: ['[    0.000000] MPTABLE: APIC at: 0xFEE00000\r']
[08:00:07] host.compute1 OUT: ['[    0.000000] Unknown kernel command line parameters "simbricks_guest_input=/dev/sdb", will be passed to user space.\r']
[08:00:07] host.compute2 OUT: ['[    0.000000] No NUMA configuration found\r']
[08:00:07] host.compute2 OUT: ['[    0.000000] Faking a node at [mem 0x0000000000000000-0x000000023fffffff]\r']
[08:00:07] host.compute2 OUT: ['[    0.000000] NODE_DATA(0) allocated [mem 0x23ffd3000-0x23fffdfff]\r']
[08:00:07] host.compute2 OUT: ['[    0.000000] Zone ranges:\r']
[08:00:07] host.compute2 OUT: ['[    0.000000]   DMA      [mem 0x0000000000001000-0x0000000000ffffff]\r']
[08:00:07] host.compute2 OUT: ['[    0.000000]   DMA32    [mem 0x0000000001000000-0x00000000ffffffff]\r']
[08:00:07] host.compute1 OUT: ['[    0.000000] Dentry cache hash table entries: 1048576 (order: 11, 8388608 bytes, linear)\r']
[08:00:07] host.compute2 OUT: ['[    0.000000]   Normal   [mem 0x0000000100000000-0x000000023fffffff]\r']
[08:00:07] host.compute2 OUT: ['[    0.000000]   Device   empty\r']
[08:00:07] host.compute2 OUT: ['[    0.000000] Movable zone start for each node\r']
[08:00:07] host.compute2 OUT: ['[    0.000000] Early memory node ranges\r']
[08:00:07] host.compute2 OUT: ['[    0.000000]   node   0: [mem 0x0000000000001000-0x000000000009efff]\r']
[08:00:07] host.compute1 OUT: ['[    0.000000] Inode-cache hash table entries: 524288 (order: 10, 4194304 bytes, linear)\r']
[08:00:07] host.compute1 OUT: ['[    0.000000] Fallback order for Node 0: 0 \r']
[08:00:07] host.compute2 OUT: ['[    0.000000]   node   0: [mem 0x0000000000100000-0x00000000bfffffff]\r']
[08:00:07] host.compute2 OUT: ['[    0.000000]   node   0: [mem 0x0000000100000000-0x000000023fffffff]\r']
[08:00:07] host.compute1 OUT: ['[    0.000000] Built 1 zonelists, mobility grouping on.  Total pages: 2122654\r']
[08:00:07] host.compute1 OUT: ['[    0.000000] Policy zone: Normal\r']
[08:00:07] host.compute2 OUT: ['[    0.000000] Initmem setup node 0 [mem 0x0000000000001000-0x000000023fffffff]\r']
[08:00:07] host.compute1 OUT: ['[    0.000000] mem auto-init: stack:all(zero), heap alloc:on, heap free:off\r']
[08:00:07] host.compute2 OUT: ['[    0.000000] On node 0, zone DMA: 1 pages in unavailable ranges\r']
[08:00:07] host.compute1 OUT: ['[    0.000000] software IO TLB: area num 1.\r']
[08:00:07] host.compute2 OUT: ['[    0.000000] On node 0, zone DMA: 97 pages in unavailable ranges\r']
[08:00:07] host.controller OUT: ['[    0.000000] Intel MultiProcessor Specification v1.4\r']
[08:00:07] host.controller OUT: ['[    0.000000] MPTABLE: OEM ID: \r']
[08:00:07] host.controller OUT: ['[    0.000000] MPTABLE: Product ID: \r']
[08:00:07] host.controller OUT: ['[    0.000000] MPTABLE: APIC at: 0xFEE00000\r']
[08:00:07] host.controller OUT: ['[    0.000000] CPU topo: Enumerated BSP APIC 0 is not marked in APICBASE MSR\r']
[08:00:07] host.controller OUT: ['[    0.000000] CPU topo: Assuming crash kernel. Limiting to one CPU to prevent machine INIT\r']
[08:00:07] host.controller OUT: ['[    0.000000] CPU topo: [Firmware Bug]: APIC enumeration order not specification compliant\r']
[08:00:07] host.controller OUT: ['[    0.000000] Processor #0 (Bootup-CPU)\r']
[08:00:07] host.controller OUT: ['[    0.000000] IOAPIC[0]: apic_id 1, version 20, address 0xfec00000, GSI 0-23\r']
[08:00:07] host.controller OUT: ['[    0.000000] Processors: 1\r']
[08:00:07] host.controller OUT: ['[    0.000000] CPU topo: Max. logical packages:   1\r']
[08:00:07] host.controller OUT: ['[    0.000000] CPU topo: Max. logical dies:       1\r']
[08:00:07] host.controller OUT: ['[    0.000000] CPU topo: Max. dies per package:   1\r']
[08:00:07] host.controller OUT: ['[    0.000000] CPU topo: Max. threads per core:   1\r']
[08:00:07] host.controller OUT: ['[    0.000000] CPU topo: Num. cores per package:     1\r']
[08:00:07] host.controller OUT: ['[    0.000000] CPU topo: Num. threads per package:   1\r']
[08:00:07] host.controller OUT: ['[    0.000000] CPU topo: Allowing 1 present CPUs plus 0 hotplug CPUs\r']
[08:00:07] host.controller OUT: ['[    0.000000] PM: hibernation: Registered nosave memory: [mem 0x00000000-0x00000fff]\r']
[08:00:07] host.controller OUT: ['[    0.000000] PM: hibernation: Registered nosave memory: [mem 0x0009f000-0x0009ffff]\r']
[08:00:07] host.controller OUT: ['[    0.000000] PM: hibernation: Registered nosave memory: [mem 0x000a0000-0x000fffff]\r']
[08:00:07] host.controller OUT: ['[    0.000000] PM: hibernation: Registered nosave memory: [mem 0xc0000000-0xfffeffff]\r']
[08:00:07] host.controller OUT: ['[    0.000000] PM: hibernation: Registered nosave memory: [mem 0xffff0000-0xffffffff]\r']
[08:00:07] host.controller OUT: ['[    0.000000] [mem 0xc0000000-0xfffeffff] available for PCI devices\r']
[08:00:07] host.controller OUT: ['[    0.000000] Booting paravirtualized kernel on bare hardware\r']
[08:00:07] host.controller OUT: ['[    0.000000] clocksource: refined-jiffies: mask: 0xffffffff max_cycles: 0xffffffff, max_idle_ns: 1910969940391419 ns\r']
[08:00:07] host.controller OUT: ['[    0.000000] setup_percpu: NR_CPUS:8192 nr_cpumask_bits:1 nr_cpu_ids:1 nr_node_ids:1\r']
[08:00:07] host.controller OUT: ['[    0.000000] percpu: Embedded 86 pages/cpu s229376 r8192 d114688 u2097152\r']
[08:00:07] host.controller OUT: ['[    0.000000] Kernel command line: earlyprintk=ttyS0 console=ttyS0 no_timer_check memory_corruption_check=0 random.trust_cpu=on net.ifnames=0 raid=noautodetect root=/dev/sda1 simbricks_guest_input=/dev/sdb rw\r']
[08:00:07] host.controller OUT: ['[    0.000000] Unknown kernel command line parameters "simbricks_guest_input=/dev/sdb", will be passed to user space.\r']
[08:00:07] host.controller OUT: ['[    0.000000] Dentry cache hash table entries: 1048576 (order: 11, 8388608 bytes, linear)\r']
[08:00:07] host.controller OUT: ['[    0.000000] Inode-cache hash table entries: 524288 (order: 10, 4194304 bytes, linear)\r']
[08:00:07] host.controller OUT: ['[    0.000000] Fallback order for Node 0: 0 \r']
[08:00:07] host.compute1 OUT: ['[    0.000000] Memory: 8228216K/8490616K available (20480K kernel code, 4364K rwdata, 12680K rodata, 4820K init, 4968K bss, 262144K reserved, 0K cma-reserved)\r']
[08:00:07] host.controller OUT: ['[    0.000000] Built 1 zonelists, mobility grouping on.  Total pages: 2097054\r']
[08:00:07] host.controller OUT: ['[    0.000000] Policy zone: Normal\r']
[08:00:07] host.controller OUT: ['[    0.000000] mem auto-init: stack:all(zero), heap alloc:on, heap free:off\r']
[08:00:07] host.controller OUT: ['[    0.000000] software IO TLB: area num 1.\r']
[08:00:07] host.compute2 OUT: ['[    0.000000] Intel MultiProcessor Specification v1.4\r']
[08:00:07] host.compute2 OUT: ['[    0.000000] MPTABLE: OEM ID: \r']
[08:00:07] host.compute2 OUT: ['[    0.000000] MPTABLE: Product ID: \r']
[08:00:07] host.compute2 OUT: ['[    0.000000] MPTABLE: APIC at: 0xFEE00000\r']
[08:00:07] host.compute2 OUT: ['[    0.000000] CPU topo: Enumerated BSP APIC 0 is not marked in APICBASE MSR\r']
[08:00:07] host.compute2 OUT: ['[    0.000000] CPU topo: Assuming crash kernel. Limiting to one CPU to prevent machine INIT\r']
[08:00:07] host.compute2 OUT: ['[    0.000000] CPU topo: [Firmware Bug]: APIC enumeration order not specification compliant\r']
[08:00:07] host.compute2 OUT: ['[    0.000000] Processor #0 (Bootup-CPU)\r']
[08:00:07] host.compute2 OUT: ['[    0.000000] IOAPIC[0]: apic_id 1, version 20, address 0xfec00000, GSI 0-23\r']
[08:00:07] host.compute1 OUT: ['[    0.000000] SLUB: HWalign=64, Order=0-3, MinObjects=0, CPUs=1, Nodes=1\r']
[08:00:07] host.compute2 OUT: ['[    0.000000] Processors: 1\r']
[08:00:07] host.compute1 OUT: ['Poking KASLR using RDTSC...\r']
[08:00:07] host.compute2 OUT: ['[    0.000000] CPU topo: Max. logical packages:   1\r']
[08:00:07] host.compute1 OUT: ['[    0.000000] ftrace: allocating 52364 entries in 205 pages\r']
[08:00:07] host.compute2 OUT: ['[    0.000000] CPU topo: Max. logical dies:       1\r']
[08:00:07] host.compute2 OUT: ['[    0.000000] CPU topo: Max. dies per package:   1\r']
[08:00:07] host.compute2 OUT: ['[    0.000000] CPU topo: Max. threads per core:   1\r']
[08:00:07] host.compute2 OUT: ['[    0.000000] CPU topo: Num. cores per package:     1\r']
[08:00:07] host.compute2 OUT: ['[    0.000000] CPU topo: Num. threads per package:   1\r']
[08:00:07] host.compute2 OUT: ['[    0.000000] CPU topo: Allowing 1 present CPUs plus 0 hotplug CPUs\r']
[08:00:07] host.compute2 OUT: ['[    0.000000] PM: hibernation: Registered nosave memory: [mem 0x00000000-0x00000fff]\r']
[08:00:07] host.compute2 OUT: ['[    0.000000] PM: hibernation: Registered nosave memory: [mem 0x0009f000-0x0009ffff]\r']
[08:00:07] host.compute2 OUT: ['[    0.000000] PM: hibernation: Registered nosave memory: [mem 0x000a0000-0x000fffff]\r']
[08:00:07] host.compute2 OUT: ['[    0.000000] PM: hibernation: Registered nosave memory: [mem 0xc0000000-0xfffeffff]\r']
[08:00:07] host.compute2 OUT: ['[    0.000000] PM: hibernation: Registered nosave memory: [mem 0xffff0000-0xffffffff]\r']
[08:00:07] host.compute2 OUT: ['[    0.000000] [mem 0xc0000000-0xfffeffff] available for PCI devices\r']
[08:00:07] host.compute2 OUT: ['[    0.000000] Booting paravirtualized kernel on bare hardware\r']
[08:00:07] host.compute1 OUT: ['[    0.000000] ftrace: allocated 205 pages with 5 groups\r']
[08:00:07] host.compute2 OUT: ['[    0.000000] clocksource: refined-jiffies: mask: 0xffffffff max_cycles: 0xffffffff, max_idle_ns: 1910969940391419 ns\r']
[08:00:07] host.compute1 OUT: ['[    0.000000] Dynamic Preempt: voluntary\r']
[08:00:07] host.compute2 OUT: ['[    0.000000] setup_percpu: NR_CPUS:8192 nr_cpumask_bits:1 nr_cpu_ids:1 nr_node_ids:1\r']
[08:00:07] host.compute1 OUT: ['[    0.000000] rcu: Preemptible hierarchical RCU implementation.\r']
[08:00:07] host.compute1 OUT: ['[    0.000000] rcu: \tRCU restricting CPUs from NR_CPUS=8192 to nr_cpu_ids=1.\r']
[08:00:07] host.compute1 OUT: ['[    0.000000] \tTrampoline variant of Tasks RCU enabled.\r']
[08:00:07] host.compute2 OUT: ['[    0.000000] percpu: Embedded 86 pages/cpu s229376 r8192 d114688 u2097152\r']
[08:00:07] host.compute1 OUT: ['[    0.000000] \tRude variant of Tasks RCU enabled.\r']
[08:00:07] host.compute1 OUT: ['[    0.000000] \tTracing variant of Tasks RCU enabled.\r']
[08:00:07] host.compute1 OUT: ['[    0.000000] rcu: RCU calculated value of scheduler-enlistment delay is 100 jiffies.\r']
[08:00:07] host.compute2 OUT: ['[    0.000000] Kernel command line: earlyprintk=ttyS0 console=ttyS0 no_timer_check memory_corruption_check=0 random.trust_cpu=on net.ifnames=0 raid=noautodetect root=/dev/sda1 simbricks_guest_input=/dev/sdb rw\r']
[08:00:07] host.compute1 OUT: ['[    0.000000] rcu: Adjusting geometry for rcu_fanout_leaf=16, nr_cpu_ids=1\r']
[08:00:07] host.compute1 OUT: ['[    0.000000] RCU Tasks: Setting shift to 0 and lim to 1 rcu_task_cb_adjust=1.\r']
[08:00:07] host.compute2 OUT: ['[    0.000000] Unknown kernel command line parameters "simbricks_guest_input=/dev/sdb", will be passed to user space.\r']
[08:00:07] host.compute1 OUT: ['[    0.000000] RCU Tasks Rude: Setting shift to 0 and lim to 1 rcu_task_cb_adjust=1.\r']
[08:00:07] host.compute1 OUT: ['[    0.000000] RCU Tasks Trace: Setting shift to 0 and lim to 1 rcu_task_cb_adjust=1.\r']
[08:00:07] host.compute2 OUT: ['[    0.000000] Dentry cache hash table entries: 1048576 (order: 11, 8388608 bytes, linear)\r']
[08:00:07] host.compute1 OUT: ['[    0.000000] NR_IRQS: 524544, nr_irqs: 256, preallocated irqs: 16\r']
[08:00:07] host.compute1 OUT: ['[    0.000000] rcu: srcu_init: Setting srcu_struct sizes based on contention.\r']
[08:00:07] host.compute1 OUT: ['[    0.000000] Console: colour dummy device 80x25\r']
[08:00:07] host.compute1 OUT: ['[    0.000000] printk: legacy console [ttyS0] enabled\r']
[08:00:07] host.compute2 OUT: ['[    0.000000] Inode-cache hash table entries: 524288 (order: 10, 4194304 bytes, linear)\r']
[08:00:07] host.compute1 OUT: ['[    0.000000] printk: legacy console [ttyS0] enabled\r']
[08:00:07] host.compute2 OUT: ['[    0.000000] Fallback order for Node 0: 0 \r']
[08:00:07] host.compute1 OUT: ['[    0.000000] printk: legacy bootconsole [earlyser0] disabled\r']
[08:00:07] host.compute2 OUT: ['[    0.000000] Built 1 zonelists, mobility grouping on.  Total pages: 2097054\r']
[08:00:07] host.compute2 OUT: ['[    0.000000] Policy zone: Normal\r']
[08:00:07] host.compute1 OUT: ['[    0.000000] printk: legacy bootconsole [earlyser0] disabled\r']
[08:00:07] host.compute2 OUT: ['[    0.000000] mem auto-init: stack:all(zero), heap alloc:on, heap free:off\r']
[08:00:07] host.compute1 OUT: ['[    0.000000] APIC: Switch to symmetric I/O mode setup\r']
[08:00:07] host.compute2 OUT: ['[    0.000000] software IO TLB: area num 1.\r']
[08:00:07] host.compute1 OUT: ['[    0.000000] ExtINT not setup in hardware but reported by MP table\r']
[08:00:07] host.controller OUT: ['[    0.000000] Memory: 8127864K/8388216K available (20480K kernel code, 4364K rwdata, 12680K rodata, 4820K init, 4968K bss, 260096K reserved, 0K cma-reserved)\r']
[08:00:07] host.compute1 OUT: ['[    0.000000] ..TIMER: vector=0x30 apic1=0 pin1=2 apic2=0 pin2=0\r']
[08:00:07] host.controller OUT: ['[    0.000000] SLUB: HWalign=64, Order=0-3, MinObjects=0, CPUs=1, Nodes=1\r']
[08:00:07] host.controller OUT: ['Poking KASLR using RDTSC...\r']
[08:00:07] host.controller OUT: ['[    0.000000] ftrace: allocating 52364 entries in 205 pages\r']
[08:00:07] host.compute1 OUT: ['[    0.003000] tsc: Using PIT calibration value\r']
[08:00:07] host.compute1 OUT: ['[    0.004000] tsc: Detected 3129.431 MHz processor\r']
[08:00:07] host.compute1 OUT: ['[    0.000004] clocksource: tsc-early: mask: 0xffffffffffffffff max_cycles: 0x2d1be2880f9, max_idle_ns: 440795330297 ns\r']
[08:00:07] host.compute1 OUT: ['[    0.002228] Calibrating delay loop (skipped), value calculated using timer frequency.. 6258.86 BogoMIPS (lpj=3129431)\r']
[08:00:07] host.compute1 OUT: ['[    0.003306] Last level iTLB entries: 4KB 512, 2MB 8, 4MB 4\r']
[08:00:07] host.compute1 OUT: ['[    0.004229] Last level dTLB entries: 4KB 512, 2MB 8, 4MB 4, 1GB 0\r']
[08:00:07] host.compute1 OUT: ['[    0.005233] process: using mwait in idle threads\r']
[08:00:07] host.compute1 OUT: ['[    0.006235] Spectre V1 : Mitigation: usercopy/swapgs barriers and __user pointer sanitization\r']
[08:00:07] host.compute1 OUT: ['[    0.007230] Spectre V2 : Mitigation: Retpolines\r']
[08:00:07] host.controller OUT: ['[    0.000000] ftrace: allocated 205 pages with 5 groups\r']
[08:00:07] host.compute1 OUT: ['[    0.008229] Spectre V2 : Spectre v2 / SpectreRSB mitigation: Filling RSB on context switch\r']
[08:00:07] host.compute1 OUT: ['[    0.009229] Spectre V2 : Spectre v2 / SpectreRSB : Filling RSB on VMEXIT\r']
[08:00:07] host.controller OUT: ['[    0.000000] Dynamic Preempt: voluntary\r']
[08:00:07] host.compute1 OUT: ['[    0.010229] Speculative Store Bypass: Vulnerable\r']
[08:00:07] host.controller OUT: ['[    0.000000] rcu: Preemptible hierarchical RCU implementation.\r']
[08:00:07] host.compute1 OUT: ['[    0.011231] x86/fpu: x87 FPU will use FXSAVE\r']
[08:00:07] host.controller OUT: ['[    0.000000] rcu: \tRCU restricting CPUs from NR_CPUS=8192 to nr_cpu_ids=1.\r']
[08:00:07] host.controller OUT: ['[    0.000000] \tTrampoline variant of Tasks RCU enabled.\r']
[08:00:07] host.controller OUT: ['[    0.000000] \tRude variant of Tasks RCU enabled.\r']
[08:00:07] host.controller OUT: ['[    0.000000] \tTracing variant of Tasks RCU enabled.\r']
[08:00:07] host.controller OUT: ['[    0.000000] rcu: RCU calculated value of scheduler-enlistment delay is 100 jiffies.\r']
[08:00:07] host.controller OUT: ['[    0.000000] rcu: Adjusting geometry for rcu_fanout_leaf=16, nr_cpu_ids=1\r']
[08:00:07] host.controller OUT: ['[    0.000000] RCU Tasks: Setting shift to 0 and lim to 1 rcu_task_cb_adjust=1.\r']
[08:00:07] host.controller OUT: ['[    0.000000] RCU Tasks Rude: Setting shift to 0 and lim to 1 rcu_task_cb_adjust=1.\r']
[08:00:07] host.controller OUT: ['[    0.000000] RCU Tasks Trace: Setting shift to 0 and lim to 1 rcu_task_cb_adjust=1.\r']
[08:00:07] host.controller OUT: ['[    0.000000] NR_IRQS: 524544, nr_irqs: 256, preallocated irqs: 16\r']
[08:00:07] host.controller OUT: ['[    0.000000] rcu: srcu_init: Setting srcu_struct sizes based on contention.\r']
[08:00:07] host.controller OUT: ['[    0.000000] Console: colour dummy device 80x25\r']
[08:00:07] host.controller OUT: ['[    0.000000] printk: legacy console [ttyS0] enabled\r']
[08:00:07] host.controller OUT: ['[    0.000000] printk: legacy console [ttyS0] enabled\r']
[08:00:07] host.compute2 OUT: ['[    0.000000] Memory: 8127864K/8388216K available (20480K kernel code, 4364K rwdata, 12680K rodata, 4820K init, 4968K bss, 260096K reserved, 0K cma-reserved)\r']
[08:00:07] host.controller OUT: ['[    0.000000] printk: legacy bootconsole [earlyser0] disabled\r']
[08:00:07] host.controller OUT: ['[    0.000000] printk: legacy bootconsole [earlyser0] disabled\r']
[08:00:07] host.controller OUT: ['[    0.000000] APIC: Switch to symmetric I/O mode setup\r']
[08:00:07] host.controller OUT: ['[    0.000000] ExtINT not setup in hardware but reported by MP table\r']
[08:00:07] host.compute1 OUT: ['[    0.052664] Freeing SMP alternatives memory: 44K\r']
[08:00:07] host.compute1 OUT: ['[    0.053231] pid_max: default: 32768 minimum: 301\r']
[08:00:07] host.compute1 OUT: ['[    0.055530] LSM: initializing lsm=lockdown,capability,landlock,yama,apparmor,ima,evm\r']
[08:00:07] host.controller OUT: ['[    0.000000] ..TIMER: vector=0x30 apic1=0 pin1=2 apic2=0 pin2=0\r']
[08:00:07] host.compute1 OUT: ['[    0.056432] landlock: Up and running.\r']
[08:00:07] host.compute1 OUT: ['[    0.057229] Yama: becoming mindful.\r']
[08:00:07] host.compute1 OUT: ['[    0.058087] AppArmor: AppArmor initialized\r']
[08:00:07] host.compute1 OUT: ['[    0.059473] Mount-cache hash table entries: 16384 (order: 5, 131072 bytes, linear)\r']
[08:00:07] host.compute1 OUT: ['[    0.060323] Mountpoint-cache hash table entries: 16384 (order: 5, 131072 bytes, linear)\r']
[08:00:07] host.compute2 OUT: ['[    0.000000] SLUB: HWalign=64, Order=0-3, MinObjects=0, CPUs=1, Nodes=1\r']
[08:00:07] host.compute2 OUT: ['Poking KASLR using RDTSC...\r']
[08:00:07] host.compute2 OUT: ['[    0.000000] ftrace: allocating 52364 entries in 205 pages\r']
[08:00:07] host.controller OUT: ['[    0.003000] tsc: Using PIT calibration value\r']
[08:00:07] host.controller OUT: ['[    0.004000] tsc: Detected 3058.918 MHz processor\r']
[08:00:07] host.controller OUT: ['[    0.000005] clocksource: tsc-early: mask: 0xffffffffffffffff max_cycles: 0x2c17af1bc2b, max_idle_ns: 440795348561 ns\r']
[08:00:07] host.compute2 OUT: ['[    0.000000] ftrace: allocated 205 pages with 5 groups\r']
[08:00:07] host.controller OUT: ['[    0.002265] Calibrating delay loop (skipped), value calculated using timer frequency.. 6117.83 BogoMIPS (lpj=3058918)\r']
[08:00:07] host.compute2 OUT: ['[    0.000000] Dynamic Preempt: voluntary\r']
[08:00:07] host.controller OUT: ['[    0.003355] Last level iTLB entries: 4KB 512, 2MB 8, 4MB 4\r']
[08:00:07] host.compute2 OUT: ['[    0.000000] rcu: Preemptible hierarchical RCU implementation.\r']
[08:00:07] host.controller OUT: ['[    0.005265] Last level dTLB entries: 4KB 512, 2MB 8, 4MB 4, 1GB 0\r']
[08:00:07] host.compute2 OUT: ['[    0.000000] rcu: \tRCU restricting CPUs from NR_CPUS=8192 to nr_cpu_ids=1.\r']
[08:00:07] host.controller OUT: ['[    0.006268] process: using mwait in idle threads\r']
[08:00:07] host.compute2 OUT: ['[    0.000000] \tTrampoline variant of Tasks RCU enabled.\r']
[08:00:07] host.compute2 OUT: ['[    0.000000] \tRude variant of Tasks RCU enabled.\r']
[08:00:07] host.controller OUT: ['[    0.007269] Spectre V1 : Mitigation: usercopy/swapgs barriers and __user pointer sanitization\r']
[08:00:07] host.compute2 OUT: ['[    0.000000] \tTracing variant of Tasks RCU enabled.\r']
[08:00:07] host.controller OUT: ['[    0.008266] Spectre V2 : Mitigation: Retpolines\r']
[08:00:07] host.compute2 OUT: ['[    0.000000] rcu: RCU calculated value of scheduler-enlistment delay is 100 jiffies.\r']
[08:00:07] host.controller OUT: ['[    0.009265] Spectre V2 : Spectre v2 / SpectreRSB mitigation: Filling RSB on context switch\r']
[08:00:07] host.compute2 OUT: ['[    0.000000] rcu: Adjusting geometry for rcu_fanout_leaf=16, nr_cpu_ids=1\r']
[08:00:07] host.controller OUT: ['[    0.011265] Spectre V2 : Spectre v2 / SpectreRSB : Filling RSB on VMEXIT\r']
[08:00:07] host.compute2 OUT: ['[    0.000000] RCU Tasks: Setting shift to 0 and lim to 1 rcu_task_cb_adjust=1.\r']
[08:00:07] host.controller OUT: ['[    0.012265] Speculative Store Bypass: Vulnerable\r']
[08:00:07] host.controller OUT: ['[    0.013267] x86/fpu: x87 FPU will use FXSAVE\r']
[08:00:07] host.compute2 OUT: ['[    0.000000] RCU Tasks Rude: Setting shift to 0 and lim to 1 rcu_task_cb_adjust=1.\r']
[08:00:07] host.compute2 OUT: ['[    0.000000] RCU Tasks Trace: Setting shift to 0 and lim to 1 rcu_task_cb_adjust=1.\r']
[08:00:07] host.compute2 OUT: ['[    0.000000] NR_IRQS: 524544, nr_irqs: 256, preallocated irqs: 16\r']
[08:00:07] host.compute2 OUT: ['[    0.000000] rcu: srcu_init: Setting srcu_struct sizes based on contention.\r']
[08:00:07] host.compute2 OUT: ['[    0.000000] Console: colour dummy device 80x25\r']
[08:00:07] host.compute2 OUT: ['[    0.000000] printk: legacy console [ttyS0] enabled\r']
[08:00:07] host.compute2 OUT: ['[    0.000000] printk: legacy console [ttyS0] enabled\r']
[08:00:07] host.compute2 OUT: ['[    0.000000] printk: legacy bootconsole [earlyser0] disabled\r']
[08:00:07] host.compute2 OUT: ['[    0.000000] printk: legacy bootconsole [earlyser0] disabled\r']
[08:00:07] host.compute2 OUT: ['[    0.000000] APIC: Switch to symmetric I/O mode setup\r']
[08:00:07] host.compute2 OUT: ['[    0.000000] ExtINT not setup in hardware but reported by MP table\r']
[08:00:07] host.compute2 OUT: ['[    0.000000] ..TIMER: vector=0x30 apic1=0 pin1=2 apic2=0 pin2=0\r']
[08:00:07] host.controller OUT: ['[    0.053689] Freeing SMP alternatives memory: 44K\r']
[08:00:07] host.controller OUT: ['[    0.054267] pid_max: default: 32768 minimum: 301\r']
[08:00:07] host.controller OUT: ['[    0.056472] LSM: initializing lsm=lockdown,capability,landlock,yama,apparmor,ima,evm\r']
[08:00:07] host.controller OUT: ['[    0.058356] landlock: Up and running.\r']
[08:00:07] host.controller OUT: ['[    0.059141] Yama: becoming mindful.\r']
[08:00:07] host.controller OUT: ['[    0.059371] AppArmor: AppArmor initialized\r']
[08:00:07] host.controller OUT: ['[    0.060595] Mount-cache hash table entries: 16384 (order: 5, 131072 bytes, linear)\r']
[08:00:07] host.controller OUT: ['[    0.061361] Mountpoint-cache hash table entries: 16384 (order: 5, 131072 bytes, linear)\r']
[08:00:07] host.compute2 OUT: ['[    0.003000] tsc: Using PIT calibration value\r']
[08:00:07] host.compute2 OUT: ['[    0.004000] tsc: Detected 3176.701 MHz processor\r']
[08:00:07] host.compute2 OUT: ['[    0.000006] clocksource: tsc-early: mask: 0xffffffffffffffff max_cycles: 0x2dca50738bf, max_idle_ns: 440795308577 ns\r']
[08:00:07] host.compute2 OUT: ['[    0.002234] Calibrating delay loop (skipped), value calculated using timer frequency.. 6353.40 BogoMIPS (lpj=3176701)\r']
[08:00:07] host.compute2 OUT: ['[    0.003312] Last level iTLB entries: 4KB 512, 2MB 8, 4MB 4\r']
[08:00:07] host.compute2 OUT: ['[    0.004234] Last level dTLB entries: 4KB 512, 2MB 8, 4MB 4, 1GB 0\r']
[08:00:07] host.compute2 OUT: ['[    0.005237] process: using mwait in idle threads\r']
[08:00:07] host.compute2 OUT: ['[    0.006239] Spectre V1 : Mitigation: usercopy/swapgs barriers and __user pointer sanitization\r']
[08:00:07] host.compute2 OUT: ['[    0.007236] Spectre V2 : Mitigation: Retpolines\r']
[08:00:07] host.compute2 OUT: ['[    0.008234] Spectre V2 : Spectre v2 / SpectreRSB mitigation: Filling RSB on context switch\r']
[08:00:07] host.compute2 OUT: ['[    0.009234] Spectre V2 : Spectre v2 / SpectreRSB : Filling RSB on VMEXIT\r']
[08:00:07] host.compute2 OUT: ['[    0.010234] Speculative Store Bypass: Vulnerable\r']
[08:00:07] host.compute2 OUT: ['[    0.011237] x86/fpu: x87 FPU will use FXSAVE\r']
[08:00:07] host.compute2 OUT: ['[    0.052559] Freeing SMP alternatives memory: 44K\r']
[08:00:07] host.compute2 OUT: ['[    0.053238] pid_max: default: 32768 minimum: 301\r']
[08:00:07] host.compute2 OUT: ['[    0.055425] LSM: initializing lsm=lockdown,capability,landlock,yama,apparmor,ima,evm\r']
[08:00:07] host.compute2 OUT: ['[    0.057354] landlock: Up and running.\r']
[08:00:07] host.compute2 OUT: ['[    0.058130] Yama: becoming mindful.\r']
[08:00:07] host.compute2 OUT: ['[    0.058346] AppArmor: AppArmor initialized\r']
[08:00:07] host.compute2 OUT: ['[    0.060346] Mount-cache hash table entries: 16384 (order: 5, 131072 bytes, linear)\r']
[08:00:07] host.compute2 OUT: ['[    0.061331] Mountpoint-cache hash table entries: 16384 (order: 5, 131072 bytes, linear)\r']
[08:00:07] host.compute1 OUT: ['[    0.346343] APIC timer disabled due to verification failure\r']
[08:00:07] host.compute1 OUT: ['[    0.347229] smpboot: CPU0: Hygon Fake gem5 x86_64 CPU (family: 0xf, model: 0x25, stepping: 0x1)\r']
[08:00:07] host.compute1 OUT: ['[    0.348816] Performance Events: Broken PMU hardware detected, using software events only.\r']
[08:00:07] host.compute1 OUT: ['[    0.349231] Failed to access perfctr msr (MSR c0010007 is 0)\r']
[08:00:07] host.compute1 OUT: ['[    0.350327] signal: max sigframe size: 1440\r']
[08:00:07] host.compute1 OUT: ['[    0.351355] rcu: Hierarchical SRCU implementation.\r']
[08:00:07] host.compute1 OUT: ['[    0.352229] rcu: \tMax phase no-delay instances is 400.\r']
[08:00:07] host.compute1 OUT: ['[    0.354574] NMI watchdog: Perf NMI watchdog permanently disabled\r']
[08:00:07] host.compute1 OUT: ['[    0.355308] smp: Bringing up secondary CPUs ...\r']
[08:00:07] host.compute1 OUT: ['[    0.356253] smp: Brought up 1 node, 1 CPU\r']
[08:00:07] host.compute1 OUT: ['[    0.357232] smpboot: Total of 1 processors activated (6258.86 BogoMIPS)\r']
[08:00:07] host.compute1 OUT: ['[    0.359649] devtmpfs: initialized\r']
[08:00:07] host.compute1 OUT: ['[    0.360369] x86/mm: Memory block size: 128MB\r']
[08:00:07] host.compute1 OUT: ['[    0.362818] clocksource: jiffies: mask: 0xffffffff max_cycles: 0xffffffff, max_idle_ns: 1911260446275000 ns\r']
[08:00:07] host.compute1 OUT: ['[    0.363247] futex hash table entries: 256 (order: 2, 16384 bytes, linear)\r']
[08:00:07] host.compute1 OUT: ['[    0.365520] pinctrl core: initialized pinctrl subsystem\r']
[08:00:07] host.compute1 OUT: ['[    0.366633] PM: RTC time: 08:00:05, date: 2025-06-20\r']
[08:00:07] host.compute1 OUT: ['[    0.369226] NET: Registered PF_NETLINK/PF_ROUTE protocol family\r']
[08:00:07] host.compute1 OUT: ['[    0.371218] DMA: preallocated 1024 KiB GFP_KERNEL pool for atomic allocations\r']
[08:00:07] host.compute1 OUT: ['[    0.372000] DMA: preallocated 1024 KiB GFP_KERNEL|GFP_DMA pool for atomic allocations\r']
[08:00:07] host.compute1 OUT: ['[    0.373314] DMA: preallocated 1024 KiB GFP_KERNEL|GFP_DMA32 pool for atomic allocations\r']
[08:00:07] host.compute1 OUT: ['[    0.374240] audit: initializing netlink subsys (disabled)\r']
[08:00:07] host.compute1 OUT: ['[    0.375317] audit: type=2000 audit(1750406405.379:1): state=initialized audit_enabled=0 res=1\r']
[08:00:07] host.compute1 OUT: ["[    0.376444] thermal_sys: Registered thermal governor 'fair_share'\r"]
[08:00:07] host.compute1 OUT: ["[    0.376447] thermal_sys: Registered thermal governor 'bang_bang'\r"]
[08:00:07] host.compute1 OUT: ["[    0.377230] thermal_sys: Registered thermal governor 'step_wise'\r"]
[08:00:07] host.compute1 OUT: ["[    0.378229] thermal_sys: Registered thermal governor 'user_space'\r"]
[08:00:07] host.compute1 OUT: ["[    0.379228] thermal_sys: Registered thermal governor 'power_allocator'\r"]
[08:00:07] host.compute1 OUT: ['[    0.380240] EISA bus registered\r']
[08:00:07] host.compute1 OUT: ['[    0.382239] cpuidle: using governor ladder\r']
[08:00:07] host.compute1 OUT: ['[    0.383096] cpuidle: using governor menu\r']
[08:00:07] host.compute1 OUT: ['[    0.384415] PCI: Using configuration type 1 for base access\r']
[08:00:07] host.compute1 OUT: ['[    0.385446] kprobes: kprobe jump-optimization is enabled. All kprobes are optimized if possible.\r']
[08:00:07] host.controller OUT: ['[    0.341729] APIC timer disabled due to verification failure\r']
[08:00:07] host.controller OUT: ['[    0.342266] smpboot: CPU0: Hygon Fake gem5 x86_64 CPU (family: 0xf, model: 0x25, stepping: 0x1)\r']
[08:00:07] host.controller OUT: ['[    0.343852] Performance Events: Broken PMU hardware detected, using software events only.\r']
[08:00:07] host.controller OUT: ['[    0.344268] Failed to access perfctr msr (MSR c0010007 is 0)\r']
[08:00:07] host.controller OUT: ['[    0.345364] signal: max sigframe size: 1440\r']
[08:00:07] host.controller OUT: ['[    0.347280] rcu: Hierarchical SRCU implementation.\r']
[08:00:07] host.controller OUT: ['[    0.348266] rcu: \tMax phase no-delay instances is 400.\r']
[08:00:07] host.controller OUT: ['[    0.350380] NMI watchdog: Perf NMI watchdog permanently disabled\r']
[08:00:07] host.controller OUT: ['[    0.351370] smp: Bringing up secondary CPUs ...\r']
[08:00:07] host.compute1 OUT: ['[    0.432284] HugeTLB: registered 2.00 MiB page size, pre-allocated 0 pages\r']
[08:00:07] host.controller OUT: ['[    0.352276] smp: Brought up 1 node, 1 CPU\r']
[08:00:07] host.compute1 OUT: ['[    0.433229] HugeTLB: 28 KiB vmemmap can be freed for a 2.00 MiB page\r']
[08:00:07] host.controller OUT: ['[    0.353269] smpboot: Total of 1 processors activated (6117.83 BogoMIPS)\r']
[08:00:07] host.compute1 OUT: ['[    0.437565] Demotion targets for Node 0: null\r']
[08:00:07] host.controller OUT: ['[    0.355713] devtmpfs: initialized\r']
[08:00:07] host.controller OUT: ['[    0.356428] x86/mm: Memory block size: 128MB\r']
[08:00:07] host.compute1 OUT: ['[    0.439644] ACPI: Interpreter disabled.\r']
[08:00:07] host.compute1 OUT: ['[    0.440342] iommu: Default domain type: Translated\r']
[08:00:07] host.compute1 OUT: ['[    0.441229] iommu: DMA domain TLB invalidation policy: lazy mode\r']
[08:00:07] host.controller OUT: ['[    0.359546] clocksource: jiffies: mask: 0xffffffff max_cycles: 0xffffffff, max_idle_ns: 1911260446275000 ns\r']
[08:00:07] host.compute1 OUT: ['[    0.444419] SCSI subsystem initialized\r']
[08:00:07] host.controller OUT: ['[    0.360306] futex hash table entries: 256 (order: 2, 16384 bytes, linear)\r']
[08:00:07] host.compute1 OUT: ['[    0.446561] usbcore: registered new interface driver usbfs\r']
[08:00:07] host.controller OUT: ['[    0.362353] pinctrl core: initialized pinctrl subsystem\r']
[08:00:07] host.compute1 OUT: ['[    0.448276] usbcore: registered new interface driver hub\r']
[08:00:07] host.compute1 OUT: ['[    0.450374] usbcore: registered new device driver usb\r']
[08:00:07] host.controller OUT: ['[    0.363773] PM: RTC time: 08:00:05, date: 2025-06-20\r']
[08:00:07] host.compute1 OUT: ['[    0.452258] pps_core: LinuxPPS API ver. 1 registered\r']
[08:00:07] host.compute1 OUT: ['[    0.453226] pps_core: Software ver. 5.3.6 - Copyright 2005-2007 Rodolfo Giometti <giometti@linux.it>\r']
[08:00:07] host.controller OUT: ['[    0.365576] NET: Registered PF_NETLINK/PF_ROUTE protocol family\r']
[08:00:07] host.compute1 OUT: ['[    0.454458] PTP clock support registered\r']
[08:00:07] host.compute1 OUT: ['[    0.455360] EDAC MC: Ver: 3.0.0\r']
[08:00:07] host.controller OUT: ['[    0.368263] DMA: preallocated 1024 KiB GFP_KERNEL pool for atomic allocations\r']
[08:00:07] host.compute1 OUT: ['[    0.457654] NetLabel: Initializing\r']
[08:00:07] host.compute1 OUT: ['[    0.458229] NetLabel:  domain hash size = 128\r']
[08:00:07] host.compute1 OUT: ['[    0.459127] NetLabel:  protocols = UNLABELED CIPSOv4 CALIPSO\r']
[08:00:07] host.controller OUT: ['[    0.369188] DMA: preallocated 1024 KiB GFP_KERNEL|GFP_DMA pool for atomic allocations\r']
[08:00:07] host.compute1 OUT: ['[    0.461265] NetLabel:  unlabeled traffic allowed by default\r']
[08:00:07] host.controller OUT: ['[    0.370640] DMA: preallocated 1024 KiB GFP_KERNEL|GFP_DMA32 pool for atomic allocations\r']
[08:00:07] host.compute1 OUT: ['[    0.462320] mctp: management component transport protocol core\r']
[08:00:07] host.compute1 OUT: ['[    0.463229] NET: Registered PF_MCTP protocol family\r']
[08:00:07] host.controller OUT: ['[    0.371279] audit: initializing netlink subsys (disabled)\r']
[08:00:07] host.compute1 OUT: ['[    0.464233] PCI: Probing PCI hardware\r']
[08:00:07] host.compute1 OUT: ['[    0.465027] PCI host bridge to bus 0000:00\r']
[08:00:07] host.controller OUT: ['[    0.372381] audit: type=2000 audit(1750406405.376:1): state=initialized audit_enabled=0 res=1\r']
[08:00:07] host.compute1 OUT: ['[    0.465230] pci_bus 0000:00: root bus resource [io  0x0000-0xffff]\r']
[08:00:07] host.compute1 OUT: ['[    0.466229] pci_bus 0000:00: root bus resource [mem 0x00000000-0xffffffffffff]\r']
[08:00:07] host.controller OUT: ["[    0.373526] thermal_sys: Registered thermal governor 'fair_share'\r"]
[08:00:08] host.compute1 OUT: ['[    0.467229] pci_bus 0000:00: No busn resource found for root bus, will use [bus 00-ff]\r']
[08:00:08] host.controller OUT: ["[    0.373530] thermal_sys: Registered thermal governor 'bang_bang'\r"]
[08:00:08] host.controller OUT: ["[    0.374267] thermal_sys: Registered thermal governor 'step_wise'\r"]
[08:00:08] host.compute1 OUT: ['[    0.469234] pci 0000:00:00.0: [8086:1583] type 00 class 0x020000 conventional PCI endpoint\r']
[08:00:08] host.controller OUT: ["[    0.375266] thermal_sys: Registered thermal governor 'user_space'\r"]
[08:00:08] host.compute1 OUT: ['[    0.470423] pci 0000:00:00.0: BAR 0 [mem 0x00000000-0x003fffff]\r']
[08:00:08] host.compute1 OUT: ['[    0.472246] pci 0000:00:00.0: BAR 2 [mem 0x00000000-0x0000001f]\r']
[08:00:08] host.controller OUT: ["[    0.376266] thermal_sys: Registered thermal governor 'power_allocator'\r"]
[08:00:08] host.controller OUT: ['[    0.377293] EISA bus registered\r']
[08:00:08] host.compute1 OUT: ['[    0.473307] pci 0000:00:00.0: BAR 3 [mem 0x00000000-0x00007fff]\r']
[08:00:08] host.controller OUT: ['[    0.379276] cpuidle: using governor ladder\r']
[08:00:08] host.compute1 OUT: ['[    0.474422] pci 0000:00:00.0: ROM [mem 0x00000000-0x000007ff pref]\r']
[08:00:08] host.controller OUT: ['[    0.380270] cpuidle: using governor menu\r']
