[13:31:16] waiting for prereq
[13:31:16] preparing config tar: /local/yiliangw/cxlsim/out/sim/mysql_cxl/0/cfg.controller.tar
[13:31:16] preparing config tar: /local/yiliangw/cxlsim/out/sim/mysql_cxl/0/cfg.compute1.tar
[13:31:16] preparing config tar: /local/yiliangw/cxlsim/out/sim/mysql_cxl/0/cfg.compute2.tar
[13:31:16] prepare_mysql_cxl.0 TERMINATED: 0
[13:31:16] prepare_mysql_cxl.0 TERMINATED: 0
[13:31:16] prepare_mysql_cxl.0 TERMINATED: 0
[13:31:21] starting run  mysql_cxl.0
[13:31:21] mysql_cxl: starting nic.controller.provider
[13:31:21] mysql_cxl: starting nic.controller.management
[13:31:21] mysql_cxl: starting nic.compute1.management
[13:31:21] mysql_cxl: starting nic.compute1.provider
[13:31:21] mysql_cxl: starting nic.compute2.provider
[13:31:21] mysql_cxl: starting nic.compute2.management
[13:31:21] mysql_cxl: waiting for sockets nic.controller.provider
[13:31:21] mysql_cxl: waiting for sockets nic.controller.management
[13:31:21] mysql_cxl: waiting for sockets nic.compute1.management
[13:31:21] mysql_cxl: waiting for sockets nic.compute1.provider
[13:31:21] mysql_cxl: waiting for sockets nic.compute2.provider
[13:31:21] mysql_cxl: waiting for sockets nic.compute2.management
[13:31:21] await_file(/local/yiliangw/cxlsim/out/sim/mysql_cxl/0/dev.pci.controller.provider)
[13:31:21] await_file(/local/yiliangw/cxlsim/out/sim/mysql_cxl/0/nic.eth.controller.provider)
[13:31:21] await_file(/local/yiliangw/cxlsim/out/sim/mysql_cxl/0/dev.pci.controller.management)
[13:31:21] await_file(/local/yiliangw/cxlsim/out/sim/mysql_cxl/0/nic.eth.controller.management)
[13:31:21] await_file(/local/yiliangw/cxlsim/out/sim/mysql_cxl/0/dev.pci.compute1.management)
[13:31:21] await_file(/local/yiliangw/cxlsim/out/sim/mysql_cxl/0/nic.eth.compute1.management)
[13:31:21] await_file(/local/yiliangw/cxlsim/out/sim/mysql_cxl/0/dev.pci.compute1.provider)
[13:31:21] await_file(/local/yiliangw/cxlsim/out/sim/mysql_cxl/0/nic.eth.compute1.provider)
[13:31:21] await_file(/local/yiliangw/cxlsim/out/sim/mysql_cxl/0/dev.pci.compute2.provider)
[13:31:21] await_file(/local/yiliangw/cxlsim/out/sim/mysql_cxl/0/nic.eth.compute2.provider)
[13:31:21] await_file(/local/yiliangw/cxlsim/out/sim/mysql_cxl/0/dev.pci.compute2.management)
[13:31:21] await_file(/local/yiliangw/cxlsim/out/sim/mysql_cxl/0/nic.eth.compute2.management)
[13:31:21] mysql_cxl: started nic.controller.management
[13:31:21] mysql_cxl: started nic.compute1.management
[13:31:21] mysql_cxl: started nic.compute2.provider
[13:31:21] mysql_cxl: started nic.compute2.management
[13:31:21] mysql_cxl: started nic.controller.provider
[13:31:21] mysql_cxl: started nic.compute1.provider
[13:31:21] mysql_cxl: starting net.provider
[13:31:21] mysql_cxl: starting net.management
[13:31:21] net.provider ERR: ['Switch connecting to: /local/yiliangw/cxlsim/out/sim/mysql_cxl/0/nic.eth.controller.provider']
[13:31:21] net.provider ERR: ['Switch connecting to: /local/yiliangw/cxlsim/out/sim/mysql_cxl/0/nic.eth.compute1.provider']
[13:31:21] net.provider ERR: ['Switch connecting to: /local/yiliangw/cxlsim/out/sim/mysql_cxl/0/nic.eth.compute2.provider']
[13:31:21] net.management ERR: ['Switch connecting to: /local/yiliangw/cxlsim/out/sim/mysql_cxl/0/nic.eth.controller.management']
[13:31:21] net.management ERR: ['Switch connecting to: /local/yiliangw/cxlsim/out/sim/mysql_cxl/0/nic.eth.compute1.management']
[13:31:21] net.management ERR: ['Switch connecting to: /local/yiliangw/cxlsim/out/sim/mysql_cxl/0/nic.eth.compute2.management']
[13:31:26] mysql_cxl: started net.provider
[13:31:26] mysql_cxl: started net.management
[13:31:26] mysql_cxl: starting host.controller
[13:31:26] mysql_cxl: starting host.compute1
[13:31:26] mysql_cxl: starting host.compute2
[13:31:26] host.compute2 ERR: ['warn: Physical memory size specified is 8192MB which is greater than 3GB.  Twice the number of memory controllers would be created.']
[13:31:26] host.compute2 OUT: ['Global frequency set at 1000000000000 ticks per second']
[13:31:26] host.controller ERR: ['warn: Physical memory size specified is 8192MB which is greater than 3GB.  Twice the number of memory controllers would be created.']
[13:31:26] host.controller OUT: ['Global frequency set at 1000000000000 ticks per second']
[13:31:26] host.compute1 OUT: ['Global frequency set at 1000000000000 ticks per second']
[13:31:26] host.compute2 ERR: ['warn: No dot file generated. Please install pydot to generate the dot file and pdf.']
[13:31:26] host.compute2 ERR: ['src/mem/dram_interface.cc:690: warn: DRAM device capacity (32768 Mbytes) does not match the address range assigned (4096 Mbytes)']
[13:31:26] host.compute2 ERR: ['src/mem/dram_interface.cc:690: warn: DRAM device capacity (32768 Mbytes) does not match the address range assigned (8192 Mbytes)']
[13:31:26] host.controller ERR: ['warn: No dot file generated. Please install pydot to generate the dot file and pdf.']
[13:31:26] host.controller ERR: ['src/mem/dram_interface.cc:690: warn: DRAM device capacity (32768 Mbytes) does not match the address range assigned (4096 Mbytes)']
[13:31:26] host.controller ERR: ['src/mem/dram_interface.cc:690: warn: DRAM device capacity (32768 Mbytes) does not match the address range assigned (8192 Mbytes)']
[13:31:26] host.compute1 ERR: ['warn: No dot file generated. Please install pydot to generate the dot file and pdf.']
[13:31:26] host.compute1 ERR: ['src/mem/dram_interface.cc:690: warn: DRAM device capacity (2048 Mbytes) does not match the address range assigned (4096 Mbytes)']
[13:31:26] host.compute1 ERR: ['src/mem/dram_interface.cc:690: warn: DRAM device capacity (2048 Mbytes) does not match the address range assigned (4096 Mbytes)']
[13:31:26] host.compute1 ERR: ['src/mem/dram_interface.cc:690: warn: DRAM device capacity (32768 Mbytes) does not match the address range assigned (2048 Mbytes)']
[13:31:27] host.compute2 ERR: ['src/sim/kernel_workload.cc:46: info: kernel located at: /local/yiliangw/cxlsim/out/images/ubuntu/vmlinux']
[13:31:27] host.controller ERR: ['src/sim/kernel_workload.cc:46: info: kernel located at: /local/yiliangw/cxlsim/out/images/ubuntu/vmlinux']
[13:31:27] host.compute1 ERR: ['src/sim/kernel_workload.cc:46: info: kernel located at: /local/yiliangw/cxlsim/out/images/ubuntu/vmlinux']
[13:31:28] host.compute2 ERR: ['src/base/statistics.hh:279: warn: One of the stats is a legacy stat. Legacy stat is a stat that does not belong to any statistics::Group. Legacy stat is deprecated.']
[13:31:28] host.compute2 ERR: ['system.pc.com_1.device: Listening for connections on port 10222']
[13:31:28] host.compute2 ERR: ['system.remote_gdb: Listening for connections on port 7003']
[13:31:28] host.compute2 ERR: ['src/mem/coherent_xbar.cc:140: warn: CoherentXBar system.membus has no snooping ports attached!']
[13:31:28] host.compute2 ERR: ['src/dev/intel_8254_timer.cc:128: warn: Reading current count from inactive timer.']
[13:31:28] nic.compute2.management ERR: ['mac_addr=21011005452']
[13:31:28] nic.compute2.management ERR: ['sync_pci=0 sync_eth=0']
[13:31:28] nic.compute2.provider ERR: ['mac_addr=21111005452']
[13:31:28] nic.compute2.provider ERR: ['sync_pci=0 sync_eth=0']
[13:31:28] host.controller ERR: ['src/base/statistics.hh:279: warn: One of the stats is a legacy stat. Legacy stat is a stat that does not belong to any statistics::Group. Legacy stat is deprecated.']
[13:31:28] host.controller ERR: ['system.pc.com_1.device: Listening for connections on port 10220']
[13:31:28] host.controller ERR: ['system.remote_gdb: Listening for connections on port 7005']
[13:31:28] host.controller ERR: ['src/mem/coherent_xbar.cc:140: warn: CoherentXBar system.membus has no snooping ports attached!']
[13:31:28] host.controller ERR: ['src/dev/intel_8254_timer.cc:128: warn: Reading current count from inactive timer.']
[13:31:28] nic.controller.management ERR: ['mac_addr=1011005452']
[13:31:28] nic.controller.management ERR: ['sync_pci=0 sync_eth=0']
[13:31:28] nic.controller.provider ERR: ['mac_addr=1111005452']
[13:31:28] nic.controller.provider ERR: ['sync_pci=0 sync_eth=0']
[13:31:28] host.compute1 ERR: ['src/base/statistics.hh:279: warn: One of the stats is a legacy stat. Legacy stat is a stat that does not belong to any statistics::Group. Legacy stat is deprecated.']
[13:31:28] host.compute1 ERR: ['system.pc.com_1.device: Listening for connections on port 10221']
[13:31:28] host.compute1 ERR: ['system.remote_gdb: Listening for connections on port 7006']
[13:31:28] host.compute1 ERR: ['src/mem/coherent_xbar.cc:140: warn: CoherentXBar system.membus has no snooping ports attached!']
[13:31:28] host.compute1 ERR: ['src/dev/intel_8254_timer.cc:128: warn: Reading current count from inactive timer.']
[13:31:28] nic.compute1.management ERR: ['mac_addr=11011005452']
[13:31:28] nic.compute1.management ERR: ['sync_pci=0 sync_eth=0']
[13:31:28] nic.compute1.provider ERR: ['mac_addr=11111005452']
[13:31:28] nic.compute1.provider ERR: ['sync_pci=0 sync_eth=0']
[13:31:28] host.compute2 ERR: ['src/cpu/kvm/base.cc:170: info: KVM: Coalesced MMIO disabled by config.']
[13:31:28] host.compute2 OUT: ['gem5 Simulator System.  https://www.gem5.org']
[13:31:28] host.compute2 OUT: ['gem5 is copyrighted software; use the --copyright option for details.']
[13:31:28] host.compute2 OUT: ['']
[13:31:28] host.compute2 OUT: ['gem5 version 24.0.0.1']
[13:31:28] host.compute2 OUT: ['gem5 compiled Jun  9 2025 12:32:54']
[13:31:28] host.compute2 OUT: ['gem5 started Jun 19 2025 13:31:26']
[13:31:28] host.compute2 OUT: ['gem5 executing on nsl-node4, pid 217408']
[13:31:28] host.compute2 OUT: ["command line: /local/yiliangw/cxlsim/sim/simbricks/sims/external/gem5/build/X86/gem5.fast --outdir=/local/yiliangw/cxlsim/out/sim/mysql_cxl/0/gem5-out.compute2 --listener-mode=on /local/yiliangw/cxlsim/sim/simbricks/sims/external/gem5/configs/simbricks/simbricks_cxl.py --cpu-clock=4GHz --sys-clock=1GHz --checkpoint-dir=/local/yiliangw/cxlsim/out/sim/mysql_cxl/0/gem5-cp.compute2 --kernel=/local/yiliangw/cxlsim/out/images/ubuntu/vmlinux --command-line 'earlyprintk=ttyS0 console=ttyS0 no_timer_check memory_corruption_check=0 random.trust_cpu=on net.ifnames=0 raid=noautodetect root=/dev/sda1 simbricks_guest_input=/dev/sdb rw' --disk-image=/local/yiliangw/cxlsim/out/images/ubuntu/disks/mysql/basic/compute2/disk.raw --disk-image=/local/yiliangw/cxlsim/out/sim/mysql_cxl/0/cfg.compute2.tar --cpu-type=X86KvmCPU --mem-size=8192MB --cxl-mem-sz=0 --num-cpus=1 --mem-type=DDR4_2400_16x4 --termport 10222 --max-checkpoints=1 --simbricks-pci=connect:/local/yiliangw/cxlsim/out/sim/mysql_cxl/0/dev.pci.compute2.management:latency=1000ns:sync_interval=1000ns --simbricks-pci=connect:/local/yiliangw/cxlsim/out/sim/mysql_cxl/0/dev.pci.compute2.provider:latency=1000ns:sync_interval=1000ns"]
[13:31:28] host.compute2 OUT: ['']
[13:31:28] host.compute2 OUT: ['adding simbricks pci: connect:/local/yiliangw/cxlsim/out/sim/mysql_cxl/0/dev.pci.compute2.management:latency=1000ns:sync_interval=1000ns']
[13:31:28] host.compute2 OUT: ['adding simbricks pci: connect:/local/yiliangw/cxlsim/out/sim/mysql_cxl/0/dev.pci.compute2.provider:latency=1000ns:sync_interval=1000ns']
[13:31:28] host.compute2 OUT: ['connecting 2 pci & eth simbricks adapters']
[13:31:28] host.compute2 OUT: ['connecting 0 mem simbricks adapters']
[13:31:28] host.compute2 OUT: ['**** REAL SIMULATION ****']
[13:31:28] host.compute2 ERR: ['src/sim/simulate.cc:199: info: Entering event queue @ 0.  Starting simulation...']
[13:31:28] host.compute2 ERR: ['src/arch/x86/kvm/x86_cpu.cc:1688: warn: kvm-x86: MSR (0x3a) unsupported by gem5. Skipping.']
[13:31:28] host.compute2 ERR: ['src/arch/x86/kvm/x86_cpu.cc:1688: warn: kvm-x86: MSR (0xd90) unsupported by gem5. Skipping.']
[13:31:28] host.compute2 ERR: ['src/arch/x86/kvm/x86_cpu.cc:1688: warn: kvm-x86: MSR (0x48) unsupported by gem5. Skipping.']
[13:31:28] host.compute2 ERR: ['src/arch/x86/kvm/x86_cpu.cc:1688: warn: kvm-x86: MSR (0x122) unsupported by gem5. Skipping.']
[13:31:28] host.compute2 ERR: ['src/arch/x86/kvm/x86_cpu.cc:1688: warn: kvm-x86: MSR (0x309) unsupported by gem5. Skipping.']
[13:31:28] host.compute2 ERR: ['src/arch/x86/kvm/x86_cpu.cc:1688: warn: kvm-x86: MSR (0x30a) unsupported by gem5. Skipping.']
[13:31:28] host.compute2 ERR: ['src/arch/x86/kvm/x86_cpu.cc:1688: warn: kvm-x86: MSR (0x30b) unsupported by gem5. Skipping.']
[13:31:28] host.compute2 ERR: ['src/arch/x86/kvm/x86_cpu.cc:1688: warn: kvm-x86: MSR (0x38d) unsupported by gem5. Skipping.']
[13:31:28] host.compute2 ERR: ['src/arch/x86/kvm/x86_cpu.cc:1688: warn: kvm-x86: MSR (0x38e) unsupported by gem5. Skipping.']
[13:31:28] host.compute2 ERR: ['src/arch/x86/kvm/x86_cpu.cc:1688: warn: kvm-x86: MSR (0x38f) unsupported by gem5. Skipping.']
[13:31:28] host.compute2 ERR: ['src/arch/x86/kvm/x86_cpu.cc:1688: warn: kvm-x86: MSR (0x390) unsupported by gem5. Skipping.']
[13:31:28] host.compute2 ERR: ['src/arch/x86/kvm/x86_cpu.cc:1688: warn: kvm-x86: MSR (0x3f1) unsupported by gem5. Skipping.']
[13:31:28] host.compute2 ERR: ['src/arch/x86/kvm/x86_cpu.cc:1688: warn: kvm-x86: MSR (0x600) unsupported by gem5. Skipping.']
[13:31:28] host.compute2 ERR: ['src/arch/x86/kvm/x86_cpu.cc:1688: warn: kvm-x86: MSR (0xc1) unsupported by gem5. Skipping.']
[13:31:28] host.compute2 ERR: ['src/arch/x86/kvm/x86_cpu.cc:1688: warn: kvm-x86: MSR (0xc2) unsupported by gem5. Skipping.']
[13:31:28] host.compute2 ERR: ['src/arch/x86/kvm/x86_cpu.cc:1688: warn: kvm-x86: MSR (0xc3) unsupported by gem5. Skipping.']
[13:31:28] host.compute2 ERR: ['src/arch/x86/kvm/x86_cpu.cc:1688: warn: kvm-x86: MSR (0xc4) unsupported by gem5. Skipping.']
[13:31:28] host.compute2 ERR: ['src/arch/x86/kvm/x86_cpu.cc:1688: warn: kvm-x86: MSR (0x186) unsupported by gem5. Skipping.']
[13:31:28] host.compute2 ERR: ['src/arch/x86/kvm/x86_cpu.cc:1688: warn: kvm-x86: MSR (0x187) unsupported by gem5. Skipping.']
[13:31:28] host.compute2 ERR: ['src/arch/x86/kvm/x86_cpu.cc:1688: warn: kvm-x86: MSR (0x188) unsupported by gem5. Skipping.']
[13:31:28] host.compute2 ERR: ['src/arch/x86/kvm/x86_cpu.cc:1688: warn: kvm-x86: MSR (0x189) unsupported by gem5. Skipping.']
[13:31:28] host.compute2 ERR: ['src/arch/x86/kvm/x86_cpu.cc:1688: warn: kvm-x86: MSR (0x12) unsupported by gem5. Skipping.']
[13:31:28] host.compute2 ERR: ['src/arch/x86/kvm/x86_cpu.cc:1688: warn: kvm-x86: MSR (0x11) unsupported by gem5. Skipping.']
[13:31:28] host.compute2 ERR: ['src/arch/x86/kvm/x86_cpu.cc:1688: warn: kvm-x86: MSR (0x4b564d01) unsupported by gem5. Skipping.']
[13:31:28] host.compute2 ERR: ['src/arch/x86/kvm/x86_cpu.cc:1688: warn: kvm-x86: MSR (0x4b564d00) unsupported by gem5. Skipping.']
[13:31:28] host.compute2 ERR: ['src/arch/x86/kvm/x86_cpu.cc:1688: warn: kvm-x86: MSR (0x40000000) unsupported by gem5. Skipping.']
[13:31:28] host.compute2 ERR: ['src/arch/x86/kvm/x86_cpu.cc:1688: warn: kvm-x86: MSR (0x40000001) unsupported by gem5. Skipping.']
[13:31:28] host.compute2 ERR: ['src/arch/x86/kvm/x86_cpu.cc:1688: warn: kvm-x86: MSR (0x40000020) unsupported by gem5. Skipping.']
[13:31:28] host.compute2 ERR: ['src/arch/x86/kvm/x86_cpu.cc:1688: warn: kvm-x86: MSR (0x40000021) unsupported by gem5. Skipping.']
[13:31:28] host.compute2 ERR: ['src/arch/x86/kvm/x86_cpu.cc:1688: warn: kvm-x86: MSR (0x40000022) unsupported by gem5. Skipping.']
[13:31:28] host.compute2 ERR: ['src/arch/x86/kvm/x86_cpu.cc:1688: warn: kvm-x86: MSR (0x40000023) unsupported by gem5. Skipping.']
[13:31:28] host.compute2 ERR: ['src/arch/x86/kvm/x86_cpu.cc:1688: warn: kvm-x86: MSR (0x40000100) unsupported by gem5. Skipping.']
[13:31:28] host.compute2 ERR: ['src/arch/x86/kvm/x86_cpu.cc:1688: warn: kvm-x86: MSR (0x40000101) unsupported by gem5. Skipping.']
[13:31:28] host.compute2 ERR: ['src/arch/x86/kvm/x86_cpu.cc:1688: warn: kvm-x86: MSR (0x40000102) unsupported by gem5. Skipping.']
[13:31:28] host.compute2 ERR: ['src/arch/x86/kvm/x86_cpu.cc:1688: warn: kvm-x86: MSR (0x40000103) unsupported by gem5. Skipping.']
[13:31:28] host.compute2 ERR: ['src/arch/x86/kvm/x86_cpu.cc:1688: warn: kvm-x86: MSR (0x40000104) unsupported by gem5. Skipping.']
[13:31:28] host.compute2 ERR: ['src/arch/x86/kvm/x86_cpu.cc:1688: warn: kvm-x86: MSR (0x40000105) unsupported by gem5. Skipping.']
[13:31:28] host.compute2 ERR: ['src/arch/x86/kvm/x86_cpu.cc:1688: warn: kvm-x86: MSR (0x40000003) unsupported by gem5. Skipping.']
[13:31:28] host.compute2 ERR: ['src/arch/x86/kvm/x86_cpu.cc:1688: warn: kvm-x86: MSR (0x40000002) unsupported by gem5. Skipping.']
[13:31:28] host.compute2 ERR: ['src/arch/x86/kvm/x86_cpu.cc:1688: warn: kvm-x86: MSR (0x40000010) unsupported by gem5. Skipping.']
[13:31:28] host.compute2 ERR: ['src/arch/x86/kvm/x86_cpu.cc:1688: warn: kvm-x86: MSR (0x40000080) unsupported by gem5. Skipping.']
[13:31:28] host.compute2 ERR: ['src/arch/x86/kvm/x86_cpu.cc:1688: warn: kvm-x86: MSR (0x400000b0) unsupported by gem5. Skipping.']
[13:31:28] host.compute2 ERR: ['src/arch/x86/kvm/x86_cpu.cc:1688: warn: kvm-x86: MSR (0x40000073) unsupported by gem5. Skipping.']
[13:31:28] host.compute2 ERR: ['src/arch/x86/kvm/x86_cpu.cc:1688: warn: kvm-x86: MSR (0x40000106) unsupported by gem5. Skipping.']
[13:31:28] host.compute2 ERR: ['src/arch/x86/kvm/x86_cpu.cc:1688: warn: kvm-x86: MSR (0x40000107) unsupported by gem5. Skipping.']
[13:31:28] host.compute2 ERR: ['src/arch/x86/kvm/x86_cpu.cc:1688: warn: kvm-x86: MSR (0x40000108) unsupported by gem5. Skipping.']
[13:31:28] host.compute2 ERR: ['src/arch/x86/kvm/x86_cpu.cc:1688: warn: kvm-x86: MSR (0x40000118) unsupported by gem5. Skipping.']
[13:31:28] host.compute2 ERR: ['src/arch/x86/kvm/x86_cpu.cc:1688: warn: kvm-x86: MSR (0x400000ff) unsupported by gem5. Skipping.']
[13:31:28] host.compute2 ERR: ['src/arch/x86/kvm/x86_cpu.cc:1688: warn: kvm-x86: MSR (0x400000f1) unsupported by gem5. Skipping.']
[13:31:28] host.compute2 ERR: ['src/arch/x86/kvm/x86_cpu.cc:1688: warn: kvm-x86: MSR (0x400000f2) unsupported by gem5. Skipping.']
[13:31:28] host.compute2 ERR: ['src/arch/x86/kvm/x86_cpu.cc:1688: warn: kvm-x86: MSR (0x400000f3) unsupported by gem5. Skipping.']
[13:31:28] host.compute2 ERR: ['src/arch/x86/kvm/x86_cpu.cc:1688: warn: kvm-x86: MSR (0x400000f4) unsupported by gem5. Skipping.']
[13:31:28] host.compute2 ERR: ['src/arch/x86/kvm/x86_cpu.cc:1688: warn: kvm-x86: MSR (0x400000f5) unsupported by gem5. Skipping.']
[13:31:28] host.compute2 ERR: ['src/arch/x86/kvm/x86_cpu.cc:1688: warn: kvm-x86: MSR (0x4b564d02) unsupported by gem5. Skipping.']
[13:31:28] host.compute2 ERR: ['src/arch/x86/kvm/x86_cpu.cc:1688: warn: kvm-x86: MSR (0x4b564d03) unsupported by gem5. Skipping.']
[13:31:28] host.compute2 ERR: ['src/arch/x86/kvm/x86_cpu.cc:1688: warn: kvm-x86: MSR (0x4b564d04) unsupported by gem5. Skipping.']
[13:31:28] host.compute2 ERR: ['src/arch/x86/kvm/x86_cpu.cc:1688: warn: kvm-x86: MSR (0x4b564d06) unsupported by gem5. Skipping.']
[13:31:28] host.compute2 ERR: ['src/arch/x86/kvm/x86_cpu.cc:1688: warn: kvm-x86: MSR (0x4b564d07) unsupported by gem5. Skipping.']
[13:31:28] host.compute2 ERR: ['src/arch/x86/kvm/x86_cpu.cc:1688: warn: kvm-x86: MSR (0x3b) unsupported by gem5. Skipping.']
[13:31:28] host.compute2 ERR: ['src/arch/x86/kvm/x86_cpu.cc:1688: warn: kvm-x86: MSR (0x6e0) unsupported by gem5. Skipping.']
[13:31:28] host.compute2 ERR: ['src/arch/x86/kvm/x86_cpu.cc:1688: warn: kvm-x86: MSR (0x10a) unsupported by gem5. Skipping.']
[13:31:28] host.compute2 ERR: ['src/arch/x86/kvm/x86_cpu.cc:1688: warn: kvm-x86: MSR (0x345) unsupported by gem5. Skipping.']
[13:31:28] host.compute2 ERR: ['src/arch/x86/kvm/x86_cpu.cc:1688: warn: kvm-x86: MSR (0x1a0) unsupported by gem5. Skipping.']
[13:31:28] host.compute2 ERR: ['src/arch/x86/kvm/x86_cpu.cc:1688: warn: kvm-x86: MSR (0x4d0) unsupported by gem5. Skipping.']
[13:31:28] host.compute2 ERR: ['src/arch/x86/kvm/x86_cpu.cc:1688: warn: kvm-x86: MSR (0x9e) unsupported by gem5. Skipping.']
[13:31:28] host.compute2 ERR: ['src/arch/x86/kvm/x86_cpu.cc:1688: warn: kvm-x86: MSR (0x34) unsupported by gem5. Skipping.']
[13:31:28] host.compute2 ERR: ['src/arch/x86/kvm/x86_cpu.cc:1688: warn: kvm-x86: MSR (0xce) unsupported by gem5. Skipping.']
[13:31:28] host.compute2 ERR: ['src/arch/x86/kvm/x86_cpu.cc:1688: warn: kvm-x86: MSR (0x140) unsupported by gem5. Skipping.']
[13:31:28] host.compute2 ERR: ['src/arch/x86/kvm/x86_cpu.cc:1688: warn: kvm-x86: MSR (0x1fc) unsupported by gem5. Skipping.']
[13:31:28] host.compute2 ERR: ['src/arch/x86/kvm/x86_cpu.cc:1688: warn: kvm-x86: MSR (0x8b) unsupported by gem5. Skipping.']
[13:31:28] host.compute2 ERR: ['src/arch/x86/kvm/x86_cpu.cc:1688: warn: kvm-x86: MSR (0x480) unsupported by gem5. Skipping.']
[13:31:28] host.compute2 ERR: ['src/arch/x86/kvm/x86_cpu.cc:1688: warn: kvm-x86: MSR (0x48d) unsupported by gem5. Skipping.']
[13:31:28] host.compute2 ERR: ['src/arch/x86/kvm/x86_cpu.cc:1688: warn: kvm-x86: MSR (0x48e) unsupported by gem5. Skipping.']
[13:31:28] host.compute2 ERR: ['src/arch/x86/kvm/x86_cpu.cc:1688: warn: kvm-x86: MSR (0x48f) unsupported by gem5. Skipping.']
[13:31:28] host.compute2 ERR: ['src/arch/x86/kvm/x86_cpu.cc:1688: warn: kvm-x86: MSR (0x490) unsupported by gem5. Skipping.']
[13:31:28] host.compute2 ERR: ['src/arch/x86/kvm/x86_cpu.cc:1688: warn: kvm-x86: MSR (0x485) unsupported by gem5. Skipping.']
[13:31:28] host.compute2 ERR: ['src/arch/x86/kvm/x86_cpu.cc:1688: warn: kvm-x86: MSR (0x486) unsupported by gem5. Skipping.']
[13:31:28] host.compute2 ERR: ['src/arch/x86/kvm/x86_cpu.cc:1688: warn: kvm-x86: MSR (0x488) unsupported by gem5. Skipping.']
[13:31:28] host.compute2 ERR: ['src/arch/x86/kvm/x86_cpu.cc:1688: warn: kvm-x86: MSR (0x48a) unsupported by gem5. Skipping.']
[13:31:28] host.compute2 ERR: ['src/arch/x86/kvm/x86_cpu.cc:1688: warn: kvm-x86: MSR (0x48b) unsupported by gem5. Skipping.']
[13:31:28] host.compute2 ERR: ['src/arch/x86/kvm/x86_cpu.cc:1688: warn: kvm-x86: MSR (0x48c) unsupported by gem5. Skipping.']
[13:31:28] host.compute2 ERR: ['src/arch/x86/kvm/x86_cpu.cc:1688: warn: kvm-x86: MSR (0x491) unsupported by gem5. Skipping.']
[13:31:28] host.compute2 ERR: ['src/arch/x86/kvm/x86_cpu.cc:1688: warn: kvm-x86: MSR (0xc0010015) unsupported by gem5. Skipping.']
[13:31:28] host.compute2 ERR: ['src/arch/x86/kvm/x86_cpu.cc:1688: warn: kvm-x86: MSR (0x4b564d05) unsupported by gem5. Skipping.']
[13:31:28] host.compute2 OUT: ['[    0.000000] Linux version 6.10.0 (root@ubuntu) (gcc (Ubuntu 13.3.0-6ubuntu2~24.04) 13.3.0, GNU ld (GNU Binutils for Ubuntu) 2.42) #1 SMP PREEMPT_DYNAMIC Tue Jun 17 15:07:47 UTC 2025\r']
[13:31:28] host.compute2 OUT: ['[    0.000000] Command line: earlyprintk=ttyS0 console=ttyS0 no_timer_check memory_corruption_check=0 random.trust_cpu=on net.ifnames=0 raid=noautodetect root=/dev/sda1 simbricks_guest_input=/dev/sdb rw\r']
[13:31:28] host.compute2 OUT: ['[    0.000000] KERNEL supported cpus:\r']
[13:31:28] host.compute2 OUT: ['[    0.000000]   Intel GenuineIntel\r']
[13:31:28] host.compute2 OUT: ['[    0.000000]   AMD AuthenticAMD\r']
[13:31:28] host.compute2 OUT: ['[    0.000000]   Hygon HygonGenuine\r']
[13:31:28] host.controller ERR: ['src/cpu/kvm/base.cc:170: info: KVM: Coalesced MMIO disabled by config.']
[13:31:28] host.compute2 OUT: ['[    0.000000]   Centaur CentaurHauls\r']
[13:31:28] host.compute2 OUT: ['[    0.000000]   zhaoxin   Shanghai  \r']
[13:31:28] host.compute2 OUT: ['[    0.000000] BIOS-provided physical RAM map:\r']
[13:31:28] host.compute2 OUT: ['[    0.000000] BIOS-e820: [mem 0x0000000000000000-0x000000000009fbff] usable\r']
[13:31:28] host.compute2 OUT: ['[    0.000000] BIOS-e820: [mem 0x000000000009fc00-0x00000000000fffff] reserved\r']
[13:31:28] host.compute2 OUT: ['[    0.000000] BIOS-e820: [mem 0x0000000000100000-0x00000000bfffffff] usable\r']
[13:31:28] host.compute2 OUT: ['[    0.000000] BIOS-e820: [mem 0x00000000ffff0000-0x00000000ffffffff] reserved\r']
[13:31:28] host.compute2 OUT: ['[    0.000000] BIOS-e820: [mem 0x0000000100000000-0x000000023fffffff] usable\r']
[13:31:28] host.compute2 OUT: ['[    0.000000] printk: legacy bootconsole [earlyser0] enabled\r']
[13:31:28] host.controller OUT: ['gem5 Simulator System.  https://www.gem5.org']
[13:31:28] host.controller OUT: ['gem5 is copyrighted software; use the --copyright option for details.']
[13:31:28] host.controller OUT: ['']
[13:31:28] host.controller OUT: ['gem5 version 24.0.0.1']
[13:31:28] host.controller OUT: ['gem5 compiled Jun  9 2025 12:32:54']
[13:31:28] host.controller OUT: ['gem5 started Jun 19 2025 13:31:26']
[13:31:28] host.controller OUT: ['gem5 executing on nsl-node4, pid 217404']
[13:31:28] host.controller OUT: ["command line: /local/yiliangw/cxlsim/sim/simbricks/sims/external/gem5/build/X86/gem5.fast --outdir=/local/yiliangw/cxlsim/out/sim/mysql_cxl/0/gem5-out.controller --listener-mode=on /local/yiliangw/cxlsim/sim/simbricks/sims/external/gem5/configs/simbricks/simbricks_cxl.py --cpu-clock=4GHz --sys-clock=1GHz --checkpoint-dir=/local/yiliangw/cxlsim/out/sim/mysql_cxl/0/gem5-cp.controller --kernel=/local/yiliangw/cxlsim/out/images/ubuntu/vmlinux --command-line 'earlyprintk=ttyS0 console=ttyS0 no_timer_check memory_corruption_check=0 random.trust_cpu=on net.ifnames=0 raid=noautodetect root=/dev/sda1 simbricks_guest_input=/dev/sdb rw' --disk-image=/local/yiliangw/cxlsim/out/images/ubuntu/disks/mysql/basic/controller/disk.raw --disk-image=/local/yiliangw/cxlsim/out/sim/mysql_cxl/0/cfg.controller.tar --cpu-type=X86KvmCPU --mem-size=8192MB --cxl-mem-sz=0 --num-cpus=1 --mem-type=DDR4_2400_16x4 --termport 10220 --max-checkpoints=1 --simbricks-pci=connect:/local/yiliangw/cxlsim/out/sim/mysql_cxl/0/dev.pci.controller.management:latency=1000ns:sync_interval=1000ns --simbricks-pci=connect:/local/yiliangw/cxlsim/out/sim/mysql_cxl/0/dev.pci.controller.provider:latency=1000ns:sync_interval=1000ns"]
[13:31:28] host.controller OUT: ['']
[13:31:28] host.controller OUT: ['adding simbricks pci: connect:/local/yiliangw/cxlsim/out/sim/mysql_cxl/0/dev.pci.controller.management:latency=1000ns:sync_interval=1000ns']
[13:31:28] host.controller OUT: ['adding simbricks pci: connect:/local/yiliangw/cxlsim/out/sim/mysql_cxl/0/dev.pci.controller.provider:latency=1000ns:sync_interval=1000ns']
[13:31:28] host.controller OUT: ['connecting 2 pci & eth simbricks adapters']
[13:31:28] host.controller OUT: ['connecting 0 mem simbricks adapters']
[13:31:28] host.controller OUT: ['**** REAL SIMULATION ****']
[13:31:28] host.controller ERR: ['src/sim/simulate.cc:199: info: Entering event queue @ 0.  Starting simulation...']
[13:31:28] host.controller ERR: ['src/arch/x86/kvm/x86_cpu.cc:1688: warn: kvm-x86: MSR (0x3a) unsupported by gem5. Skipping.']
[13:31:28] host.controller ERR: ['src/arch/x86/kvm/x86_cpu.cc:1688: warn: kvm-x86: MSR (0xd90) unsupported by gem5. Skipping.']
[13:31:28] host.controller ERR: ['src/arch/x86/kvm/x86_cpu.cc:1688: warn: kvm-x86: MSR (0x48) unsupported by gem5. Skipping.']
[13:31:28] host.controller ERR: ['src/arch/x86/kvm/x86_cpu.cc:1688: warn: kvm-x86: MSR (0x122) unsupported by gem5. Skipping.']
[13:31:28] host.controller ERR: ['src/arch/x86/kvm/x86_cpu.cc:1688: warn: kvm-x86: MSR (0x309) unsupported by gem5. Skipping.']
[13:31:28] host.controller ERR: ['src/arch/x86/kvm/x86_cpu.cc:1688: warn: kvm-x86: MSR (0x30a) unsupported by gem5. Skipping.']
[13:31:28] host.controller ERR: ['src/arch/x86/kvm/x86_cpu.cc:1688: warn: kvm-x86: MSR (0x30b) unsupported by gem5. Skipping.']
[13:31:28] host.controller ERR: ['src/arch/x86/kvm/x86_cpu.cc:1688: warn: kvm-x86: MSR (0x38d) unsupported by gem5. Skipping.']
[13:31:28] host.controller ERR: ['src/arch/x86/kvm/x86_cpu.cc:1688: warn: kvm-x86: MSR (0x38e) unsupported by gem5. Skipping.']
[13:31:28] host.controller ERR: ['src/arch/x86/kvm/x86_cpu.cc:1688: warn: kvm-x86: MSR (0x38f) unsupported by gem5. Skipping.']
[13:31:28] host.controller ERR: ['src/arch/x86/kvm/x86_cpu.cc:1688: warn: kvm-x86: MSR (0x390) unsupported by gem5. Skipping.']
[13:31:28] host.controller ERR: ['src/arch/x86/kvm/x86_cpu.cc:1688: warn: kvm-x86: MSR (0x3f1) unsupported by gem5. Skipping.']
[13:31:28] host.controller ERR: ['src/arch/x86/kvm/x86_cpu.cc:1688: warn: kvm-x86: MSR (0x600) unsupported by gem5. Skipping.']
[13:31:28] host.controller ERR: ['src/arch/x86/kvm/x86_cpu.cc:1688: warn: kvm-x86: MSR (0xc1) unsupported by gem5. Skipping.']
[13:31:28] host.controller ERR: ['src/arch/x86/kvm/x86_cpu.cc:1688: warn: kvm-x86: MSR (0xc2) unsupported by gem5. Skipping.']
[13:31:28] host.controller ERR: ['src/arch/x86/kvm/x86_cpu.cc:1688: warn: kvm-x86: MSR (0xc3) unsupported by gem5. Skipping.']
[13:31:28] host.controller ERR: ['src/arch/x86/kvm/x86_cpu.cc:1688: warn: kvm-x86: MSR (0xc4) unsupported by gem5. Skipping.']
[13:31:28] host.controller ERR: ['src/arch/x86/kvm/x86_cpu.cc:1688: warn: kvm-x86: MSR (0x186) unsupported by gem5. Skipping.']
[13:31:28] host.controller ERR: ['src/arch/x86/kvm/x86_cpu.cc:1688: warn: kvm-x86: MSR (0x187) unsupported by gem5. Skipping.']
[13:31:28] host.controller ERR: ['src/arch/x86/kvm/x86_cpu.cc:1688: warn: kvm-x86: MSR (0x188) unsupported by gem5. Skipping.']
[13:31:28] host.controller ERR: ['src/arch/x86/kvm/x86_cpu.cc:1688: warn: kvm-x86: MSR (0x189) unsupported by gem5. Skipping.']
[13:31:28] host.controller ERR: ['src/arch/x86/kvm/x86_cpu.cc:1688: warn: kvm-x86: MSR (0x12) unsupported by gem5. Skipping.']
[13:31:28] host.controller ERR: ['src/arch/x86/kvm/x86_cpu.cc:1688: warn: kvm-x86: MSR (0x11) unsupported by gem5. Skipping.']
[13:31:28] host.controller ERR: ['src/arch/x86/kvm/x86_cpu.cc:1688: warn: kvm-x86: MSR (0x4b564d01) unsupported by gem5. Skipping.']
[13:31:28] host.controller ERR: ['src/arch/x86/kvm/x86_cpu.cc:1688: warn: kvm-x86: MSR (0x4b564d00) unsupported by gem5. Skipping.']
[13:31:28] host.controller ERR: ['src/arch/x86/kvm/x86_cpu.cc:1688: warn: kvm-x86: MSR (0x40000000) unsupported by gem5. Skipping.']
[13:31:28] host.controller ERR: ['src/arch/x86/kvm/x86_cpu.cc:1688: warn: kvm-x86: MSR (0x40000001) unsupported by gem5. Skipping.']
[13:31:28] host.controller ERR: ['src/arch/x86/kvm/x86_cpu.cc:1688: warn: kvm-x86: MSR (0x40000020) unsupported by gem5. Skipping.']
[13:31:28] host.controller ERR: ['src/arch/x86/kvm/x86_cpu.cc:1688: warn: kvm-x86: MSR (0x40000021) unsupported by gem5. Skipping.']
[13:31:28] host.controller ERR: ['src/arch/x86/kvm/x86_cpu.cc:1688: warn: kvm-x86: MSR (0x40000022) unsupported by gem5. Skipping.']
[13:31:28] host.controller ERR: ['src/arch/x86/kvm/x86_cpu.cc:1688: warn: kvm-x86: MSR (0x40000023) unsupported by gem5. Skipping.']
[13:31:28] host.controller ERR: ['src/arch/x86/kvm/x86_cpu.cc:1688: warn: kvm-x86: MSR (0x40000100) unsupported by gem5. Skipping.']
[13:31:28] host.controller ERR: ['src/arch/x86/kvm/x86_cpu.cc:1688: warn: kvm-x86: MSR (0x40000101) unsupported by gem5. Skipping.']
[13:31:28] host.controller ERR: ['src/arch/x86/kvm/x86_cpu.cc:1688: warn: kvm-x86: MSR (0x40000102) unsupported by gem5. Skipping.']
[13:31:28] host.controller ERR: ['src/arch/x86/kvm/x86_cpu.cc:1688: warn: kvm-x86: MSR (0x40000103) unsupported by gem5. Skipping.']
[13:31:28] host.controller ERR: ['src/arch/x86/kvm/x86_cpu.cc:1688: warn: kvm-x86: MSR (0x40000104) unsupported by gem5. Skipping.']
[13:31:28] host.controller ERR: ['src/arch/x86/kvm/x86_cpu.cc:1688: warn: kvm-x86: MSR (0x40000105) unsupported by gem5. Skipping.']
[13:31:28] host.controller ERR: ['src/arch/x86/kvm/x86_cpu.cc:1688: warn: kvm-x86: MSR (0x40000003) unsupported by gem5. Skipping.']
[13:31:28] host.controller ERR: ['src/arch/x86/kvm/x86_cpu.cc:1688: warn: kvm-x86: MSR (0x40000002) unsupported by gem5. Skipping.']
[13:31:28] host.controller ERR: ['src/arch/x86/kvm/x86_cpu.cc:1688: warn: kvm-x86: MSR (0x40000010) unsupported by gem5. Skipping.']
[13:31:28] host.controller ERR: ['src/arch/x86/kvm/x86_cpu.cc:1688: warn: kvm-x86: MSR (0x40000080) unsupported by gem5. Skipping.']
[13:31:28] host.controller ERR: ['src/arch/x86/kvm/x86_cpu.cc:1688: warn: kvm-x86: MSR (0x400000b0) unsupported by gem5. Skipping.']
[13:31:28] host.controller ERR: ['src/arch/x86/kvm/x86_cpu.cc:1688: warn: kvm-x86: MSR (0x40000073) unsupported by gem5. Skipping.']
[13:31:28] host.controller ERR: ['src/arch/x86/kvm/x86_cpu.cc:1688: warn: kvm-x86: MSR (0x40000106) unsupported by gem5. Skipping.']
[13:31:28] host.controller ERR: ['src/arch/x86/kvm/x86_cpu.cc:1688: warn: kvm-x86: MSR (0x40000107) unsupported by gem5. Skipping.']
[13:31:28] host.controller ERR: ['src/arch/x86/kvm/x86_cpu.cc:1688: warn: kvm-x86: MSR (0x40000108) unsupported by gem5. Skipping.']
[13:31:28] host.controller ERR: ['src/arch/x86/kvm/x86_cpu.cc:1688: warn: kvm-x86: MSR (0x40000118) unsupported by gem5. Skipping.']
[13:31:28] host.controller ERR: ['src/arch/x86/kvm/x86_cpu.cc:1688: warn: kvm-x86: MSR (0x400000ff) unsupported by gem5. Skipping.']
[13:31:28] host.controller ERR: ['src/arch/x86/kvm/x86_cpu.cc:1688: warn: kvm-x86: MSR (0x400000f1) unsupported by gem5. Skipping.']
[13:31:28] host.controller ERR: ['src/arch/x86/kvm/x86_cpu.cc:1688: warn: kvm-x86: MSR (0x400000f2) unsupported by gem5. Skipping.']
[13:31:28] host.controller ERR: ['src/arch/x86/kvm/x86_cpu.cc:1688: warn: kvm-x86: MSR (0x400000f3) unsupported by gem5. Skipping.']
[13:31:28] host.controller ERR: ['src/arch/x86/kvm/x86_cpu.cc:1688: warn: kvm-x86: MSR (0x400000f4) unsupported by gem5. Skipping.']
[13:31:28] host.controller ERR: ['src/arch/x86/kvm/x86_cpu.cc:1688: warn: kvm-x86: MSR (0x400000f5) unsupported by gem5. Skipping.']
[13:31:28] host.controller ERR: ['src/arch/x86/kvm/x86_cpu.cc:1688: warn: kvm-x86: MSR (0x4b564d02) unsupported by gem5. Skipping.']
[13:31:28] host.controller ERR: ['src/arch/x86/kvm/x86_cpu.cc:1688: warn: kvm-x86: MSR (0x4b564d03) unsupported by gem5. Skipping.']
[13:31:28] host.controller ERR: ['src/arch/x86/kvm/x86_cpu.cc:1688: warn: kvm-x86: MSR (0x4b564d04) unsupported by gem5. Skipping.']
[13:31:28] host.controller ERR: ['src/arch/x86/kvm/x86_cpu.cc:1688: warn: kvm-x86: MSR (0x4b564d06) unsupported by gem5. Skipping.']
[13:31:28] host.controller ERR: ['src/arch/x86/kvm/x86_cpu.cc:1688: warn: kvm-x86: MSR (0x4b564d07) unsupported by gem5. Skipping.']
[13:31:28] host.controller ERR: ['src/arch/x86/kvm/x86_cpu.cc:1688: warn: kvm-x86: MSR (0x3b) unsupported by gem5. Skipping.']
[13:31:28] host.controller ERR: ['src/arch/x86/kvm/x86_cpu.cc:1688: warn: kvm-x86: MSR (0x6e0) unsupported by gem5. Skipping.']
[13:31:28] host.controller ERR: ['src/arch/x86/kvm/x86_cpu.cc:1688: warn: kvm-x86: MSR (0x10a) unsupported by gem5. Skipping.']
[13:31:28] host.controller ERR: ['src/arch/x86/kvm/x86_cpu.cc:1688: warn: kvm-x86: MSR (0x345) unsupported by gem5. Skipping.']
[13:31:28] host.controller ERR: ['src/arch/x86/kvm/x86_cpu.cc:1688: warn: kvm-x86: MSR (0x1a0) unsupported by gem5. Skipping.']
[13:31:28] host.controller ERR: ['src/arch/x86/kvm/x86_cpu.cc:1688: warn: kvm-x86: MSR (0x4d0) unsupported by gem5. Skipping.']
[13:31:28] host.controller ERR: ['src/arch/x86/kvm/x86_cpu.cc:1688: warn: kvm-x86: MSR (0x9e) unsupported by gem5. Skipping.']
[13:31:28] host.controller ERR: ['src/arch/x86/kvm/x86_cpu.cc:1688: warn: kvm-x86: MSR (0x34) unsupported by gem5. Skipping.']
[13:31:28] host.controller ERR: ['src/arch/x86/kvm/x86_cpu.cc:1688: warn: kvm-x86: MSR (0xce) unsupported by gem5. Skipping.']
[13:31:28] host.controller ERR: ['src/arch/x86/kvm/x86_cpu.cc:1688: warn: kvm-x86: MSR (0x140) unsupported by gem5. Skipping.']
[13:31:28] host.controller ERR: ['src/arch/x86/kvm/x86_cpu.cc:1688: warn: kvm-x86: MSR (0x1fc) unsupported by gem5. Skipping.']
[13:31:28] host.controller ERR: ['src/arch/x86/kvm/x86_cpu.cc:1688: warn: kvm-x86: MSR (0x8b) unsupported by gem5. Skipping.']
[13:31:28] host.controller ERR: ['src/arch/x86/kvm/x86_cpu.cc:1688: warn: kvm-x86: MSR (0x480) unsupported by gem5. Skipping.']
[13:31:28] host.controller ERR: ['src/arch/x86/kvm/x86_cpu.cc:1688: warn: kvm-x86: MSR (0x48d) unsupported by gem5. Skipping.']
[13:31:28] host.controller ERR: ['src/arch/x86/kvm/x86_cpu.cc:1688: warn: kvm-x86: MSR (0x48e) unsupported by gem5. Skipping.']
[13:31:28] host.controller ERR: ['src/arch/x86/kvm/x86_cpu.cc:1688: warn: kvm-x86: MSR (0x48f) unsupported by gem5. Skipping.']
[13:31:28] host.controller ERR: ['src/arch/x86/kvm/x86_cpu.cc:1688: warn: kvm-x86: MSR (0x490) unsupported by gem5. Skipping.']
[13:31:28] host.controller ERR: ['src/arch/x86/kvm/x86_cpu.cc:1688: warn: kvm-x86: MSR (0x485) unsupported by gem5. Skipping.']
[13:31:28] host.controller ERR: ['src/arch/x86/kvm/x86_cpu.cc:1688: warn: kvm-x86: MSR (0x486) unsupported by gem5. Skipping.']
[13:31:28] host.controller ERR: ['src/arch/x86/kvm/x86_cpu.cc:1688: warn: kvm-x86: MSR (0x488) unsupported by gem5. Skipping.']
[13:31:28] host.controller ERR: ['src/arch/x86/kvm/x86_cpu.cc:1688: warn: kvm-x86: MSR (0x48a) unsupported by gem5. Skipping.']
[13:31:28] host.controller ERR: ['src/arch/x86/kvm/x86_cpu.cc:1688: warn: kvm-x86: MSR (0x48b) unsupported by gem5. Skipping.']
[13:31:28] host.controller ERR: ['src/arch/x86/kvm/x86_cpu.cc:1688: warn: kvm-x86: MSR (0x48c) unsupported by gem5. Skipping.']
[13:31:28] host.controller ERR: ['src/arch/x86/kvm/x86_cpu.cc:1688: warn: kvm-x86: MSR (0x491) unsupported by gem5. Skipping.']
[13:31:28] host.controller ERR: ['src/arch/x86/kvm/x86_cpu.cc:1688: warn: kvm-x86: MSR (0xc0010015) unsupported by gem5. Skipping.']
[13:31:28] host.controller ERR: ['src/arch/x86/kvm/x86_cpu.cc:1688: warn: kvm-x86: MSR (0x4b564d05) unsupported by gem5. Skipping.']
[13:31:28] host.compute2 OUT: ['[    0.000000] NX (Execute Disable) protection: active\r']
[13:31:28] host.compute2 OUT: ['[    0.000000] APIC: Static calls initialized\r']
[13:31:28] host.compute2 OUT: ['[    0.000000] SMBIOS 2.5 present.\r']
[13:31:28] host.compute2 OUT: ['[    0.000000] DMI:  , BIOS  06/08/2008\r']
[13:31:28] host.compute2 OUT: ['[    0.000000] DMI: Memory slots populated: 0/0\r']
[13:31:28] host.compute2 OUT: ['[    0.000000] last_pfn = 0x240000 max_arch_pfn = 0x400000000\r']
[13:31:28] host.compute2 OUT: ['[    0.000000] MTRRs disabled by BIOS\r']
[13:31:28] host.compute2 OUT: ['[    0.000000] x86/PAT: Configuration [0-7]: WB  WC  UC- UC  WB  WP  UC- WT  \r']
[13:31:28] host.compute2 OUT: ['[    0.000000] last_pfn = 0xc0000 max_arch_pfn = 0x400000000\r']
[13:31:28] host.compute2 OUT: ['[    0.000000] found SMP MP-table at [mem 0x000f0050-0x000f005f]\r']
[13:31:28] host.compute2 OUT: ['[    0.000000] ACPI: Early table checksum verification disabled\r']
[13:31:28] host.compute2 OUT: ['[    0.000000] ACPI: RSDP 0x00000000000F01C0 000024 (v02       )\r']
[13:31:28] host.compute2 OUT: ['[    0.000000] ACPI: XSDT 0x00000000000F0208 000024 (v01                 00000000      00000000)\r']
[13:31:28] host.compute2 OUT: ['[    0.000000] ACPI BIOS Error (bug): Invalid table length 0x24 in RSDT/XSDT (20240322/tbutils-285)\r']
[13:31:28] host.compute2 OUT: ['[    0.000000] Intel MultiProcessor Specification v1.4\r']
[13:31:28] host.compute2 OUT: ['[    0.000000] MPTABLE: OEM ID: \r']
[13:31:28] host.compute2 OUT: ['[    0.000000] MPTABLE: Product ID: \r']
[13:31:28] host.compute2 OUT: ['[    0.000000] MPTABLE: APIC at: 0xFEE00000\r']
[13:31:28] host.compute2 OUT: ['[    0.000000] No NUMA configuration found\r']
[13:31:28] host.controller OUT: ['[    0.000000] Linux version 6.10.0 (root@ubuntu) (gcc (Ubuntu 13.3.0-6ubuntu2~24.04) 13.3.0, GNU ld (GNU Binutils for Ubuntu) 2.42) #1 SMP PREEMPT_DYNAMIC Tue Jun 17 15:07:47 UTC 2025\r']
[13:31:28] host.compute2 OUT: ['[    0.000000] Faking a node at [mem 0x0000000000000000-0x000000023fffffff]\r']
[13:31:28] host.compute2 OUT: ['[    0.000000] NODE_DATA(0) allocated [mem 0x23ffd3000-0x23fffdfff]\r']
[13:31:28] host.compute2 OUT: ['[    0.000000] Zone ranges:\r']
[13:31:28] host.compute2 OUT: ['[    0.000000]   DMA      [mem 0x0000000000001000-0x0000000000ffffff]\r']
[13:31:28] host.compute2 OUT: ['[    0.000000]   DMA32    [mem 0x0000000001000000-0x00000000ffffffff]\r']
[13:31:28] host.controller OUT: ['[    0.000000] Command line: earlyprintk=ttyS0 console=ttyS0 no_timer_check memory_corruption_check=0 random.trust_cpu=on net.ifnames=0 raid=noautodetect root=/dev/sda1 simbricks_guest_input=/dev/sdb rw\r']
[13:31:28] host.compute2 OUT: ['[    0.000000]   Normal   [mem 0x0000000100000000-0x000000023fffffff]\r']
[13:31:28] host.controller OUT: ['[    0.000000] KERNEL supported cpus:\r']
[13:31:28] host.compute2 OUT: ['[    0.000000]   Device   empty\r']
[13:31:28] host.controller OUT: ['[    0.000000]   Intel GenuineIntel\r']
[13:31:28] host.compute2 OUT: ['[    0.000000] Movable zone start for each node\r']
[13:31:28] host.controller OUT: ['[    0.000000]   AMD AuthenticAMD\r']
[13:31:28] host.compute2 OUT: ['[    0.000000] Early memory node ranges\r']
[13:31:28] host.controller OUT: ['[    0.000000]   Hygon HygonGenuine\r']
[13:31:28] host.compute2 OUT: ['[    0.000000]   node   0: [mem 0x0000000000001000-0x000000000009efff]\r']
[13:31:28] host.controller OUT: ['[    0.000000]   Centaur CentaurHauls\r']
[13:31:28] host.compute2 OUT: ['[    0.000000]   node   0: [mem 0x0000000000100000-0x00000000bfffffff]\r']
[13:31:28] host.controller OUT: ['[    0.000000]   zhaoxin   Shanghai  \r']
[13:31:28] host.compute2 OUT: ['[    0.000000]   node   0: [mem 0x0000000100000000-0x000000023fffffff]\r']
[13:31:28] host.controller OUT: ['[    0.000000] BIOS-provided physical RAM map:\r']
[13:31:28] host.compute2 OUT: ['[    0.000000] Initmem setup node 0 [mem 0x0000000000001000-0x000000023fffffff]\r']
[13:31:28] host.controller OUT: ['[    0.000000] BIOS-e820: [mem 0x0000000000000000-0x000000000009fbff] usable\r']
[13:31:28] host.compute2 OUT: ['[    0.000000] On node 0, zone DMA: 1 pages in unavailable ranges\r']
[13:31:28] host.compute2 OUT: ['[    0.000000] On node 0, zone DMA: 97 pages in unavailable ranges\r']
[13:31:28] host.controller OUT: ['[    0.000000] BIOS-e820: [mem 0x000000000009fc00-0x00000000000fffff] reserved\r']
[13:31:28] host.controller OUT: ['[    0.000000] BIOS-e820: [mem 0x0000000000100000-0x00000000bfffffff] usable\r']
[13:31:28] host.controller OUT: ['[    0.000000] BIOS-e820: [mem 0x00000000ffff0000-0x00000000ffffffff] reserved\r']
[13:31:28] host.controller OUT: ['[    0.000000] BIOS-e820: [mem 0x0000000100000000-0x000000023fffffff] usable\r']
[13:31:28] host.controller OUT: ['[    0.000000] printk: legacy bootconsole [earlyser0] enabled\r']
[13:31:28] host.controller OUT: ['[    0.000000] NX (Execute Disable) protection: active\r']
[13:31:28] host.controller OUT: ['[    0.000000] APIC: Static calls initialized\r']
[13:31:28] host.controller OUT: ['[    0.000000] SMBIOS 2.5 present.\r']
[13:31:28] host.controller OUT: ['[    0.000000] DMI:  , BIOS  06/08/2008\r']
[13:31:28] host.controller OUT: ['[    0.000000] DMI: Memory slots populated: 0/0\r']
[13:31:28] host.controller OUT: ['[    0.000000] last_pfn = 0x240000 max_arch_pfn = 0x400000000\r']
[13:31:28] host.controller OUT: ['[    0.000000] MTRRs disabled by BIOS\r']
[13:31:28] host.controller OUT: ['[    0.000000] x86/PAT: Configuration [0-7]: WB  WC  UC- UC  WB  WP  UC- WT  \r']
[13:31:28] host.controller OUT: ['[    0.000000] last_pfn = 0xc0000 max_arch_pfn = 0x400000000\r']
[13:31:28] host.controller OUT: ['[    0.000000] found SMP MP-table at [mem 0x000f0050-0x000f005f]\r']
[13:31:28] host.controller OUT: ['[    0.000000] ACPI: Early table checksum verification disabled\r']
[13:31:28] host.controller OUT: ['[    0.000000] ACPI: RSDP 0x00000000000F01C0 000024 (v02       )\r']
[13:31:28] host.controller OUT: ['[    0.000000] ACPI: XSDT 0x00000000000F0208 000024 (v01                 00000000      00000000)\r']
[13:31:28] host.compute1 ERR: ['src/cpu/kvm/base.cc:170: info: KVM: Coalesced MMIO disabled by config.']
[13:31:28] host.controller OUT: ['[    0.000000] ACPI BIOS Error (bug): Invalid table length 0x24 in RSDT/XSDT (20240322/tbutils-285)\r']
[13:31:28] host.controller OUT: ['[    0.000000] Intel MultiProcessor Specification v1.4\r']
[13:31:28] host.controller OUT: ['[    0.000000] MPTABLE: OEM ID: \r']
[13:31:28] host.controller OUT: ['[    0.000000] MPTABLE: Product ID: \r']
[13:31:28] host.controller OUT: ['[    0.000000] MPTABLE: APIC at: 0xFEE00000\r']
[13:31:28] host.controller OUT: ['[    0.000000] No NUMA configuration found\r']
[13:31:28] host.compute1 OUT: ['gem5 Simulator System.  https://www.gem5.org']
[13:31:28] host.compute1 OUT: ['gem5 is copyrighted software; use the --copyright option for details.']
[13:31:28] host.compute1 OUT: ['']
[13:31:28] host.compute1 OUT: ['gem5 version 24.0.0.1']
[13:31:28] host.compute1 OUT: ['gem5 compiled Jun  9 2025 12:32:54']
[13:31:28] host.compute1 OUT: ['gem5 started Jun 19 2025 13:31:26']
[13:31:28] host.compute1 OUT: ['gem5 executing on nsl-node4, pid 217406']
[13:31:28] host.compute1 OUT: ["command line: /local/yiliangw/cxlsim/sim/simbricks/sims/external/gem5/build/X86/gem5.fast --outdir=/local/yiliangw/cxlsim/out/sim/mysql_cxl/0/gem5-out.compute1 --listener-mode=on /local/yiliangw/cxlsim/sim/simbricks/sims/external/gem5/configs/simbricks/simbricks_cxl.py --cpu-clock=4GHz --sys-clock=1GHz --checkpoint-dir=/local/yiliangw/cxlsim/out/sim/mysql_cxl/0/gem5-cp.compute1 --kernel=/local/yiliangw/cxlsim/out/images/ubuntu/vmlinux --command-line 'earlyprintk=ttyS0 console=ttyS0 no_timer_check memory_corruption_check=0 random.trust_cpu=on net.ifnames=0 raid=noautodetect root=/dev/sda1 simbricks_guest_input=/dev/sdb rw' --disk-image=/local/yiliangw/cxlsim/out/images/ubuntu/disks/mysql/basic/compute1/disk.raw --disk-image=/local/yiliangw/cxlsim/out/sim/mysql_cxl/0/cfg.compute1.tar --cpu-type=X86KvmCPU --mem-size=2048MB --cxl-mem-sz=8192 --num-cpus=1 --mem-type=DDR4_2400_16x4 --termport 10221 --max-checkpoints=1 --simbricks-pci=connect:/local/yiliangw/cxlsim/out/sim/mysql_cxl/0/dev.pci.compute1.management:latency=1000ns:sync_interval=1000ns --simbricks-pci=connect:/local/yiliangw/cxlsim/out/sim/mysql_cxl/0/dev.pci.compute1.provider:latency=1000ns:sync_interval=1000ns"]
[13:31:28] host.compute1 OUT: ['']
[13:31:28] host.compute1 OUT: ['adding simbricks pci: connect:/local/yiliangw/cxlsim/out/sim/mysql_cxl/0/dev.pci.compute1.management:latency=1000ns:sync_interval=1000ns']
[13:31:28] host.compute1 OUT: ['adding simbricks pci: connect:/local/yiliangw/cxlsim/out/sim/mysql_cxl/0/dev.pci.compute1.provider:latency=1000ns:sync_interval=1000ns']
[13:31:28] host.compute1 OUT: ['connecting 2 pci & eth simbricks adapters']
[13:31:28] host.compute1 OUT: ['connecting 0 mem simbricks adapters']
[13:31:28] host.compute1 OUT: ['**** REAL SIMULATION ****']
[13:31:28] host.compute1 ERR: ['src/sim/simulate.cc:199: info: Entering event queue @ 0.  Starting simulation...']
[13:31:28] host.compute1 ERR: ['src/arch/x86/kvm/x86_cpu.cc:1688: warn: kvm-x86: MSR (0x3a) unsupported by gem5. Skipping.']
[13:31:28] host.compute1 ERR: ['src/arch/x86/kvm/x86_cpu.cc:1688: warn: kvm-x86: MSR (0xd90) unsupported by gem5. Skipping.']
[13:31:28] host.compute1 ERR: ['src/arch/x86/kvm/x86_cpu.cc:1688: warn: kvm-x86: MSR (0x48) unsupported by gem5. Skipping.']
[13:31:28] host.compute1 ERR: ['src/arch/x86/kvm/x86_cpu.cc:1688: warn: kvm-x86: MSR (0x122) unsupported by gem5. Skipping.']
[13:31:28] host.compute1 ERR: ['src/arch/x86/kvm/x86_cpu.cc:1688: warn: kvm-x86: MSR (0x309) unsupported by gem5. Skipping.']
[13:31:28] host.compute1 ERR: ['src/arch/x86/kvm/x86_cpu.cc:1688: warn: kvm-x86: MSR (0x30a) unsupported by gem5. Skipping.']
[13:31:28] host.compute1 ERR: ['src/arch/x86/kvm/x86_cpu.cc:1688: warn: kvm-x86: MSR (0x30b) unsupported by gem5. Skipping.']
[13:31:28] host.compute1 ERR: ['src/arch/x86/kvm/x86_cpu.cc:1688: warn: kvm-x86: MSR (0x38d) unsupported by gem5. Skipping.']
[13:31:28] host.compute1 ERR: ['src/arch/x86/kvm/x86_cpu.cc:1688: warn: kvm-x86: MSR (0x38e) unsupported by gem5. Skipping.']
[13:31:28] host.compute1 ERR: ['src/arch/x86/kvm/x86_cpu.cc:1688: warn: kvm-x86: MSR (0x38f) unsupported by gem5. Skipping.']
[13:31:28] host.compute1 ERR: ['src/arch/x86/kvm/x86_cpu.cc:1688: warn: kvm-x86: MSR (0x390) unsupported by gem5. Skipping.']
[13:31:28] host.compute1 ERR: ['src/arch/x86/kvm/x86_cpu.cc:1688: warn: kvm-x86: MSR (0x3f1) unsupported by gem5. Skipping.']
[13:31:28] host.compute1 ERR: ['src/arch/x86/kvm/x86_cpu.cc:1688: warn: kvm-x86: MSR (0x600) unsupported by gem5. Skipping.']
[13:31:28] host.compute1 ERR: ['src/arch/x86/kvm/x86_cpu.cc:1688: warn: kvm-x86: MSR (0xc1) unsupported by gem5. Skipping.']
[13:31:28] host.compute1 ERR: ['src/arch/x86/kvm/x86_cpu.cc:1688: warn: kvm-x86: MSR (0xc2) unsupported by gem5. Skipping.']
[13:31:28] host.compute1 ERR: ['src/arch/x86/kvm/x86_cpu.cc:1688: warn: kvm-x86: MSR (0xc3) unsupported by gem5. Skipping.']
[13:31:28] host.compute1 ERR: ['src/arch/x86/kvm/x86_cpu.cc:1688: warn: kvm-x86: MSR (0xc4) unsupported by gem5. Skipping.']
[13:31:28] host.compute1 ERR: ['src/arch/x86/kvm/x86_cpu.cc:1688: warn: kvm-x86: MSR (0x186) unsupported by gem5. Skipping.']
[13:31:28] host.compute1 ERR: ['src/arch/x86/kvm/x86_cpu.cc:1688: warn: kvm-x86: MSR (0x187) unsupported by gem5. Skipping.']
[13:31:28] host.compute1 ERR: ['src/arch/x86/kvm/x86_cpu.cc:1688: warn: kvm-x86: MSR (0x188) unsupported by gem5. Skipping.']
[13:31:28] host.compute1 ERR: ['src/arch/x86/kvm/x86_cpu.cc:1688: warn: kvm-x86: MSR (0x189) unsupported by gem5. Skipping.']
[13:31:28] host.compute1 ERR: ['src/arch/x86/kvm/x86_cpu.cc:1688: warn: kvm-x86: MSR (0x12) unsupported by gem5. Skipping.']
[13:31:28] host.compute1 ERR: ['src/arch/x86/kvm/x86_cpu.cc:1688: warn: kvm-x86: MSR (0x11) unsupported by gem5. Skipping.']
[13:31:28] host.compute1 ERR: ['src/arch/x86/kvm/x86_cpu.cc:1688: warn: kvm-x86: MSR (0x4b564d01) unsupported by gem5. Skipping.']
[13:31:28] host.compute1 ERR: ['src/arch/x86/kvm/x86_cpu.cc:1688: warn: kvm-x86: MSR (0x4b564d00) unsupported by gem5. Skipping.']
[13:31:28] host.compute1 ERR: ['src/arch/x86/kvm/x86_cpu.cc:1688: warn: kvm-x86: MSR (0x40000000) unsupported by gem5. Skipping.']
[13:31:28] host.compute1 ERR: ['src/arch/x86/kvm/x86_cpu.cc:1688: warn: kvm-x86: MSR (0x40000001) unsupported by gem5. Skipping.']
[13:31:28] host.compute1 ERR: ['src/arch/x86/kvm/x86_cpu.cc:1688: warn: kvm-x86: MSR (0x40000020) unsupported by gem5. Skipping.']
[13:31:28] host.compute1 ERR: ['src/arch/x86/kvm/x86_cpu.cc:1688: warn: kvm-x86: MSR (0x40000021) unsupported by gem5. Skipping.']
[13:31:28] host.compute1 ERR: ['src/arch/x86/kvm/x86_cpu.cc:1688: warn: kvm-x86: MSR (0x40000022) unsupported by gem5. Skipping.']
[13:31:28] host.compute1 ERR: ['src/arch/x86/kvm/x86_cpu.cc:1688: warn: kvm-x86: MSR (0x40000023) unsupported by gem5. Skipping.']
[13:31:28] host.compute1 ERR: ['src/arch/x86/kvm/x86_cpu.cc:1688: warn: kvm-x86: MSR (0x40000100) unsupported by gem5. Skipping.']
[13:31:28] host.compute1 ERR: ['src/arch/x86/kvm/x86_cpu.cc:1688: warn: kvm-x86: MSR (0x40000101) unsupported by gem5. Skipping.']
[13:31:28] host.compute1 ERR: ['src/arch/x86/kvm/x86_cpu.cc:1688: warn: kvm-x86: MSR (0x40000102) unsupported by gem5. Skipping.']
[13:31:28] host.compute1 ERR: ['src/arch/x86/kvm/x86_cpu.cc:1688: warn: kvm-x86: MSR (0x40000103) unsupported by gem5. Skipping.']
[13:31:28] host.compute1 ERR: ['src/arch/x86/kvm/x86_cpu.cc:1688: warn: kvm-x86: MSR (0x40000104) unsupported by gem5. Skipping.']
[13:31:28] host.compute1 ERR: ['src/arch/x86/kvm/x86_cpu.cc:1688: warn: kvm-x86: MSR (0x40000105) unsupported by gem5. Skipping.']
[13:31:28] host.compute1 ERR: ['src/arch/x86/kvm/x86_cpu.cc:1688: warn: kvm-x86: MSR (0x40000003) unsupported by gem5. Skipping.']
[13:31:28] host.compute1 ERR: ['src/arch/x86/kvm/x86_cpu.cc:1688: warn: kvm-x86: MSR (0x40000002) unsupported by gem5. Skipping.']
[13:31:28] host.compute1 ERR: ['src/arch/x86/kvm/x86_cpu.cc:1688: warn: kvm-x86: MSR (0x40000010) unsupported by gem5. Skipping.']
[13:31:28] host.compute1 ERR: ['src/arch/x86/kvm/x86_cpu.cc:1688: warn: kvm-x86: MSR (0x40000080) unsupported by gem5. Skipping.']
[13:31:28] host.compute1 ERR: ['src/arch/x86/kvm/x86_cpu.cc:1688: warn: kvm-x86: MSR (0x400000b0) unsupported by gem5. Skipping.']
[13:31:28] host.compute1 ERR: ['src/arch/x86/kvm/x86_cpu.cc:1688: warn: kvm-x86: MSR (0x40000073) unsupported by gem5. Skipping.']
[13:31:28] host.compute1 ERR: ['src/arch/x86/kvm/x86_cpu.cc:1688: warn: kvm-x86: MSR (0x40000106) unsupported by gem5. Skipping.']
[13:31:28] host.compute1 ERR: ['src/arch/x86/kvm/x86_cpu.cc:1688: warn: kvm-x86: MSR (0x40000107) unsupported by gem5. Skipping.']
[13:31:28] host.compute1 ERR: ['src/arch/x86/kvm/x86_cpu.cc:1688: warn: kvm-x86: MSR (0x40000108) unsupported by gem5. Skipping.']
[13:31:28] host.compute1 ERR: ['src/arch/x86/kvm/x86_cpu.cc:1688: warn: kvm-x86: MSR (0x40000118) unsupported by gem5. Skipping.']
[13:31:28] host.compute1 ERR: ['src/arch/x86/kvm/x86_cpu.cc:1688: warn: kvm-x86: MSR (0x400000ff) unsupported by gem5. Skipping.']
[13:31:28] host.compute1 ERR: ['src/arch/x86/kvm/x86_cpu.cc:1688: warn: kvm-x86: MSR (0x400000f1) unsupported by gem5. Skipping.']
[13:31:28] host.compute1 ERR: ['src/arch/x86/kvm/x86_cpu.cc:1688: warn: kvm-x86: MSR (0x400000f2) unsupported by gem5. Skipping.']
[13:31:28] host.compute1 ERR: ['src/arch/x86/kvm/x86_cpu.cc:1688: warn: kvm-x86: MSR (0x400000f3) unsupported by gem5. Skipping.']
[13:31:28] host.compute1 ERR: ['src/arch/x86/kvm/x86_cpu.cc:1688: warn: kvm-x86: MSR (0x400000f4) unsupported by gem5. Skipping.']
[13:31:28] host.compute1 ERR: ['src/arch/x86/kvm/x86_cpu.cc:1688: warn: kvm-x86: MSR (0x400000f5) unsupported by gem5. Skipping.']
[13:31:28] host.compute1 ERR: ['src/arch/x86/kvm/x86_cpu.cc:1688: warn: kvm-x86: MSR (0x4b564d02) unsupported by gem5. Skipping.']
[13:31:28] host.compute1 ERR: ['src/arch/x86/kvm/x86_cpu.cc:1688: warn: kvm-x86: MSR (0x4b564d03) unsupported by gem5. Skipping.']
[13:31:28] host.compute1 ERR: ['src/arch/x86/kvm/x86_cpu.cc:1688: warn: kvm-x86: MSR (0x4b564d04) unsupported by gem5. Skipping.']
[13:31:28] host.compute1 ERR: ['src/arch/x86/kvm/x86_cpu.cc:1688: warn: kvm-x86: MSR (0x4b564d06) unsupported by gem5. Skipping.']
[13:31:28] host.compute1 ERR: ['src/arch/x86/kvm/x86_cpu.cc:1688: warn: kvm-x86: MSR (0x4b564d07) unsupported by gem5. Skipping.']
[13:31:28] host.compute1 ERR: ['src/arch/x86/kvm/x86_cpu.cc:1688: warn: kvm-x86: MSR (0x3b) unsupported by gem5. Skipping.']
[13:31:28] host.compute1 ERR: ['src/arch/x86/kvm/x86_cpu.cc:1688: warn: kvm-x86: MSR (0x6e0) unsupported by gem5. Skipping.']
[13:31:28] host.compute1 ERR: ['src/arch/x86/kvm/x86_cpu.cc:1688: warn: kvm-x86: MSR (0x10a) unsupported by gem5. Skipping.']
[13:31:28] host.compute1 ERR: ['src/arch/x86/kvm/x86_cpu.cc:1688: warn: kvm-x86: MSR (0x345) unsupported by gem5. Skipping.']
[13:31:28] host.compute1 ERR: ['src/arch/x86/kvm/x86_cpu.cc:1688: warn: kvm-x86: MSR (0x1a0) unsupported by gem5. Skipping.']
[13:31:28] host.compute1 ERR: ['src/arch/x86/kvm/x86_cpu.cc:1688: warn: kvm-x86: MSR (0x4d0) unsupported by gem5. Skipping.']
[13:31:28] host.compute1 ERR: ['src/arch/x86/kvm/x86_cpu.cc:1688: warn: kvm-x86: MSR (0x9e) unsupported by gem5. Skipping.']
[13:31:28] host.compute1 ERR: ['src/arch/x86/kvm/x86_cpu.cc:1688: warn: kvm-x86: MSR (0x34) unsupported by gem5. Skipping.']
[13:31:28] host.compute1 ERR: ['src/arch/x86/kvm/x86_cpu.cc:1688: warn: kvm-x86: MSR (0xce) unsupported by gem5. Skipping.']
[13:31:28] host.compute1 ERR: ['src/arch/x86/kvm/x86_cpu.cc:1688: warn: kvm-x86: MSR (0x140) unsupported by gem5. Skipping.']
[13:31:28] host.compute1 ERR: ['src/arch/x86/kvm/x86_cpu.cc:1688: warn: kvm-x86: MSR (0x1fc) unsupported by gem5. Skipping.']
[13:31:28] host.compute1 ERR: ['src/arch/x86/kvm/x86_cpu.cc:1688: warn: kvm-x86: MSR (0x8b) unsupported by gem5. Skipping.']
[13:31:28] host.compute1 ERR: ['src/arch/x86/kvm/x86_cpu.cc:1688: warn: kvm-x86: MSR (0x480) unsupported by gem5. Skipping.']
[13:31:28] host.compute1 ERR: ['src/arch/x86/kvm/x86_cpu.cc:1688: warn: kvm-x86: MSR (0x48d) unsupported by gem5. Skipping.']
[13:31:28] host.compute1 ERR: ['src/arch/x86/kvm/x86_cpu.cc:1688: warn: kvm-x86: MSR (0x48e) unsupported by gem5. Skipping.']
[13:31:28] host.compute1 ERR: ['src/arch/x86/kvm/x86_cpu.cc:1688: warn: kvm-x86: MSR (0x48f) unsupported by gem5. Skipping.']
[13:31:28] host.compute1 ERR: ['src/arch/x86/kvm/x86_cpu.cc:1688: warn: kvm-x86: MSR (0x490) unsupported by gem5. Skipping.']
[13:31:28] host.compute1 ERR: ['src/arch/x86/kvm/x86_cpu.cc:1688: warn: kvm-x86: MSR (0x485) unsupported by gem5. Skipping.']
[13:31:28] host.compute1 ERR: ['src/arch/x86/kvm/x86_cpu.cc:1688: warn: kvm-x86: MSR (0x486) unsupported by gem5. Skipping.']
[13:31:28] host.compute1 ERR: ['src/arch/x86/kvm/x86_cpu.cc:1688: warn: kvm-x86: MSR (0x488) unsupported by gem5. Skipping.']
[13:31:28] host.compute1 ERR: ['src/arch/x86/kvm/x86_cpu.cc:1688: warn: kvm-x86: MSR (0x48a) unsupported by gem5. Skipping.']
[13:31:28] host.compute1 ERR: ['src/arch/x86/kvm/x86_cpu.cc:1688: warn: kvm-x86: MSR (0x48b) unsupported by gem5. Skipping.']
[13:31:28] host.compute1 ERR: ['src/arch/x86/kvm/x86_cpu.cc:1688: warn: kvm-x86: MSR (0x48c) unsupported by gem5. Skipping.']
[13:31:28] host.compute1 ERR: ['src/arch/x86/kvm/x86_cpu.cc:1688: warn: kvm-x86: MSR (0x491) unsupported by gem5. Skipping.']
[13:31:28] host.compute1 ERR: ['src/arch/x86/kvm/x86_cpu.cc:1688: warn: kvm-x86: MSR (0xc0010015) unsupported by gem5. Skipping.']
[13:31:28] host.compute1 ERR: ['src/arch/x86/kvm/x86_cpu.cc:1688: warn: kvm-x86: MSR (0x4b564d05) unsupported by gem5. Skipping.']
[13:31:28] host.controller OUT: ['[    0.000000] Faking a node at [mem 0x0000000000000000-0x000000023fffffff]\r']
[13:31:28] host.controller OUT: ['[    0.000000] NODE_DATA(0) allocated [mem 0x23ffd3000-0x23fffdfff]\r']
[13:31:28] host.controller OUT: ['[    0.000000] Zone ranges:\r']
[13:31:28] host.controller OUT: ['[    0.000000]   DMA      [mem 0x0000000000001000-0x0000000000ffffff]\r']
[13:31:28] host.controller OUT: ['[    0.000000]   DMA32    [mem 0x0000000001000000-0x00000000ffffffff]\r']
[13:31:28] host.controller OUT: ['[    0.000000]   Normal   [mem 0x0000000100000000-0x000000023fffffff]\r']
[13:31:28] host.controller OUT: ['[    0.000000]   Device   empty\r']
[13:31:28] host.controller OUT: ['[    0.000000] Movable zone start for each node\r']
[13:31:28] host.controller OUT: ['[    0.000000] Early memory node ranges\r']
[13:31:28] host.controller OUT: ['[    0.000000]   node   0: [mem 0x0000000000001000-0x000000000009efff]\r']
[13:31:28] host.controller OUT: ['[    0.000000]   node   0: [mem 0x0000000000100000-0x00000000bfffffff]\r']
[13:31:28] host.controller OUT: ['[    0.000000]   node   0: [mem 0x0000000100000000-0x000000023fffffff]\r']
[13:31:28] host.controller OUT: ['[    0.000000] Initmem setup node 0 [mem 0x0000000000001000-0x000000023fffffff]\r']
[13:31:28] host.controller OUT: ['[    0.000000] On node 0, zone DMA: 1 pages in unavailable ranges\r']
[13:31:28] host.controller OUT: ['[    0.000000] On node 0, zone DMA: 97 pages in unavailable ranges\r']
[13:31:28] host.compute1 OUT: ['[    0.000000] Linux version 6.10.0 (root@ubuntu) (gcc (Ubuntu 13.3.0-6ubuntu2~24.04) 13.3.0, GNU ld (GNU Binutils for Ubuntu) 2.42) #1 SMP PREEMPT_DYNAMIC Tue Jun 17 15:07:47 UTC 2025\r']
[13:31:28] host.compute1 OUT: ['[    0.000000] Command line: earlyprintk=ttyS0 console=ttyS0 no_timer_check memory_corruption_check=0 random.trust_cpu=on net.ifnames=0 raid=noautodetect root=/dev/sda1 simbricks_guest_input=/dev/sdb rw\r']
[13:31:28] host.compute1 OUT: ['[    0.000000] KERNEL supported cpus:\r']
[13:31:28] host.compute1 OUT: ['[    0.000000]   Intel GenuineIntel\r']
[13:31:28] host.compute1 OUT: ['[    0.000000]   AMD AuthenticAMD\r']
[13:31:28] host.compute1 OUT: ['[    0.000000]   Hygon HygonGenuine\r']
[13:31:28] host.compute1 OUT: ['[    0.000000]   Centaur CentaurHauls\r']
[13:31:28] host.compute1 OUT: ['[    0.000000]   zhaoxin   Shanghai  \r']
[13:31:28] host.compute1 OUT: ['[    0.000000] BIOS-provided physical RAM map:\r']
[13:31:28] host.compute1 OUT: ['[    0.000000] BIOS-e820: [mem 0x0000000000000000-0x000000000009fbff] usable\r']
[13:31:28] host.compute1 OUT: ['[    0.000000] BIOS-e820: [mem 0x000000000009fc00-0x00000000000fffff] reserved\r']
[13:31:28] host.compute1 OUT: ['[    0.000000] BIOS-e820: [mem 0x0000000000100000-0x000000007fffffff] usable\r']
[13:31:28] host.compute1 OUT: ['[    0.000000] BIOS-e820: [mem 0x0000000080000000-0x00000000bfffffff] reserved\r']
[13:31:28] host.compute1 OUT: ['[    0.000000] BIOS-e820: [mem 0x00000000ffff0000-0x00000000ffffffff] reserved\r']
[13:31:28] host.compute1 OUT: ['[    0.000000] BIOS-e820: [mem 0x0000002000000000-0x00000021ffffffff] usable\r']
[13:31:28] host.compute1 OUT: ['[    0.000000] printk: legacy bootconsole [earlyser0] enabled\r']
[13:31:28] host.compute1 OUT: ['[    0.000000] NX (Execute Disable) protection: active\r']
[13:31:28] host.compute1 OUT: ['[    0.000000] APIC: Static calls initialized\r']
[13:31:28] host.compute1 OUT: ['[    0.000000] SMBIOS 2.5 present.\r']
[13:31:28] host.compute1 OUT: ['[    0.000000] DMI:  , BIOS  06/08/2008\r']
[13:31:28] host.compute1 OUT: ['[    0.000000] DMI: Memory slots populated: 0/0\r']
[13:31:28] host.compute1 OUT: ['[    0.000000] last_pfn = 0x2200000 max_arch_pfn = 0x400000000\r']
[13:31:28] host.compute1 OUT: ['[    0.000000] MTRRs disabled by BIOS\r']
[13:31:28] host.compute1 OUT: ['[    0.000000] x86/PAT: Configuration [0-7]: WB  WC  UC- UC  WB  WP  UC- WT  \r']
[13:31:28] host.compute1 OUT: ['[    0.000000] last_pfn = 0x80000 max_arch_pfn = 0x400000000\r']
[13:31:28] host.compute1 OUT: ['[    0.000000] found SMP MP-table at [mem 0x000f0050-0x000f005f]\r']
[13:31:28] host.compute1 OUT: ['[    0.000000] ACPI: Early table checksum verification disabled\r']
[13:31:28] host.compute1 OUT: ['[    0.000000] ACPI: RSDP 0x00000000000F01C0 000024 (v02       )\r']
[13:31:28] host.compute1 OUT: ['[    0.000000] ACPI: XSDT 0x00000000000F0208 000024 (v01                 00000000      00000000)\r']
[13:31:28] host.compute1 OUT: ['[    0.000000] ACPI BIOS Error (bug): Invalid table length 0x24 in RSDT/XSDT (20240322/tbutils-285)\r']
[13:31:28] host.compute1 OUT: ['[    0.000000] Intel MultiProcessor Specification v1.4\r']
[13:31:28] host.compute1 OUT: ['[    0.000000] MPTABLE: OEM ID: \r']
[13:31:28] host.compute1 OUT: ['[    0.000000] MPTABLE: Product ID: \r']
[13:31:28] host.compute2 OUT: ['[    0.000000] Intel MultiProcessor Specification v1.4\r']
[13:31:28] host.compute2 OUT: ['[    0.000000] MPTABLE: OEM ID: \r']
[13:31:28] host.compute1 OUT: ['[    0.000000] MPTABLE: APIC at: 0xFEE00000\r']
[13:31:28] host.compute2 OUT: ['[    0.000000] MPTABLE: Product ID: \r']
[13:31:28] host.compute2 OUT: ['[    0.000000] MPTABLE: APIC at: 0xFEE00000\r']
[13:31:28] host.compute1 OUT: ['[    0.000000] No NUMA configuration found\r']
[13:31:28] host.compute2 OUT: ['[    0.000000] CPU topo: Enumerated BSP APIC 0 is not marked in APICBASE MSR\r']
[13:31:28] host.compute1 OUT: ['[    0.000000] Faking a node at [mem 0x0000000000000000-0x00000021ffffffff]\r']
[13:31:28] host.compute2 OUT: ['[    0.000000] CPU topo: Assuming crash kernel. Limiting to one CPU to prevent machine INIT\r']
[13:31:28] host.compute1 OUT: ['[    0.000000] NODE_DATA(0) allocated [mem 0x21fffd4000-0x21ffffefff]\r']
[13:31:28] host.compute1 OUT: ['[    0.000000] Zone ranges:\r']
[13:31:28] host.compute2 OUT: ['[    0.000000] CPU topo: [Firmware Bug]: APIC enumeration order not specification compliant\r']
[13:31:28] host.compute1 OUT: ['[    0.000000]   DMA      [mem 0x0000000000001000-0x0000000000ffffff]\r']
[13:31:28] host.compute2 OUT: ['[    0.000000] Processor #0 (Bootup-CPU)\r']
[13:31:28] host.compute1 OUT: ['[    0.000000]   DMA32    [mem 0x0000000001000000-0x00000000ffffffff]\r']
[13:31:28] host.compute2 OUT: ['[    0.000000] IOAPIC[0]: apic_id 1, version 20, address 0xfec00000, GSI 0-23\r']
[13:31:28] host.compute2 OUT: ['[    0.000000] Processors: 1\r']
[13:31:28] host.compute1 OUT: ['[    0.000000]   Normal   [mem 0x0000000100000000-0x00000021ffffffff]\r']
[13:31:28] host.compute1 OUT: ['[    0.000000]   Device   empty\r']
[13:31:28] host.compute2 OUT: ['[    0.000000] CPU topo: Max. logical packages:   1\r']
[13:31:28] host.compute1 OUT: ['[    0.000000] Movable zone start for each node\r']
[13:31:28] host.compute2 OUT: ['[    0.000000] CPU topo: Max. logical dies:       1\r']
[13:31:28] host.compute1 OUT: ['[    0.000000] Early memory node ranges\r']
[13:31:28] host.compute2 OUT: ['[    0.000000] CPU topo: Max. dies per package:   1\r']
[13:31:28] host.compute2 OUT: ['[    0.000000] CPU topo: Max. threads per core:   1\r']
[13:31:28] host.compute1 OUT: ['[    0.000000]   node   0: [mem 0x0000000000001000-0x000000000009efff]\r']
[13:31:28] host.compute2 OUT: ['[    0.000000] CPU topo: Num. cores per package:     1\r']
[13:31:28] host.compute1 OUT: ['[    0.000000]   node   0: [mem 0x0000000000100000-0x000000007fffffff]\r']
[13:31:28] host.compute2 OUT: ['[    0.000000] CPU topo: Num. threads per package:   1\r']
[13:31:28] host.compute1 OUT: ['[    0.000000]   node   0: [mem 0x0000002000000000-0x00000021ffffffff]\r']
[13:31:28] host.compute2 OUT: ['[    0.000000] CPU topo: Allowing 1 present CPUs plus 0 hotplug CPUs\r']
[13:31:28] host.compute1 OUT: ['[    0.000000] Initmem setup node 0 [mem 0x0000000000001000-0x00000021ffffffff]\r']
[13:31:28] host.compute2 OUT: ['[    0.000000] PM: hibernation: Registered nosave memory: [mem 0x00000000-0x00000fff]\r']
[13:31:28] host.compute1 OUT: ['[    0.000000] On node 0, zone DMA: 1 pages in unavailable ranges\r']
[13:31:28] host.compute2 OUT: ['[    0.000000] PM: hibernation: Registered nosave memory: [mem 0x0009f000-0x0009ffff]\r']
[13:31:28] host.compute1 OUT: ['[    0.000000] On node 0, zone DMA: 97 pages in unavailable ranges\r']
[13:31:28] host.compute2 OUT: ['[    0.000000] PM: hibernation: Registered nosave memory: [mem 0x000a0000-0x000fffff]\r']
[13:31:28] host.compute2 OUT: ['[    0.000000] PM: hibernation: Registered nosave memory: [mem 0xc0000000-0xfffeffff]\r']
[13:31:28] host.compute2 OUT: ['[    0.000000] PM: hibernation: Registered nosave memory: [mem 0xffff0000-0xffffffff]\r']
[13:31:28] host.compute2 OUT: ['[    0.000000] [mem 0xc0000000-0xfffeffff] available for PCI devices\r']
[13:31:28] host.compute2 OUT: ['[    0.000000] Booting paravirtualized kernel on bare hardware\r']
[13:31:28] host.compute2 OUT: ['[    0.000000] clocksource: refined-jiffies: mask: 0xffffffff max_cycles: 0xffffffff, max_idle_ns: 1910969940391419 ns\r']
[13:31:28] host.compute2 OUT: ['[    0.000000] setup_percpu: NR_CPUS:8192 nr_cpumask_bits:1 nr_cpu_ids:1 nr_node_ids:1\r']
[13:31:28] host.compute2 OUT: ['[    0.000000] percpu: Embedded 86 pages/cpu s229376 r8192 d114688 u2097152\r']
[13:31:28] host.compute2 OUT: ['[    0.000000] Kernel command line: earlyprintk=ttyS0 console=ttyS0 no_timer_check memory_corruption_check=0 random.trust_cpu=on net.ifnames=0 raid=noautodetect root=/dev/sda1 simbricks_guest_input=/dev/sdb rw\r']
[13:31:28] host.compute2 OUT: ['[    0.000000] Unknown kernel command line parameters "simbricks_guest_input=/dev/sdb", will be passed to user space.\r']
[13:31:28] host.compute2 OUT: ['[    0.000000] Dentry cache hash table entries: 1048576 (order: 11, 8388608 bytes, linear)\r']
[13:31:28] host.compute2 OUT: ['[    0.000000] Inode-cache hash table entries: 524288 (order: 10, 4194304 bytes, linear)\r']
[13:31:28] host.compute2 OUT: ['[    0.000000] Fallback order for Node 0: 0 \r']
[13:31:28] host.compute2 OUT: ['[    0.000000] Built 1 zonelists, mobility grouping on.  Total pages: 2097054\r']
[13:31:28] host.compute2 OUT: ['[    0.000000] Policy zone: Normal\r']
[13:31:28] host.controller OUT: ['[    0.000000] Intel MultiProcessor Specification v1.4\r']
[13:31:28] host.controller OUT: ['[    0.000000] MPTABLE: OEM ID: \r']
[13:31:28] host.compute2 OUT: ['[    0.000000] mem auto-init: stack:all(zero), heap alloc:on, heap free:off\r']
[13:31:28] host.controller OUT: ['[    0.000000] MPTABLE: Product ID: \r']
[13:31:28] host.compute2 OUT: ['[    0.000000] software IO TLB: area num 1.\r']
[13:31:28] host.controller OUT: ['[    0.000000] MPTABLE: APIC at: 0xFEE00000\r']
[13:31:28] host.controller OUT: ['[    0.000000] CPU topo: Enumerated BSP APIC 0 is not marked in APICBASE MSR\r']
[13:31:28] host.controller OUT: ['[    0.000000] CPU topo: Assuming crash kernel. Limiting to one CPU to prevent machine INIT\r']
[13:31:28] host.controller OUT: ['[    0.000000] CPU topo: [Firmware Bug]: APIC enumeration order not specification compliant\r']
[13:31:28] host.controller OUT: ['[    0.000000] Processor #0 (Bootup-CPU)\r']
[13:31:28] host.controller OUT: ['[    0.000000] IOAPIC[0]: apic_id 1, version 20, address 0xfec00000, GSI 0-23\r']
[13:31:28] host.controller OUT: ['[    0.000000] Processors: 1\r']
[13:31:28] host.controller OUT: ['[    0.000000] CPU topo: Max. logical packages:   1\r']
[13:31:28] host.controller OUT: ['[    0.000000] CPU topo: Max. logical dies:       1\r']
[13:31:28] host.controller OUT: ['[    0.000000] CPU topo: Max. dies per package:   1\r']
[13:31:28] host.controller OUT: ['[    0.000000] CPU topo: Max. threads per core:   1\r']
[13:31:28] host.controller OUT: ['[    0.000000] CPU topo: Num. cores per package:     1\r']
[13:31:28] host.controller OUT: ['[    0.000000] CPU topo: Num. threads per package:   1\r']
[13:31:28] host.controller OUT: ['[    0.000000] CPU topo: Allowing 1 present CPUs plus 0 hotplug CPUs\r']
[13:31:28] host.controller OUT: ['[    0.000000] PM: hibernation: Registered nosave memory: [mem 0x00000000-0x00000fff]\r']
[13:31:28] host.controller OUT: ['[    0.000000] PM: hibernation: Registered nosave memory: [mem 0x0009f000-0x0009ffff]\r']
[13:31:28] host.controller OUT: ['[    0.000000] PM: hibernation: Registered nosave memory: [mem 0x000a0000-0x000fffff]\r']
[13:31:28] host.controller OUT: ['[    0.000000] PM: hibernation: Registered nosave memory: [mem 0xc0000000-0xfffeffff]\r']
[13:31:28] host.controller OUT: ['[    0.000000] PM: hibernation: Registered nosave memory: [mem 0xffff0000-0xffffffff]\r']
[13:31:28] host.controller OUT: ['[    0.000000] [mem 0xc0000000-0xfffeffff] available for PCI devices\r']
[13:31:28] host.controller OUT: ['[    0.000000] Booting paravirtualized kernel on bare hardware\r']
[13:31:28] host.controller OUT: ['[    0.000000] clocksource: refined-jiffies: mask: 0xffffffff max_cycles: 0xffffffff, max_idle_ns: 1910969940391419 ns\r']
[13:31:28] host.controller OUT: ['[    0.000000] setup_percpu: NR_CPUS:8192 nr_cpumask_bits:1 nr_cpu_ids:1 nr_node_ids:1\r']
[13:31:28] host.controller OUT: ['[    0.000000] percpu: Embedded 86 pages/cpu s229376 r8192 d114688 u2097152\r']
[13:31:28] host.controller OUT: ['[    0.000000] Kernel command line: earlyprintk=ttyS0 console=ttyS0 no_timer_check memory_corruption_check=0 random.trust_cpu=on net.ifnames=0 raid=noautodetect root=/dev/sda1 simbricks_guest_input=/dev/sdb rw\r']
[13:31:28] host.controller OUT: ['[    0.000000] Unknown kernel command line parameters "simbricks_guest_input=/dev/sdb", will be passed to user space.\r']
[13:31:28] host.controller OUT: ['[    0.000000] Dentry cache hash table entries: 1048576 (order: 11, 8388608 bytes, linear)\r']
[13:31:28] host.controller OUT: ['[    0.000000] Inode-cache hash table entries: 524288 (order: 10, 4194304 bytes, linear)\r']
[13:31:28] host.controller OUT: ['[    0.000000] Fallback order for Node 0: 0 \r']
[13:31:28] host.controller OUT: ['[    0.000000] Built 1 zonelists, mobility grouping on.  Total pages: 2097054\r']
[13:31:28] host.controller OUT: ['[    0.000000] Policy zone: Normal\r']
[13:31:28] host.controller OUT: ['[    0.000000] mem auto-init: stack:all(zero), heap alloc:on, heap free:off\r']
[13:31:28] host.controller OUT: ['[    0.000000] software IO TLB: area num 1.\r']
[13:31:28] host.compute2 OUT: ['[    0.000000] Memory: 8127864K/8388216K available (20480K kernel code, 4364K rwdata, 12680K rodata, 4820K init, 4968K bss, 260096K reserved, 0K cma-reserved)\r']
[13:31:28] host.compute1 OUT: ['[    0.000000] Intel MultiProcessor Specification v1.4\r']
[13:31:28] host.compute1 OUT: ['[    0.000000] MPTABLE: OEM ID: \r']
[13:31:28] host.compute1 OUT: ['[    0.000000] MPTABLE: Product ID: \r']
[13:31:28] host.compute1 OUT: ['[    0.000000] MPTABLE: APIC at: 0xFEE00000\r']
[13:31:28] host.compute1 OUT: ['[    0.000000] CPU topo: Enumerated BSP APIC 0 is not marked in APICBASE MSR\r']
[13:31:28] host.compute1 OUT: ['[    0.000000] CPU topo: Assuming crash kernel. Limiting to one CPU to prevent machine INIT\r']
[13:31:28] host.compute1 OUT: ['[    0.000000] CPU topo: [Firmware Bug]: APIC enumeration order not specification compliant\r']
[13:31:28] host.compute1 OUT: ['[    0.000000] Processor #0 (Bootup-CPU)\r']
[13:31:28] host.compute1 OUT: ['[    0.000000] IOAPIC[0]: apic_id 1, version 20, address 0xfec00000, GSI 0-23\r']
[13:31:28] host.compute1 OUT: ['[    0.000000] Processors: 1\r']
[13:31:28] host.compute1 OUT: ['[    0.000000] CPU topo: Max. logical packages:   1\r']
[13:31:28] host.compute1 OUT: ['[    0.000000] CPU topo: Max. logical dies:       1\r']
[13:31:28] host.compute2 OUT: ['[    0.000000] SLUB: HWalign=64, Order=0-3, MinObjects=0, CPUs=1, Nodes=1\r']
[13:31:28] host.compute1 OUT: ['[    0.000000] CPU topo: Max. dies per package:   1\r']
[13:31:28] host.compute2 OUT: ['Poking KASLR using RDTSC...\r']
[13:31:28] host.compute1 OUT: ['[    0.000000] CPU topo: Max. threads per core:   1\r']
[13:31:28] host.compute2 OUT: ['[    0.000000] ftrace: allocating 52364 entries in 205 pages\r']
[13:31:28] host.compute1 OUT: ['[    0.000000] CPU topo: Num. cores per package:     1\r']
[13:31:28] host.compute1 OUT: ['[    0.000000] CPU topo: Num. threads per package:   1\r']
[13:31:28] host.compute1 OUT: ['[    0.000000] CPU topo: Allowing 1 present CPUs plus 0 hotplug CPUs\r']
[13:31:28] host.compute1 OUT: ['[    0.000000] PM: hibernation: Registered nosave memory: [mem 0x00000000-0x00000fff]\r']
[13:31:28] host.compute1 OUT: ['[    0.000000] PM: hibernation: Registered nosave memory: [mem 0x0009f000-0x0009ffff]\r']
[13:31:28] host.compute1 OUT: ['[    0.000000] PM: hibernation: Registered nosave memory: [mem 0x000a0000-0x000fffff]\r']
[13:31:28] host.compute1 OUT: ['[    0.000000] PM: hibernation: Registered nosave memory: [mem 0x80000000-0xbfffffff]\r']
[13:31:28] host.compute1 OUT: ['[    0.000000] PM: hibernation: Registered nosave memory: [mem 0xc0000000-0xfffeffff]\r']
[13:31:28] host.compute1 OUT: ['[    0.000000] PM: hibernation: Registered nosave memory: [mem 0xffff0000-0xffffffff]\r']
[13:31:28] host.compute1 OUT: ['[    0.000000] PM: hibernation: Registered nosave memory: [mem 0x100000000-0x1fffffffff]\r']
[13:31:28] host.compute1 OUT: ['[    0.000000] [mem 0xc0000000-0xfffeffff] available for PCI devices\r']
[13:31:28] host.compute2 OUT: ['[    0.000000] ftrace: allocated 205 pages with 5 groups\r']
[13:31:28] host.compute1 OUT: ['[    0.000000] Booting paravirtualized kernel on bare hardware\r']
[13:31:28] host.compute2 OUT: ['[    0.000000] Dynamic Preempt: voluntary\r']
[13:31:28] host.compute1 OUT: ['[    0.000000] clocksource: refined-jiffies: mask: 0xffffffff max_cycles: 0xffffffff, max_idle_ns: 1910969940391419 ns\r']
[13:31:28] host.compute2 OUT: ['[    0.000000] rcu: Preemptible hierarchical RCU implementation.\r']
[13:31:28] host.compute2 OUT: ['[    0.000000] rcu: \tRCU restricting CPUs from NR_CPUS=8192 to nr_cpu_ids=1.\r']
[13:31:28] host.compute1 OUT: ['[    0.000000] setup_percpu: NR_CPUS:8192 nr_cpumask_bits:1 nr_cpu_ids:1 nr_node_ids:1\r']
[13:31:28] host.compute2 OUT: ['[    0.000000] \tTrampoline variant of Tasks RCU enabled.\r']
[13:31:28] host.compute2 OUT: ['[    0.000000] \tRude variant of Tasks RCU enabled.\r']
[13:31:28] host.compute2 OUT: ['[    0.000000] \tTracing variant of Tasks RCU enabled.\r']
[13:31:28] host.compute1 OUT: ['[    0.000000] percpu: Embedded 86 pages/cpu s229376 r8192 d114688 u2097152\r']
[13:31:28] host.compute2 OUT: ['[    0.000000] rcu: RCU calculated value of scheduler-enlistment delay is 100 jiffies.\r']
[13:31:28] host.controller OUT: ['[    0.000000] Memory: 8127864K/8388216K available (20480K kernel code, 4364K rwdata, 12680K rodata, 4820K init, 4968K bss, 260096K reserved, 0K cma-reserved)\r']
[13:31:28] host.compute2 OUT: ['[    0.000000] rcu: Adjusting geometry for rcu_fanout_leaf=16, nr_cpu_ids=1\r']
[13:31:28] host.compute2 OUT: ['[    0.000000] RCU Tasks: Setting shift to 0 and lim to 1 rcu_task_cb_adjust=1.\r']
[13:31:28] host.compute1 OUT: ['[    0.000000] Kernel command line: earlyprintk=ttyS0 console=ttyS0 no_timer_check memory_corruption_check=0 random.trust_cpu=on net.ifnames=0 raid=noautodetect root=/dev/sda1 simbricks_guest_input=/dev/sdb rw\r']
[13:31:28] host.compute2 OUT: ['[    0.000000] RCU Tasks Rude: Setting shift to 0 and lim to 1 rcu_task_cb_adjust=1.\r']
[13:31:28] host.compute1 OUT: ['[    0.000000] Unknown kernel command line parameters "simbricks_guest_input=/dev/sdb", will be passed to user space.\r']
[13:31:28] host.compute2 OUT: ['[    0.000000] RCU Tasks Trace: Setting shift to 0 and lim to 1 rcu_task_cb_adjust=1.\r']
[13:31:28] host.compute2 OUT: ['[    0.000000] NR_IRQS: 524544, nr_irqs: 256, preallocated irqs: 16\r']
[13:31:28] host.compute2 OUT: ['[    0.000000] rcu: srcu_init: Setting srcu_struct sizes based on contention.\r']
[13:31:28] host.compute2 OUT: ['[    0.000000] Console: colour dummy device 80x25\r']
[13:31:28] host.compute2 OUT: ['[    0.000000] printk: legacy console [ttyS0] enabled\r']
[13:31:28] host.compute2 OUT: ['[    0.000000] printk: legacy console [ttyS0] enabled\r']
[13:31:28] host.compute2 OUT: ['[    0.000000] printk: legacy bootconsole [earlyser0] disabled\r']
[13:31:28] host.compute2 OUT: ['[    0.000000] printk: legacy bootconsole [earlyser0] disabled\r']
[13:31:29] host.compute2 OUT: ['[    0.000000] APIC: Switch to symmetric I/O mode setup\r']
[13:31:29] host.compute1 OUT: ['[    0.000000] Dentry cache hash table entries: 2097152 (order: 12, 16777216 bytes, linear)\r']
[13:31:29] host.compute2 OUT: ['[    0.000000] ExtINT not setup in hardware but reported by MP table\r']
[13:31:29] host.controller OUT: ['[    0.000000] SLUB: HWalign=64, Order=0-3, MinObjects=0, CPUs=1, Nodes=1\r']
[13:31:29] host.compute1 OUT: ['[    0.000000] Inode-cache hash table entries: 1048576 (order: 11, 8388608 bytes, linear)\r']
[13:31:29] host.compute2 OUT: ['[    0.000000] ..TIMER: vector=0x30 apic1=0 pin1=2 apic2=0 pin2=0\r']
[13:31:29] host.controller OUT: ['Poking KASLR using RDTSC...\r']
[13:31:29] host.compute1 OUT: ['[    0.000000] Fallback order for Node 0: 0 \r']
[13:31:29] host.controller OUT: ['[    0.000000] ftrace: allocating 52364 entries in 205 pages\r']
[13:31:29] host.compute1 OUT: ['[    0.000000] Built 1 zonelists, mobility grouping on.  Total pages: 2621342\r']
[13:31:29] host.compute1 OUT: ['[    0.000000] Policy zone: Normal\r']
[13:31:29] host.compute1 OUT: ['[    0.000000] mem auto-init: stack:all(zero), heap alloc:on, heap free:off\r']
[13:31:29] host.compute1 OUT: ['[    0.000000] software IO TLB: area num 1.\r']
[13:31:29] host.controller OUT: ['[    0.000000] ftrace: allocated 205 pages with 5 groups\r']
[13:31:29] host.controller OUT: ['[    0.000000] Dynamic Preempt: voluntary\r']
[13:31:29] host.controller OUT: ['[    0.000000] rcu: Preemptible hierarchical RCU implementation.\r']
[13:31:29] host.controller OUT: ['[    0.000000] rcu: \tRCU restricting CPUs from NR_CPUS=8192 to nr_cpu_ids=1.\r']
[13:31:29] host.controller OUT: ['[    0.000000] \tTrampoline variant of Tasks RCU enabled.\r']
[13:31:29] host.controller OUT: ['[    0.000000] \tRude variant of Tasks RCU enabled.\r']
[13:31:29] host.controller OUT: ['[    0.000000] \tTracing variant of Tasks RCU enabled.\r']
[13:31:29] host.controller OUT: ['[    0.000000] rcu: RCU calculated value of scheduler-enlistment delay is 100 jiffies.\r']
[13:31:29] host.controller OUT: ['[    0.000000] rcu: Adjusting geometry for rcu_fanout_leaf=16, nr_cpu_ids=1\r']
[13:31:29] host.controller OUT: ['[    0.000000] RCU Tasks: Setting shift to 0 and lim to 1 rcu_task_cb_adjust=1.\r']
[13:31:29] host.controller OUT: ['[    0.000000] RCU Tasks Rude: Setting shift to 0 and lim to 1 rcu_task_cb_adjust=1.\r']
[13:31:29] host.compute2 OUT: ['[    0.003000] tsc: Using PIT calibration value\r']
[13:31:29] host.compute2 OUT: ['[    0.004000] tsc: Detected 3110.032 MHz processor\r']
[13:31:29] host.controller OUT: ['[    0.000000] RCU Tasks Trace: Setting shift to 0 and lim to 1 rcu_task_cb_adjust=1.\r']
[13:31:29] host.compute2 OUT: ['[    0.000004] clocksource: tsc-early: mask: 0xffffffffffffffff max_cycles: 0x2cd44c558ae, max_idle_ns: 440795248445 ns\r']
[13:31:29] host.compute2 OUT: ['[    0.002264] Calibrating delay loop (skipped), value calculated using timer frequency.. 6220.06 BogoMIPS (lpj=3110032)\r']
[13:31:29] host.compute2 OUT: ['[    0.003339] Last level iTLB entries: 4KB 512, 2MB 8, 4MB 4\r']
[13:31:29] host.controller OUT: ['[    0.000000] NR_IRQS: 524544, nr_irqs: 256, preallocated irqs: 16\r']
[13:31:29] host.compute2 OUT: ['[    0.004264] Last level dTLB entries: 4KB 512, 2MB 8, 4MB 4, 1GB 0\r']
[13:31:29] host.controller OUT: ['[    0.000000] rcu: srcu_init: Setting srcu_struct sizes based on contention.\r']
[13:31:29] host.compute2 OUT: ['[    0.005267] process: using mwait in idle threads\r']
[13:31:29] host.controller OUT: ['[    0.000000] Console: colour dummy device 80x25\r']
[13:31:29] host.compute2 OUT: ['[    0.006268] Spectre V1 : Mitigation: usercopy/swapgs barriers and __user pointer sanitization\r']
[13:31:29] host.controller OUT: ['[    0.000000] printk: legacy console [ttyS0] enabled\r']
[13:31:29] host.compute2 OUT: ['[    0.007265] Spectre V2 : Mitigation: Retpolines\r']
[13:31:29] host.controller OUT: ['[    0.000000] printk: legacy console [ttyS0] enabled\r']
[13:31:29] host.controller OUT: ['[    0.000000] printk: legacy bootconsole [earlyser0] disabled\r']
[13:31:29] host.compute2 OUT: ['[    0.008264] Spectre V2 : Spectre v2 / SpectreRSB mitigation: Filling RSB on context switch\r']
[13:31:29] host.controller OUT: ['[    0.000000] printk: legacy bootconsole [earlyser0] disabled\r']
[13:31:29] host.compute2 OUT: ['[    0.009264] Spectre V2 : Spectre v2 / SpectreRSB : Filling RSB on VMEXIT\r']
[13:31:29] host.controller OUT: ['[    0.000000] APIC: Switch to symmetric I/O mode setup\r']
[13:31:29] host.compute2 OUT: ['[    0.010264] Speculative Store Bypass: Vulnerable\r']
[13:31:29] host.compute2 OUT: ['[    0.011267] x86/fpu: x87 FPU will use FXSAVE\r']
[13:31:29] host.controller OUT: ['[    0.000000] ExtINT not setup in hardware but reported by MP table\r']
[13:31:29] host.controller OUT: ['[    0.000000] ..TIMER: vector=0x30 apic1=0 pin1=2 apic2=0 pin2=0\r']
[13:31:29] host.compute2 OUT: ['[    0.051865] Freeing SMP alternatives memory: 44K\r']
[13:31:29] host.compute2 OUT: ['[    0.052267] pid_max: default: 32768 minimum: 301\r']
[13:31:29] host.compute2 OUT: ['[    0.054565] LSM: initializing lsm=lockdown,capability,landlock,yama,apparmor,ima,evm\r']
[13:31:29] host.compute2 OUT: ['[    0.056350] landlock: Up and running.\r']
[13:31:29] host.compute2 OUT: ['[    0.057125] Yama: becoming mindful.\r']
[13:31:29] host.compute2 OUT: ['[    0.057393] AppArmor: AppArmor initialized\r']
[13:31:29] host.compute2 OUT: ['[    0.058589] Mount-cache hash table entries: 16384 (order: 5, 131072 bytes, linear)\r']
[13:31:29] host.controller OUT: ['[    0.003000] tsc: Using PIT calibration value\r']
[13:31:29] host.controller OUT: ['[    0.004000] tsc: Detected 3021.912 MHz processor\r']
[13:31:29] host.compute2 OUT: ['[    0.059359] Mountpoint-cache hash table entries: 16384 (order: 5, 131072 bytes, linear)\r']
[13:31:29] host.controller OUT: ['[    0.000005] clocksource: tsc-early: mask: 0xffffffffffffffff max_cycles: 0x2b8f20750e4, max_idle_ns: 440795210163 ns\r']
[13:31:29] host.controller OUT: ['[    0.002388] Calibrating delay loop (skipped), value calculated using timer frequency.. 6043.82 BogoMIPS (lpj=3021912)\r']
[13:31:29] host.controller OUT: ['[    0.003468] Last level iTLB entries: 4KB 512, 2MB 8, 4MB 4\r']
[13:31:29] host.controller OUT: ['[    0.004389] Last level dTLB entries: 4KB 512, 2MB 8, 4MB 4, 1GB 0\r']
[13:31:29] host.compute1 OUT: ['[    0.000000] Memory: 10179952K/10485368K available (20480K kernel code, 4364K rwdata, 12680K rodata, 4820K init, 4968K bss, 305160K reserved, 0K cma-reserved)\r']
[13:31:29] host.controller OUT: ['[    0.005393] process: using mwait in idle threads\r']
[13:31:29] host.controller OUT: ['[    0.006393] Spectre V1 : Mitigation: usercopy/swapgs barriers and __user pointer sanitization\r']
[13:31:29] host.controller OUT: ['[    0.007391] Spectre V2 : Mitigation: Retpolines\r']
[13:31:29] host.controller OUT: ['[    0.008386] Spectre V2 : Spectre v2 / SpectreRSB mitigation: Filling RSB on context switch\r']
[13:31:29] host.controller OUT: ['[    0.008389] Spectre V2 : Spectre v2 / SpectreRSB : Filling RSB on VMEXIT\r']
[13:31:29] host.controller OUT: ['[    0.009389] Speculative Store Bypass: Vulnerable\r']
[13:31:29] host.controller OUT: ['[    0.010391] x86/fpu: x87 FPU will use FXSAVE\r']
[13:31:29] host.compute1 OUT: ['[    0.000000] SLUB: HWalign=64, Order=0-3, MinObjects=0, CPUs=1, Nodes=1\r']
[13:31:29] host.compute1 OUT: ['Poking KASLR using RDTSC...\r']
[13:31:29] host.compute1 OUT: ['[    0.000000] ftrace: allocating 52364 entries in 205 pages\r']
[13:31:29] host.controller OUT: ['[    0.050616] Freeing SMP alternatives memory: 44K\r']
[13:31:29] host.controller OUT: ['[    0.051391] pid_max: default: 32768 minimum: 301\r']
[13:31:29] host.controller OUT: ['[    0.053421] LSM: initializing lsm=lockdown,capability,landlock,yama,apparmor,ima,evm\r']
[13:31:29] host.controller OUT: ['[    0.054586] landlock: Up and running.\r']
[13:31:29] host.controller OUT: ['[    0.055389] Yama: becoming mindful.\r']
[13:31:29] host.controller OUT: ['[    0.056495] AppArmor: AppArmor initialized\r']
[13:31:29] host.controller OUT: ['[    0.057725] Mount-cache hash table entries: 16384 (order: 5, 131072 bytes, linear)\r']
[13:31:29] host.controller OUT: ['[    0.058486] Mountpoint-cache hash table entries: 16384 (order: 5, 131072 bytes, linear)\r']
[13:31:29] host.compute1 OUT: ['[    0.000000] ftrace: allocated 205 pages with 5 groups\r']
[13:31:29] host.compute1 OUT: ['[    0.000000] Dynamic Preempt: voluntary\r']
[13:31:29] host.compute1 OUT: ['[    0.000000] rcu: Preemptible hierarchical RCU implementation.\r']
[13:31:29] host.compute1 OUT: ['[    0.000000] rcu: \tRCU restricting CPUs from NR_CPUS=8192 to nr_cpu_ids=1.\r']
[13:31:29] host.compute1 OUT: ['[    0.000000] \tTrampoline variant of Tasks RCU enabled.\r']
[13:31:29] host.compute1 OUT: ['[    0.000000] \tRude variant of Tasks RCU enabled.\r']
[13:31:29] host.compute1 OUT: ['[    0.000000] \tTracing variant of Tasks RCU enabled.\r']
[13:31:29] host.compute1 OUT: ['[    0.000000] rcu: RCU calculated value of scheduler-enlistment delay is 100 jiffies.\r']
[13:31:29] host.compute1 OUT: ['[    0.000000] rcu: Adjusting geometry for rcu_fanout_leaf=16, nr_cpu_ids=1\r']
[13:31:29] host.compute1 OUT: ['[    0.000000] RCU Tasks: Setting shift to 0 and lim to 1 rcu_task_cb_adjust=1.\r']
[13:31:29] host.compute1 OUT: ['[    0.000000] RCU Tasks Rude: Setting shift to 0 and lim to 1 rcu_task_cb_adjust=1.\r']
[13:31:29] host.compute1 OUT: ['[    0.000000] RCU Tasks Trace: Setting shift to 0 and lim to 1 rcu_task_cb_adjust=1.\r']
[13:31:29] host.compute1 OUT: ['[    0.000000] NR_IRQS: 524544, nr_irqs: 256, preallocated irqs: 16\r']
[13:31:29] host.compute1 OUT: ['[    0.000000] rcu: srcu_init: Setting srcu_struct sizes based on contention.\r']
[13:31:29] host.compute1 OUT: ['[    0.000000] Console: colour dummy device 80x25\r']
[13:31:29] host.compute1 OUT: ['[    0.000000] printk: legacy console [ttyS0] enabled\r']
[13:31:29] host.compute1 OUT: ['[    0.000000] printk: legacy console [ttyS0] enabled\r']
[13:31:29] host.compute1 OUT: ['[    0.000000] printk: legacy bootconsole [earlyser0] disabled\r']
[13:31:29] host.compute1 OUT: ['[    0.000000] printk: legacy bootconsole [earlyser0] disabled\r']
[13:31:29] host.compute1 OUT: ['[    0.000000] APIC: Switch to symmetric I/O mode setup\r']
[13:31:29] host.compute1 OUT: ['[    0.000000] ExtINT not setup in hardware but reported by MP table\r']
[13:31:29] host.compute1 OUT: ['[    0.000000] ..TIMER: vector=0x30 apic1=0 pin1=2 apic2=0 pin2=0\r']
[13:31:29] host.compute1 OUT: ['[    0.004000] tsc: Using PIT calibration value\r']
[13:31:29] host.compute1 OUT: ['[    0.004000] tsc: Detected 2979.708 MHz processor\r']
[13:31:29] host.compute1 OUT: ['[    0.000004] clocksource: tsc-early: mask: 0xffffffffffffffff max_cycles: 0x2af36479b39, max_idle_ns: 440795344769 ns\r']
[13:31:29] host.compute1 OUT: ['[    0.002570] Calibrating delay loop (skipped), value calculated using timer frequency.. 5959.41 BogoMIPS (lpj=2979708)\r']
[13:31:29] host.compute1 OUT: ['[    0.003654] Last level iTLB entries: 4KB 512, 2MB 8, 4MB 4\r']
[13:31:29] host.compute1 OUT: ['[    0.004570] Last level dTLB entries: 4KB 512, 2MB 8, 4MB 4, 1GB 0\r']
[13:31:29] host.compute1 OUT: ['[    0.005573] process: using mwait in idle threads\r']
[13:31:29] host.compute1 OUT: ['[    0.006586] Spectre V1 : Mitigation: usercopy/swapgs barriers and __user pointer sanitization\r']
[13:31:29] host.compute1 OUT: ['[    0.007571] Spectre V2 : Mitigation: Retpolines\r']
[13:31:29] host.compute1 OUT: ['[    0.008570] Spectre V2 : Spectre v2 / SpectreRSB mitigation: Filling RSB on context switch\r']
[13:31:29] host.compute1 OUT: ['[    0.009570] Spectre V2 : Spectre v2 / SpectreRSB : Filling RSB on VMEXIT\r']
[13:31:29] host.compute1 OUT: ['[    0.010570] Speculative Store Bypass: Vulnerable\r']
[13:31:29] host.compute1 OUT: ['[    0.011572] x86/fpu: x87 FPU will use FXSAVE\r']
[13:31:29] host.compute1 OUT: ['[    0.051128] Freeing SMP alternatives memory: 44K\r']
[13:31:29] host.compute1 OUT: ['[    0.051583] pid_max: default: 32768 minimum: 301\r']
[13:31:29] host.compute1 OUT: ['[    0.053996] LSM: initializing lsm=lockdown,capability,landlock,yama,apparmor,ima,evm\r']
[13:31:29] host.compute1 OUT: ['[    0.054784] landlock: Up and running.\r']
[13:31:29] host.compute1 OUT: ['[    0.055570] Yama: becoming mindful.\r']
[13:31:29] host.compute1 OUT: ['[    0.056714] AppArmor: AppArmor initialized\r']
[13:31:29] host.compute1 OUT: ['[    0.058045] Mount-cache hash table entries: 32768 (order: 6, 262144 bytes, linear)\r']
[13:31:29] host.compute1 OUT: ['[    0.058785] Mountpoint-cache hash table entries: 32768 (order: 6, 262144 bytes, linear)\r']
[13:31:29] host.compute2 OUT: ['[    0.345821] APIC timer disabled due to verification failure\r']
[13:31:29] host.compute2 OUT: ['[    0.346264] smpboot: CPU0: Hygon Fake gem5 x86_64 CPU (family: 0xf, model: 0x25, stepping: 0x1)\r']
[13:31:29] host.compute2 OUT: ['[    0.347815] Performance Events: Broken PMU hardware detected, using software events only.\r']
[13:31:29] host.compute2 OUT: ['[    0.348265] Failed to access perfctr msr (MSR c0010007 is 0)\r']
[13:31:29] host.compute2 OUT: ['[    0.349356] signal: max sigframe size: 1440\r']
[13:31:29] host.compute2 OUT: ['[    0.350536] rcu: Hierarchical SRCU implementation.\r']
[13:31:29] host.compute2 OUT: ['[    0.351266] rcu: \tMax phase no-delay instances is 400.\r']
[13:31:29] host.compute2 OUT: ['[    0.353347] NMI watchdog: Perf NMI watchdog permanently disabled\r']
[13:31:29] host.compute2 OUT: ['[    0.354375] smp: Bringing up secondary CPUs ...\r']
[13:31:29] host.compute2 OUT: ['[    0.355296] smp: Brought up 1 node, 1 CPU\r']
[13:31:29] host.compute2 OUT: ['[    0.356270] smpboot: Total of 1 processors activated (6220.06 BogoMIPS)\r']
[13:31:29] host.compute2 OUT: ['[    0.359697] devtmpfs: initialized\r']
[13:31:29] host.compute2 OUT: ['[    0.360442] x86/mm: Memory block size: 128MB\r']
[13:31:29] host.compute2 OUT: ['[    0.364668] clocksource: jiffies: mask: 0xffffffff max_cycles: 0xffffffff, max_idle_ns: 1911260446275000 ns\r']
[13:31:29] host.compute2 OUT: ['[    0.365291] futex hash table entries: 256 (order: 2, 16384 bytes, linear)\r']
[13:31:29] host.compute2 OUT: ['[    0.367445] pinctrl core: initialized pinctrl subsystem\r']
[13:31:29] host.compute2 OUT: ['[    0.369686] PM: RTC time: 13:31:26, date: 2025-06-19\r']
[13:31:29] host.compute2 OUT: ['[    0.372762] NET: Registered PF_NETLINK/PF_ROUTE protocol family\r']
[13:31:29] host.compute2 OUT: ['[    0.374262] DMA: preallocated 1024 KiB GFP_KERNEL pool for atomic allocations\r']
[13:31:29] host.controller OUT: ['[    0.336520] APIC timer disabled due to verification failure\r']
[13:31:29] host.compute2 OUT: ['[    0.376262] DMA: preallocated 1024 KiB GFP_KERNEL|GFP_DMA pool for atomic allocations\r']
[13:31:29] host.controller OUT: ['[    0.337389] smpboot: CPU0: Hygon Fake gem5 x86_64 CPU (family: 0xf, model: 0x25, stepping: 0x1)\r']
[13:31:29] host.compute2 OUT: ['[    0.377616] DMA: preallocated 1024 KiB GFP_KERNEL|GFP_DMA32 pool for atomic allocations\r']
[13:31:29] host.compute2 OUT: ['[    0.378280] audit: initializing netlink subsys (disabled)\r']
[13:31:29] host.compute2 OUT: ['[    0.379394] audit: type=2000 audit(1750339886.383:1): state=initialized audit_enabled=0 res=1\r']
[13:31:29] host.controller OUT: ['[    0.339888] Performance Events: Broken PMU hardware detected, using software events only.\r']
[13:31:29] host.compute2 OUT: ["[    0.381501] thermal_sys: Registered thermal governor 'fair_share'\r"]
[13:31:29] host.controller OUT: ['[    0.340391] Failed to access perfctr msr (MSR c0010007 is 0)\r']
[13:31:29] host.controller OUT: ['[    0.342451] signal: max sigframe size: 1440\r']
[13:31:29] host.compute2 OUT: ["[    0.381507] thermal_sys: Registered thermal governor 'bang_bang'\r"]
[13:31:29] host.controller OUT: ['[    0.343415] rcu: Hierarchical SRCU implementation.\r']
[13:31:29] host.controller OUT: ['[    0.344386] rcu: \tMax phase no-delay instances is 400.\r']
[13:31:29] host.compute2 OUT: ["[    0.382266] thermal_sys: Registered thermal governor 'step_wise'\r"]
[13:31:29] host.controller OUT: ['[    0.345986] NMI watchdog: Perf NMI watchdog permanently disabled\r']
[13:31:29] host.compute2 OUT: ["[    0.383265] thermal_sys: Registered thermal governor 'user_space'\r"]
[13:31:29] host.controller OUT: ['[    0.346469] smp: Bringing up secondary CPUs ...\r']
[13:31:29] host.controller OUT: ['[    0.347398] smp: Brought up 1 node, 1 CPU\r']
[13:31:29] host.compute2 OUT: ["[    0.384265] thermal_sys: Registered thermal governor 'power_allocator'\r"]
[13:31:29] host.compute2 OUT: ['[    0.385298] EISA bus registered\r']
[13:31:29] host.controller OUT: ['[    0.348391] smpboot: Total of 1 processors activated (6043.82 BogoMIPS)\r']
[13:31:29] host.compute2 OUT: ['[    0.387279] cpuidle: using governor ladder\r']
[13:31:29] host.controller OUT: ['[    0.350464] devtmpfs: initialized\r']
[13:31:29] host.controller OUT: ['[    0.351328] x86/mm: Memory block size: 128MB\r']
[13:31:29] host.compute2 OUT: ['[    0.388269] cpuidle: using governor menu\r']
[13:31:29] host.compute2 OUT: ['[    0.390331] PCI: Using configuration type 1 for base access\r']
[13:31:29] host.controller OUT: ['[    0.353721] clocksource: jiffies: mask: 0xffffffff max_cycles: 0xffffffff, max_idle_ns: 1911260446275000 ns\r']
[13:31:29] host.controller OUT: ['[    0.354406] futex hash table entries: 256 (order: 2, 16384 bytes, linear)\r']
[13:31:29] host.compute2 OUT: ['[    0.392482] kprobes: kprobe jump-optimization is enabled. All kprobes are optimized if possible.\r']
[13:31:29] host.controller OUT: ['[    0.356649] pinctrl core: initialized pinctrl subsystem\r']
[13:31:29] host.controller OUT: ['[    0.357803] PM: RTC time: 13:31:26, date: 2025-06-19\r']
[13:31:29] host.controller OUT: ['[    0.360506] NET: Registered PF_NETLINK/PF_ROUTE protocol family\r']
[13:31:29] host.controller OUT: ['[    0.362386] DMA: preallocated 1024 KiB GFP_KERNEL pool for atomic allocations\r']
[13:31:29] host.controller OUT: ['[    0.363190] DMA: preallocated 1024 KiB GFP_KERNEL|GFP_DMA pool for atomic allocations\r']
[13:31:29] host.controller OUT: ['[    0.363963] DMA: preallocated 1024 KiB GFP_KERNEL|GFP_DMA32 pool for atomic allocations\r']
[13:31:29] host.controller OUT: ['[    0.364400] audit: initializing netlink subsys (disabled)\r']
[13:31:29] host.controller OUT: ['[    0.365463] audit: type=2000 audit(1750339886.369:1): state=initialized audit_enabled=0 res=1\r']
[13:31:29] host.controller OUT: ["[    0.366607] thermal_sys: Registered thermal governor 'fair_share'\r"]
[13:31:29] host.controller OUT: ["[    0.366610] thermal_sys: Registered thermal governor 'bang_bang'\r"]
[13:31:29] host.controller OUT: ["[    0.367392] thermal_sys: Registered thermal governor 'step_wise'\r"]
[13:31:29] host.controller OUT: ["[    0.368389] thermal_sys: Registered thermal governor 'user_space'\r"]
[13:31:29] host.controller OUT: ["[    0.369389] thermal_sys: Registered thermal governor 'power_allocator'\r"]
[13:31:29] host.controller OUT: ['[    0.370430] EISA bus registered\r']
[13:31:29] host.controller OUT: ['[    0.372398] cpuidle: using governor ladder\r']
[13:31:29] host.controller OUT: ['[    0.373391] cpuidle: using governor menu\r']
[13:31:29] host.controller OUT: ['[    0.374814] PCI: Using configuration type 1 for base access\r']
[13:31:29] host.controller OUT: ['[    0.375614] kprobes: kprobe jump-optimization is enabled. All kprobes are optimized if possible.\r']
[13:31:29] host.compute2 OUT: ['[    0.456759] HugeTLB: registered 2.00 MiB page size, pre-allocated 0 pages\r']
[13:31:29] host.compute2 OUT: ['[    0.457265] HugeTLB: 28 KiB vmemmap can be freed for a 2.00 MiB page\r']
[13:31:29] host.compute2 OUT: ['[    0.461425] Demotion targets for Node 0: null\r']
[13:31:29] host.compute2 OUT: ['[    0.465914] ACPI: Interpreter disabled.\r']
[13:31:29] host.controller OUT: ['[    0.422395] HugeTLB: registered 2.00 MiB page size, pre-allocated 0 pages\r']
[13:31:29] host.compute2 OUT: ['[    0.467275] iommu: Default domain type: Translated\r']
[13:31:29] host.controller OUT: ['[    0.423389] HugeTLB: 28 KiB vmemmap can be freed for a 2.00 MiB page\r']
[13:31:29] host.compute2 OUT: ['[    0.468265] iommu: DMA domain TLB invalidation policy: lazy mode\r']
[13:31:29] host.controller OUT: ['[    0.426449] Demotion targets for Node 0: null\r']
[13:31:29] host.compute2 OUT: ['[    0.471500] SCSI subsystem initialized\r']
[13:31:29] host.controller OUT: ['[    0.429052] ACPI: Interpreter disabled.\r']
[13:31:29] host.controller OUT: ['[    0.430586] iommu: Default domain type: Translated\r']
[13:31:29] host.compute2 OUT: ['[    0.472516] usbcore: registered new interface driver usbfs\r']
[13:31:29] host.controller OUT: ['[    0.431389] iommu: DMA domain TLB invalidation policy: lazy mode\r']
[13:31:29] host.compute2 OUT: ['[    0.473285] usbcore: registered new interface driver hub\r']
[13:31:29] host.controller OUT: ['[    0.433819] SCSI subsystem initialized\r']
[13:31:29] host.compute2 OUT: ['[    0.474332] usbcore: registered new device driver usb\r']
[13:31:29] host.controller OUT: ['[    0.435672] usbcore: registered new interface driver usbfs\r']
[13:31:29] host.compute2 OUT: ['[    0.475300] pps_core: LinuxPPS API ver. 1 registered\r']
[13:31:29] host.controller OUT: ['[    0.437552] usbcore: registered new interface driver hub\r']
[13:31:29] host.controller OUT: ['[    0.438403] usbcore: registered new device driver usb\r']
[13:31:29] host.compute2 OUT: ['[    0.476265] pps_core: Software ver. 5.3.6 - Copyright 2005-2007 Rodolfo Giometti <giometti@linux.it>\r']
[13:31:29] host.controller OUT: ['[    0.440436] pps_core: LinuxPPS API ver. 1 registered\r']
[13:31:29] host.compute2 OUT: ['[    0.477274] PTP clock support registered\r']
[13:31:29] host.compute2 OUT: ['[    0.479437] EDAC MC: Ver: 3.0.0\r']
[13:31:29] host.controller OUT: ['[    0.441388] pps_core: Software ver. 5.3.6 - Copyright 2005-2007 Rodolfo Giometti <giometti@linux.it>\r']
