{
    "exp_name": "ubuntu_ssh",
    "start_time": 1739073345.9659111,
    "end_time": 1739073454.0498369,
    "success": true,
    "interrupted": false,
    "metadata": {},
    "sims": {
        "host.ssh_client": {
            "class": "OpenstackGem5Host",
            "cmd": [
                "/workspace/sim/simbricks/sims/external/gem5/build/X86/gem5.fast",
                "--outdir=/workspace/out/sim/ubuntu_ssh/0/gem5-out.ssh_client",
                "/workspace/sim/simbricks/sims/external/gem5/configs/simbricks/simbricks.py",
                "--caches",
                "--l2cache",
                "--l1d_size=32kB",
                "--l1i_size=32kB",
                "--l2_size=32MB",
                "--l1d_assoc=8",
                "--l1i_assoc=8",
                "--l2_assoc=16",
                "--cacheline_size=64",
                "--cpu-clock=4GHz",
                "--sys-clock=1GHz",
                "--checkpoint-dir=/workspace/out/sim/ubuntu_ssh/0/gem5-cp.ssh_client",
                "--kernel=/workspace/out/images/ubuntu/vmlinux",
                "--command-line",
                "earlyprintk=ttyS0 console=ttyS0 net.ifnames=0 root=/dev/sda1 simbricks_guest_input=/dev/sdb rw",
                "--disk-image=/workspace/out/images/ubuntu/disks/base/disk.raw",
                "--disk-image=/workspace/out/sim/ubuntu_ssh/0/cfg.ssh_client.tar",
                "--cpu-type=X86KvmCPU",
                "--mem-size=8192MB",
                "--num-cpus=4",
                "--mem-type=DDR4_2400_16x4",
                "--max-checkpoints=1",
                "--simbricks-eth-e1000=listen:/workspace/out/sim/ubuntu_ssh/0/n2h.eth.net.ssh_client:/workspace/out/sim/ubuntu_ssh/0/n2h.shm.net.ssh_client:latency=1000ns:sync_interval=1000ns"
            ],
            "stdout": [
                "Global frequency set at 1000000000000 ticks per second",
                "gem5 Simulator System.  https://www.gem5.org",
                "gem5 is copyrighted software; use the --copyright option for details.",
                "",
                "gem5 version 23.1.0.0",
                "gem5 compiled Feb  8 2025 07:06:29",
                "gem5 started Feb  9 2025 03:55:46",
                "gem5 executing on dd60d26c2d59, pid 190",
                "command line: /workspace/sim/simbricks/sims/external/gem5/build/X86/gem5.fast --outdir=/workspace/out/sim/ubuntu_ssh/0/gem5-out.ssh_client /workspace/sim/simbricks/sims/external/gem5/configs/simbricks/simbricks.py --caches --l2cache --l1d_size=32kB --l1i_size=32kB --l2_size=32MB --l1d_assoc=8 --l1i_assoc=8 --l2_assoc=16 --cacheline_size=64 --cpu-clock=4GHz --sys-clock=1GHz --checkpoint-dir=/workspace/out/sim/ubuntu_ssh/0/gem5-cp.ssh_client --kernel=/workspace/out/images/ubuntu/vmlinux --command-line 'earlyprintk=ttyS0 console=ttyS0 net.ifnames=0 root=/dev/sda1 simbricks_guest_input=/dev/sdb rw' --disk-image=/workspace/out/images/ubuntu/disks/base/disk.raw --disk-image=/workspace/out/sim/ubuntu_ssh/0/cfg.ssh_client.tar --cpu-type=X86KvmCPU --mem-size=8192MB --num-cpus=4 --mem-type=DDR4_2400_16x4 --max-checkpoints=1 --simbricks-eth-e1000=listen:/workspace/out/sim/ubuntu_ssh/0/n2h.eth.net.ssh_client:/workspace/out/sim/ubuntu_ssh/0/n2h.shm.net.ssh_client:latency=1000ns:sync_interval=1000ns",
                "",
                "info: Standard input is not a terminal, disabling listeners.",
                "adding simbricks eth: listen:/workspace/out/sim/ubuntu_ssh/0/n2h.eth.net.ssh_client:/workspace/out/sim/ubuntu_ssh/0/n2h.shm.net.ssh_client:latency=1000ns:sync_interval=1000ns",
                "connecting 1 pci & eth simbricks adapters",
                "connecting 0 mem simbricks adapters",
                "**** REAL SIMULATION ****",
                "[    0.000000] Linux version 6.5.0 (root@ubuntu) (gcc (Ubuntu 11.4.0-1ubuntu1~22.04) 11.4.0, GNU ld (GNU Binutils for Ubuntu) 2.38) #1 SMP PREEMPT_DYNAMIC Fri Feb  7 05:44:52 UTC 2025\r",
                "[    0.000000] Command line: earlyprintk=ttyS0 console=ttyS0 net.ifnames=0 root=/dev/sda1 simbricks_guest_input=/dev/sdb rw\r",
                "[    0.000000] KERNEL supported cpus:\r",
                "[    0.000000]   Intel GenuineIntel\r",
                "[    0.000000]   AMD AuthenticAMD\r",
                "[    0.000000]   Hygon HygonGenuine\r",
                "[    0.000000]   Centaur CentaurHauls\r",
                "[    0.000000]   zhaoxin   Shanghai  \r",
                "[    0.000000] BIOS-provided physical RAM map:\r",
                "[    0.000000] BIOS-e820: [mem 0x0000000000000000-0x000000000009fbff] usable\r",
                "[    0.000000] BIOS-e820: [mem 0x000000000009fc00-0x00000000000fffff] reserved\r",
                "[    0.000000] BIOS-e820: [mem 0x0000000000100000-0x00000000bfffffff] usable\r",
                "[    0.000000] BIOS-e820: [mem 0x00000000ffff0000-0x00000000ffffffff] reserved\r",
                "[    0.000000] BIOS-e820: [mem 0x0000000100000000-0x000000023fffffff] usable\r",
                "[    0.000000] printk: bootconsole [earlyser0] enabled\r",
                "[    0.000000] NX (Execute Disable) protection: active\r",
                "[    0.000000] SMBIOS 2.5 present.\r",
                "[    0.000000] DMI:  , BIOS  06/08/2008\r",
                "[    0.000000] last_pfn = 0x240000 max_arch_pfn = 0x400000000\r",
                "[    0.000000] MTRRs disabled by BIOS\r",
                "[    0.000000] x86/PAT: Configuration [0-7]: WB  WC  UC- UC  WB  WP  UC- WT  \r",
                "[    0.000000] last_pfn = 0xc0000 max_arch_pfn = 0x400000000\r",
                "[    0.000000] found SMP MP-table at [mem 0x000f0050-0x000f005f]\r",
                "[    0.000000] ACPI: Early table checksum verification disabled\r",
                "[    0.000000] ACPI: RSDP 0x00000000000F0200 000024 (v02       )\r",
                "[    0.000000] ACPI: XSDT 0x00000000000F0248 000024 (v01                 00000000      00000000)\r",
                "[    0.000000] ACPI BIOS Error (bug): Invalid table length 0x24 in RSDT/XSDT (20230331/tbutils-290)\r",
                "[    0.000000] No NUMA configuration found\r",
                "[    0.000000] Faking a node at [mem 0x0000000000000000-0x000000023fffffff]\r",
                "[    0.000000] NODE_DATA(0) allocated [mem 0x23ffd3000-0x23fffdfff]\r",
                "[    0.000000] Zone ranges:\r",
                "[    0.000000]   DMA      [mem 0x0000000000001000-0x0000000000ffffff]\r",
                "[    0.000000]   DMA32    [mem 0x0000000001000000-0x00000000ffffffff]\r",
                "[    0.000000]   Normal   [mem 0x0000000100000000-0x000000023fffffff]\r",
                "[    0.000000]   Device   empty\r",
                "[    0.000000] Movable zone start for each node\r",
                "[    0.000000] Early memory node ranges\r",
                "[    0.000000]   node   0: [mem 0x0000000000001000-0x000000000009efff]\r",
                "[    0.000000]   node   0: [mem 0x0000000000100000-0x00000000bfffffff]\r",
                "[    0.000000]   node   0: [mem 0x0000000100000000-0x000000023fffffff]\r",
                "[    0.000000] Initmem setup node 0 [mem 0x0000000000001000-0x000000023fffffff]\r",
                "[    0.000000] On node 0, zone DMA: 1 pages in unavailable ranges\r",
                "[    0.000000] On node 0, zone DMA: 97 pages in unavailable ranges\r",
                "[    0.000000] Intel MultiProcessor Specification v1.4\r",
                "[    0.000000] MPTABLE: OEM ID: \r",
                "[    0.000000] MPTABLE: Product ID: \r",
                "[    0.000000] MPTABLE: APIC at: 0xFEE00000\r",
                "[    0.000000] Processor #0 (Bootup-CPU)\r",
                "[    0.000000] Processor #1\r",
                "[    0.000000] Processor #2\r",
                "[    0.000000] Processor #3\r",
                "[    0.000000] IOAPIC[0]: apic_id 4, version 20, address 0xfec00000, GSI 0-23\r",
                "[    0.000000] Processors: 4\r",
                "[    0.000000] smpboot: Allowing 4 CPUs, 0 hotplug CPUs\r",
                "[    0.000000] PM: hibernation: Registered nosave memory: [mem 0x00000000-0x00000fff]\r",
                "[    0.000000] PM: hibernation: Registered nosave memory: [mem 0x0009f000-0x0009ffff]\r",
                "[    0.000000] PM: hibernation: Registered nosave memory: [mem 0x000a0000-0x000fffff]\r",
                "[    0.000000] PM: hibernation: Registered nosave memory: [mem 0xc0000000-0xfffeffff]\r",
                "[    0.000000] PM: hibernation: Registered nosave memory: [mem 0xffff0000-0xffffffff]\r",
                "[    0.000000] [mem 0xc0000000-0xfffeffff] available for PCI devices\r",
                "[    0.000000] Booting paravirtualized kernel on bare hardware\r",
                "[    0.000000] clocksource: refined-jiffies: mask: 0xffffffff max_cycles: 0xffffffff, max_idle_ns: 7645519600211568 ns\r",
                "[    0.000000] setup_percpu: NR_CPUS:8192 nr_cpumask_bits:4 nr_cpu_ids:4 nr_node_ids:1\r",
                "[    0.000000] percpu: Embedded 64 pages/cpu s225280 r8192 d28672 u524288\r",
                "[    0.000000] Kernel command line: earlyprintk=ttyS0 console=ttyS0 net.ifnames=0 root=/dev/sda1 simbricks_guest_input=/dev/sdb rw\r",
                "[    0.000000] Unknown kernel command line parameters \"simbricks_guest_input=/dev/sdb\", will be passed to user space.\r",
                "[    0.000000] Dentry cache hash table entries: 1048576 (order: 11, 8388608 bytes, linear)\r",
                "[    0.000000] Inode-cache hash table entries: 524288 (order: 10, 4194304 bytes, linear)\r",
                "[    0.000000] Fallback order for Node 0: 0 \r",
                "[    0.000000] Built 1 zonelists, mobility grouping on.  Total pages: 2064128\r",
                "[    0.000000] Policy zone: Normal\r",
                "[    0.000000] mem auto-init: stack:off, heap alloc:on, heap free:off\r",
                "[    0.000000] software IO TLB: area num 4.\r",
                "[    0.000000] Memory: 8114900K/8388216K available (20480K kernel code, 4221K rwdata, 12488K rodata, 4804K init, 17432K bss, 273060K reserved, 0K cma-reserved)\r",
                "[    0.000000] SLUB: HWalign=64, Order=0-3, MinObjects=0, CPUs=4, Nodes=1\r",
                "Poking KASLR using RDTSC...\r",
                "[    0.000000] ftrace: allocating 51791 entries in 203 pages\r",
                "[    0.000000] ftrace: allocated 203 pages with 5 groups\r",
                "[    0.000000] Dynamic Preempt: voluntary\r",
                "[    0.000000] rcu: Preemptible hierarchical RCU implementation.\r",
                "[    0.000000] rcu: \tRCU restricting CPUs from NR_CPUS=8192 to nr_cpu_ids=4.\r",
                "[    0.000000] \tTrampoline variant of Tasks RCU enabled.\r",
                "[    0.000000] \tRude variant of Tasks RCU enabled.\r",
                "[    0.000000] \tTracing variant of Tasks RCU enabled.\r",
                "[    0.000000] rcu: RCU calculated value of scheduler-enlistment delay is 25 jiffies.\r",
                "[    0.000000] rcu: Adjusting geometry for rcu_fanout_leaf=16, nr_cpu_ids=4\r",
                "[    0.000000] NR_IRQS: 524544, nr_irqs: 456, preallocated irqs: 16\r",
                "[    0.000000] rcu: srcu_init: Setting srcu_struct sizes based on contention.\r",
                "[    0.000000] Console: colour dummy device 80x25\r",
                "[    0.000000] printk: console [ttyS0] enabled\r",
                "[    0.000000] printk: console [ttyS0] enabled\r",
                "[    0.000000] printk: bootconsole [earlyser0] disabled\r",
                "[    0.000000] printk: bootconsole [earlyser0] disabled\r",
                "[    0.000000] APIC: Switch to symmetric I/O mode setup\r",
                "[    0.000000] ExtINT not setup in hardware but reported by MP table\r",
                "[    0.000000] ..TIMER: vector=0x30 apic1=0 pin1=2 apic2=0 pin2=0\r",
                "[    0.032000] tsc: Unable to calibrate against PIT\r",
                "[    0.032000] tsc: No reference (HPET/PMTIMER) available\r",
                "[    0.032000] tsc: Marking TSC unstable due to could not calculate TSC khz\r",
                "[    0.036000] Calibrating delay loop... 7049.21 BogoMIPS (lpj=14098432)\r",
                "[    0.060000] process: using mwait in idle threads\r",
                "[    0.060000] Last level iTLB entries: 4KB 512, 2MB 8, 4MB 4\r",
                "[    0.060000] Last level dTLB entries: 4KB 512, 2MB 8, 4MB 4, 1GB 0\r",
                "[    0.060000] Spectre V1 : Mitigation: usercopy/swapgs barriers and __user pointer sanitization\r",
                "[    0.064000] Spectre V2 : Mitigation: Retpolines\r",
                "[    0.064000] Spectre V2 : Spectre v2 / SpectreRSB mitigation: Filling RSB on context switch\r",
                "[    0.064000] Spectre V2 : Spectre v2 / SpectreRSB : Filling RSB on VMEXIT\r",
                "[    0.068000] Speculative Store Bypass: Vulnerable\r",
                "[    0.068000] x86/fpu: x87 FPU will use FXSAVE\r",
                "[    0.092000] Freeing SMP alternatives memory: 44K\r",
                "[    0.092000] pid_max: default: 32768 minimum: 301\r",
                "[    0.092000] LSM: initializing lsm=lockdown,capability,landlock,yama,apparmor,integrity\r",
                "[    0.096000] landlock: Up and running.\r",
                "[    0.096000] Yama: becoming mindful.\r",
                "[    0.096000] AppArmor: AppArmor initialized\r",
                "[    0.096000] Mount-cache hash table entries: 16384 (order: 5, 131072 bytes, linear)\r",
                "[    0.100000] Mountpoint-cache hash table entries: 16384 (order: 5, 131072 bytes, linear)\r",
                "[    0.316000] smpboot: CPU0: Hygon Fake gem5 x86_64 CPU (family: 0xf, model: 0x25, stepping: 0x1)\r",
                "[    0.316000] RCU Tasks: Setting shift to 2 and lim to 1 rcu_task_cb_adjust=1.\r",
                "[    0.316000] RCU Tasks Rude: Setting shift to 2 and lim to 1 rcu_task_cb_adjust=1.\r",
                "[    0.316000] RCU Tasks Trace: Setting shift to 2 and lim to 1 rcu_task_cb_adjust=1.\r",
                "[    0.320000] Performance Events: Broken PMU hardware detected, using software events only.\r",
                "[    0.320000] Failed to access perfctr msr (MSR c0010007 is 0)\r",
                "[    0.320000] signal: max sigframe size: 1440\r",
                "[    0.320000] rcu: Hierarchical SRCU implementation.\r",
                "[    0.324000] rcu: \tMax phase no-delay instances is 1000.\r",
                "[    0.324000] NMI watchdog: Perf NMI watchdog permanently disabled\r",
                "[    0.324000] smp: Bringing up secondary CPUs ...\r",
                "[    0.328000] smpboot: x86: Booting SMP configuration:\r",
                "[    0.328000] .... node  #0, CPUs:      #1 #2 #3\r",
                "[    0.436000] smp: Brought up 1 node, 4 CPUs\r",
                "[    0.436000] smpboot: Max logical packages: 4\r",
                "[    0.436000] smpboot: Total of 4 processors activated (24084.48 BogoMIPS)\r",
                "[    0.440000] devtmpfs: initialized\r",
                "[    0.440000] x86/mm: Memory block size: 128MB\r",
                "[    0.440000] clocksource: jiffies: mask: 0xffffffff max_cycles: 0xffffffff, max_idle_ns: 7645041785100000 ns\r",
                "[    0.444000] futex hash table entries: 1024 (order: 4, 65536 bytes, linear)\r",
                "[    0.444000] pinctrl core: initialized pinctrl subsystem\r",
                "[    0.444000] PM: RTC time: 00:00:00, date: 2012-01-01\r",
                "[    0.448000] NET: Registered PF_NETLINK/PF_ROUTE protocol family\r",
                "[    0.452000] DMA: preallocated 1024 KiB GFP_KERNEL pool for atomic allocations\r",
                "[    0.452000] DMA: preallocated 1024 KiB GFP_KERNEL|GFP_DMA pool for atomic allocations\r",
                "[    0.456000] DMA: preallocated 1024 KiB GFP_KERNEL|GFP_DMA32 pool for atomic allocations\r",
                "[    0.456000] audit: initializing netlink subsys (disabled)\r",
                "[    0.456000] audit: type=2000 audit(1325376000.456:1): state=initialized audit_enabled=0 res=1\r",
                "[    0.456000] thermal_sys: Registered thermal governor 'fair_share'\r",
                "[    0.460000] thermal_sys: Registered thermal governor 'bang_bang'\r",
                "[    0.460000] thermal_sys: Registered thermal governor 'step_wise'\r",
                "[    0.460000] thermal_sys: Registered thermal governor 'user_space'\r",
                "[    0.460000] thermal_sys: Registered thermal governor 'power_allocator'\r",
                "[    0.460000] EISA bus registered\r",
                "[    0.464000] cpuidle: using governor ladder\r",
                "[    0.464000] cpuidle: using governor menu\r",
                "[    0.464000] PCI: Using configuration type 1 for base access\r",
                "[    0.468000] kprobes: kprobe jump-optimization is enabled. All kprobes are optimized if possible.\r",
                "[    0.476000] HugeTLB: registered 2.00 MiB page size, pre-allocated 0 pages\r",
                "[    0.480000] HugeTLB: 28 KiB vmemmap can be freed for a 2.00 MiB page\r",
                "[    0.488000] ACPI: Interpreter disabled.\r",
                "[    0.488000] iommu: Default domain type: Translated\r",
                "[    0.488000] iommu: DMA domain TLB invalidation policy: lazy mode\r",
                "[    0.488000] SCSI subsystem initialized\r",
                "[    0.492000] usbcore: registered new interface driver usbfs\r",
                "[    0.492000] usbcore: registered new interface driver hub\r",
                "[    0.492000] usbcore: registered new device driver usb\r",
                "[    0.492000] pps_core: LinuxPPS API ver. 1 registered\r",
                "[    0.496000] pps_core: Software ver. 5.3.6 - Copyright 2005-2007 Rodolfo Giometti <giometti@linux.it>\r",
                "[    0.496000] PTP clock support registered\r",
                "[    0.496000] EDAC MC: Ver: 3.0.0\r",
                "[    0.500000] NetLabel: Initializing\r",
                "[    0.500000] NetLabel:  domain hash size = 128\r",
                "[    0.500000] NetLabel:  protocols = UNLABELED CIPSOv4 CALIPSO\r",
                "[    0.500000] NetLabel:  unlabeled traffic allowed by default\r",
                "[    0.504000] PCI: Probing PCI hardware\r",
                "[    0.504000] PCI host bridge to bus 0000:00\r",
                "[    0.504000] pci_bus 0000:00: root bus resource [io  0x0000-0xffff]\r",
                "[    0.504000] pci_bus 0000:00: root bus resource [mem 0x00000000-0xffffffffffff]\r",
                "[    0.508000] pci_bus 0000:00: No busn resource found for root bus, will use [bus 00-ff]\r",
                "[    0.508000] pci 0000:00:00.0: [8086:1075] type 00 class 0x020000\r",
                "[    0.508000] pci 0000:00:00.0: reg 0x10: [mem 0x00000000-0x0001ffff]\r",
                "[    0.512000] pci 0000:00:00.0: reg 0x30: [mem 0x00000000-0x000007ff pref]\r",
                "[    0.512000] pci 0000:00:04.0: [8086:7111] type 00 class 0x010180\r",
                "[    0.516000] pci 0000:00:04.0: reg 0x20: [io  0x0000-0x000f]\r",
                "[    0.516000] pci 0000:00:04.0: reg 0x30: [mem 0x00000000-0x000007ff pref]\r",
                "[    0.516000] pci 0000:00:04.0: legacy IDE quirk: reg 0x10: [io  0x01f0-0x01f7]\r",
                "[    0.516000] pci 0000:00:04.0: legacy IDE quirk: reg 0x14: [io  0x03f6]\r",
                "[    0.520000] pci 0000:00:04.0: legacy IDE quirk: reg 0x18: [io  0x0170-0x0177]\r",
                "[    0.520000] pci 0000:00:04.0: legacy IDE quirk: reg 0x1c: [io  0x0376]\r",
                "[    0.524000] pci_bus 0000:00: busn_res: [bus 00-ff] end is updated to 00\r",
                "[    0.524000] vgaarb: loaded\r",
                "[    0.524000] clocksource: Switched to clocksource refined-jiffies\r",
                "[    0.548001] VFS: Disk quotas dquot_6.6.0\r",
                "[    0.548001] VFS: Dquot-cache hash table entries: 512 (order 0, 4096 bytes)\r",
                "[    0.548001] AppArmor: AppArmor Filesystem Enabled\r",
                "[    0.552001] pnp: PnP ACPI: disabled\r",
                "[    0.556002] NET: Registered PF_INET protocol family\r",
                "[    0.556002] IP idents hash table entries: 131072 (order: 8, 1048576 bytes, linear)\r",
                "[    0.560002] tcp_listen_portaddr_hash hash table entries: 4096 (order: 4, 65536 bytes, linear)\r",
                "[    0.564002] Table-perturb hash table entries: 65536 (order: 6, 262144 bytes, linear)\r",
                "[    0.564002] TCP established hash table entries: 65536 (order: 7, 524288 bytes, linear)\r",
                "[    0.568002] TCP bind hash table entries: 65536 (order: 9, 2097152 bytes, linear)\r",
                "[    0.572003] TCP: Hash tables configured (established 65536 bind 65536)\r",
                "[    0.572003] MPTCP token hash table entries: 8192 (order: 5, 196608 bytes, linear)\r",
                "[    0.576003] UDP hash table entries: 4096 (order: 5, 131072 bytes, linear)\r",
                "[    0.576003] UDP-Lite hash table entries: 4096 (order: 5, 131072 bytes, linear)\r",
                "[    0.576003] NET: Registered PF_UNIX/PF_LOCAL protocol family\r",
                "[    0.580003] NET: Registered PF_XDP protocol family\r",
                "[    0.580003] pci 0000:00:00.0: BAR 0: assigned [mem 0xc0000000-0xc001ffff]\r",
                "[    0.580003] pci 0000:00:00.0: BAR 6: assigned [mem 0xc0020000-0xc00207ff pref]\r",
                "[    0.580003] pci 0000:00:04.0: BAR 6: assigned [mem 0xc0020800-0xc0020fff pref]\r",
                "[    0.584003] pci 0000:00:04.0: BAR 4: assigned [io  0x1000-0x100f]\r",
                "[    0.584003] pci_bus 0000:00: resource 4 [io  0x0000-0xffff]\r",
                "[    0.584003] pci_bus 0000:00: resource 5 [mem 0x00000000-0xffffffffffff]\r",
                "[    0.588004] PCI: CLS 0 bytes, default 64\r",
                "[    0.588004] PCI-DMA: Using software bounce buffering for IO (SWIOTLB)\r",
                "[    0.588004] software IO TLB: mapped [mem 0x00000000bc000000-0x00000000c0000000] (64MB)\r",
                "[    0.592004] platform rtc_cmos: registered platform RTC device (no PNP device found)\r",
                "[    0.592004] Initialise system trusted keyrings\r",
                "[    0.592004] Key type blacklist registered\r",
                "[    0.592004] workingset: timestamp_bits=36 max_order=21 bucket_order=0\r",
                "[    0.596004] zbud: loaded\r",
                "[    0.596004] squashfs: version 4.0 (2009/01/31) Phillip Lougher\r",
                "[    0.600004] fuse: init (API version 7.38)\r",
                "[    0.600004] integrity: Platform Keyring initialized\r",
                "[    0.608005] Key type asymmetric registered\r",
                "[    0.612005] Asymmetric key parser 'x509' registered\r",
                "[    0.612005] Block layer SCSI generic (bsg) driver version 0.4 loaded (major 243)\r",
                "[    0.612005] io scheduler mq-deadline registered\r",
                "[    0.616005] shpchp: Standard Hot Plug PCI Controller Driver version: 0.4\r",
                "[    0.616005] Serial: 8250/16550 driver, 32 ports, IRQ sharing enabled\r",
                "[    0.616005] serial8250: ttyS0 at I/O 0x3f8 (irq = 4, base_baud = 115200) is a 8250\r",
                "[    0.624006] Linux agpgart interface v0.103\r",
                "[    0.624006] loop: module loaded\r",
                "[    0.628006] ata_piix 0000:00:04.0: enabling device (0000 -> 0001)\r",
                "[    0.628006] scsi host0: ata_piix\r",
                "[    0.628006] scsi host1: ata_piix\r",
                "[    0.632006] ata1: PATA max UDMA/33 cmd 0x1f0 ctl 0x3f6 bmdma 0x1000 irq 14\r",
                "[    0.632006] ata2: PATA max UDMA/33 cmd 0x170 ctl 0x376 bmdma 0x1008 irq 15\r",
                "[    0.632006] tun: Universal TUN/TAP device driver, 1.6\r",
                "[    0.636007] PPP generic driver version 2.4.2\r",
                "[    0.636007] VFIO - User Level meta-driver version: 0.3\r",
                "[    0.636007] i8042: PNP: No PS/2 controller found.\r",
                "[    0.636007] i8042: Probing ports directly.\r",
                "[    0.640007] serio: i8042 KBD port at 0x60,0x64 irq 1\r",
                "[    0.640007] serio: i8042 AUX port at 0x60,0x64 irq 12\r",
                "[    0.640007] mousedev: PS/2 mouse device common for all mice\r",
                "[    0.644007] input: AT Translated Set 2 keyboard as /devices/platform/i8042/serio0/input/input0\r",
                "[    0.648007] rtc_cmos rtc_cmos: registered as rtc0\r",
                "[    0.648007] rtc_cmos rtc_cmos: setting system clock to 2012-01-01T00:00:01 UTC (1325376001)\r",
                "[    0.648007] rtc_cmos rtc_cmos: alarms up to one day, 114 bytes nvram\r",
                "[    0.652007] i2c_dev: i2c /dev entries driver\r",
                "[    0.652008] device-mapper: core: CONFIG_IMA_DISABLE_HTABLE is disabled. Duplicate IMA measurements will not be recorded in the IMA log.\r",
                "[    0.652008] device-mapper: uevent: version 1.0.3\r",
                "[    0.656008] device-mapper: ioctl: 4.48.0-ioctl (2023-03-01) initialised: dm-devel@redhat.com\r",
                "[    0.656008] platform eisa.0: Probing EISA bus 0\r",
                "[    0.656008] eisa 00:00: EISA: Mainboard @@@0000 detected\r",
                "[    0.656008] platform eisa.0: Cannot allocate resource for EISA slot 1\r",
                "[    0.660008] eisa 00:02: EISA: slot 2: @@@0000 detected (disabled)\r",
                "[    0.660008] eisa 00:03: EISA: slot 3: @@@0000 detected (disabled)\r",
                "[    0.660008] eisa 00:04: EISA: slot 4: @@@0000 detected (disabled)\r",
                "[    0.664008] eisa 00:05: EISA: slot 5: @@@0000 detected (disabled)\r",
                "[    0.664008] eisa 00:06: EISA: slot 6: @@@0000 detected (disabled)\r",
                "[    0.664008] eisa 00:07: EISA: slot 7: @@@0000 detected (disabled)\r",
                "[    0.668009] eisa 00:08: EISA: slot 8: @@@0000 detected (disabled)\r",
                "[    0.668009] platform eisa.0: EISA: Detected 7 cards\r",
                "[    0.668009] ledtrig-cpu: registered to indicate activity on CPUs\r",
                "[    0.668009] drop_monitor: Initializing network drop monitor service\r",
                "[    0.696010] NET: Registered PF_INET6 protocol family\r",
                "[    0.696010] Segment Routing with IPv6\r",
                "[    0.696010] In-situ OAM (IOAM) with IPv6\r",
                "[    0.696010] NET: Registered PF_PACKET protocol family\r",
                "[    0.700011] Key type dns_resolver registered\r",
                "[    0.700011] IPI shorthand broadcast: enabled\r",
                "[    0.704011] registered taskstats version 1\r",
                "[    0.704011] Loading compiled-in X.509 certificates\r",
                "[    0.704011] Loaded X.509 cert 'Build time autogenerated kernel key: 42beeea78a054be3efa37b8bb298b9b3a3e5d1a0'\r",
                "[    0.708011] Key type .fscrypt registered\r",
                "[    0.712011] Key type fscrypt-provisioning registered\r",
                "[    0.712011] Key type encrypted registered\r",
                "[    0.716012] AppArmor: AppArmor sha1 policy hashing enabled\r",
                "[    0.716012] ima: No TPM chip found, activating TPM-bypass!\r",
                "[    0.716012] Loading compiled-in module X.509 certificates\r",
                "[    0.720012] Loaded X.509 cert 'Build time autogenerated kernel key: 42beeea78a054be3efa37b8bb298b9b3a3e5d1a0'\r",
                "[    0.720012] ima: Allocated hash algorithm: sha1\r",
                "[    0.720012] ima: No architecture policies found\r",
                "[    0.720012] evm: Initialising EVM extended attributes:\r",
                "[    0.724012] evm: security.selinux\r",
                "[    0.724012] evm: security.SMACK64\r",
                "[    0.724012] evm: security.SMACK64EXEC\r",
                "[    0.724012] evm: security.SMACK64TRANSMUTE\r",
                "[    0.724012] evm: security.SMACK64MMAP\r",
                "[    0.728012] evm: security.apparmor\r",
                "[    0.728012] evm: security.ima\r",
                "[    0.728012] evm: security.capability\r",
                "[    0.728012] evm: HMAC attrs: 0x1\r",
                "[    0.728012] PM:   Magic number: 12:0:0\r",
                "[    0.728012] memory memory48: hash matches\r",
                "[    0.732013] RAS: Correctable Errors collector initialized.\r",
                "[    0.732013] Unstable clock detected, switching default tracing clock to \"global\"\r",
                "[    0.732013] If you want to keep using the local clock, then add:\r",
                "[    0.732013]   \"trace_clock=local\"\r",
                "[    0.732013] on the kernel command line\r",
                "[    0.736013] clk: Disabling unused clocks\r",
                "[    0.912024] ata1.00: ATA-7: M5 IDE Disk, , max UDMA/66\r",
                "[    0.912024] ata1.00: 524288000 sectors, multi 0: LBA \r",
                "[    0.912024] ata1.01: ATA-7: M5 IDE Disk, , max UDMA/66\r",
                "[    0.912024] ata1.01: 20 sectors, multi 0: LBA \r",
                "[    0.916024] scsi 0:0:0:0: Direct-Access     ATA      M5 IDE Disk      n/a  PQ: 0 ANSI: 5\r",
                "[    0.916024] sd 0:0:0:0: Attached scsi generic sg0 type 0\r",
                "[    0.916024] sd 0:0:0:0: [sda] 524288000 512-byte logical blocks: (268 GB/250 GiB)\r",
                "[    0.916024] scsi 0:0:1:0: Direct-Access     ATA      M5 IDE Disk      n/a  PQ: 0 ANSI: 5\r",
                "[    0.916024] sd 0:0:0:0: [sda] Write Protect is off\r",
                "[    0.920024] sd 0:0:0:0: [sda] Write cache: disabled, read cache: enabled, doesn't support DPO or FUA\r",
                "[    0.920024] sd 0:0:0:0: [sda] Preferred minimum I/O size 512 bytes\r",
                "[    0.920024] scsi 0:0:1:0: Attached scsi generic sg1 type 0\r",
                "[    0.920024] sd 0:0:1:0: [sdb] 20 512-byte logical blocks: (10.2 kB/10.0 KiB)\r",
                "[    0.924025] sd 0:0:0:0: [sda] tag#0 FAILED Result: hostbyte=DID_OK driverbyte=DRIVER_OK cmd_age=0s\r",
                "[    0.928025] sd 0:0:0:0: [sda] tag#0 Sense Key : Illegal Request [current] \r",
                "[    0.928025] sd 0:0:0:0: [sda] tag#0 Add. Sense: Logical block address out of range\r",
                "[    0.928025] sd 0:0:0:0: [sda] tag#0 CDB: Read(10) 28 00 1f 3f ff f8 00 00 08 00\r",
                "[    0.928025] critical target error, dev sda, sector 524287992 op 0x0:(READ) flags 0x0 phys_seg 1 prio class 2\r",
                "[    0.932025] Buffer I/O error on dev sda, logical block 65535999, async page read\r",
                "[    0.932025] Alternate GPT is invalid, using primary GPT.\r",
                "[    0.932025] sd 0:0:1:0: [sdb] Write Protect is off\r",
                "[    0.932025]  sda: sda1 sda14 sda15\r",
                "[    0.932025] sd 0:0:1:0: [sdb] Write cache: disabled, read cache: enabled, doesn't support DPO or FUA\r",
                "[    0.936025] sd 0:0:1:0: [sdb] Preferred minimum I/O size 512 bytes\r",
                "[    0.936025] sd 0:0:0:0: [sda] Attached SCSI disk\r",
                "[    0.936025]  sdb: unable to read partition table\r",
                "[    0.940026] sdb: partition table beyond EOD, enabling native capacity\r",
                "[    0.940026]  sdb: unable to read partition table\r",
                "[    0.940026] sdb: partition table beyond EOD, truncated\r",
                "[    0.940026] sd 0:0:1:0: [sdb] Attached SCSI disk\r",
                "[    0.944026] md: Waiting for all devices to be available before autodetect\r",
                "[    0.944026] md: If you don't use raid, use raid=noautodetect\r",
                "[    0.944026] md: Autodetecting RAID arrays.\r",
                "[    0.944026] md: autorun ...\r",
                "[    0.944026] md: ... autorun DONE.\r",
                "[    0.952026] EXT4-fs (sda1): mounted filesystem 01591eba-46f6-4b6e-a95f-5a26e1a8c7ae r/w with ordered data mode. Quota mode: none.\r",
                "[    0.956027] VFS: Mounted root (ext4 filesystem) on device 8:1.\r",
                "[    0.956027] devtmpfs: mounted\r",
                "[    0.960027] Freeing unused decrypted memory: 2036K\r",
                "[    0.964027] Freeing unused kernel image (initmem) memory: 4804K\r",
                "[    0.972028] Write protecting the kernel read-only data: 34816k\r",
                "[    0.972028] Freeing unused kernel image (rodata/data gap) memory: 1848K\r",
                "[    1.024031] x86/mm: Checked W+X mappings: passed, no W+X pages found.\r",
                "[    1.024031] Run /sbin/init as init process\r",
                "[    1.132038] systemd[1]: System time before build time, advancing clock.\r",
                "[    1.180041] systemd[1]: Inserted module 'autofs4'\r",
                "[    1.216043] systemd[1]: systemd 249.11-0ubuntu3.12 running in system mode (+PAM +AUDIT +SELINUX +APPARMOR +IMA +SMACK +SECCOMP +GCRYPT +GNUTLS +OPENSSL +ACL +BLKID +CURL +ELFUTILS +FIDO2 +IDN2 -IDN +IPTC +KMOD +LIBCRYPTSETUP +LIBFDISK +PCRE2 -PWQUALITY -P11KIT -QRENCODE +BZIP2 +LZ4 +XZ +ZLIB +ZSTD -XKBCOMMON +UTMP +SYSVINIT default-hierarchy=unified)\r",
                "[    1.224043] systemd[1]: Detected architecture x86-64.\r",
                "\r",
                "Welcome to \u001b[1mUbuntu 22.04.5 LTS\u001b[0m!\r",
                "\r",
                "[    1.232044] systemd[1]: Hostname set to <ubuntu>.\r",
                "[    1.276047] memfd_create() without MFD_EXEC nor MFD_NOEXEC_SEAL, pid=1 'systemd'\r",
                "[    1.308049] sd 0:0:0:0: [sda] tag#0 FAILED Result: hostbyte=DID_OK driverbyte=DRIVER_OK cmd_age=0s\r",
                "[    1.312049] sd 0:0:0:0: [sda] tag#0 Sense Key : Illegal Request [current] \r",
                "[    1.312049] sd 0:0:0:0: [sda] tag#0 Add. Sense: Logical block address out of range\r",
                "[    1.312049] sd 0:0:0:0: [sda] tag#0 CDB: Read(10) 28 00 1f 3f ff 80 00 00 08 00\r",
                "[    1.316049] critical target error, dev sda, sector 524287872 op 0x0:(READ) flags 0x80700 phys_seg 1 prio class 2\r",
                "[    1.320049] sd 0:0:0:0: [sda] tag#0 FAILED Result: hostbyte=DID_OK driverbyte=DRIVER_OK cmd_age=0s\r",
                "[    1.324050] sd 0:0:0:0: [sda] tag#0 Sense Key : Illegal Request [current] \r",
                "[    1.324050] sd 0:0:0:0: [sda] tag#0 Add. Sense: Logical block address out of range\r",
                "[    1.324050] sd 0:0:0:0: [sda] tag#0 CDB: Read(10) 28 00 1f 3f ff 80 00 00 08 00\r",
                "[    1.328050] critical target error, dev sda, sector 524287872 op 0x0:(READ) flags 0x0 phys_seg 1 prio class 2\r",
                "[    1.328050] Buffer I/O error on dev sda, logical block 65535984, async page read\r",
                "[    1.328050] systemd-gpt-auto-generator[110]: Failed to dissect: Input/output error\r",
                "[    1.464058] sd 0:0:0:0: [sda] tag#0 FAILED Result: hostbyte=DID_OK driverbyte=DRIVER_OK cmd_age=0s\r",
                "[    1.468059] sd 0:0:0:0: [sda] tag#0 Sense Key : Illegal Request [current] \r",
                "[    1.468059] sd 0:0:0:0: [sda] tag#0 Add. Sense: Logical block address out of range\r",
                "[    1.468059] sd 0:0:0:0: [sda] tag#0 CDB: Read(10) 28 00 1f 3f ff 00 00 00 08 00\r",
                "[    1.472059] critical target error, dev sda, sector 524287744 op 0x0:(READ) flags 0x80700 phys_seg 1 prio class 2\r",
                "[    1.472059] sd 0:0:0:0: [sda] tag#0 FAILED Result: hostbyte=DID_OK driverbyte=DRIVER_OK cmd_age=0s\r",
                "[    1.476059] sd 0:0:0:0: [sda] tag#0 Sense Key : Illegal Request [current] \r",
                "[    1.476059] sd 0:0:0:0: [sda] tag#0 Add. Sense: Logical block address out of range\r",
                "[    1.476059] sd 0:0:0:0: [sda] tag#0 CDB: Read(10) 28 00 1f 3f ff 00 00 00 08 00\r",
                "[    1.480059] critical target error, dev sda, sector 524287744 op 0x0:(READ) flags 0x0 phys_seg 1 prio class 2\r",
                "[    1.480059] Buffer I/O error on dev sda1, logical block 65507552, async page read\r",
                "[    1.492060] systemd[99]: /usr/lib/systemd/system-generators/systemd-gpt-auto-generator failed with exit status 1.\r",
                "[    2.316112] random: crng init done\r",
                "[    2.364115] systemd[1]: Configuration file /run/systemd/system/netplan-ovs-cleanup.service is marked world-inaccessible. This has no effect as configuration data is accessible via APIs without restrictions. Proceeding anyway.\r",
                "[    2.384116] systemd[1]: /lib/systemd/system/snapd.service:23: Unknown key name 'RestartMode' in section 'Service', ignoring.\r",
                "[    2.480122] systemd[1]: Queued start job for default target Multi-User System.\r",
                "[    2.516124] systemd[1]: Created slice Slice /system/modprobe.\r",
                "[\u001b[0;32m  OK  \u001b[0m] Created slice \u001b[0;1;39mSlice /system/modprobe\u001b[0m.\r",
                "[    2.524125] systemd[1]: Created slice Slice /system/serial-getty.\r",
                "[\u001b[0;32m  OK  \u001b[0m] Created slice \u001b[0;1;39mSlice /system/serial-getty\u001b[0m.\r",
                "[    2.536125] systemd[1]: Created slice Slice /system/systemd-fsck.\r",
                "[\u001b[0;32m  OK  \u001b[0m] Created slice \u001b[0;1;39mSlice /system/systemd-fsck\u001b[0m.\r",
                "[    2.544126] systemd[1]: Created slice User and Session Slice.\r",
                "[\u001b[0;32m  OK  \u001b[0m] Created slice \u001b[0;1;39mUser and Session Slice\u001b[0m.\r",
                "[    2.552126] systemd[1]: Started Forward Password Requests to Wall Directory Watch.\r",
                "[\u001b[0;32m  OK  \u001b[0m] Started \u001b[0;1;39mForward Password R\u2026uests to Wall Directory Watch\u001b[0m.\r",
                "[    2.564127] systemd[1]: Set up automount Arbitrary Executable File Formats File System Automount Point.\r",
                "[\u001b[0;32m  OK  \u001b[0m] Set up automount \u001b[0;1;39mArbitrary\u2026s File System Automount Point\u001b[0m.\r",
                "[    2.572128] systemd[1]: Reached target Slice Units.\r",
                "[\u001b[0;32m  OK  \u001b[0m] Reached target \u001b[0;1;39mSlice Units\u001b[0m.\r",
                "[    2.580128] systemd[1]: Reached target Mounting snaps.\r",
                "[\u001b[0;32m  OK  \u001b[0m] Reached target \u001b[0;1;39mMounting snaps\u001b[0m.\r",
                "[    2.588129] systemd[1]: Reached target Swaps.\r",
                "[\u001b[0;32m  OK  \u001b[0m] Reached target \u001b[0;1;39mSwaps\u001b[0m.\r",
                "[    2.596129] systemd[1]: Reached target Local Verity Protected Volumes.\r",
                "[\u001b[0;32m  OK  \u001b[0m] Reached target \u001b[0;1;39mLocal Verity Protected Volumes\u001b[0m.\r",
                "[    2.604130] systemd[1]: Listening on Device-mapper event daemon FIFOs.\r",
                "[\u001b[0;32m  OK  \u001b[0m] Listening on \u001b[0;1;39mDevice-mapper event daemon FIFOs\u001b[0m.\r",
                "[    2.612130] systemd[1]: Listening on LVM2 poll daemon socket.\r",
                "[\u001b[0;32m  OK  \u001b[0m] Listening on \u001b[0;1;39mLVM2 poll daemon socket\u001b[0m.\r",
                "[    2.620131] systemd[1]: Listening on multipathd control socket.\r",
                "[\u001b[0;32m  OK  \u001b[0m] Listening on \u001b[0;1;39mmultipathd control socket\u001b[0m.\r",
                "[    2.628131] systemd[1]: Listening on Syslog Socket.\r",
                "[\u001b[0;32m  OK  \u001b[0m] Listening on \u001b[0;1;39mSyslog Socket\u001b[0m.\r",
                "[    2.636132] systemd[1]: Listening on fsck to fsckd communication Socket.\r",
                "[\u001b[0;32m  OK  \u001b[0m] Listening on \u001b[0;1;39mfsck to fsckd communication Socket\u001b[0m.\r",
                "[    2.648132] systemd[1]: Listening on initctl Compatibility Named Pipe.\r",
                "[\u001b[0;32m  OK  \u001b[0m] Listening on \u001b[0;1;39minitctl Compatibility Named Pipe\u001b[0m.\r",
                "[    2.656133] systemd[1]: Listening on Journal Audit Socket.\r",
                "[\u001b[0;32m  OK  \u001b[0m] Listening on \u001b[0;1;39mJournal Audit Socket\u001b[0m.\r",
                "[    2.664133] systemd[1]: Listening on Journal Socket (/dev/log).\r",
                "[\u001b[0;32m  OK  \u001b[0m] Listening on \u001b[0;1;39mJournal Socket (/dev/log)\u001b[0m.\r",
                "[    2.672134] systemd[1]: Listening on Journal Socket.\r",
                "[\u001b[0;32m  OK  \u001b[0m] Listening on \u001b[0;1;39mJournal Socket\u001b[0m.\r",
                "[    2.680134] systemd[1]: Listening on Network Service Netlink Socket.\r",
                "[\u001b[0;32m  OK  \u001b[0m] Listening on \u001b[0;1;39mNetwork Service Netlink Socket\u001b[0m.\r",
                "[    2.688135] systemd[1]: Listening on udev Control Socket.\r",
                "[\u001b[0;32m  OK  \u001b[0m] Listening on \u001b[0;1;39mudev Control Socket\u001b[0m.\r",
                "[    2.696135] systemd[1]: Listening on udev Kernel Socket.\r",
                "[\u001b[0;32m  OK  \u001b[0m] Listening on \u001b[0;1;39mudev Kernel Socket\u001b[0m.\r",
                "[    2.724137] systemd[1]: Mounting Huge Pages File System...\r",
                "         Mounting \u001b[0;1;39mHuge Pages File System\u001b[0m...\r",
                "[    2.732138] systemd[1]: Mounting POSIX Message Queue File System...\r",
                "         Mounting \u001b[0;1;39mPOSIX Message Queue File System\u001b[0m...\r",
                "[    2.740138] systemd[1]: Mounting Kernel Debug File System...\r",
                "         Mounting \u001b[0;1;39mKernel Debug File System\u001b[0m...\r",
                "[    2.748139] systemd[1]: Mounting Kernel Trace File System...\r",
                "         Mounting \u001b[0;1;39mKernel Trace File System\u001b[0m...\r",
                "[    2.756139] systemd[1]: Starting Journal Service...\r",
                "         Starting \u001b[0;1;39mJournal Service\u001b[0m...\r",
                "[    2.764140] systemd[1]: Starting Set the console keyboard layout...\r",
                "         Starting \u001b[0;1;39mSet the console keyboard layout\u001b[0m...\r",
                "[    2.772140] systemd[1]: Starting Create List of Static Device Nodes...\r",
                "         Starting \u001b[0;1;39mCreate List of Static Device Nodes\u001b[0m...\r",
                "[    2.784141] systemd[1]: Starting Monitoring of LVM2 mirrors, snapshots etc. using dmeventd or progress polling...\r",
                "         Starting \u001b[0;1;39mMonitoring of LVM\u2026meventd or progress polling\u001b[0m...\r",
                "[    2.796141] systemd[1]: Condition check resulted in LXD - agent being skipped.\r",
                "[    2.796142] systemd[1]: Starting Load Kernel Module configfs...\r",
                "         Starting \u001b[0;1;39mLoad Kernel Module configfs\u001b[0m...\r",
                "[    2.804142] systemd[1]: Starting Load Kernel Module drm...\r",
                "         Starting \u001b[0;1;39mLoad Kernel Module drm\u001b[0m...\r",
                "[    2.816143] systemd[1]: Starting Load Kernel Module efi_pstore...\r",
                "         Starting \u001b[0;1;39mLoad Kernel Module efi_pstore\u001b[0m...\r",
                "[    2.824143] systemd[1]: Starting Load Kernel Module fuse...\r",
                "         Starting \u001b[0;1;39mLoad Kernel Module fuse\u001b[0m...\r",
                "[    2.832144] systemd[1]: Condition check resulted in OpenVSwitch configuration for cleanup being skipped.\r",
                "[    2.836144] systemd[1]: Condition check resulted in File System Check on Root Device being skipped.\r",
                "[    2.844145] systemd[1]: Starting Load Kernel Modules...\r",
                "         Starting \u001b[0;1;39mLoad Kernel Modules\u001b[0m...\r",
                "[    2.852145] systemd[1]: Starting Remount Root and Kernel File Systems...\r",
                "         Starting \u001b[0;1;39mRemount Root and Kernel File Systems\u001b[0m...\r",
                "[    2.868146] systemd[1]: Starting Coldplug All udev Devices...\r",
                "         Starting \u001b[0;1;39mColdplug All udev Devices\u001b[0m...\r",
                "[    2.884147] systemd[1]: Started Journal Service.\r",
                "[\u001b[0;32m  OK  \u001b[0m] Started \u001b[0;1;39mJournal Service\u001b[0m.\r",
                "[\u001b[0;32m  OK  \u001b[0m] Mounted \u001b[0;1;39mHuge Pages File System\u001b[0m.\r",
                "[\u001b[0;32m  OK  \u001b[0m] Mounted \u001b[0;1;39mPOSIX Message Queue File System\u001b[0m.\r",
                "[\u001b[0;32m  OK  \u001b[0m] Mounted \u001b[0;1;39mKernel Debug File System\u001b[0m.\r",
                "[\u001b[0;32m  OK  \u001b[0m] Mounted \u001b[0;1;39mKernel Trace File System\u001b[0m.\r",
                "[\u001b[0;32m  OK  \u001b[0m] Finished \u001b[0;1;39mSet the console keyboard layout\u001b[0m.\r",
                "[\u001b[0;32m  OK  \u001b[0m] Finished \u001b[0;1;39mCreate List of Static Device Nodes\u001b[0m.\r",
                "[\u001b[0;32m  O[    2.944151] sd 0:0:0:0: [sda] tag#0 FAILED Result: hostbyte=DID_OK driverbyte=DRIVER_OK cmd_age=0s\r",
                "K[    2.948151] sd 0:0:0:0: [sda] tag#0 Sense Key : Illegal Request [current] \r",
                "[    2.948151] sd 0:0:0:0: [sda] tag#0 Add. Sense: Logical block address out of range\r",
                "[    2.952151] sd 0:0:0:0: [sda] tag#0 CDB: Read(10) 28 00 1f 3f ff 00 00 00 08 00\r",
                "[    2.952151] critical target error, dev sda, sector 524287744 op 0x0:(READ) flags 0x0 phys_seg 1 prio class 2\r",
                "[    2.956152] Buffer I/O error on dev sda1, logical block 65507552, async page read\r",
                "  \u001b[0m] Finished \u001b[0;[    2.956152] sd 0:0:0:0: [sda] tag#0 FAILED Result: hostbyte=DID_OK driverbyte=DRIVER_OK cmd_age=0s\r",
                "1[    2.960152] sd 0:0:0:0: [sda] tag#0 Sense Key : Illegal Request [current] \r",
                "[    2.960152] sd 0:0:0:0: [sda] tag#0 Add. Sense: Logical block address out of range\r",
                ";[    2.964152] sd 0:0:0:0: [sda] tag#0 CDB: Read(10) 28 00 1f 3f ff 00 00 00 08 00\r",
                "[    2.964152] critical target error, dev sda, sector 524287744 op 0x0:(READ) flags 0x0 phys_seg 1 prio class 2\r",
                "[    2.964152] Buffer I/O error on dev sda1, logical block 65507552, async page read\r",
                "39mLoad Kernel Module configfs\u001b[0m.\r",
                "[\u001b[0;32m  OK  \u001b[0m] Finished \u001b[0;1;39mLoad Kernel Module efi_pstore\u001b[0m.\r",
                "[\u001b[0;32m  OK  \u001b[0m] Finished \u001b[0;1;39mLoad Kernel Module fuse\u001b[0m.\r",
                "[\u001b[0;32m  OK  \u001b[0m] Finished \u001b[0;1;39mLoad Kernel Modules\u001b[0m.\r",
                "[\u001b[0;1;31mFAILED\u001b[0m] Failed to start \u001b[0;1;39mRemount Root and Kernel File Systems\u001b[0m.\r",
                "See 'systemctl status systemd-remount-fs.service' for details.\r",
                "[\u001b[0;32m  OK  \u001b[0m] Finished \u001b[0;1;39mLoad Kernel Module drm\u001b[0m.\r",
                "         Mounting \u001b[0;1;39mFUSE Control File System\u001b[0m...\r",
                "         Mounting \u001b[0;1;39mKernel Configuration File System\u001b[0m...\r",
                "         Starting \u001b[0;1;39mDevice-Mapper Multipath Device Controller\u001b[0m...\r",
                "         Starting \u001b[0;[    3.068159] alua: device handler registered\r",
                "1;39mFlush Journal to Persistent [    3.072159] systemd-journald[135]: Received client request to flush runtime journal.\r",
                "Storage\u001b[0[    3.076159] emc: device handler registered\r",
                "m...\r",
                "         [    3.080159] systemd-journald[135]: File /var/log/journal/28fbeefdf10f4c3d9d72a21ac0c7e338/system.journal corrupted or uncleanly shut down, renaming and replacing.\r",
                "Starting \u001b[0;1;39mLoad/Save Random Seed\u001b[0m...\r",
                "[    3.088160] rdac: device handler registered\r",
                "         Starting \u001b[0;1;39mApply Kernel Variables\u001b[0m...\r",
                "         Starting \u001b[0;1;39mCreate System Users\u001b[0m...\r",
                "[\u001b[0;32m  OK  \u001b[0m] Finished \u001b[0;1;39mColdplug All udev Devices\u001b[0m.\r",
                "[\u001b[0;32m  OK  \u001b[0m] Mounted \u001b[0;1;39mFUSE Control File System\u001b[0m.\r",
                "[\u001b[0;32m  OK  \u001b[0m] Mounted \u001b[0;1;39mKernel Configuration File System\u001b[0m.\r",
                "[\u001b[0;32m  OK  \u001b[0m] Finished \u001b[0;1;39mLoad/Save Random Seed\u001b[0m.\r",
                "[\u001b[0;32m  OK  \u001b[0m] Finished \u001b[0;1;39mApply Kernel Variables\u001b[0m.\r",
                "[\u001b[0;32m  OK  \u001b[0m] Finished \u001b[0;1;39mCreate System Users\u001b[0m.\r",
                "         Starting \u001b[0;1;39mCreate Static Device Nodes in /dev\u001b[0m...\r",
                "[\u001b[0;32m  OK  \u001b[0m] Finished \u001b[0;1;39mFlush Journal to Persistent Storage\u001b[0m.\r",
                "[\u001b[0;32m  OK  \u001b[0m] Finished \u001b[0;1;39mCreate Static Device Nodes in /dev\u001b[0m.\r",
                "         Starting \u001b[0;1;39mRule-based Manage\u2026for Device Events and Files\u001b[0m...\r",
                "[\u001b[0;32m  OK  \u001b[0m] Started \u001b[0;1;39mDevice-Mapper Multipath Device Controller\u001b[0m.\r",
                "[\u001b[0;32m  OK  \u001b[0m] Started \u001b[0;1;39mRule-based Manager for Device Events and Files\u001b[0m.\r",
                "[\u001b[0;32m  OK  \u001b[0m] Started \u001b[0;1;39mDispatch Password \u2026ts to Console Directory Watch\u001b[0m.\r",
                "[\u001b[0;32m  OK  \u001b[0m] Reached target \u001b[0;1;39mLocal Encrypted Volumes\u001b[0m.\r",
                "[\u001b[0;32m  OK  \u001b[0m] Found device \u001b[0;1;39m/dev/ttyS0\u001b[0m.\r",
                "[\u001b[0;32m  OK  \u001b[0m] Listening on \u001b[0;1;39mLoad/Save RF \u2026itch Status /dev/rfkill Watch\u001b[0m.\r",
                "[    3.532188] critical target error, dev sda, sector 524287872 op 0x0:(READ) flags 0x0 phys_seg 1 prio class 2\r",
                "[    3.532188] Buffer I/O error on dev sda, logical block 65535984, async page read\r",
                "[    3.544188] critical target error, dev sda, sector 524287872 op 0x0:(READ) flags 0x0 phys_seg 1 prio class 2\r",
                "[    3.544188] Buffer I/O error on dev sda, logical block 65535984, async page read\r",
                "[    3.600192] critical target error, dev sda, sector 524287744 op 0x0:(READ) flags 0x0 phys_seg 1 prio class 2\r",
                "[    3.600192] Buffer I/O error on dev sda1, logical block 65507552, async page read\r",
                "[    3.604192] Buffer I/O error on dev sda1, logical block 65507552, async page read\r",
                "[    3.612193] EXT4-fs error (device sda1): ext4_wait_block_bitmap:574: comm ext4lazyinit: Cannot read block bitmap - block_group = 1136, block_bitmap = 37224448\r",
                "[    3.620193] EXT4-fs error (device sda1): ext4_wait_block_bitmap:574: comm ext4lazyinit: Cannot read block bitmap - block_group = 1264, block_bitmap = 41418752\r",
                "[    3.628194] EXT4-fs error (device sda1): ext4_wait_block_bitmap:574: comm ext4lazyinit: Cannot read block bitmap - block_group = 1392, block_bitmap = 45613056\r",
                "[    3.636194] EXT4-fs error (device sda1): ext4_wait_block_bitmap:574: comm ext4lazyinit: Cannot read block bitmap - block_group = 1520, block_bitmap = 49807360\r",
                "[    3.644195] EXT4-fs error (device sda1): ext4_wait_block_bitmap:574: comm ext4lazyinit: Cannot read block bitmap - block_group = 1648, block_bitmap = 54001664\r",
                "[    3.652195] EXT4-fs error (device sda1): ext4_wait_block_bitmap:574: comm ext4lazyinit: Cannot read block bitmap - block_group = 1776, block_bitmap = 58195968\r",
                "[    3.660196] EXT4-fs error (device sda1): ext4_wait_block_bitmap:574: comm ext4lazyinit: Cannot read block bitmap - block_group = 1904, block_bitmap = 62390272\r",
                "[    3.664196] EXT4-fs error (device sda1): ext4_wait_block_bitmap:574: comm ext4lazyinit: Cannot read block bitmap - block_group = 1999, block_bitmap = 65011727\r",
                "[\u001b[0;32m  OK  \u001b[0m] Found device \u001b[0;1;39mM5_IDE_Disk UEFI\u001b[0m.\r",
                "[\u001b[0;32m  OK  \u001b[0m] Finished \u001b[0;1;39mMonitoring of LVM\u2026 dmeventd or progress polling\u001b[0m.\r",
                "[\u001b[0;32m  OK  \u001b[0m] Reached target \u001b[0;1;39mPreparation for Local File Systems\u001b[0m.\r",
                "         Mounting \u001b[0;1;39mMount unit for core20, revision 2434\u001b[0m...\r",
                "         Mounting \u001b[0;1;39mMount unit for lxd, revision 31333\u001b[0m...\r",
                "         Mounting \u001b[0;1;39mMount unit for snapd, revision 23545\u001b[0m...\r",
                "         Starting \u001b[0;1;39mFile System Check on /dev/disk/by-label/UEFI\u001b[0m...\r",
                "[\u001b[0;32m  OK  \u001b[0m] Mounted \u001b[0;1;39mMount unit for core20, revision 2434\u001b[0m.\r",
                "[\u001b[0;32m  OK  \u001b[0m] Mounted \u001b[0;1;39mMount unit for lxd, revision 31333\u001b[0m.\r",
                "[\u001b[0;32m  OK  \u001b[0m] Mounted \u001b[0;1;39mMount unit for snapd, revision 23545\u001b[0m.\r",
                "[\u001b[0;32m  OK  \u001b[0m] Reached target \u001b[0;1;39mMounted snaps\u001b[0m.\r",
                "[\u001b[0;32m  OK  \u001b[0m] Started \u001b[0;1;39mFile System Check Daemon to report status\u001b[0m.\r",
                "[\u001b[0;32m  OK  \u001b[0m] Finished \u001b[0;1;39mFile System Check on /dev/disk/by-label/UEFI\u001b[0m.\r",
                "         Mounting \u001b[0;1;39m/boot/efi\u001b[0m...\r",
                "[\u001b[0;32m  OK  \u001b[0m] Mounted \u001b[0;1;39m/boot/efi\u001b[0m.\r",
                "[\u001b[0;32m  OK  \u001b[0m] Reached target \u001b[0;1;39mLocal File Systems\u001b[0m.\r",
                "         Starting \u001b[0;1;39mLoad AppArmor profiles\u001b[0m...\r",
                "         Starting \u001b[0;1;39mSet console font and keymap\u001b[0m...\r",
                "         Starting \u001b[0;1;39mCreate final runt\u2026dir for shutdown pivot root\u001b[0m...\r",
                "         Starting \u001b[0;1;39mTell Plymouth To Write Out Runtime Data\u001b[0m...\r",
                "         Starting \u001b[0;1;39mSet Up Additional Binary Formats\u001b[0m...\r",
                "         Starting \u001b[0;1;39mCreate Volatile Files and Directories\u001b[0m...\r",
                "         Starting \u001b[0;1;39mUncomplicated firewall\u001b[0m...\r",
                "[\u001b[0;32m  OK  \u001b[0m] Finished \u001b[0;1;39mSet console font and keymap\u001b[0m.\r",
                "[\u001b[0;32m  OK  \u001b[0m] Finished \u001b[0;1;39mCreate final runt\u2026e dir for shutdown pivot root\u001b[0m.\r",
                "[\u001b[0;32m  OK  \u001b[0m] Finished \u001b[0;1;39mTell Plymouth To Write Out Runtime Data\u001b[0m.\r",
                "[\u001b[0;32m  OK  \u001b[0m] Finished \u001b[0;1;39mCreate Volatile Files and Directories\u001b[0m.\r",
                "[\u001b[0;32m  OK  \u001b[0m] Finished \u001b[0;1;39mUncomplicated firewall\u001b[0m.\r",
                "[\u001b[0;32m  OK  \u001b[0m] Reached target \u001b[0;1;39mPreparation for Network\u001b[0m.\r",
                "         Mounting \u001b[0;1;39mArbitrary Executable File Formats File System\u001b[0m...\r",
                "         Starting \u001b[0;1;39mNetwork Configuration\u001b[0m...\r",
                "         Starting \u001b[0;1;39mNetwork Time Synchronization\u001b[0m...\r",
                "         Starting \u001b[0;1;39mRecord System Boot/Shutdown in UTMP\u001b[0m...\r",
                "[\u001b[0;32m  OK  \u001b[0m] Mounted \u001b[0;1;39mArbitrary Executable File Formats File System\u001b[0m.\r",
                "[\u001b[0;32m  OK  \u001b[0m] Finished \u001b[0;1;39mSet Up Additional Binary Formats\u001b[0m.\r",
                "[\u001b[0;32m  OK  \u001b[0m] Finished \u001b[0;1;39mRecord System Boot/Shutdown in UTMP\u001b[0m.\r",
                "[\u001b[0;32m  OK  \u001b[0m] Started \u001b[0;1;39mNetwork Configuration\u001b[0m.\r",
                "         Starting \u001b[0;1;39mNetwork Name Resolution\u001b[0m...\r",
                "[\u001b[0;32m  OK  \u001b[0m] Started \u001b[0;1;39mNetwork Time Synchronization\u001b[0m.\r",
                "[\u001b[0;32m  OK  \u001b[0m] Reached target \u001b[0;1;39mSystem Time Set\u001b[0m.\r",
                "[\u001b[0;32m  OK  \u001b[0m] Started \u001b[0;1;39mNetwork Name Resolution\u001b[0m.\r",
                "[\u001b[0;32m  OK  \u001b[0m] Reached target \u001b[0;1;39mNetwork\u001b[0m.\r",
                "[\u001b[0;32m  OK  \u001b[0m] Reached target \u001b[0;1;39mNetwork is Online\u001b[0m.\r",
                "[\u001b[0;32m  OK  \u001b[0m] Reached target \u001b[0;1;39mHost and Network Name Lookups\u001b[0m.\r",
                "[\u001b[0;32m  OK  \u001b[0m] Reached target \u001b[0;1;39mPreparation for Remote File Systems\u001b[0m.\r",
                "[\u001b[0;32m  OK  \u001b[0m] Reached target \u001b[0;1;39mRemote File Systems\u001b[0m.\r",
                "[\u001b[0;32m  OK  \u001b[0m] Finished \u001b[0;1;39mAvailability of block devices\u001b[0m.\r",
                "[    4.604255] device-mapper: table: 253:0: multipath: error getting device (-EBUSY)\r",
                "[    4.608255] device-mapper: ioctl: error adding target to table\r",
                "[\u001b[0;32m  OK  \u001b[0m] Finished \u001b[0;1;39mLoad AppArmor profiles\u001b[0m.\r",
                "         Starting \u001b[0;1;39mLoad AppArmor pro\u2026managed internally by snapd\u001b[0m...\r",
                "[\u001b[0;32m  OK  \u001b[0m] Finished \u001b[0;1;39mLoad AppArmor pro\u2026s managed internally by snapd\u001b[0m.\r",
                "[\u001b[0;32m  OK  \u001b[0m] Reached target \u001b[0;1;39mSystem Initialization\u001b[0m.\r",
                "[\u001b[0;32m  OK  \u001b[0m] Started \u001b[0;1;39mDaily apt download activities\u001b[0m.\r",
                "[\u001b[0;32m  OK  \u001b[0m] Started \u001b[0;1;39mDaily apt upgrade and clean activities\u001b[0m.\r",
                "[\u001b[0;32m  OK  \u001b[0m] Started \u001b[0;1;39mDaily dpkg database backup timer\u001b[0m.\r",
                "[\u001b[0;32m  OK  \u001b[0m] Started \u001b[0;1;39mPeriodic ext4 Onli\u2026ata Check for All Filesystems\u001b[0m.\r",
                "[\u001b[0;32m  OK  \u001b[0m] Started \u001b[0;1;39mDiscard unused blocks once a week\u001b[0m.\r",
                "[\u001b[0;32m  OK  \u001b[0m] Started \u001b[0;1;39mDaily rotation of log files\u001b[0m.\r",
                "[\u001b[0;32m  OK  \u001b[0m] Started \u001b[0;1;39mDaily man-db regeneration\u001b[0m.\r",
                "[\u001b[0;32m  OK  \u001b[0m] Started \u001b[0;1;39mMessage of the Day\u001b[0m.\r",
                "[\u001b[0;32m  OK  \u001b[0m] Started \u001b[0;1;39mDaily Cleanup of Temporary Directories\u001b[0m.\r",
                "[\u001b[0;32m  OK  \u001b[0m] Started \u001b[0;1;39mDownload data for \u2026ailed at package install time\u001b[0m.\r",
                "[\u001b[0;32m  OK  \u001b[0m] Started \u001b[0;1;39mCheck to see wheth\u2026w version of Ubuntu available\u001b[0m.\r",
                "[\u001b[0;32m  OK  \u001b[0m] Reached target \u001b[0;1;39mPath Units\u001b[0m.\r",
                "[\u001b[0;32m  OK  \u001b[0m] Reached target \u001b[0;1;39mTimer Units\u001b[0m.\r",
                "[\u001b[0;32m  OK  \u001b[0m] Listening on \u001b[0;1;39mD-Bus System Message Bus Socket\u001b[0m.\r",
                "[\u001b[0;32m  OK  \u001b[0m] Listening on \u001b[0;1;39mOpen-iSCSI iscsid Socket\u001b[0m.\r",
                "[\u001b[0;32m  OK  \u001b[0m] Listening on \u001b[0;1;39mSocket unix for snap application lxd.daemon\u001b[0m.\r",
                "[\u001b[0;32m  OK  \u001b[0m] Listening on \u001b[0;1;39mSocket unix f\u2026p application lxd.user-daemon\u001b[0m.\r",
                "         Starting \u001b[0;1;39mSocket activation for snappy daemon\u001b[0m...\r",
                "[\u001b[0;32m  OK  \u001b[0m] Listening on \u001b[0;1;39mUUID daemon activation socket\u001b[0m.\r",
                "[\u001b[0;32m  OK  \u001b[0m] Listening on \u001b[0;1;39mSocket activation for snappy daemon\u001b[0m.\r",
                "[\u001b[0;32m  OK  \u001b[0m] Reached target \u001b[0;1;39mSocket Units\u001b[0m.\r",
                "[\u001b[0;32m  OK  \u001b[0m] Reached target \u001b[0;1;39mBasic System\u001b[0m.\r",
                "         Starting \u001b[0;1;39mLSB: automatic crash report generation\u001b[0m...\r",
                "[\u001b[0;32m  OK  \u001b[0m] Started \u001b[0;1;39mRegular background program processing daemon\u001b[0m.\r",
                "[\u001b[0;32m  OK  \u001b[0m] Started \u001b[0;1;39mD-Bus System Message Bus\u001b[0m.\r",
                "[\u001b[0;32m  OK  \u001b[0m] Started \u001b[0;1;39mSave initial kernel messages after boot\u001b[0m.\r",
                "         Starting \u001b[0;1;39mRemove Stale Onli\u2026t4 Metadata Check Snapshots\u001b[0m...\r",
                "         Starting \u001b[0;1;39mRecord successful boot for GRUB\u001b[0m...\r",
                "[\u001b[0;32m  OK  \u001b[0m] Started \u001b[0;1;39mirqbalance daemon\u001b[0m.\r",
                "         Starting \u001b[0;1;39mDispatcher daemon for systemd-networkd\u001b[0m...\r",
                "         Starting \u001b[0;1;39mSystem Logging Service\u001b[0m...\r",
                "         Starting \u001b[0;1;39mService for snap application lxd.activate\u001b[0m...\r",
                "[\u001b[0;32m  OK  \u001b[0m] Reached target \u001b[0;1;39mPreparation for Logins\u001b[0m.\r",
                "         Starting \u001b[0;1;39mWait until snapd is fully seeded\u001b[0m...\r",
                "         Starting \u001b[0;1;39mSnap Daemon\u001b[0m...\r",
                "         Starting \u001b[0;1;39mOpenBSD Secure Shell server\u001b[0m...\r",
                "         Starting \u001b[0;1;39mUser Login Management\u001b[0m...\r",
                "         Starting \u001b[0;1;39mPermit User Sessions\u001b[0m...\r",
                "[\u001b[0;32m  OK  \u001b[0m] Finished \u001b[0;1;39mRemove Stale Onli\u2026ext4 Metadata Check Snapshots\u001b[0m.\r",
                "[\u001b[0;32m  OK  \u001b[0m] Finished \u001b[0;1;39mPermit User Sessions\u001b[0m.\r",
                "         Starting \u001b[0;1;39mHold until boot process finishes up\u001b[0m...\r",
                "         Starting \u001b[0;1;39mTerminate Plymouth Boot Screen\u001b[0m...\r",
                "[\u001b[0;32m  OK  \u001b[0m] Started \u001b[0;1;39mSystem Logging Service\u001b[0m.\r",
                "[\u001b[0;32m  OK  \u001b[0m] Finished \u001b[0;1;39mHold until boot process finishes up\u001b[0m.\r",
                "[\u001b[0;32m  OK  \u001b[0m] Finished \u001b[0;1;39mTerminate Plymouth Boot Screen\u001b[0m.\r",
                "[\u001b[0;32m  OK  \u001b[0m] Finished \u001b[0;1;39mRecord successful boot for GRUB\u001b[0m.\r",
                "         Starting \u001b[0;1;39mGRUB failed boot detection\u001b[0m...\r",
                "[\u001b[0;32m  OK  \u001b[0m] Started \u001b[0;1;39mSerial Getty on ttyS0\u001b[0m.\r",
                "         Starting \u001b[0;1;39mSet console scheme\u001b[0m...\r",
                "[\u001b[0;32m  OK  \u001b[0m] Started \u001b[0;1;39mLSB: automatic crash report generation\u001b[0m.\r",
                "[\u001b[0;32m  OK  \u001b[0m] Finished \u001b[0;1;39mSet console scheme\u001b[0m.\r",
                "[\u001b[0;32m  OK  \u001b[0m] Started \u001b[0;1;39mUser Login Management\u001b[0m.\r",
                "[\u001b[0;32m  OK  \u001b[0m] Finished \u001b[0;1;39mGRUB failed boot detection\u001b[0m.\r",
                "[\u001b[0;32m  OK  \u001b[0m] Created slice \u001b[0;1;39mSlice /system/getty\u001b[0m.\r",
                "[\u001b[0;32m  OK  \u001b[0m] Started \u001b[0;1;39mGetty on tty1\u001b[0m.\r",
                "[\u001b[0;32m  OK  \u001b[0m] Reached target \u001b[0;1;39mLogin Prompts\u001b[0m.\r",
                "[\u001b[0;32m  OK  \u001b[0m] Started \u001b[0;1;39mUnattended Upgrades Shutdown\u001b[0m.\r",
                "[\u001b[0;32m  OK  \u001b[0m] Started \u001b[0;1;39mOpenBSD Secure Shell server\u001b[0m.\r",
                "[\u001b[0;32m  OK  \u001b[0m] Started \u001b[0;1;39mDispatcher daemon for systemd-networkd\u001b[0m.\r",
                "[\u001b[0;32m  OK  \u001b[0m] Started \u001b[0;1;39mSnap Daemon\u001b[0m.\r",
                "         Starting \u001b[0;1;39mTime & Date Service\u001b[0m...\r",
                "[\u001b[0;32m  OK  \u001b[0m] Started \u001b[0;1;39mTime & Date Service\u001b[0m.\r",
                "[\u001b[0;32m  OK  \u001b[0m] Finished \u001b[0;1;39mWait until snapd is fully seeded\u001b[0m.\r",
                "[\u001b[0;32m  OK  \u001b[0m] Finished \u001b[0;1;39mService for snap application lxd.activate\u001b[0m.\r",
                "[\u001b[0;32m  OK  \u001b[0m] Reached target \u001b[0;1;39mMulti-User System\u001b[0m.\r",
                "         Starting \u001b[0;1;39mSimbricks Guest Init\u001b[0m...\r",
                "         Starting \u001b[0;1;39mRecord Runlevel Change in UTMP\u001b[0m...\r",
                "[    8.884522] simbricks-guestinit.sh[665]: simbricks-guestinit.sh: Processing input tar /dev/sdb...\r",
                "[\u001b[0;32m  OK  \u001b[0m] Finished \u001b[0;1;39mRecord Runlevel Change in UTMP\u001b[0m.\r",
                "[    8.892523] simbricks-guestinit.sh[665]: simbricks-guestinit.sh: Running workload...\r",
                "[    8.912524] simbricks-guestinit.sh[674]: ++ export HOME=/root\r",
                "[    8.916524] simbricks-guestinit.sh[674]: ++ HOME=/root\r",
                "[    8.924525] simbricks-guestinit.sh[674]: ++ export LANG=en_US\r",
                "[    8.928525] simbricks-guestinit.sh[674]: ++ LANG=en_US\r",
                "[    8.936525] simbricks-guestinit.sh[674]: ++ export PATH=/usr/local/sbin:/usr/local/bin:/usr/sbin:/usr/bin:/sbin:/bin:/usr/games:/usr/local/games\r",
                "[    8.952526] simbricks-guestinit.sh[674]: ++ PATH=/usr/local/sbin:/usr/local/bin:/usr/sbin:/usr/bin:/sbin:/bin:/usr/games:/usr/local/games\r",
                "[    8.964527] simbricks-guestinit.sh[674]: ++ sleep 5\r",
                "\r\r",
                "Ubuntu 22.04.5 LTS ubuntu ttyS0\r",
                "\r",
                "ubuntu login: [   13.892835] simbricks-guestinit.sh[674]: ++ echo '--- OpenstackPingApp ---'\r",
                "[   13.892835] simbricks-guestinit.sh[674]: --- OpenstackPingApp ---\r",
                "[   13.892835] simbricks-guestinit.sh[674]: ++ ip link\r",
                "[   13.904836] simbricks-guestinit.sh[691]: 1: lo: <LOOPBACK,UP,LOWER_UP> mtu 65536 qdisc noqueue state UNKNOWN mode DEFAULT group default qlen 1000\r",
                "[   13.904836] simbricks-guestinit.sh[691]:     link/loopback 00:00:00:00:00:00 brd 00:00:00:00:00:00\r",
                "[   13.904836] simbricks-guestinit.sh[691]: 2: eth0: <BROADCAST,MULTICAST> mtu 1500 qdisc noop state DOWN mode DEFAULT group default qlen 1000\r",
                "[   13.904836] simbricks-guestinit.sh[691]:     link/ether 00:90:00:00:00:01 brd ff:ff:ff:ff:ff:ff\r",
                "[   13.904836] simbricks-guestinit.sh[691]:     altname enp0s0\r",
                "[   13.904836] simbricks-guestinit.sh[674]: ++ ip link set dev eth0 address 52:54:00:11:11:01\r",
                "[   13.908836] simbricks-guestinit.sh[674]: ++ ip link set dev eth0 up\r",
                "[   13.916837] simbricks-guestinit.sh[674]: ++ ip addr add 10.0.0.2/24 dev eth0\r",
                "[   13.920837] simbricks-guestinit.sh[674]: ++ sleep 5\r",
                "[   18.921149] simbricks-guestinit.sh[674]: ++ ping -c 10 10.0.0.1\r",
                "[   18.933150] simbricks-guestinit.sh[697]: PING 10.0.0.1 (10.0.0.1) 56(84) bytes of data.\r",
                "[   18.933150] simbricks-guestinit.sh[697]: 64 bytes from 10.0.0.1: icmp_seq=1 ttl=64 time=4.00 ms\r",
                "[   19.929212] simbricks-guestinit.sh[697]: 64 bytes from 10.0.0.1: icmp_seq=2 ttl=64 time=0.000 ms\r",
                "[   20.961277] simbricks-guestinit.sh[697]: 64 bytes from 10.0.0.1: icmp_seq=3 ttl=64 time=0.000 ms\r",
                "[   21.985341] simbricks-guestinit.sh[697]: 64 bytes from 10.0.0.1: icmp_seq=4 ttl=64 time=0.000 ms\r",
                "[   23.009405] simbricks-guestinit.sh[697]: 64 bytes from 10.0.0.1: icmp_seq=5 ttl=64 time=0.000 ms\r",
                "[   24.033469] simbricks-guestinit.sh[697]: 64 bytes from 10.0.0.1: icmp_seq=6 ttl=64 time=0.000 ms\r",
                "[   25.057533] simbricks-guestinit.sh[697]: 64 bytes from 10.0.0.1: icmp_seq=7 ttl=64 time=0.000 ms\r",
                "[   26.081597] simbricks-guestinit.sh[697]: 64 bytes from 10.0.0.1: icmp_seq=8 ttl=64 time=0.000 ms\r",
                "[   27.105661] simbricks-guestinit.sh[697]: 64 bytes from 10.0.0.1: icmp_seq=9 ttl=64 time=0.000 ms\r",
                "[   28.129725] simbricks-guestinit.sh[697]: 64 bytes from 10.0.0.1: icmp_seq=10 ttl=64 time=0.000 ms\r",
                "[   28.129725] simbricks-guestinit.sh[697]: --- 10.0.0.1 ping statistics ---\r",
                "[   28.129725] simbricks-guestinit.sh[697]: 10 packets transmitted, 10 received, 0% packet loss, time 9201ms\r",
                "[   28.129725] simbricks-guestinit.sh[697]: rtt min/avg/max/mdev = 0.000/0.400/4.000/1.200 ms\r",
                "[   28.129725] simbricks-guestinit.sh[674]: ++ ssh 10.0.0.1 uptime\r",
                "[   28.189729] simbricks-guestinit.sh[698]: Warning: Permanently added '10.0.0.1' (ED25519) to the list of known hosts.\r",
                "[   29.437807] simbricks-guestinit.sh[698]:  05:51:32 up 0 min,  0 users,  load average: 0.23, 0.06, 0.02\r",
                "[   29.437807] simbricks-guestinit.sh[674]: ++ ssh 10.0.0.1 'touch ~/.prepare.done'\r",
                "[   29.477809] simbricks-guestinit.sh[699]: Warning: Permanently added '10.0.0.1' (ED25519) to the list of known hosts.\r",
                "[   29.669821] simbricks-guestinit.sh[674]: ++ sleep 1\r",
                "[   30.673884] simbricks-guestinit.sh[674]: ++ m5 chWriting checkpoint",
                "Exiting @ tick 31052427941250 because checkpoint"
            ],
            "stderr": [
                "warn: Physical memory size specified is 8192MB which is greater than 3GB.  Twice the number of memory controllers would be created.",
                "warn: No dot file generated. Please install pydot to generate the dot file and pdf.",
                "src/mem/dram_interface.cc:690: warn: DRAM device capacity (32768 Mbytes) does not match the address range assigned (4096 Mbytes)",
                "src/mem/dram_interface.cc:690: warn: DRAM device capacity (32768 Mbytes) does not match the address range assigned (8192 Mbytes)",
                "src/sim/kernel_workload.cc:46: info: kernel located at: /workspace/out/images/ubuntu/vmlinux",
                "src/base/statistics.hh:279: warn: One of the stats is a legacy stat. Legacy stat is a stat that does not belong to any statistics::Group. Legacy stat is deprecated.",
                "src/cpu/kvm/base.cc:113: info: Using KVM CPU without perf. The stats related to the number of cycles and instructions executed by the KVM CPU will not be updated. The stats should not be used for performance evaluation.",
                "src/cpu/kvm/base.cc:113: info: Using KVM CPU without perf. The stats related to the number of cycles and instructions executed by the KVM CPU will not be updated. The stats should not be used for performance evaluation.",
                "src/cpu/kvm/base.cc:113: info: Using KVM CPU without perf. The stats related to the number of cycles and instructions executed by the KVM CPU will not be updated. The stats should not be used for performance evaluation.",
                "src/cpu/kvm/base.cc:113: info: Using KVM CPU without perf. The stats related to the number of cycles and instructions executed by the KVM CPU will not be updated. The stats should not be used for performance evaluation.",
                "src/dev/serial/terminal.cc:174: warn: Sockets disabled, not accepting terminal connections",
                "src/base/remote_gdb.cc:418: warn: Sockets disabled, not accepting gdb connections",
                "src/dev/intel_8254_timer.cc:128: warn: Reading current count from inactive timer.",
                "src/cpu/kvm/base.cc:169: info: KVM: Coalesced MMIO disabled by config.",
                "src/cpu/kvm/base.cc:169: info: KVM: Coalesced MMIO disabled by config.",
                "src/cpu/kvm/base.cc:169: info: KVM: Coalesced MMIO disabled by config.",
                "src/cpu/kvm/base.cc:169: info: KVM: Coalesced MMIO disabled by config.",
                "src/sim/simulate.cc:199: info: Entering event queue @ 0.  Starting simulation...",
                "src/arch/x86/kvm/x86_cpu.cc:1653: warn: kvm-x86: MSR (0x3a) unsupported by gem5. Skipping.",
                "src/arch/x86/kvm/x86_cpu.cc:1653: warn: kvm-x86: MSR (0xd90) unsupported by gem5. Skipping.",
                "src/arch/x86/kvm/x86_cpu.cc:1653: warn: kvm-x86: MSR (0x48) unsupported by gem5. Skipping.",
                "src/arch/x86/kvm/x86_cpu.cc:1653: warn: kvm-x86: MSR (0x309) unsupported by gem5. Skipping.",
                "src/arch/x86/kvm/x86_cpu.cc:1653: warn: kvm-x86: MSR (0x30a) unsupported by gem5. Skipping.",
                "src/arch/x86/kvm/x86_cpu.cc:1653: warn: kvm-x86: MSR (0x30b) unsupported by gem5. Skipping.",
                "src/arch/x86/kvm/x86_cpu.cc:1653: warn: kvm-x86: MSR (0x38d) unsupported by gem5. Skipping.",
                "src/arch/x86/kvm/x86_cpu.cc:1653: warn: kvm-x86: MSR (0x38e) unsupported by gem5. Skipping.",
                "src/arch/x86/kvm/x86_cpu.cc:1653: warn: kvm-x86: MSR (0x38f) unsupported by gem5. Skipping.",
                "src/arch/x86/kvm/x86_cpu.cc:1653: warn: kvm-x86: MSR (0x390) unsupported by gem5. Skipping.",
                "src/arch/x86/kvm/x86_cpu.cc:1653: warn: kvm-x86: MSR (0xc1) unsupported by gem5. Skipping.",
                "src/arch/x86/kvm/x86_cpu.cc:1653: warn: kvm-x86: MSR (0xc2) unsupported by gem5. Skipping.",
                "src/arch/x86/kvm/x86_cpu.cc:1653: warn: kvm-x86: MSR (0xc3) unsupported by gem5. Skipping.",
                "src/arch/x86/kvm/x86_cpu.cc:1653: warn: kvm-x86: MSR (0xc4) unsupported by gem5. Skipping.",
                "src/arch/x86/kvm/x86_cpu.cc:1653: warn: kvm-x86: MSR (0x186) unsupported by gem5. Skipping.",
                "src/arch/x86/kvm/x86_cpu.cc:1653: warn: kvm-x86: MSR (0x187) unsupported by gem5. Skipping.",
                "src/arch/x86/kvm/x86_cpu.cc:1653: warn: kvm-x86: MSR (0x188) unsupported by gem5. Skipping.",
                "src/arch/x86/kvm/x86_cpu.cc:1653: warn: kvm-x86: MSR (0x189) unsupported by gem5. Skipping.",
                "src/arch/x86/kvm/x86_cpu.cc:1653: warn: kvm-x86: MSR (0x12) unsupported by gem5. Skipping.",
                "src/arch/x86/kvm/x86_cpu.cc:1653: warn: kvm-x86: MSR (0x11) unsupported by gem5. Skipping.",
                "src/arch/x86/kvm/x86_cpu.cc:1653: warn: kvm-x86: MSR (0x4b564d01) unsupported by gem5. Skipping.",
                "src/arch/x86/kvm/x86_cpu.cc:1653: warn: kvm-x86: MSR (0x4b564d00) unsupported by gem5. Skipping.",
                "src/arch/x86/kvm/x86_cpu.cc:1653: warn: kvm-x86: MSR (0x40000000) unsupported by gem5. Skipping.",
                "src/arch/x86/kvm/x86_cpu.cc:1653: warn: kvm-x86: MSR (0x40000001) unsupported by gem5. Skipping.",
                "src/arch/x86/kvm/x86_cpu.cc:1653: warn: kvm-x86: MSR (0x40000020) unsupported by gem5. Skipping.",
                "src/arch/x86/kvm/x86_cpu.cc:1653: warn: kvm-x86: MSR (0x40000021) unsupported by gem5. Skipping.",
                "src/arch/x86/kvm/x86_cpu.cc:1653: warn: kvm-x86: MSR (0x40000022) unsupported by gem5. Skipping.",
                "src/arch/x86/kvm/x86_cpu.cc:1653: warn: kvm-x86: MSR (0x40000023) unsupported by gem5. Skipping.",
                "src/arch/x86/kvm/x86_cpu.cc:1653: warn: kvm-x86: MSR (0x40000100) unsupported by gem5. Skipping.",
                "src/arch/x86/kvm/x86_cpu.cc:1653: warn: kvm-x86: MSR (0x40000101) unsupported by gem5. Skipping.",
                "src/arch/x86/kvm/x86_cpu.cc:1653: warn: kvm-x86: MSR (0x40000102) unsupported by gem5. Skipping.",
                "src/arch/x86/kvm/x86_cpu.cc:1653: warn: kvm-x86: MSR (0x40000103) unsupported by gem5. Skipping.",
                "src/arch/x86/kvm/x86_cpu.cc:1653: warn: kvm-x86: MSR (0x40000104) unsupported by gem5. Skipping.",
                "src/arch/x86/kvm/x86_cpu.cc:1653: warn: kvm-x86: MSR (0x40000105) unsupported by gem5. Skipping.",
                "src/arch/x86/kvm/x86_cpu.cc:1653: warn: kvm-x86: MSR (0x40000003) unsupported by gem5. Skipping.",
                "src/arch/x86/kvm/x86_cpu.cc:1653: warn: kvm-x86: MSR (0x40000002) unsupported by gem5. Skipping.",
                "src/arch/x86/kvm/x86_cpu.cc:1653: warn: kvm-x86: MSR (0x40000010) unsupported by gem5. Skipping.",
                "src/arch/x86/kvm/x86_cpu.cc:1653: warn: kvm-x86: MSR (0x40000080) unsupported by gem5. Skipping.",
                "src/arch/x86/kvm/x86_cpu.cc:1653: warn: kvm-x86: MSR (0x400000b0) unsupported by gem5. Skipping.",
                "src/arch/x86/kvm/x86_cpu.cc:1653: warn: kvm-x86: MSR (0x40000073) unsupported by gem5. Skipping.",
                "src/arch/x86/kvm/x86_cpu.cc:1653: warn: kvm-x86: MSR (0x40000106) unsupported by gem5. Skipping.",
                "src/arch/x86/kvm/x86_cpu.cc:1653: warn: kvm-x86: MSR (0x40000107) unsupported by gem5. Skipping.",
                "src/arch/x86/kvm/x86_cpu.cc:1653: warn: kvm-x86: MSR (0x40000108) unsupported by gem5. Skipping.",
                "src/arch/x86/kvm/x86_cpu.cc:1653: warn: kvm-x86: MSR (0x4b564d02) unsupported by gem5. Skipping.",
                "src/arch/x86/kvm/x86_cpu.cc:1653: warn: kvm-x86: MSR (0x4b564d03) unsupported by gem5. Skipping.",
                "src/arch/x86/kvm/x86_cpu.cc:1653: warn: kvm-x86: MSR (0x4b564d04) unsupported by gem5. Skipping.",
                "src/arch/x86/kvm/x86_cpu.cc:1653: warn: kvm-x86: MSR (0x3b) unsupported by gem5. Skipping.",
                "src/arch/x86/kvm/x86_cpu.cc:1653: warn: kvm-x86: MSR (0x6e0) unsupported by gem5. Skipping.",
                "src/arch/x86/kvm/x86_cpu.cc:1653: warn: kvm-x86: MSR (0x10a) unsupported by gem5. Skipping.",
                "src/arch/x86/kvm/x86_cpu.cc:1653: warn: kvm-x86: MSR (0x1a0) unsupported by gem5. Skipping.",
                "src/arch/x86/kvm/x86_cpu.cc:1653: warn: kvm-x86: MSR (0x4d0) unsupported by gem5. Skipping.",
                "src/arch/x86/kvm/x86_cpu.cc:1653: warn: kvm-x86: MSR (0x9e) unsupported by gem5. Skipping.",
                "src/arch/x86/kvm/x86_cpu.cc:1653: warn: kvm-x86: MSR (0x34) unsupported by gem5. Skipping.",
                "src/arch/x86/kvm/x86_cpu.cc:1653: warn: kvm-x86: MSR (0xce) unsupported by gem5. Skipping.",
                "src/arch/x86/kvm/x86_cpu.cc:1653: warn: kvm-x86: MSR (0x140) unsupported by gem5. Skipping.",
                "src/arch/x86/kvm/x86_cpu.cc:1653: warn: kvm-x86: MSR (0x1fc) unsupported by gem5. Skipping.",
                "src/arch/x86/kvm/x86_cpu.cc:1653: warn: kvm-x86: MSR (0x480) unsupported by gem5. Skipping.",
                "src/arch/x86/kvm/x86_cpu.cc:1653: warn: kvm-x86: MSR (0x48d) unsupported by gem5. Skipping.",
                "src/arch/x86/kvm/x86_cpu.cc:1653: warn: kvm-x86: MSR (0x48e) unsupported by gem5. Skipping.",
                "src/arch/x86/kvm/x86_cpu.cc:1653: warn: kvm-x86: MSR (0x48f) unsupported by gem5. Skipping.",
                "src/arch/x86/kvm/x86_cpu.cc:1653: warn: kvm-x86: MSR (0x490) unsupported by gem5. Skipping.",
                "src/arch/x86/kvm/x86_cpu.cc:1653: warn: kvm-x86: MSR (0x485) unsupported by gem5. Skipping.",
                "src/arch/x86/kvm/x86_cpu.cc:1653: warn: kvm-x86: MSR (0x486) unsupported by gem5. Skipping.",
                "src/arch/x86/kvm/x86_cpu.cc:1653: warn: kvm-x86: MSR (0x488) unsupported by gem5. Skipping.",
                "src/arch/x86/kvm/x86_cpu.cc:1653: warn: kvm-x86: MSR (0x48a) unsupported by gem5. Skipping.",
                "src/arch/x86/kvm/x86_cpu.cc:1653: warn: kvm-x86: MSR (0x48b) unsupported by gem5. Skipping.",
                "src/arch/x86/kvm/x86_cpu.cc:1653: warn: kvm-x86: MSR (0x48c) unsupported by gem5. Skipping.",
                "src/arch/x86/kvm/x86_cpu.cc:1653: warn: kvm-x86: MSR (0x491) unsupported by gem5. Skipping.",
                "src/arch/x86/kvm/x86_cpu.cc:1653: warn: kvm-x86: MSR (0xc0010015) unsupported by gem5. Skipping.",
                "src/arch/x86/kvm/x86_cpu.cc:1653: warn: kvm-x86: MSR (0x4b564d05) unsupported by gem5. Skipping.",
                "src/dev/x86/pc.cc:117: warn: Don't know what interrupt to clear for console.",
                "src/arch/x86/kvm/x86_cpu.cc:563: warn: cs limit (0xffffffff) and g (0) combination is illegal.",
                "src/arch/x86/kvm/x86_cpu.cc:1653: warn: kvm-x86: MSR (0x3a) unsupported by gem5. Skipping.",
                "src/arch/x86/kvm/x86_cpu.cc:1653: warn: kvm-x86: MSR (0xd90) unsupported by gem5. Skipping.",
                "src/arch/x86/kvm/x86_cpu.cc:1653: warn: kvm-x86: MSR (0x48) unsupported by gem5. Skipping.",
                "src/arch/x86/kvm/x86_cpu.cc:1653: warn: kvm-x86: MSR (0x309) unsupported by gem5. Skipping.",
                "src/arch/x86/kvm/x86_cpu.cc:1653: warn: kvm-x86: MSR (0x30a) unsupported by gem5. Skipping.",
                "src/arch/x86/kvm/x86_cpu.cc:1653: warn: kvm-x86: MSR (0x30b) unsupported by gem5. Skipping.",
                "src/arch/x86/kvm/x86_cpu.cc:1653: warn: kvm-x86: MSR (0x38d) unsupported by gem5. Skipping.",
                "src/arch/x86/kvm/x86_cpu.cc:1653: warn: kvm-x86: MSR (0x38e) unsupported by gem5. Skipping.",
                "src/arch/x86/kvm/x86_cpu.cc:1653: warn: kvm-x86: MSR (0x38f) unsupported by gem5. Skipping.",
                "src/arch/x86/kvm/x86_cpu.cc:1653: warn: kvm-x86: MSR (0x390) unsupported by gem5. Skipping.",
                "src/arch/x86/kvm/x86_cpu.cc:1653: warn: kvm-x86: MSR (0xc1) unsupported by gem5. Skipping.",
                "src/arch/x86/kvm/x86_cpu.cc:1653: warn: kvm-x86: MSR (0xc2) unsupported by gem5. Skipping.",
                "src/arch/x86/kvm/x86_cpu.cc:1653: warn: kvm-x86: MSR (0xc3) unsupported by gem5. Skipping.",
                "src/arch/x86/kvm/x86_cpu.cc:1653: warn: kvm-x86: MSR (0xc4) unsupported by gem5. Skipping.",
                "src/arch/x86/kvm/x86_cpu.cc:1653: warn: kvm-x86: MSR (0x186) unsupported by gem5. Skipping.",
                "src/arch/x86/kvm/x86_cpu.cc:1653: warn: kvm-x86: MSR (0x187) unsupported by gem5. Skipping.",
                "src/arch/x86/kvm/x86_cpu.cc:1653: warn: kvm-x86: MSR (0x188) unsupported by gem5. Skipping.",
                "src/arch/x86/kvm/x86_cpu.cc:1653: warn: kvm-x86: MSR (0x189) unsupported by gem5. Skipping.",
                "src/arch/x86/kvm/x86_cpu.cc:1653: warn: kvm-x86: MSR (0x12) unsupported by gem5. Skipping.",
                "src/arch/x86/kvm/x86_cpu.cc:1653: warn: kvm-x86: MSR (0x11) unsupported by gem5. Skipping.",
                "src/arch/x86/kvm/x86_cpu.cc:1653: warn: kvm-x86: MSR (0x4b564d01) unsupported by gem5. Skipping.",
                "src/arch/x86/kvm/x86_cpu.cc:1653: warn: kvm-x86: MSR (0x4b564d00) unsupported by gem5. Skipping.",
                "src/arch/x86/kvm/x86_cpu.cc:1653: warn: kvm-x86: MSR (0x40000000) unsupported by gem5. Skipping.",
                "src/arch/x86/kvm/x86_cpu.cc:1653: warn: kvm-x86: MSR (0x40000001) unsupported by gem5. Skipping.",
                "src/arch/x86/kvm/x86_cpu.cc:1653: warn: kvm-x86: MSR (0x40000020) unsupported by gem5. Skipping.",
                "src/arch/x86/kvm/x86_cpu.cc:1653: warn: kvm-x86: MSR (0x40000021) unsupported by gem5. Skipping.",
                "src/arch/x86/kvm/x86_cpu.cc:1653: warn: kvm-x86: MSR (0x40000022) unsupported by gem5. Skipping.",
                "src/arch/x86/kvm/x86_cpu.cc:1653: warn: kvm-x86: MSR (0x40000023) unsupported by gem5. Skipping.",
                "src/arch/x86/kvm/x86_cpu.cc:1653: warn: kvm-x86: MSR (0x40000100) unsupported by gem5. Skipping.",
                "src/arch/x86/kvm/x86_cpu.cc:1653: warn: kvm-x86: MSR (0x40000101) unsupported by gem5. Skipping.",
                "src/arch/x86/kvm/x86_cpu.cc:1653: warn: kvm-x86: MSR (0x40000102) unsupported by gem5. Skipping.",
                "src/arch/x86/kvm/x86_cpu.cc:1653: warn: kvm-x86: MSR (0x40000103) unsupported by gem5. Skipping.",
                "src/arch/x86/kvm/x86_cpu.cc:1653: warn: kvm-x86: MSR (0x40000104) unsupported by gem5. Skipping.",
                "src/arch/x86/kvm/x86_cpu.cc:1653: warn: kvm-x86: MSR (0x40000105) unsupported by gem5. Skipping.",
                "src/arch/x86/kvm/x86_cpu.cc:1653: warn: kvm-x86: MSR (0x40000003) unsupported by gem5. Skipping.",
                "src/arch/x86/kvm/x86_cpu.cc:1653: warn: kvm-x86: MSR (0x40000002) unsupported by gem5. Skipping.",
                "src/arch/x86/kvm/x86_cpu.cc:1653: warn: kvm-x86: MSR (0x40000010) unsupported by gem5. Skipping.",
                "src/arch/x86/kvm/x86_cpu.cc:1653: warn: kvm-x86: MSR (0x40000080) unsupported by gem5. Skipping.",
                "src/arch/x86/kvm/x86_cpu.cc:1653: warn: kvm-x86: MSR (0x400000b0) unsupported by gem5. Skipping.",
                "src/arch/x86/kvm/x86_cpu.cc:1653: warn: kvm-x86: MSR (0x40000073) unsupported by gem5. Skipping.",
                "src/arch/x86/kvm/x86_cpu.cc:1653: warn: kvm-x86: MSR (0x40000106) unsupported by gem5. Skipping.",
                "src/arch/x86/kvm/x86_cpu.cc:1653: warn: kvm-x86: MSR (0x40000107) unsupported by gem5. Skipping.",
                "src/arch/x86/kvm/x86_cpu.cc:1653: warn: kvm-x86: MSR (0x40000108) unsupported by gem5. Skipping.",
                "src/arch/x86/kvm/x86_cpu.cc:1653: warn: kvm-x86: MSR (0x4b564d02) unsupported by gem5. Skipping.",
                "src/arch/x86/kvm/x86_cpu.cc:1653: warn: kvm-x86: MSR (0x4b564d03) unsupported by gem5. Skipping.",
                "src/arch/x86/kvm/x86_cpu.cc:1653: warn: kvm-x86: MSR (0x4b564d04) unsupported by gem5. Skipping.",
                "src/arch/x86/kvm/x86_cpu.cc:1653: warn: kvm-x86: MSR (0x3b) unsupported by gem5. Skipping.",
                "src/arch/x86/kvm/x86_cpu.cc:1653: warn: kvm-x86: MSR (0x6e0) unsupported by gem5. Skipping.",
                "src/arch/x86/kvm/x86_cpu.cc:1653: warn: kvm-x86: MSR (0x10a) unsupported by gem5. Skipping.",
                "src/arch/x86/kvm/x86_cpu.cc:1653: warn: kvm-x86: MSR (0x1a0) unsupported by gem5. Skipping.",
                "src/arch/x86/kvm/x86_cpu.cc:1653: warn: kvm-x86: MSR (0x4d0) unsupported by gem5. Skipping.",
                "src/arch/x86/kvm/x86_cpu.cc:1653: warn: kvm-x86: MSR (0x9e) unsupported by gem5. Skipping.",
                "src/arch/x86/kvm/x86_cpu.cc:1653: warn: kvm-x86: MSR (0x34) unsupported by gem5. Skipping.",
                "src/arch/x86/kvm/x86_cpu.cc:1653: warn: kvm-x86: MSR (0xce) unsupported by gem5. Skipping.",
                "src/arch/x86/kvm/x86_cpu.cc:1653: warn: kvm-x86: MSR (0x140) unsupported by gem5. Skipping.",
                "src/arch/x86/kvm/x86_cpu.cc:1653: warn: kvm-x86: MSR (0x1fc) unsupported by gem5. Skipping.",
                "src/arch/x86/kvm/x86_cpu.cc:1653: warn: kvm-x86: MSR (0x480) unsupported by gem5. Skipping.",
                "src/arch/x86/kvm/x86_cpu.cc:1653: warn: kvm-x86: MSR (0x48d) unsupported by gem5. Skipping.",
                "src/arch/x86/kvm/x86_cpu.cc:1653: warn: kvm-x86: MSR (0x48e) unsupported by gem5. Skipping.",
                "src/arch/x86/kvm/x86_cpu.cc:1653: warn: kvm-x86: MSR (0x48f) unsupported by gem5. Skipping.",
                "src/arch/x86/kvm/x86_cpu.cc:1653: warn: kvm-x86: MSR (0x490) unsupported by gem5. Skipping.",
                "src/arch/x86/kvm/x86_cpu.cc:1653: warn: kvm-x86: MSR (0x485) unsupported by gem5. Skipping.",
                "src/arch/x86/kvm/x86_cpu.cc:1653: warn: kvm-x86: MSR (0x486) unsupported by gem5. Skipping.",
                "src/arch/x86/kvm/x86_cpu.cc:1653: warn: kvm-x86: MSR (0x488) unsupported by gem5. Skipping.",
                "src/arch/x86/kvm/x86_cpu.cc:1653: warn: kvm-x86: MSR (0x48a) unsupported by gem5. Skipping.",
                "src/arch/x86/kvm/x86_cpu.cc:1653: warn: kvm-x86: MSR (0x48b) unsupported by gem5. Skipping.",
                "src/arch/x86/kvm/x86_cpu.cc:1653: warn: kvm-x86: MSR (0x48c) unsupported by gem5. Skipping.",
                "src/arch/x86/kvm/x86_cpu.cc:1653: warn: kvm-x86: MSR (0x491) unsupported by gem5. Skipping.",
                "src/arch/x86/kvm/x86_cpu.cc:1653: warn: kvm-x86: MSR (0xc0010015) unsupported by gem5. Skipping.",
                "src/arch/x86/kvm/x86_cpu.cc:1653: warn: kvm-x86: MSR (0x4b564d05) unsupported by gem5. Skipping.",
                "src/arch/x86/kvm/x86_cpu.cc:563: warn: cs limit (0xffffffff) and g (0) combination is illegal.",
                "src/arch/x86/kvm/x86_cpu.cc:563: warn: cs limit (0xffffffff) and g (0) combination is illegal.",
                "src/arch/x86/kvm/x86_cpu.cc:563: warn: cs limit (0xffffffff) and g (0) combination is illegal.",
                "src/arch/x86/kvm/x86_cpu.cc:1653: warn: kvm-x86: MSR (0x3a) unsupported by gem5. Skipping.",
                "src/arch/x86/kvm/x86_cpu.cc:1653: warn: kvm-x86: MSR (0xd90) unsupported by gem5. Skipping.",
                "src/arch/x86/kvm/x86_cpu.cc:1653: warn: kvm-x86: MSR (0x48) unsupported by gem5. Skipping.",
                "src/arch/x86/kvm/x86_cpu.cc:1653: warn: kvm-x86: MSR (0x309) unsupported by gem5. Skipping.",
                "src/arch/x86/kvm/x86_cpu.cc:1653: warn: kvm-x86: MSR (0x30a) unsupported by gem5. Skipping.",
                "src/arch/x86/kvm/x86_cpu.cc:1653: warn: kvm-x86: MSR (0x30b) unsupported by gem5. Skipping.",
                "src/arch/x86/kvm/x86_cpu.cc:1653: warn: kvm-x86: MSR (0x38d) unsupported by gem5. Skipping.",
                "src/arch/x86/kvm/x86_cpu.cc:1653: warn: kvm-x86: MSR (0x38e) unsupported by gem5. Skipping.",
                "src/arch/x86/kvm/x86_cpu.cc:1653: warn: kvm-x86: MSR (0x38f) unsupported by gem5. Skipping.",
                "src/arch/x86/kvm/x86_cpu.cc:1653: warn: kvm-x86: MSR (0x390) unsupported by gem5. Skipping.",
                "src/arch/x86/kvm/x86_cpu.cc:1653: warn: kvm-x86: MSR (0xc1) unsupported by gem5. Skipping.",
                "src/arch/x86/kvm/x86_cpu.cc:1653: warn: kvm-x86: MSR (0xc2) unsupported by gem5. Skipping.",
                "src/arch/x86/kvm/x86_cpu.cc:1653: warn: kvm-x86: MSR (0xc3) unsupported by gem5. Skipping.",
                "src/arch/x86/kvm/x86_cpu.cc:1653: warn: kvm-x86: MSR (0xc4) unsupported by gem5. Skipping.",
                "src/arch/x86/kvm/x86_cpu.cc:1653: warn: kvm-x86: MSR (0x186) unsupported by gem5. Skipping.",
                "src/arch/x86/kvm/x86_cpu.cc:1653: warn: kvm-x86: MSR (0x187) unsupported by gem5. Skipping.",
                "src/arch/x86/kvm/x86_cpu.cc:1653: warn: kvm-x86: MSR (0x188) unsupported by gem5. Skipping.",
                "src/arch/x86/kvm/x86_cpu.cc:1653: warn: kvm-x86: MSR (0x189) unsupported by gem5. Skipping.",
                "src/arch/x86/kvm/x86_cpu.cc:1653: warn: kvm-x86: MSR (0x12) unsupported by gem5. Skipping.",
                "src/arch/x86/kvm/x86_cpu.cc:1653: warn: kvm-x86: MSR (0x11) unsupported by gem5. Skipping.",
                "src/arch/x86/kvm/x86_cpu.cc:1653: warn: kvm-x86: MSR (0x4b564d01) unsupported by gem5. Skipping.",
                "src/arch/x86/kvm/x86_cpu.cc:1653: warn: kvm-x86: MSR (0x4b564d00) unsupported by gem5. Skipping.",
                "src/arch/x86/kvm/x86_cpu.cc:1653: warn: kvm-x86: MSR (0x40000000) unsupported by gem5. Skipping.",
                "src/arch/x86/kvm/x86_cpu.cc:1653: warn: kvm-x86: MSR (0x40000001) unsupported by gem5. Skipping.",
                "src/arch/x86/kvm/x86_cpu.cc:1653: warn: kvm-x86: MSR (0x40000020) unsupported by gem5. Skipping.",
                "src/arch/x86/kvm/x86_cpu.cc:1653: warn: kvm-x86: MSR (0x40000021) unsupported by gem5. Skipping.",
                "src/arch/x86/kvm/x86_cpu.cc:1653: warn: kvm-x86: MSR (0x40000022) unsupported by gem5. Skipping.",
                "src/arch/x86/kvm/x86_cpu.cc:1653: warn: kvm-x86: MSR (0x40000023) unsupported by gem5. Skipping.",
                "src/arch/x86/kvm/x86_cpu.cc:1653: warn: kvm-x86: MSR (0x40000100) unsupported by gem5. Skipping.",
                "src/arch/x86/kvm/x86_cpu.cc:1653: warn: kvm-x86: MSR (0x40000101) unsupported by gem5. Skipping.",
                "src/arch/x86/kvm/x86_cpu.cc:1653: warn: kvm-x86: MSR (0x40000102) unsupported by gem5. Skipping.",
                "src/arch/x86/kvm/x86_cpu.cc:1653: warn: kvm-x86: MSR (0x40000103) unsupported by gem5. Skipping.",
                "src/arch/x86/kvm/x86_cpu.cc:1653: warn: kvm-x86: MSR (0x40000104) unsupported by gem5. Skipping.",
                "src/arch/x86/kvm/x86_cpu.cc:1653: warn: kvm-x86: MSR (0x40000105) unsupported by gem5. Skipping.",
                "src/arch/x86/kvm/x86_cpu.cc:1653: warn: kvm-x86: MSR (0x40000003) unsupported by gem5. Skipping.",
                "src/arch/x86/kvm/x86_cpu.cc:1653: warn: kvm-x86: MSR (0x40000002) unsupported by gem5. Skipping.",
                "src/arch/x86/kvm/x86_cpu.cc:1653: warn: kvm-x86: MSR (0x40000010) unsupported by gem5. Skipping.",
                "src/arch/x86/kvm/x86_cpu.cc:1653: warn: kvm-x86: MSR (0x40000080) unsupported by gem5. Skipping.",
                "src/arch/x86/kvm/x86_cpu.cc:1653: warn: kvm-x86: MSR (0x400000b0) unsupported by gem5. Skipping.",
                "src/arch/x86/kvm/x86_cpu.cc:1653: warn: kvm-x86: MSR (0x40000073) unsupported by gem5. Skipping.",
                "src/arch/x86/kvm/x86_cpu.cc:1653: warn: kvm-x86: MSR (0x40000106) unsupported by gem5. Skipping.",
                "src/arch/x86/kvm/x86_cpu.cc:1653: warn: kvm-x86: MSR (0x40000107) unsupported by gem5. Skipping.",
                "src/arch/x86/kvm/x86_cpu.cc:1653: warn: kvm-x86: MSR (0x40000108) unsupported by gem5. Skipping.",
                "src/arch/x86/kvm/x86_cpu.cc:1653: warn: kvm-x86: MSR (0x4b564d02) unsupported by gem5. Skipping.",
                "src/arch/x86/kvm/x86_cpu.cc:1653: warn: kvm-x86: MSR (0x4b564d03) unsupported by gem5. Skipping.",
                "src/arch/x86/kvm/x86_cpu.cc:1653: warn: kvm-x86: MSR (0x4b564d04) unsupported by gem5. Skipping.",
                "src/arch/x86/kvm/x86_cpu.cc:1653: warn: kvm-x86: MSR (0x3b) unsupported by gem5. Skipping.",
                "src/arch/x86/kvm/x86_cpu.cc:1653: warn: kvm-x86: MSR (0x6e0) unsupported by gem5. Skipping.",
                "src/arch/x86/kvm/x86_cpu.cc:1653: warn: kvm-x86: MSR (0x10a) unsupported by gem5. Skipping.",
                "src/arch/x86/kvm/x86_cpu.cc:1653: warn: kvm-x86: MSR (0x1a0) unsupported by gem5. Skipping.",
                "src/arch/x86/kvm/x86_cpu.cc:1653: warn: kvm-x86: MSR (0x4d0) unsupported by gem5. Skipping.",
                "src/arch/x86/kvm/x86_cpu.cc:1653: warn: kvm-x86: MSR (0x9e) unsupported by gem5. Skipping.",
                "src/arch/x86/kvm/x86_cpu.cc:1653: warn: kvm-x86: MSR (0x34) unsupported by gem5. Skipping.",
                "src/arch/x86/kvm/x86_cpu.cc:1653: warn: kvm-x86: MSR (0xce) unsupported by gem5. Skipping.",
                "src/arch/x86/kvm/x86_cpu.cc:1653: warn: kvm-x86: MSR (0x140) unsupported by gem5. Skipping.",
                "src/arch/x86/kvm/x86_cpu.cc:1653: warn: kvm-x86: MSR (0x1fc) unsupported by gem5. Skipping.",
                "src/arch/x86/kvm/x86_cpu.cc:1653: warn: kvm-x86: MSR (0x480) unsupported by gem5. Skipping.",
                "src/arch/x86/kvm/x86_cpu.cc:1653: warn: kvm-x86: MSR (0x48d) unsupported by gem5. Skipping.",
                "src/arch/x86/kvm/x86_cpu.cc:1653: warn: kvm-x86: MSR (0x48e) unsupported by gem5. Skipping.",
                "src/arch/x86/kvm/x86_cpu.cc:1653: warn: kvm-x86: MSR (0x48f) unsupported by gem5. Skipping.",
                "src/arch/x86/kvm/x86_cpu.cc:1653: warn: kvm-x86: MSR (0x490) unsupported by gem5. Skipping.",
                "src/arch/x86/kvm/x86_cpu.cc:1653: warn: kvm-x86: MSR (0x485) unsupported by gem5. Skipping.",
                "src/arch/x86/kvm/x86_cpu.cc:1653: warn: kvm-x86: MSR (0x486) unsupported by gem5. Skipping.",
                "src/arch/x86/kvm/x86_cpu.cc:1653: warn: kvm-x86: MSR (0x488) unsupported by gem5. Skipping.",
                "src/arch/x86/kvm/x86_cpu.cc:1653: warn: kvm-x86: MSR (0x48a) unsupported by gem5. Skipping.",
                "src/arch/x86/kvm/x86_cpu.cc:1653: warn: kvm-x86: MSR (0x48b) unsupported by gem5. Skipping.",
                "src/arch/x86/kvm/x86_cpu.cc:1653: warn: kvm-x86: MSR (0x48c) unsupported by gem5. Skipping.",
                "src/arch/x86/kvm/x86_cpu.cc:1653: warn: kvm-x86: MSR (0x491) unsupported by gem5. Skipping.",
                "src/arch/x86/kvm/x86_cpu.cc:1653: warn: kvm-x86: MSR (0xc0010015) unsupported by gem5. Skipping.",
                "src/arch/x86/kvm/x86_cpu.cc:1653: warn: kvm-x86: MSR (0x4b564d05) unsupported by gem5. Skipping.",
                "src/arch/x86/kvm/x86_cpu.cc:563: warn: cs limit (0xffffffff) and g (0) combination is illegal.",
                "src/arch/x86/kvm/x86_cpu.cc:563: warn: cs limit (0xffffffff) and g (0) combination is illegal.",
                "src/arch/x86/kvm/x86_cpu.cc:563: warn: cs limit (0xffffffff) and g (0) combination is illegal.",
                "src/arch/x86/kvm/x86_cpu.cc:1653: warn: kvm-x86: MSR (0x3a) unsupported by gem5. Skipping.",
                "src/arch/x86/kvm/x86_cpu.cc:1653: warn: kvm-x86: MSR (0xd90) unsupported by gem5. Skipping.",
                "src/arch/x86/kvm/x86_cpu.cc:1653: warn: kvm-x86: MSR (0x48) unsupported by gem5. Skipping.",
                "src/arch/x86/kvm/x86_cpu.cc:1653: warn: kvm-x86: MSR (0x309) unsupported by gem5. Skipping.",
                "src/arch/x86/kvm/x86_cpu.cc:1653: warn: kvm-x86: MSR (0x30a) unsupported by gem5. Skipping.",
                "src/arch/x86/kvm/x86_cpu.cc:1653: warn: kvm-x86: MSR (0x30b) unsupported by gem5. Skipping.",
                "src/arch/x86/kvm/x86_cpu.cc:1653: warn: kvm-x86: MSR (0x38d) unsupported by gem5. Skipping.",
                "src/arch/x86/kvm/x86_cpu.cc:1653: warn: kvm-x86: MSR (0x38e) unsupported by gem5. Skipping.",
                "src/arch/x86/kvm/x86_cpu.cc:1653: warn: kvm-x86: MSR (0x38f) unsupported by gem5. Skipping.",
                "src/arch/x86/kvm/x86_cpu.cc:1653: warn: kvm-x86: MSR (0x390) unsupported by gem5. Skipping.",
                "src/arch/x86/kvm/x86_cpu.cc:1653: warn: kvm-x86: MSR (0xc1) unsupported by gem5. Skipping.",
